0.000000e+00 2.233584e-02
1.500000e-01 2.468532e-02
3.000000e-01 2.758233e-02
4.500000e-01 3.122764e-02
6.000000e-01 3.590838e-02
7.500000e-01 4.206426e-02
9.000000e-01 5.038255e-02
1.050000e+00 6.198421e-02
1.200000e+00 7.881328e-02
1.350000e+00 1.044086e-01
1.500000e+00 1.457101e-01
1.650000e+00 2.174648e-01
1.800000e+00 3.530239e-01
1.950000e+00 6.239763e-01
2.100000e+00 1.069800e+00
2.250000e+00 1.186085e+00
2.400000e+00 7.519229e-01
2.550000e+00 4.190600e-01
2.700000e+00 2.504055e-01
2.850000e+00 1.632761e-01
3.000000e+00 1.143292e-01
3.150000e+00 8.459175e-02
3.300000e+00 6.531970e-02
3.450000e+00 5.216881e-02
3.600000e+00 4.281299e-02
3.750000e+00 3.592913e-02
3.900000e+00 3.071542e-02
4.050000e+00 2.667107e-02
4.200000e+00 2.347090e-02
4.350000e+00 2.089431e-02
4.500000e+00 1.878759e-02
4.650000e+00 1.704200e-02
4.800000e+00 1.558035e-02
4.950000e+00 1.434438e-02
5.100000e+00 1.328975e-02
5.250000e+00 1.238411e-02
5.400000e+00 1.160200e-02
5.550000e+00 1.092382e-02
5.700000e+00 1.033454e-02
5.850000e+00 9.821980e-03
6.000000e+00 9.378674e-03
6.150000e+00 8.997733e-03
6.300000e+00 8.674524e-03
6.450000e+00 8.408557e-03
6.600000e+00 8.202979e-03
6.750000e+00 8.059173e-03
6.900000e+00 7.987891e-03
7.050000e+00 8.005712e-03
7.200000e+00 8.141667e-03
7.350000e+00 8.446338e-03
7.500000e+00 9.009093e-03
7.650000e+00 9.990931e-03
7.800000e+00 1.173096e-02
7.950000e+00 1.494757e-02
8.100000e+00 2.128920e-02
8.250000e+00 3.400598e-02
8.400000e+00 5.165948e-02
8.550000e+00 4.880951e-02
8.700000e+00 3.080031e-02
8.850000e+00 1.948750e-02
9.000000e+00 1.390332e-02
9.150000e+00 1.111875e-02
9.300000e+00 9.819168e-03
9.450000e+00 9.598674e-03
9.600000e+00 1.041373e-02
9.750000e+00 1.105752e-02
9.900000e+00 9.969339e-03
1.005000e+01 9.260974e-03
1.020000e+01 9.764943e-03
1.035000e+01 1.174781e-02
1.050000e+01 1.628348e-02
1.065000e+01 2.480272e-02
1.080000e+01 3.247173e-02
1.095000e+01 3.140515e-02
1.110000e+01 2.218639e-02
1.125000e+01 1.411262e-02
1.140000e+01 9.820051e-03
1.155000e+01 7.590563e-03
1.170000e+01 6.369219e-03
1.185000e+01 5.683536e-03
1.200000e+01 5.241629e-03
1.215000e+01 4.991600e-03
1.230000e+01 5.036291e-03
1.245000e+01 5.531250e-03
1.260000e+01 6.635477e-03
1.275000e+01 7.210025e-03
1.290000e+01 6.150252e-03
1.305000e+01 5.404478e-03
1.320000e+01 5.297548e-03
1.335000e+01 4.912220e-03
1.350000e+01 4.350670e-03
1.365000e+01 4.103378e-03
1.380000e+01 4.147847e-03
1.395000e+01 4.490857e-03
1.410000e+01 5.295760e-03
1.425000e+01 7.032908e-03
1.440000e+01 1.044109e-02
1.455000e+01 1.365434e-02
1.470000e+01 1.104594e-02
1.485000e+01 7.255176e-03
1.500000e+01 5.171889e-03
1.515000e+01 4.112892e-03
1.530000e+01 3.530251e-03
1.545000e+01 3.183522e-03
1.560000e+01 2.964511e-03
1.575000e+01 2.817514e-03
1.590000e+01 2.720645e-03
1.605000e+01 2.658648e-03
1.620000e+01 2.622716e-03
1.635000e+01 2.609565e-03
1.650000e+01 2.622409e-03
1.665000e+01 2.664131e-03
1.680000e+01 2.745948e-03
1.695000e+01 2.887670e-03
1.710000e+01 3.131409e-03
1.725000e+01 3.568249e-03
1.740000e+01 4.403621e-03
1.755000e+01 6.024014e-03
1.770000e+01 8.133915e-03
1.785000e+01 7.855086e-03
1.800000e+01 6.436116e-03
1.815000e+01 6.373480e-03
1.830000e+01 7.757498e-03
1.845000e+01 8.429646e-03
1.860000e+01 6.476568e-03
1.875000e+01 4.805547e-03
1.890000e+01 3.990730e-03
1.905000e+01 3.645715e-03
1.920000e+01 3.569899e-03
1.935000e+01 3.707337e-03
1.950000e+01 4.120320e-03
1.965000e+01 5.020573e-03
1.980000e+01 6.883894e-03
1.995000e+01 9.697387e-03
2.010000e+01 9.770407e-03
2.025000e+01 7.020236e-03
2.040000e+01 5.191402e-03
2.055000e+01 4.326960e-03
2.070000e+01 3.934517e-03
2.085000e+01 3.786354e-03
2.100000e+01 3.795723e-03
2.115000e+01 3.941614e-03
2.130000e+01 4.156713e-03
2.145000e+01 4.234524e-03
2.160000e+01 4.336527e-03
2.175000e+01 4.610687e-03
2.190000e+01 4.927369e-03
2.205000e+01 5.114346e-03
2.220000e+01 5.387654e-03
2.235000e+01 5.841809e-03
2.250000e+01 6.511889e-03
2.265000e+01 7.497570e-03
2.280000e+01 9.043408e-03
2.295000e+01 1.170740e-02
2.310000e+01 1.604739e-02
2.325000e+01 1.890089e-02
2.340000e+01 1.719105e-02
2.355000e+01 1.634228e-02
2.370000e+01 1.767930e-02
2.385000e+01 2.014744e-02
2.400000e+01 2.262108e-02
2.415000e+01 2.657590e-02
2.430000e+01 3.338361e-02
2.445000e+01 4.458644e-02
2.460000e+01 6.356890e-02
2.475000e+01 9.794877e-02
2.490000e+01 1.619517e-01
2.505000e+01 2.654673e-01
2.520000e+01 3.857566e-01
2.535000e+01 3.985879e-01
2.550000e+01 3.107121e-01
2.565000e+01 2.134369e-01
2.580000e+01 1.474618e-01
2.595000e+01 9.355842e-02
2.610000e+01 6.094686e-02
2.625000e+01 4.313996e-02
2.640000e+01 3.282186e-02
2.655000e+01 2.567729e-02
2.670000e+01 2.067668e-02
2.685000e+01 1.736473e-02
2.700000e+01 1.474888e-02
2.715000e+01 1.248699e-02
2.730000e+01 1.078549e-02
2.745000e+01 9.573917e-03
2.760000e+01 8.723934e-03
2.775000e+01 8.136966e-03
2.790000e+01 7.784103e-03
2.805000e+01 7.733337e-03
2.820000e+01 7.955248e-03
2.835000e+01 8.186292e-03
2.850000e+01 8.202948e-03
2.865000e+01 8.738681e-03
2.880000e+01 1.009757e-02
2.895000e+01 1.256705e-02
2.910000e+01 1.406216e-02
2.925000e+01 1.316189e-02
2.940000e+01 1.362389e-02
2.955000e+01 1.671041e-02
2.970000e+01 2.339986e-02
2.985000e+01 3.586876e-02
3.000000e+01 4.731963e-02
