0.000000e+00 3.902043e-03
1.500000e-01 4.022919e-03
3.000000e-01 4.150466e-03
4.500000e-01 4.285173e-03
6.000000e-01 4.427691e-03
7.500000e-01 4.578760e-03
9.000000e-01 4.741106e-03
1.050000e+00 4.911847e-03
1.200000e+00 5.093939e-03
1.350000e+00 5.288550e-03
1.500000e+00 5.497026e-03
1.650000e+00 5.720945e-03
1.800000e+00 5.962145e-03
1.950000e+00 6.222769e-03
2.100000e+00 6.505324e-03
2.250000e+00 6.812775e-03
2.400000e+00 7.148669e-03
2.550000e+00 7.517293e-03
2.700000e+00 7.925436e-03
2.850000e+00 8.376665e-03
3.000000e+00 8.880861e-03
3.150000e+00 9.447754e-03
3.300000e+00 1.009095e-02
3.450000e+00 1.082865e-02
3.600000e+00 1.168471e-02
3.750000e+00 1.269293e-02
3.900000e+00 1.390222e-02
4.050000e+00 1.538540e-02
4.200000e+00 1.725625e-02
4.350000e+00 1.970368e-02
4.500000e+00 2.305844e-02
4.650000e+00 2.794690e-02
4.800000e+00 3.565379e-02
4.950000e+00 4.902889e-02
5.100000e+00 7.438942e-02
5.250000e+00 1.191594e-01
5.400000e+00 1.484689e-01
5.550000e+00 1.134906e-01
5.700000e+00 7.894322e-02
5.850000e+00 6.375076e-02
6.000000e+00 5.976365e-02
6.150000e+00 6.230522e-02
6.300000e+00 6.998268e-02
6.450000e+00 8.328836e-02
6.600000e+00 1.044116e-01
6.750000e+00 1.381322e-01
6.900000e+00 1.944585e-01
7.050000e+00 2.954038e-01
7.200000e+00 4.913426e-01
7.350000e+00 8.771468e-01
7.500000e+00 1.368238e+00
7.650000e+00 1.217072e+00
7.800000e+00 7.129091e-01
7.950000e+00 4.121045e-01
8.100000e+00 2.644276e-01
8.250000e+00 1.904735e-01
8.400000e+00 1.549104e-01
8.550000e+00 1.454365e-01
8.700000e+00 1.638212e-01
8.850000e+00 2.244374e-01
9.000000e+00 3.125116e-01
9.150000e+00 2.822544e-01
9.300000e+00 1.778142e-01
9.450000e+00 1.131885e-01
9.600000e+00 7.995290e-02
9.750000e+00 6.183099e-02
9.900000e+00 5.118171e-02
1.005000e+01 4.464579e-02
1.020000e+01 4.071213e-02
1.035000e+01 3.881033e-02
1.050000e+01 3.909498e-02
1.065000e+01 4.252690e-02
1.080000e+01 4.835562e-02
1.095000e+01 4.705477e-02
1.110000e+01 4.101215e-02
1.125000e+01 3.855526e-02
1.140000e+01 3.987271e-02
1.155000e+01 4.412546e-02
1.170000e+01 5.109528e-02
1.185000e+01 5.253764e-02
1.200000e+01 4.536269e-02
1.215000e+01 4.061359e-02
1.230000e+01 3.904626e-02
1.245000e+01 3.921759e-02
1.260000e+01 4.042345e-02
1.275000e+01 4.242659e-02
1.290000e+01 4.514490e-02
1.305000e+01 4.814727e-02
1.320000e+01 5.138203e-02
1.335000e+01 5.526937e-02
1.350000e+01 5.978518e-02
1.365000e+01 6.525094e-02
1.380000e+01 7.188225e-02
1.395000e+01 7.989692e-02
1.410000e+01 8.964114e-02
1.425000e+01 1.016526e-01
1.440000e+01 1.167727e-01
1.455000e+01 1.364255e-01
1.470000e+01 1.632513e-01
1.485000e+01 2.019509e-01
1.500000e+01 2.534921e-01
1.515000e+01 2.956613e-01
1.530000e+01 3.380255e-01
1.545000e+01 4.117742e-01
1.560000e+01 5.312783e-01
1.575000e+01 7.218039e-01
1.590000e+01 1.038773e+00
1.605000e+01 1.604977e+00
1.620000e+01 2.701864e+00
1.635000e+01 4.870412e+00
1.650000e+01 7.733231e+00
1.665000e+01 7.026794e+00
1.680000e+01 4.093141e+00
1.695000e+01 2.298307e+00
1.710000e+01 1.400118e+00
1.725000e+01 9.253398e-01
1.740000e+01 6.526488e-01
1.755000e+01 4.847578e-01
1.770000e+01 3.764590e-01
1.785000e+01 3.043616e-01
1.800000e+01 2.500561e-01
1.815000e+01 2.067768e-01
1.830000e+01 1.767387e-01
1.845000e+01 1.584732e-01
1.860000e+01 1.440020e-01
1.875000e+01 1.217984e-01
1.890000e+01 1.017737e-01
1.905000e+01 8.737556e-02
1.920000e+01 7.660989e-02
1.935000e+01 6.810877e-02
1.950000e+01 6.116884e-02
1.965000e+01 5.538325e-02
1.980000e+01 5.051151e-02
1.995000e+01 4.638539e-02
2.010000e+01 4.293528e-02
2.025000e+01 4.012247e-02
2.040000e+01 3.803816e-02
2.055000e+01 3.697360e-02
2.070000e+01 3.767239e-02
2.085000e+01 4.113105e-02
2.100000e+01 4.330887e-02
2.115000e+01 3.714356e-02
2.130000e+01 3.083159e-02
2.145000e+01 2.729920e-02
2.160000e+01 2.466196e-02
2.175000e+01 2.218659e-02
2.190000e+01 2.030407e-02
2.205000e+01 1.886235e-02
2.220000e+01 1.768069e-02
2.235000e+01 1.667276e-02
2.250000e+01 1.579494e-02
2.265000e+01 1.501627e-02
2.280000e+01 1.432519e-02
2.295000e+01 1.372695e-02
2.310000e+01 1.323158e-02
2.325000e+01 1.284973e-02
2.340000e+01 1.248293e-02
2.355000e+01 1.203115e-02
2.370000e+01 1.170935e-02
2.385000e+01 1.144206e-02
2.400000e+01 1.087421e-02
2.415000e+01 1.027631e-02
2.430000e+01 9.827054e-03
2.445000e+01 9.478441e-03
2.460000e+01 9.192878e-03
2.475000e+01 8.964585e-03
2.490000e+01 8.797160e-03
2.505000e+01 8.689062e-03
2.520000e+01 8.568117e-03
2.535000e+01 8.445132e-03
2.550000e+01 8.401045e-03
2.565000e+01 8.442425e-03
2.580000e+01 8.600954e-03
2.595000e+01 8.931950e-03
2.610000e+01 9.536720e-03
2.625000e+01 1.057925e-02
2.640000e+01 1.228575e-02
2.655000e+01 1.531207e-02
2.670000e+01 2.091434e-02
2.685000e+01 2.748895e-02
2.700000e+01 2.928383e-02
2.715000e+01 3.386401e-02
2.730000e+01 4.848652e-02
2.745000e+01 6.050891e-02
2.760000e+01 4.638277e-02
2.775000e+01 3.010218e-02
2.790000e+01 2.178848e-02
2.805000e+01 1.904420e-02
2.820000e+01 1.750874e-02
2.835000e+01 1.551123e-02
2.850000e+01 1.534233e-02
2.865000e+01 1.638546e-02
2.880000e+01 1.467241e-02
2.895000e+01 1.115094e-02
2.910000e+01 8.932757e-03
2.925000e+01 7.644321e-03
2.940000e+01 7.008326e-03
2.955000e+01 6.880154e-03
2.970000e+01 7.494516e-03
2.985000e+01 8.902341e-03
3.000000e+01 8.961412e-03
