0.000000e+00 -4.445951e-03
1.500000e-01 -4.125147e-03
3.000000e-01 -3.783714e-03
4.500000e-01 -3.405749e-03
6.000000e-01 -3.034432e-03
7.500000e-01 -2.618240e-03
9.000000e-01 -2.194564e-03
1.050000e+00 -1.751648e-03
1.200000e+00 -1.288967e-03
1.350000e+00 -8.057875e-04
1.500000e+00 -2.942644e-04
1.650000e+00 2.353419e-04
1.800000e+00 7.907489e-04
1.950000e+00 1.374941e-03
2.100000e+00 1.991944e-03
2.250000e+00 2.646669e-03
2.400000e+00 3.344432e-03
2.550000e+00 4.105917e-03
2.700000e+00 4.924102e-03
2.850000e+00 5.818621e-03
3.000000e+00 6.828751e-03
3.150000e+00 7.948207e-03
3.300000e+00 9.237237e-03
3.450000e+00 1.073145e-02
3.600000e+00 1.248727e-02
3.750000e+00 1.463976e-02
3.900000e+00 1.724967e-02
4.050000e+00 2.057768e-02
4.200000e+00 2.488488e-02
4.350000e+00 3.067453e-02
4.500000e+00 3.881439e-02
4.650000e+00 5.087550e-02
4.800000e+00 6.993958e-02
4.950000e+00 1.025552e-01
5.100000e+00 1.635698e-01
5.250000e+00 2.838779e-01
5.400000e+00 4.695233e-01
5.550000e+00 4.902092e-01
5.700000e+00 3.143262e-01
5.850000e+00 1.947755e-01
6.000000e+00 1.413615e-01
6.150000e+00 1.237409e-01
6.300000e+00 1.298498e-01
6.450000e+00 1.612369e-01
6.600000e+00 2.341014e-01
6.750000e+00 3.893360e-01
6.900000e+00 6.585769e-01
7.050000e+00 7.582638e-01
7.200000e+00 4.955900e-01
7.350000e+00 2.792512e-01
7.500000e+00 1.685831e-01
7.650000e+00 1.114708e-01
7.800000e+00 7.945104e-02
7.950000e+00 6.004713e-02
8.100000e+00 4.752932e-02
8.250000e+00 3.906528e-02
8.400000e+00 3.314494e-02
8.550000e+00 2.891408e-02
8.700000e+00 2.586962e-02
8.850000e+00 2.370849e-02
9.000000e+00 2.226050e-02
9.150000e+00 2.144041e-02
9.300000e+00 2.122916e-02
9.450000e+00 2.147814e-02
9.600000e+00 2.215290e-02
9.750000e+00 2.371705e-02
9.900000e+00 2.662393e-02
1.005000e+01 3.163245e-02
1.020000e+01 4.043462e-02
1.035000e+01 5.678787e-02
1.050000e+01 8.866036e-02
1.065000e+01 1.400040e-01
1.080000e+01 1.585258e-01
1.095000e+01 1.315657e-01
1.110000e+01 1.338719e-01
1.125000e+01 1.846055e-01
1.140000e+01 2.401892e-01
1.155000e+01 1.914937e-01
1.170000e+01 1.221786e-01
1.185000e+01 7.732867e-02
1.200000e+01 5.123036e-02
1.215000e+01 3.700460e-02
1.230000e+01 2.890392e-02
1.245000e+01 2.410784e-02
1.260000e+01 2.141342e-02
1.275000e+01 2.045801e-02
1.290000e+01 2.073226e-02
1.305000e+01 1.986948e-02
1.320000e+01 1.859434e-02
1.335000e+01 1.729383e-02
1.350000e+01 1.531168e-02
1.365000e+01 1.400125e-02
1.380000e+01 1.336247e-02
1.395000e+01 1.311747e-02
1.410000e+01 1.312339e-02
1.425000e+01 1.332962e-02
1.440000e+01 1.371469e-02
1.455000e+01 1.428380e-02
1.470000e+01 1.511608e-02
1.485000e+01 1.625119e-02
1.500000e+01 1.755537e-02
1.515000e+01 1.862320e-02
1.530000e+01 1.992945e-02
1.545000e+01 2.173340e-02
1.560000e+01 2.407754e-02
1.575000e+01 2.706662e-02
1.590000e+01 3.086100e-02
1.605000e+01 3.575356e-02
1.620000e+01 4.212539e-02
1.635000e+01 5.064138e-02
1.650000e+01 6.233762e-02
1.665000e+01 7.894525e-02
1.680000e+01 1.035027e-01
1.695000e+01 1.417971e-01
1.710000e+01 2.055542e-01
1.725000e+01 3.205106e-01
1.740000e+01 5.453242e-01
1.755000e+01 9.801508e-01
1.770000e+01 1.454268e+00
1.785000e+01 1.213005e+00
1.800000e+01 7.155357e-01
1.815000e+01 4.118260e-01
1.830000e+01 2.582645e-01
1.845000e+01 1.804542e-01
1.860000e+01 1.353884e-01
1.875000e+01 9.996829e-02
1.890000e+01 7.503701e-02
1.905000e+01 5.867906e-02
1.920000e+01 4.749490e-02
1.935000e+01 3.946872e-02
1.950000e+01 3.353077e-02
1.965000e+01 2.902284e-02
1.980000e+01 2.556311e-02
1.995000e+01 2.291939e-02
2.010000e+01 2.097046e-02
2.025000e+01 1.970692e-02
2.040000e+01 1.929840e-02
2.055000e+01 2.026515e-02
2.070000e+01 2.361528e-02
2.085000e+01 2.801208e-02
2.100000e+01 2.539692e-02
2.115000e+01 2.015439e-02
2.130000e+01 1.808352e-02
2.145000e+01 1.843035e-02
2.160000e+01 1.741194e-02
2.175000e+01 1.515818e-02
2.190000e+01 1.419190e-02
2.205000e+01 1.282133e-02
2.220000e+01 1.112280e-02
2.235000e+01 1.012628e-02
2.250000e+01 9.661939e-03
2.265000e+01 9.545823e-03
2.280000e+01 9.713505e-03
2.295000e+01 1.021866e-02
2.310000e+01 1.121277e-02
2.325000e+01 1.308265e-02
2.340000e+01 1.634031e-02
2.355000e+01 2.069677e-02
2.370000e+01 2.510278e-02
2.385000e+01 3.049826e-02
2.400000e+01 2.956461e-02
2.415000e+01 2.444174e-02
2.430000e+01 2.253184e-02
2.445000e+01 2.403301e-02
2.460000e+01 2.869826e-02
2.475000e+01 3.766710e-02
2.490000e+01 5.432138e-02
2.505000e+01 8.647523e-02
2.520000e+01 1.484304e-01
2.535000e+01 2.330297e-01
2.550000e+01 2.431090e-01
2.565000e+01 1.761876e-01
2.580000e+01 1.054080e-01
2.595000e+01 6.598456e-02
2.610000e+01 4.754131e-02
2.625000e+01 4.115390e-02
2.640000e+01 4.036528e-02
2.655000e+01 3.709682e-02
2.670000e+01 3.261436e-02
2.685000e+01 2.575537e-02
2.700000e+01 1.925128e-02
2.715000e+01 1.557721e-02
2.730000e+01 1.302142e-02
2.745000e+01 1.059749e-02
2.760000e+01 8.959611e-03
2.775000e+01 7.921716e-03
2.790000e+01 7.278804e-03
2.805000e+01 6.946684e-03
2.820000e+01 6.722228e-03
2.835000e+01 6.457603e-03
2.850000e+01 6.362082e-03
2.865000e+01 6.531754e-03
2.880000e+01 7.129434e-03
2.895000e+01 8.079954e-03
2.910000e+01 8.411265e-03
2.925000e+01 8.603264e-03
2.940000e+01 9.719818e-03
2.955000e+01 1.192737e-02
2.970000e+01 1.564297e-02
2.985000e+01 2.301996e-02
3.000000e+01 3.393816e-02
