0.000000e+00 8.747264e-03
1.500000e-01 9.120059e-03
3.000000e-01 9.518638e-03
4.500000e-01 9.945564e-03
6.000000e-01 1.040372e-02
7.500000e-01 1.089635e-02
9.000000e-01 1.142706e-02
1.050000e+00 1.199993e-02
1.200000e+00 1.262102e-02
1.350000e+00 1.329320e-02
1.500000e+00 1.402439e-02
1.650000e+00 1.482199e-02
1.800000e+00 1.569461e-02
1.950000e+00 1.665234e-02
2.100000e+00 1.770709e-02
2.250000e+00 1.887290e-02
2.400000e+00 2.016653e-02
2.550000e+00 2.160807e-02
2.700000e+00 2.322176e-02
2.850000e+00 2.504431e-02
3.000000e+00 2.709841e-02
3.150000e+00 2.943535e-02
3.300000e+00 3.211864e-02
3.450000e+00 3.520803e-02
3.600000e+00 3.879592e-02
3.750000e+00 4.300007e-02
3.900000e+00 4.797476e-02
4.050000e+00 5.392581e-02
4.200000e+00 6.113005e-02
4.350000e+00 6.997381e-02
4.500000e+00 8.099662e-02
4.650000e+00 9.499085e-02
4.800000e+00 1.131370e-01
4.950000e+00 1.372513e-01
5.100000e+00 1.702652e-01
5.250000e+00 2.171100e-01
5.400000e+00 2.865665e-01
5.550000e+00 3.953373e-01
5.700000e+00 5.776506e-01
5.850000e+00 9.092623e-01
6.000000e+00 1.561974e+00
6.150000e+00 2.805610e+00
6.300000e+00 3.980189e+00
6.450000e+00 3.070450e+00
6.600000e+00 1.729562e+00
6.750000e+00 9.966038e-01
6.900000e+00 6.287464e-01
7.050000e+00 4.311475e-01
7.200000e+00 3.170630e-01
7.350000e+00 2.485364e-01
7.500000e+00 2.090851e-01
7.650000e+00 1.919774e-01
7.800000e+00 1.806907e-01
7.950000e+00 1.514656e-01
8.100000e+00 1.254727e-01
8.250000e+00 1.103881e-01
8.400000e+00 1.025376e-01
8.550000e+00 9.975843e-02
8.700000e+00 1.015564e-01
8.850000e+00 1.087176e-01
9.000000e+00 1.237075e-01
9.150000e+00 1.522818e-01
9.300000e+00 2.078020e-01
9.450000e+00 3.195504e-01
9.600000e+00 5.105317e-01
9.750000e+00 5.866920e-01
9.900000e+00 4.122921e-01
1.005000e+01 2.707127e-01
1.020000e+01 2.049735e-01
1.035000e+01 1.802072e-01
1.050000e+01 1.786700e-01
1.065000e+01 1.953124e-01
1.080000e+01 2.332201e-01
1.095000e+01 3.053368e-01
1.110000e+01 4.429466e-01
1.125000e+01 6.918199e-01
1.140000e+01 9.516130e-01
1.155000e+01 1.071018e+00
1.170000e+01 1.200727e+00
1.185000e+01 1.016681e+00
1.200000e+01 8.011360e-01
1.215000e+01 7.889953e-01
1.230000e+01 9.605449e-01
1.245000e+01 1.395922e+00
1.260000e+01 2.352199e+00
1.275000e+01 3.768895e+00
1.290000e+01 3.654480e+00
1.305000e+01 2.195221e+00
1.320000e+01 1.246273e+00
1.335000e+01 7.750551e-01
1.350000e+01 5.316940e-01
1.365000e+01 3.814165e-01
1.380000e+01 2.805135e-01
1.395000e+01 2.146994e-01
1.410000e+01 1.702537e-01
1.425000e+01 1.387782e-01
1.440000e+01 1.156049e-01
1.455000e+01 9.801631e-02
1.470000e+01 8.433866e-02
1.485000e+01 7.349721e-02
1.500000e+01 6.477972e-02
1.515000e+01 5.771381e-02
1.530000e+01 5.200435e-02
1.545000e+01 4.753262e-02
1.560000e+01 4.442938e-02
1.575000e+01 4.303803e-02
1.590000e+01 4.189292e-02
1.605000e+01 3.729912e-02
1.620000e+01 3.240780e-02
1.635000e+01 2.892063e-02
1.650000e+01 2.633265e-02
1.665000e+01 2.425760e-02
1.680000e+01 2.250998e-02
1.695000e+01 2.099601e-02
1.710000e+01 1.966273e-02
1.725000e+01 1.847530e-02
1.740000e+01 1.741259e-02
1.755000e+01 1.646021e-02
1.770000e+01 1.561366e-02
1.785000e+01 1.487987e-02
1.800000e+01 1.425202e-02
1.815000e+01 1.358169e-02
1.830000e+01 1.285653e-02
1.845000e+01 1.222333e-02
1.860000e+01 1.168761e-02
1.875000e+01 1.122018e-02
1.890000e+01 1.073529e-02
1.905000e+01 1.024832e-02
1.920000e+01 9.813434e-03
1.935000e+01 9.421367e-03
1.950000e+01 9.062610e-03
1.965000e+01 8.732131e-03
1.980000e+01 8.423557e-03
1.995000e+01 8.136710e-03
2.010000e+01 7.869882e-03
2.025000e+01 7.621620e-03
2.040000e+01 7.391048e-03
2.055000e+01 7.177795e-03
2.070000e+01 6.982023e-03
2.085000e+01 6.809139e-03
2.100000e+01 6.646640e-03
2.115000e+01 6.511096e-03
2.130000e+01 6.407203e-03
2.145000e+01 6.346347e-03
2.160000e+01 6.309670e-03
2.175000e+01 6.273090e-03
2.190000e+01 6.317292e-03
2.205000e+01 6.513023e-03
2.220000e+01 6.978811e-03
2.235000e+01 8.016222e-03
2.250000e+01 9.867406e-03
2.265000e+01 1.065678e-02
2.280000e+01 9.063903e-03
2.295000e+01 7.952714e-03
2.310000e+01 7.929118e-03
2.325000e+01 9.034287e-03
2.340000e+01 1.135748e-02
2.355000e+01 1.250060e-02
2.370000e+01 1.157587e-02
2.385000e+01 1.104880e-02
2.400000e+01 9.185948e-03
2.415000e+01 7.388154e-03
2.430000e+01 6.427200e-03
2.445000e+01 5.976936e-03
2.460000e+01 5.811816e-03
2.475000e+01 5.860133e-03
2.490000e+01 6.147075e-03
2.505000e+01 6.743266e-03
2.520000e+01 7.411853e-03
2.535000e+01 7.607512e-03
2.550000e+01 7.975633e-03
2.565000e+01 8.913754e-03
2.580000e+01 1.059608e-02
2.595000e+01 1.348780e-02
2.610000e+01 1.861686e-02
2.625000e+01 2.796446e-02
2.640000e+01 4.349403e-02
2.655000e+01 6.787749e-02
2.670000e+01 9.184091e-02
2.685000e+01 7.423242e-02
2.700000e+01 4.518413e-02
2.715000e+01 2.798240e-02
2.730000e+01 1.910827e-02
2.745000e+01 1.471187e-02
2.760000e+01 1.283123e-02
2.775000e+01 1.289875e-02
2.790000e+01 1.526194e-02
2.805000e+01 1.973282e-02
2.820000e+01 2.385323e-02
2.835000e+01 2.502500e-02
2.850000e+01 2.009594e-02
2.865000e+01 1.554082e-02
2.880000e+01 1.183472e-02
2.895000e+01 8.964209e-03
2.910000e+01 7.087637e-03
2.925000e+01 6.218009e-03
2.940000e+01 6.021651e-03
2.955000e+01 5.740754e-03
2.970000e+01 5.218218e-03
2.985000e+01 4.862929e-03
3.000000e+01 4.764571e-03
