0.000000e+00 2.963313e-02
1.500000e-01 3.302432e-02
3.000000e-01 3.683992e-02
4.500000e-01 4.118527e-02
6.000000e-01 4.620882e-02
7.500000e-01 5.204700e-02
9.000000e-01 5.893541e-02
1.050000e+00 6.716997e-02
1.200000e+00 7.715361e-02
1.350000e+00 8.945197e-02
1.500000e+00 1.048670e-01
1.650000e+00 1.245637e-01
1.800000e+00 1.503152e-01
1.950000e+00 1.848878e-01
2.100000e+00 2.328118e-01
2.250000e+00 3.017614e-01
2.400000e+00 4.057981e-01
2.550000e+00 5.721241e-01
2.700000e+00 8.579859e-01
2.850000e+00 1.392417e+00
3.000000e+00 2.458581e+00
3.150000e+00 4.313294e+00
3.300000e+00 5.157550e+00
3.450000e+00 3.413378e+00
3.600000e+00 1.891109e+00
3.750000e+00 1.110235e+00
3.900000e+00 7.104263e-01
4.050000e+00 4.882759e-01
4.200000e+00 3.546232e-01
4.350000e+00 2.687905e-01
4.500000e+00 2.106797e-01
4.650000e+00 1.696677e-01
4.800000e+00 1.397107e-01
4.950000e+00 1.172010e-01
5.100000e+00 9.992829e-02
5.250000e+00 8.638648e-02
5.400000e+00 7.564912e-02
5.550000e+00 6.700202e-02
5.700000e+00 6.004773e-02
5.850000e+00 5.444355e-02
6.000000e+00 4.999798e-02
6.150000e+00 4.665631e-02
6.300000e+00 4.452913e-02
6.450000e+00 4.404410e-02
6.600000e+00 4.627948e-02
6.750000e+00 5.375473e-02
6.900000e+00 6.763483e-02
7.050000e+00 6.953829e-02
7.200000e+00 5.291806e-02
7.350000e+00 4.050831e-02
7.500000e+00 3.414758e-02
7.650000e+00 3.104589e-02
7.800000e+00 2.989821e-02
7.950000e+00 3.044960e-02
8.100000e+00 3.327833e-02
8.250000e+00 4.024143e-02
8.400000e+00 5.486845e-02
8.550000e+00 7.262709e-02
8.700000e+00 6.529007e-02
8.850000e+00 4.720853e-02
9.000000e+00 3.748712e-02
9.150000e+00 3.394819e-02
9.300000e+00 3.400979e-02
9.450000e+00 3.694704e-02
9.600000e+00 4.332599e-02
9.750000e+00 5.507152e-02
9.900000e+00 7.693912e-02
1.005000e+01 1.199292e-01
1.020000e+01 2.051739e-01
1.035000e+01 3.176410e-01
1.050000e+01 2.967164e-01
1.065000e+01 1.982178e-01
1.080000e+01 1.297508e-01
1.095000e+01 8.414381e-02
1.110000e+01 5.977889e-02
1.125000e+01 4.860072e-02
1.140000e+01 4.652603e-02
1.155000e+01 5.345881e-02
1.170000e+01 6.145219e-02
1.185000e+01 5.052028e-02
1.200000e+01 3.698486e-02
1.215000e+01 3.101709e-02
1.230000e+01 3.143319e-02
1.245000e+01 3.855060e-02
1.260000e+01 4.754291e-02
1.275000e+01 4.060903e-02
1.290000e+01 2.915121e-02
1.305000e+01 2.376540e-02
1.320000e+01 2.098905e-02
1.335000e+01 1.711630e-02
1.350000e+01 1.416321e-02
1.365000e+01 1.248738e-02
1.380000e+01 1.157014e-02
1.395000e+01 1.116439e-02
1.410000e+01 1.130560e-02
1.425000e+01 1.207137e-02
1.440000e+01 1.247119e-02
1.455000e+01 1.135714e-02
1.470000e+01 1.036230e-02
1.485000e+01 9.898815e-03
1.500000e+01 9.738645e-03
1.515000e+01 9.754774e-03
1.530000e+01 9.895239e-03
1.545000e+01 1.014350e-02
1.560000e+01 1.049159e-02
1.575000e+01 1.095173e-02
1.590000e+01 1.153205e-02
1.605000e+01 1.225675e-02
1.620000e+01 1.315422e-02
1.635000e+01 1.426872e-02
1.650000e+01 1.565908e-02
1.665000e+01 1.741021e-02
1.680000e+01 1.964370e-02
1.695000e+01 2.253692e-02
1.710000e+01 2.637058e-02
1.725000e+01 3.158363e-02
1.740000e+01 3.892650e-02
1.755000e+01 4.980135e-02
1.770000e+01 6.665436e-02
1.785000e+01 9.479992e-02
1.800000e+01 1.456534e-01
1.815000e+01 2.343583e-01
1.830000e+01 3.337756e-01
1.845000e+01 4.437476e-01
1.860000e+01 6.340823e-01
1.875000e+01 6.122901e-01
1.890000e+01 3.760851e-01
1.905000e+01 2.219089e-01
1.920000e+01 1.480208e-01
1.935000e+01 1.158350e-01
1.950000e+01 1.098414e-01
1.965000e+01 1.308290e-01
1.980000e+01 1.888966e-01
1.995000e+01 2.415242e-01
2.010000e+01 1.838520e-01
2.025000e+01 1.100227e-01
2.040000e+01 6.951980e-02
2.055000e+01 4.862829e-02
2.070000e+01 3.723836e-02
2.085000e+01 3.106011e-02
2.100000e+01 2.869723e-02
2.115000e+01 3.010640e-02
2.130000e+01 3.157341e-02
2.145000e+01 2.585594e-02
2.160000e+01 1.987985e-02
2.175000e+01 1.677308e-02
2.190000e+01 1.488969e-02
2.205000e+01 1.283925e-02
2.220000e+01 1.128481e-02
2.235000e+01 1.029822e-02
2.250000e+01 9.677611e-03
2.265000e+01 9.317414e-03
2.280000e+01 9.197117e-03
2.295000e+01 9.353286e-03
2.310000e+01 9.936201e-03
2.325000e+01 1.094796e-02
2.340000e+01 1.238809e-02
2.355000e+01 1.457974e-02
2.370000e+01 1.681098e-02
2.385000e+01 1.931521e-02
2.400000e+01 1.822668e-02
2.415000e+01 1.551643e-02
2.430000e+01 1.460828e-02
2.445000e+01 1.536680e-02
2.460000e+01 1.755884e-02
2.475000e+01 2.154949e-02
2.490000e+01 2.840595e-02
2.505000e+01 4.043803e-02
2.520000e+01 6.266090e-02
2.535000e+01 1.019227e-01
2.550000e+01 1.535627e-01
2.565000e+01 2.000457e-01
2.580000e+01 1.810122e-01
2.595000e+01 1.122491e-01
2.610000e+01 6.898666e-02
2.625000e+01 4.909464e-02
2.640000e+01 3.899191e-02
2.655000e+01 2.952267e-02
2.670000e+01 2.265803e-02
2.685000e+01 1.840892e-02
2.700000e+01 1.483268e-02
2.715000e+01 1.256150e-02
2.730000e+01 1.074168e-02
2.745000e+01 9.092680e-03
2.760000e+01 7.997867e-03
2.775000e+01 7.388543e-03
2.790000e+01 7.239521e-03
2.805000e+01 7.581882e-03
2.820000e+01 7.970497e-03
2.835000e+01 7.605293e-03
2.850000e+01 7.227071e-03
2.865000e+01 7.048295e-03
2.880000e+01 6.530148e-03
2.895000e+01 6.279601e-03
2.910000e+01 6.474633e-03
2.925000e+01 7.108788e-03
2.940000e+01 8.146930e-03
2.955000e+01 9.758291e-03
2.970000e+01 1.238058e-02
2.985000e+01 1.751114e-02
3.000000e+01 2.612766e-02
