alpha 1.0
beta  4.555555555555555

M0 (diagonal):
[[6.732655 0.       0.       0.       0.       0.       0.       0.
  0.       0.      ]
 [0.       3.42808  0.       0.       0.       0.       0.       0.
  0.       0.      ]
 [0.       0.       1.368762 0.       0.       0.       0.       0.
  0.       0.      ]
 [0.       0.       0.       1.148749 0.       0.       0.       0.
  0.       0.      ]
 [0.       0.       0.       0.       8.319432 0.       0.       0.
  0.       0.      ]
 [0.       0.       0.       0.       0.       9.2148   0.       0.
  0.       0.      ]
 [0.       0.       0.       0.       0.       0.       6.459722 0.
  0.       0.      ]
 [0.       0.       0.       0.       0.       0.       0.       7.565469
  0.       0.      ]
 [0.       0.       0.       0.       0.       0.       0.       0.
  5.892625 0.      ]
 [0.       0.       0.       0.       0.       0.       0.       0.
  0.       9.415652]]

alpha * M1:
[[8.342682 1.139762 7.95633  3.723019 7.825392 3.610934 7.715292 6.846355
  6.522111 5.062038]
 [1.139762 2.118549 5.767956 5.360765 4.846395 3.619858 9.65964  7.652161
  8.440607 4.972745]
 [7.95633  5.767956 2.215869 6.921048 7.308273 2.804477 5.167956 7.3846
  5.269374 6.218541]
 [3.723019 5.360765 6.921048 4.041201 3.025842 7.61773  6.317866 7.340378
  5.264449 8.902784]
 [7.825392 4.846395 7.308273 3.025842 4.025054 3.02039  5.276058 6.449411
  6.453268 2.431682]
 [3.610934 3.619858 2.804477 7.61773  3.02039  7.047954 3.811348 8.544685
  6.950442 3.899934]
 [7.715292 9.65964  5.167956 6.317866 5.276058 3.811348 6.581921 8.678077
  5.939685 5.062591]
 [6.846355 7.652161 7.3846   7.340378 6.449411 8.544685 8.678077 9.388537
  5.894027 8.470146]
 [6.522111 8.440607 5.269374 5.264449 6.453268 6.950442 5.939685 5.894027
  9.00942  4.88298 ]
 [5.062038 4.972745 6.218541 8.902784 2.431682 3.899934 5.062591 8.470146
  4.88298  7.588056]]

beta * M2:
[[29.744859 12.1954   31.315084 16.211922 20.29762  22.872905 30.660255
  23.554626 25.78222  12.476174]
 [12.1954   22.197804 35.718684 28.256754 17.345726 18.320276 43.157787
  14.252387 17.892383 14.310244]
 [31.315084 35.718684 37.753697 33.435282 12.080106 23.041346 27.803878
  20.294492 34.947059 25.915142]
 [16.211922 28.256754 33.435282 10.519971 26.267616 43.227192  9.184031
  35.157302 14.894109 25.566239]
 [20.29762  17.345726 12.080106 26.267616 15.783369 34.861592 41.945496
  21.804986 42.413336 17.617172]
 [22.872905 18.320276 23.041346 43.227192 34.861592 17.218707 26.740085
  25.674105 34.335962 27.370942]
 [30.660255 43.157787 27.803878  9.184031 41.945496 26.740085 31.939021
  32.311959 23.664086 39.624323]
 [23.554626 14.252387 20.294492 35.157302 21.804986 25.674105 32.311959
  41.876042 31.90358  17.89288 ]
 [25.78222  17.892383 34.947059 14.894109 42.413336 34.335962 23.664086
  31.90358  44.66445  26.897334]
 [12.476174 14.310244 25.915142 25.566239 17.617172 27.370942 39.624323
  17.89288  26.897334 35.063552]]

H(alpha, beta) = M0 + alpha*M1 + beta*M2:
[[44.820196 13.335162 39.271413 19.934941 28.123011 26.483838 38.375546
  30.400981 32.304331 17.538212]
 [13.335162 27.744433 41.48664  33.61752  22.192121 21.940134 52.817427
  21.904548 26.33299  19.282989]
 [39.271413 41.48664  41.338328 40.35633  19.38838  25.845823 32.971834
  27.679092 40.216433 32.133683]
 [19.934941 33.61752  40.35633  15.70992  29.293458 50.844922 15.501897
  42.49768  20.158558 34.469023]
 [28.123011 22.192121 19.38838  29.293458 28.127854 37.881983 47.221555
  28.254397 48.866603 20.048855]
 [26.483838 21.940134 25.845823 50.844922 37.881983 33.481462 30.551434
  34.21879  41.286404 31.270876]
 [38.375546 52.817427 32.971834 15.501897 47.221555 30.551434 44.980664
  40.990036 29.603771 44.686914]
 [30.400981 21.904548 27.679092 42.49768  28.254397 34.21879  40.990036
  58.830048 37.797606 26.363026]
 [32.304331 26.33299  40.216433 20.158558 48.866603 41.286404 29.603771
  37.797606 59.566495 31.780314]
 [17.538212 19.282989 32.133683 34.469023 20.048855 31.270876 44.686914
  26.363026 31.780314 52.06726 ]]
