alpha 2.7777777777777777
beta  3.2222222222222223

M0 (diagonal):
[[6.732655 0.       0.       0.       0.       0.       0.       0.
  0.       0.      ]
 [0.       3.42808  0.       0.       0.       0.       0.       0.
  0.       0.      ]
 [0.       0.       1.368762 0.       0.       0.       0.       0.
  0.       0.      ]
 [0.       0.       0.       1.148749 0.       0.       0.       0.
  0.       0.      ]
 [0.       0.       0.       0.       8.319432 0.       0.       0.
  0.       0.      ]
 [0.       0.       0.       0.       0.       9.2148   0.       0.
  0.       0.      ]
 [0.       0.       0.       0.       0.       0.       6.459722 0.
  0.       0.      ]
 [0.       0.       0.       0.       0.       0.       0.       7.565469
  0.       0.      ]
 [0.       0.       0.       0.       0.       0.       0.       0.
  5.892625 0.      ]
 [0.       0.       0.       0.       0.       0.       0.       0.
  0.       9.415652]]

alpha * M1:
[[23.174117  3.166005 22.100915 10.34172  21.7372   10.030371 21.431366
  19.017654 18.116976 14.061217]
 [ 3.166005  5.88486  16.022101 14.891014 13.46221  10.05516  26.832334
  21.256003 23.44613  13.81318 ]
 [22.100915 16.022101  6.15519  19.225132 20.30076   7.790214 14.355434
  20.512778 14.637151 17.273725]
 [10.34172  14.891014 19.225132 11.225558  8.405116 21.160362 17.549629
  20.389938 14.623471 24.729957]
 [21.7372   13.46221  20.30076   8.405116 11.180704  8.389973 14.655718
  17.915029 17.925743  6.754672]
 [10.030371 10.05516   7.790214 21.160362  8.389973 19.57765  10.587079
  23.735236 19.306782 10.833149]
 [21.431366 26.832334 14.355434 17.549629 14.655718 10.587079 18.283114
  24.10577  16.499124 14.062752]
 [19.017654 21.256003 20.512778 20.389938 17.915029 23.735236 24.10577
  26.07927  16.372296 23.528183]
 [18.116976 23.44613  14.637151 14.623471 17.925743 19.306782 16.499124
  16.372296 25.026167 13.563835]
 [14.061217 13.81318  17.273725 24.729957  6.754672 10.833149 14.062752
  23.528183 13.563835 21.077933]]

beta * M2:
[[21.039046  8.626015 22.149693 11.466969 14.356853 16.178396 21.686522
  16.660589 18.236204  8.824611]
 [ 8.626015 15.700885 25.264435 19.986485 12.268928 12.958244 30.526239
  10.080957 12.655588 10.12188 ]
 [22.149693 25.264435 26.703835 23.649346  8.544465 16.297538 19.666158
  14.354641 24.718652 18.330222]
 [11.466969 19.986485 23.649346  7.440955 18.579533 30.575331  6.496022
  24.86736  10.534858 18.083437]
 [14.356853 12.268928  8.544465 18.579533 11.163846 24.658199 29.668766
  15.423039 29.999677 12.460927]
 [16.178396 12.958244 16.297538 30.575331 24.658199 12.179086 18.913719
  18.159733 24.286412 19.359935]
 [21.686522 30.526239 19.666158  6.496022 29.668766 18.913719 22.591015
  22.8548   16.738012 28.02696 ]
 [16.660589 10.080957 14.354641 24.86736  15.423039 18.159733 22.8548
  29.619639 22.565947 12.655939]
 [18.236204 12.655588 24.718652 10.534858 29.999677 24.286412 16.738012
  22.565947 31.591928 19.024944]
 [ 8.824611 10.12188  18.330222 18.083437 12.460927 19.359935 28.02696
  12.655939 19.024944 24.801049]]

H(alpha, beta) = M0 + alpha*M1 + beta*M2:
[[50.945818 11.79202  44.250609 21.80869  36.094053 26.208767 43.117888
  35.678242 36.35318  22.885828]
 [11.79202  25.013826 41.286535 34.877499 25.731138 23.013404 57.358573
  31.33696  36.101718 23.93506 ]
 [44.250609 41.286535 34.227787 42.874478 28.845225 24.087752 34.021592
  34.867419 39.355802 35.603947]
 [21.80869  34.877499 42.874478 19.815262 26.984649 51.735693 24.04565
  45.257298 25.158328 42.813394]
 [36.094053 25.731138 28.845225 26.984649 30.663983 33.048172 44.324483
  33.338068 47.92542  19.215599]
 [26.208767 23.013404 24.087752 51.735693 33.048172 40.971536 29.500798
  41.894969 43.593195 30.193083]
 [43.117888 57.358573 34.021592 24.04565  44.324483 29.500798 47.333851
  46.96057  33.237136 42.089713]
 [35.678242 31.33696  34.867419 45.257298 33.338068 41.894969 46.96057
  63.264378 38.938243 36.184123]
 [36.35318  36.101718 39.355802 25.158328 47.92542  43.593195 33.237136
  38.938243 62.51072  32.588778]
 [22.885828 23.93506  35.603947 42.813394 19.215599 30.193083 42.089713
  36.184123 32.588778 55.294634]]
