alpha 5.0
beta  2.7777777777777777

M0 (diagonal):
[[6.732655 0.       0.       0.       0.       0.       0.       0.
  0.       0.      ]
 [0.       3.42808  0.       0.       0.       0.       0.       0.
  0.       0.      ]
 [0.       0.       1.368762 0.       0.       0.       0.       0.
  0.       0.      ]
 [0.       0.       0.       1.148749 0.       0.       0.       0.
  0.       0.      ]
 [0.       0.       0.       0.       8.319432 0.       0.       0.
  0.       0.      ]
 [0.       0.       0.       0.       0.       9.2148   0.       0.
  0.       0.      ]
 [0.       0.       0.       0.       0.       0.       6.459722 0.
  0.       0.      ]
 [0.       0.       0.       0.       0.       0.       0.       7.565469
  0.       0.      ]
 [0.       0.       0.       0.       0.       0.       0.       0.
  5.892625 0.      ]
 [0.       0.       0.       0.       0.       0.       0.       0.
  0.       9.415652]]

alpha * M1:
[[41.71341   5.698809 39.781648 18.615097 39.126959 18.054668 38.576459
  34.231776 32.610556 25.310191]
 [ 5.698809 10.592747 28.839781 26.803825 24.231977 18.099288 48.298201
  38.260806 42.203034 24.863724]
 [39.781648 28.839781 11.079343 34.605238 36.541367 14.022386 25.839782
  36.923    26.346871 31.092705]
 [18.615097 26.803825 34.605238 20.206005 15.129208 38.088652 31.589332
  36.701889 26.322247 44.513922]
 [39.126959 24.231977 36.541367 15.129208 20.125268 15.101951 26.380292
  32.247053 32.266338 12.15841 ]
 [18.054668 18.099288 14.022386 38.088652 15.101951 35.23977  19.056742
  42.723425 34.752208 19.499668]
 [38.576459 48.298201 25.839782 31.589332 26.380292 19.056742 32.909605
  43.390386 29.698423 25.312954]
 [34.231776 38.260806 36.923    36.701889 32.247053 42.723425 43.390386
  46.942686 29.470133 42.35073 ]
 [32.610556 42.203034 26.346871 26.322247 32.266338 34.752208 29.698423
  29.470133 45.0471   24.414902]
 [25.310191 24.863724 31.092705 44.513922 12.15841  19.499668 25.312954
  42.35073  24.414902 37.940279]]

beta * M2:
[[18.137109  7.43622  19.094563  9.885318 12.376597 13.946893 18.695277
  14.362577 15.720866  7.607423]
 [ 7.43622  13.535246 21.779685 17.229728 10.576662 11.1709   26.315724
   8.69048  10.90999   8.725759]
 [19.094563 21.779685 23.020547 20.387367  7.365918 14.049601 16.953584
  12.374691 21.309182 15.801916]
 [ 9.885318 17.229728 20.387367  6.414616 16.016839 26.358044  5.600019
  21.437379  9.081774 15.58917 ]
 [12.376597 10.576662  7.365918 16.016839  9.624005 21.257069 25.576522
  13.295723 25.86179  10.742178]
 [13.946893 11.1709   14.049601 26.358044 21.257069 10.499212 16.30493
  15.654942 20.936562 16.689599]
 [18.695277 26.315724 16.953584  5.600019 25.576522 16.30493  19.475013
  19.702414 14.429321 24.161173]
 [14.362577  8.69048  12.374691 21.437379 13.295723 15.654942 19.702414
  25.534172 19.453402 10.910293]
 [15.720866 10.90999  21.309182  9.081774 25.86179  20.936562 14.429321
  19.453402 27.234421 16.400813]
 [ 7.607423  8.725759 15.801916 15.58917  10.742178 16.689599 24.161173
  10.910293 16.400813 21.380215]]

H(alpha, beta) = M0 + alpha*M1 + beta*M2:
[[66.583174 13.135028 58.876211 28.500415 51.503557 32.001561 57.271736
  48.594353 48.331422 32.917614]
 [13.135028 27.556074 50.619466 44.033554 34.80864  29.270188 74.613925
  46.951286 53.113024 33.589483]
 [58.876211 50.619466 35.468652 54.992606 43.907286 28.071987 42.793366
  49.29769  47.656053 46.894621]
 [28.500415 44.033554 54.992606 27.76937  31.146047 64.446695 37.189351
  58.139268 35.404021 60.103092]
 [51.503557 34.80864  43.907286 31.146047 38.068705 36.35902  51.956814
  45.542776 58.128128 22.900589]
 [32.001561 29.270188 28.071987 64.446695 36.35902  54.953782 35.361672
  58.378367 55.68877  36.189267]
 [57.271736 74.613925 42.793366 37.189351 51.956814 35.361672 58.84434
  63.0928   44.127744 49.474127]
 [48.594353 46.951286 49.29769  58.139268 45.542776 58.378367 63.0928
  80.042327 48.923535 53.261022]
 [48.331422 53.113024 47.656053 35.404021 58.128128 55.68877  44.127744
  48.923535 78.174146 40.815716]
 [32.917614 33.589483 46.894621 60.103092 22.900589 36.189267 49.474127
  53.261022 40.815716 68.736145]]
