alpha 2.333333333333333
beta  1.0

M0 (diagonal):
[[6.732655 0.       0.       0.       0.       0.       0.       0.
  0.       0.      ]
 [0.       3.42808  0.       0.       0.       0.       0.       0.
  0.       0.      ]
 [0.       0.       1.368762 0.       0.       0.       0.       0.
  0.       0.      ]
 [0.       0.       0.       1.148749 0.       0.       0.       0.
  0.       0.      ]
 [0.       0.       0.       0.       8.319432 0.       0.       0.
  0.       0.      ]
 [0.       0.       0.       0.       0.       9.2148   0.       0.
  0.       0.      ]
 [0.       0.       0.       0.       0.       0.       6.459722 0.
  0.       0.      ]
 [0.       0.       0.       0.       0.       0.       0.       7.565469
  0.       0.      ]
 [0.       0.       0.       0.       0.       0.       0.       0.
  5.892625 0.      ]
 [0.       0.       0.       0.       0.       0.       0.       0.
  0.       9.415652]]

alpha * M1:
[[19.466258  2.659444 18.564769  8.687045 18.259248  8.425512 18.002348
  15.974829 15.218259 11.811422]
 [ 2.659444  4.943282 13.458565 12.508452 11.308256  8.446335 22.53916
  17.855043 19.694749 11.603071]
 [18.564769 13.458565  5.17036  16.149111 17.052638  6.54378  12.058565
  17.230733 12.295206 14.509929]
 [ 8.687045 12.508452 16.149111  9.429469  7.060297 17.774704 14.741688
  17.127548 12.283715 20.773164]
 [18.259248 11.308256 17.052638  7.060297  9.391792  7.047577 12.310803
  15.048625 15.057624  5.673925]
 [ 8.425512  8.446335  6.54378  17.774704  7.047577 16.445226  8.893146
  19.937598 16.217697  9.099845]
 [18.002348 22.53916  12.058565 14.741688 12.310803  8.893146 15.357816
  20.248847 13.859264 11.812712]
 [15.974829 17.855043 17.230733 17.127548 15.048625 19.937598 20.248847
  21.906587 13.752729 19.763674]
 [15.218259 19.694749 12.295206 12.283715 15.057624 16.217697 13.859264
  13.752729 21.02198  11.393621]
 [11.811422 11.603071 14.509929 20.773164  5.673925  9.099845 11.812712
  19.763674 11.393621 17.705463]]

beta * M2:
[[6.529359 2.677039 6.874043 3.558715 4.455575 5.020882 6.7303   5.170528
  5.659512 2.738672]
 [2.677039 4.872689 7.840687 6.202702 3.807598 4.021524 9.473661 3.128573
  3.927596 3.141273]
 [6.874043 7.840687 8.287397 7.339452 2.651731 5.057857 6.10329  4.454889
  7.671306 5.68869 ]
 [3.558715 6.202702 7.339452 2.309262 5.766062 9.488896 2.016007 7.717457
  3.269439 5.612101]
 [4.455575 3.807598 2.651731 5.766062 3.464642 7.652545 9.207548 4.78646
  9.310244 3.867184]
 [5.020882 4.021524 5.057857 9.488896 7.652545 3.779716 5.869775 5.635779
  7.537162 6.008256]
 [6.7303   9.473661 6.10329  2.016007 9.207548 5.869775 7.011005 7.092869
  5.194556 8.698022]
 [5.170528 3.128573 4.454889 7.717457 4.78646  5.635779 7.092869 9.192302
  7.003225 3.927705]
 [5.659512 3.927596 7.671306 3.269439 9.310244 7.537162 5.194556 7.003225
  9.804391 5.904293]
 [2.738672 3.141273 5.68869  5.612101 3.867184 6.008256 8.698022 3.927705
  5.904293 7.696877]]

H(alpha, beta) = M0 + alpha*M1 + beta*M2:
[[32.728272  5.336483 25.438812 12.24576  22.714823 13.446393 24.732647
  21.145357 20.877771 14.550095]
 [ 5.336483 13.244051 21.299251 18.711154 15.115855 12.467859 32.012821
  20.983615 23.622345 14.744345]
 [25.438812 21.299251 14.826519 23.488563 19.704369 11.601637 18.161855
  21.685622 19.966512 20.198619]
 [12.24576  18.711154 23.488563 12.88748  12.826359 27.2636   16.757695
  24.845005 15.553154 26.385265]
 [22.714823 15.115855 19.704369 12.826359 21.175866 14.700122 21.518351
  19.835085 24.367869  9.541109]
 [13.446393 12.467859 11.601637 27.2636   14.700122 29.439742 14.762921
  25.573378 23.754859 15.108101]
 [24.732647 32.012821 18.161855 16.757695 21.518351 14.762921 28.828542
  27.341716 19.05382  20.510734]
 [21.145357 20.983615 21.685622 24.845005 19.835085 25.573378 27.341716
  38.664358 20.755953 23.691379]
 [20.877771 23.622345 19.966512 15.553154 24.367869 23.754859 19.05382
  20.755953 36.718996 17.297914]
 [14.550095 14.744345 20.198619 26.385265  9.541109 15.108101 20.510734
  23.691379 17.297914 34.817993]]
