alpha 1.0
beta  3.6666666666666665

M0 (diagonal):
[[6.732655 0.       0.       0.       0.       0.       0.       0.
  0.       0.      ]
 [0.       3.42808  0.       0.       0.       0.       0.       0.
  0.       0.      ]
 [0.       0.       1.368762 0.       0.       0.       0.       0.
  0.       0.      ]
 [0.       0.       0.       1.148749 0.       0.       0.       0.
  0.       0.      ]
 [0.       0.       0.       0.       8.319432 0.       0.       0.
  0.       0.      ]
 [0.       0.       0.       0.       0.       9.2148   0.       0.
  0.       0.      ]
 [0.       0.       0.       0.       0.       0.       6.459722 0.
  0.       0.      ]
 [0.       0.       0.       0.       0.       0.       0.       7.565469
  0.       0.      ]
 [0.       0.       0.       0.       0.       0.       0.       0.
  5.892625 0.      ]
 [0.       0.       0.       0.       0.       0.       0.       0.
  0.       9.415652]]

alpha * M1:
[[8.342682 1.139762 7.95633  3.723019 7.825392 3.610934 7.715292 6.846355
  6.522111 5.062038]
 [1.139762 2.118549 5.767956 5.360765 4.846395 3.619858 9.65964  7.652161
  8.440607 4.972745]
 [7.95633  5.767956 2.215869 6.921048 7.308273 2.804477 5.167956 7.3846
  5.269374 6.218541]
 [3.723019 5.360765 6.921048 4.041201 3.025842 7.61773  6.317866 7.340378
  5.264449 8.902784]
 [7.825392 4.846395 7.308273 3.025842 4.025054 3.02039  5.276058 6.449411
  6.453268 2.431682]
 [3.610934 3.619858 2.804477 7.61773  3.02039  7.047954 3.811348 8.544685
  6.950442 3.899934]
 [7.715292 9.65964  5.167956 6.317866 5.276058 3.811348 6.581921 8.678077
  5.939685 5.062591]
 [6.846355 7.652161 7.3846   7.340378 6.449411 8.544685 8.678077 9.388537
  5.894027 8.470146]
 [6.522111 8.440607 5.269374 5.264449 6.453268 6.950442 5.939685 5.894027
  9.00942  4.88298 ]
 [5.062038 4.972745 6.218541 8.902784 2.431682 3.899934 5.062591 8.470146
  4.88298  7.588056]]

beta * M2:
[[23.940984  9.81581  25.204823 13.04862  16.337108 18.409899 24.677766
  18.958601 20.751543 10.041799]
 [ 9.81581  17.866525 28.749184 22.743241 13.961194 14.745588 34.736755
  11.471433 14.401186 11.518001]
 [25.204823 28.749184 30.387122 26.911325  9.723012 18.545474 22.378731
  16.334591 28.128121 20.858529]
 [13.04862  22.743241 26.911325  8.467293 21.142228 34.792618  7.392025
  28.297341 11.987941 20.577704]
 [16.337108 13.961194  9.723012 21.142228 12.703687 28.05933  33.761009
  17.550355 34.137563 14.179675]
 [18.409899 14.745588 18.545474 34.792618 28.05933  13.85896  21.522508
  20.664523 27.636262 22.03027 ]
 [24.677766 34.736755 22.378731  7.392025 33.761009 21.522508 25.707017
  26.007187 19.046704 31.892748]
 [18.958601 11.471433 16.334591 28.297341 17.550355 20.664523 26.007187
  33.705107 25.678491 14.401586]
 [20.751543 14.401186 28.128121 11.987941 34.137563 27.636262 19.046704
  25.678491 35.949435 21.649074]
 [10.041799 11.518001 20.858529 20.577704 14.179675 22.03027  31.892748
  14.401586 21.649074 28.221883]]

H(alpha, beta) = M0 + alpha*M1 + beta*M2:
[[39.016321 10.955572 33.161153 16.771639 24.1625   22.020833 32.393058
  25.804956 27.273654 15.103837]
 [10.955572 23.413155 34.517141 28.104006 18.80759  18.365446 44.396395
  19.123595 22.841793 16.490746]
 [33.161153 34.517141 33.971753 33.832372 17.031286 21.349951 27.546687
  23.719191 33.397495 27.07707 ]
 [16.771639 28.104006 33.832372 13.657243 24.168069 42.410348 13.709891
  35.637719 17.252391 29.480489]
 [24.1625   18.80759  17.031286 24.168069 25.048173 31.079721 39.037068
  23.999765 40.590831 16.611357]
 [22.020833 18.365446 21.349951 42.410348 31.079721 30.121714 25.333856
  29.209208 34.586704 25.930204]
 [32.393058 44.396395 27.546687 13.709891 39.037068 25.333856 38.74866
  34.685264 24.986388 36.955339]
 [25.804956 19.123595 23.719191 35.637719 23.999765 29.209208 34.685264
  50.659113 31.572518 22.871732]
 [27.273654 22.841793 33.397495 17.252391 40.590831 34.586704 24.986388
  31.572518 50.85148  26.532054]
 [15.103837 16.490746 27.07707  29.480489 16.611357 25.930204 36.955339
  22.871732 26.532054 45.225591]]
