alpha 4.111111111111111
beta  2.333333333333333

M0 (diagonal):
[[6.732655 0.       0.       0.       0.       0.       0.       0.
  0.       0.      ]
 [0.       3.42808  0.       0.       0.       0.       0.       0.
  0.       0.      ]
 [0.       0.       1.368762 0.       0.       0.       0.       0.
  0.       0.      ]
 [0.       0.       0.       1.148749 0.       0.       0.       0.
  0.       0.      ]
 [0.       0.       0.       0.       8.319432 0.       0.       0.
  0.       0.      ]
 [0.       0.       0.       0.       0.       9.2148   0.       0.
  0.       0.      ]
 [0.       0.       0.       0.       0.       0.       6.459722 0.
  0.       0.      ]
 [0.       0.       0.       0.       0.       0.       0.       7.565469
  0.       0.      ]
 [0.       0.       0.       0.       0.       0.       0.       0.
  5.892625 0.      ]
 [0.       0.       0.       0.       0.       0.       0.       0.
  0.       9.415652]]

alpha * M1:
[[34.297693  4.685687 32.709355 15.305746 32.171056 14.844949 31.718422
  28.146127 26.813124 20.810601]
 [ 4.685687  8.709592 23.712709 22.038701 19.92407  14.881637 39.711854
  31.458885 34.700272 20.443507]
 [32.709355 23.712709  9.109682 28.453196 30.045124 11.529517 21.246043
  30.358911 21.662983 25.565113]
 [15.305746 22.038701 28.453196 16.613826 12.439571 31.317336 25.973451
  30.177109 21.642737 36.600336]
 [32.171056 19.92407  30.045124 12.439571 16.547442 12.41716  21.690462
  26.514243 26.5301    9.996915]
 [14.844949 14.881637 11.529517 31.317336 12.41716  28.974922 15.668876
  35.12815  28.574038 16.03306 ]
 [31.718422 39.711854 21.246043 25.973451 21.690462 15.668876 27.059009
  35.67654  24.418703 20.812874]
 [28.146127 31.458885 30.358911 30.177109 26.514243 35.12815  35.67654
  38.59732  24.230998 34.821711]
 [26.813124 34.700272 21.662983 21.642737 26.5301   28.574038 24.418703
  24.230998 37.038727 20.074475]
 [20.810601 20.443507 25.565113 36.600336  9.996915 16.03306  20.812874
  34.821711 20.074475 31.19534 ]]

beta * M2:
[[15.235172  6.246424 16.039433  8.303667 10.396342 11.71539  15.704033
  12.064564 13.205527  6.390236]
 [ 6.246424 11.369607 18.294935 14.472972  8.884396  9.383556 22.105208
   7.300003  9.164391  7.329637]
 [16.039433 18.294935 19.33726  17.125389  6.187371 11.801665 14.241011
  10.39474  17.899713 13.273609]
 [ 8.303667 14.472972 17.125389  5.388278 13.454145 22.140757  4.704016
  18.007399  7.62869  13.094903]
 [10.396342  8.884396  6.187371 13.454145  8.084164 17.855938 21.484279
  11.168408 21.723904  9.02343 ]
 [11.71539   9.383556 11.801665 22.140757 17.855938  8.819338 13.696141
  13.150151 17.586712 14.019263]
 [15.704033 22.105208 14.241011  4.704016 21.484279 13.696141 16.359011
  16.550028 12.12063  20.295385]
 [12.064564  7.300003 10.39474  18.007399 11.168408 13.150151 16.550028
  21.448704 16.340858  9.164646]
 [13.205527  9.164391 17.899713  7.62869  21.723904 17.586712 12.12063
  16.340858 22.876913 13.776683]
 [ 6.390236  7.329637 13.273609 13.094903  9.02343  14.019263 20.295385
   9.164646 13.776683 17.95938 ]]

H(alpha, beta) = M0 + alpha*M1 + beta*M2:
[[56.265519 10.932112 48.748788 23.609413 42.567397 26.560339 47.422455
  40.210692 40.018651 27.200837]
 [10.932112 23.507279 42.007645 36.511673 28.808467 24.265193 61.817062
  38.758888 43.864664 27.773144]
 [48.748788 42.007645 29.815703 45.578584 36.232496 23.331182 35.487053
  40.753651 39.562696 38.838722]
 [23.609413 36.511673 45.578584 23.150853 25.893716 53.458093 30.677466
  48.184507 29.271427 49.695239]
 [42.567397 28.808467 36.232496 25.893716 32.951039 30.273097 43.174741
  37.682651 48.254004 19.020345]
 [26.560339 24.265193 23.331182 53.458093 30.273097 47.00906  29.365018
  48.278301 46.16075  30.052323]
 [47.422455 61.817062 35.487053 30.677466 43.174741 29.365018 49.877742
  52.226568 36.539333 41.108259]
 [40.210692 38.758888 40.753651 48.184507 37.682651 48.278301 52.226568
  67.611493 40.571856 43.986357]
 [40.018651 43.864664 39.562696 29.271427 48.254004 46.16075  36.539333
  40.571856 65.808265 33.851158]
 [27.200837 27.773144 38.838722 49.695239 19.020345 30.052323 41.108259
  43.986357 33.851158 58.570373]]
