alpha 1.0
beta  1.4444444444444444

M0 (diagonal):
[[6.732655 0.       0.       0.       0.       0.       0.       0.
  0.       0.      ]
 [0.       3.42808  0.       0.       0.       0.       0.       0.
  0.       0.      ]
 [0.       0.       1.368762 0.       0.       0.       0.       0.
  0.       0.      ]
 [0.       0.       0.       1.148749 0.       0.       0.       0.
  0.       0.      ]
 [0.       0.       0.       0.       8.319432 0.       0.       0.
  0.       0.      ]
 [0.       0.       0.       0.       0.       9.2148   0.       0.
  0.       0.      ]
 [0.       0.       0.       0.       0.       0.       6.459722 0.
  0.       0.      ]
 [0.       0.       0.       0.       0.       0.       0.       7.565469
  0.       0.      ]
 [0.       0.       0.       0.       0.       0.       0.       0.
  5.892625 0.      ]
 [0.       0.       0.       0.       0.       0.       0.       0.
  0.       9.415652]]

alpha * M1:
[[8.342682 1.139762 7.95633  3.723019 7.825392 3.610934 7.715292 6.846355
  6.522111 5.062038]
 [1.139762 2.118549 5.767956 5.360765 4.846395 3.619858 9.65964  7.652161
  8.440607 4.972745]
 [7.95633  5.767956 2.215869 6.921048 7.308273 2.804477 5.167956 7.3846
  5.269374 6.218541]
 [3.723019 5.360765 6.921048 4.041201 3.025842 7.61773  6.317866 7.340378
  5.264449 8.902784]
 [7.825392 4.846395 7.308273 3.025842 4.025054 3.02039  5.276058 6.449411
  6.453268 2.431682]
 [3.610934 3.619858 2.804477 7.61773  3.02039  7.047954 3.811348 8.544685
  6.950442 3.899934]
 [7.715292 9.65964  5.167956 6.317866 5.276058 3.811348 6.581921 8.678077
  5.939685 5.062591]
 [6.846355 7.652161 7.3846   7.340378 6.449411 8.544685 8.678077 9.388537
  5.894027 8.470146]
 [6.522111 8.440607 5.269374 5.264449 6.453268 6.950442 5.939685 5.894027
  9.00942  4.88298 ]
 [5.062038 4.972745 6.218541 8.902784 2.431682 3.899934 5.062591 8.470146
  4.88298  7.588056]]

beta * M2:
[[ 9.431297  3.866834  9.929173  5.140366  6.435831  7.252384  9.721544
   7.46854   8.17485   3.95586 ]
 [ 3.866834  7.038328 11.325436  8.959459  5.499864  5.808868 13.684176
   4.51905   5.673195  4.537395]
 [ 9.929173 11.325436 11.970685 10.601431  3.830278  7.305793  8.815864
   6.434839 11.080775  8.216996]
 [ 5.140366  8.959459 10.601431  3.3356    8.328756 13.706183  2.91201
  11.147437  4.722522  8.106368]
 [ 6.435831  5.499864  3.830278  8.328756  5.004483 11.053676 13.299792
   6.913776 13.448131  5.585933]
 [ 7.252384  5.808868  7.305793 13.706183 11.053676  5.45959   8.478564
   8.14057  10.887012  8.678591]
 [ 9.721544 13.684176  8.815864  2.91201  13.299792  8.478564 10.127007
  10.245255  7.503247 12.56381 ]
 [ 7.46854   4.51905   6.434839 11.147437  6.913776  8.14057  10.245255
  13.277769 10.115769  5.673352]
 [ 8.17485   5.673195 11.080775  4.722522 13.448131 10.887012  7.503247
  10.115769 14.161899  8.528423]
 [ 3.95586   4.537395  8.216996  8.106368  5.585933  8.678591 12.56381
   5.673352  8.528423 11.117712]]

H(alpha, beta) = M0 + alpha*M1 + beta*M2:
[[24.506634  5.006596 17.885502  8.863385 14.261222 10.863318 17.436836
  14.314895 14.696961  9.017898]
 [ 5.006596 12.584958 17.093393 14.320224 10.34626   9.428726 23.343816
  12.171211 14.113801  9.510139]
 [17.885502 17.093393 15.555315 17.522479 11.138551 10.11027  13.98382
  13.819439 16.350149 14.435537]
 [ 8.863385 14.320224 17.522479  8.52555  11.354598 21.323913  9.229876
  18.487815  9.986972 17.009153]
 [14.261222 10.34626  11.138551 11.354598 17.348968 14.074066 18.57585
  13.363187 19.901398  8.017615]
 [10.863318  9.428726 10.11027  21.323913 14.074066 21.722344 12.289912
  16.685255 17.837454 12.578525]
 [17.436836 23.343816 13.98382   9.229876 18.57585  12.289912 23.16865
  18.923333 13.442932 17.626401]
 [14.314895 12.171211 13.819439 18.487815 13.363187 16.685255 18.923333
  30.231776 16.009796 14.143498]
 [14.696961 14.113801 16.350149  9.986972 19.901398 17.837454 13.442932
  16.009796 29.063944 13.411403]
 [ 9.017898  9.510139 14.435537 17.009153  8.017615 12.578525 17.626401
  14.143498 13.411403 28.121419]]
