alpha 4.111111111111111
beta  3.6666666666666665

M0 (diagonal):
[[6.732655 0.       0.       0.       0.       0.       0.       0.
  0.       0.      ]
 [0.       3.42808  0.       0.       0.       0.       0.       0.
  0.       0.      ]
 [0.       0.       1.368762 0.       0.       0.       0.       0.
  0.       0.      ]
 [0.       0.       0.       1.148749 0.       0.       0.       0.
  0.       0.      ]
 [0.       0.       0.       0.       8.319432 0.       0.       0.
  0.       0.      ]
 [0.       0.       0.       0.       0.       9.2148   0.       0.
  0.       0.      ]
 [0.       0.       0.       0.       0.       0.       6.459722 0.
  0.       0.      ]
 [0.       0.       0.       0.       0.       0.       0.       7.565469
  0.       0.      ]
 [0.       0.       0.       0.       0.       0.       0.       0.
  5.892625 0.      ]
 [0.       0.       0.       0.       0.       0.       0.       0.
  0.       9.415652]]

alpha * M1:
[[34.297693  4.685687 32.709355 15.305746 32.171056 14.844949 31.718422
  28.146127 26.813124 20.810601]
 [ 4.685687  8.709592 23.712709 22.038701 19.92407  14.881637 39.711854
  31.458885 34.700272 20.443507]
 [32.709355 23.712709  9.109682 28.453196 30.045124 11.529517 21.246043
  30.358911 21.662983 25.565113]
 [15.305746 22.038701 28.453196 16.613826 12.439571 31.317336 25.973451
  30.177109 21.642737 36.600336]
 [32.171056 19.92407  30.045124 12.439571 16.547442 12.41716  21.690462
  26.514243 26.5301    9.996915]
 [14.844949 14.881637 11.529517 31.317336 12.41716  28.974922 15.668876
  35.12815  28.574038 16.03306 ]
 [31.718422 39.711854 21.246043 25.973451 21.690462 15.668876 27.059009
  35.67654  24.418703 20.812874]
 [28.146127 31.458885 30.358911 30.177109 26.514243 35.12815  35.67654
  38.59732  24.230998 34.821711]
 [26.813124 34.700272 21.662983 21.642737 26.5301   28.574038 24.418703
  24.230998 37.038727 20.074475]
 [20.810601 20.443507 25.565113 36.600336  9.996915 16.03306  20.812874
  34.821711 20.074475 31.19534 ]]

beta * M2:
[[23.940984  9.81581  25.204823 13.04862  16.337108 18.409899 24.677766
  18.958601 20.751543 10.041799]
 [ 9.81581  17.866525 28.749184 22.743241 13.961194 14.745588 34.736755
  11.471433 14.401186 11.518001]
 [25.204823 28.749184 30.387122 26.911325  9.723012 18.545474 22.378731
  16.334591 28.128121 20.858529]
 [13.04862  22.743241 26.911325  8.467293 21.142228 34.792618  7.392025
  28.297341 11.987941 20.577704]
 [16.337108 13.961194  9.723012 21.142228 12.703687 28.05933  33.761009
  17.550355 34.137563 14.179675]
 [18.409899 14.745588 18.545474 34.792618 28.05933  13.85896  21.522508
  20.664523 27.636262 22.03027 ]
 [24.677766 34.736755 22.378731  7.392025 33.761009 21.522508 25.707017
  26.007187 19.046704 31.892748]
 [18.958601 11.471433 16.334591 28.297341 17.550355 20.664523 26.007187
  33.705107 25.678491 14.401586]
 [20.751543 14.401186 28.128121 11.987941 34.137563 27.636262 19.046704
  25.678491 35.949435 21.649074]
 [10.041799 11.518001 20.858529 20.577704 14.179675 22.03027  31.892748
  14.401586 21.649074 28.221883]]

H(alpha, beta) = M0 + alpha*M1 + beta*M2:
[[64.971332 14.501497 57.914178 28.354366 48.508164 33.254848 56.396188
  47.104728 47.564667 30.8524  ]
 [14.501497 30.004198 52.461893 44.781942 33.885264 29.627225 74.448609
  42.930318 49.101459 31.961508]
 [57.914178 52.461893 40.865566 55.364521 39.768137 30.074991 43.624774
  46.693502 49.791104 46.423642]
 [28.354366 44.781942 55.364521 26.229869 33.581799 66.109954 33.365475
  58.47445  33.630678 57.17804 ]
 [48.508164 33.885264 39.768137 33.581799 37.570561 40.47649  55.451471
  44.064598 60.667663 24.176591]
 [33.254848 29.627225 30.074991 66.109954 40.47649  52.048681 37.191384
  55.792673 56.2103   38.063331]
 [56.396188 74.448609 43.624774 33.365475 55.451471 37.191384 59.225748
  61.683726 43.465407 52.705622]
 [47.104728 42.930318 46.693502 58.47445  44.064598 55.792673 61.683726
  79.867896 49.909489 49.223297]
 [47.564667 49.101459 49.791104 33.630678 60.667663 56.2103   43.465407
  49.909489 78.880787 41.723549]
 [30.8524   31.961508 46.423642 57.17804  24.176591 38.063331 52.705622
  49.223297 41.723549 68.832876]]
