alpha 5.0
beta  2.333333333333333

M0 (diagonal):
[[6.732655 0.       0.       0.       0.       0.       0.       0.
  0.       0.      ]
 [0.       3.42808  0.       0.       0.       0.       0.       0.
  0.       0.      ]
 [0.       0.       1.368762 0.       0.       0.       0.       0.
  0.       0.      ]
 [0.       0.       0.       1.148749 0.       0.       0.       0.
  0.       0.      ]
 [0.       0.       0.       0.       8.319432 0.       0.       0.
  0.       0.      ]
 [0.       0.       0.       0.       0.       9.2148   0.       0.
  0.       0.      ]
 [0.       0.       0.       0.       0.       0.       6.459722 0.
  0.       0.      ]
 [0.       0.       0.       0.       0.       0.       0.       7.565469
  0.       0.      ]
 [0.       0.       0.       0.       0.       0.       0.       0.
  5.892625 0.      ]
 [0.       0.       0.       0.       0.       0.       0.       0.
  0.       9.415652]]

alpha * M1:
[[41.71341   5.698809 39.781648 18.615097 39.126959 18.054668 38.576459
  34.231776 32.610556 25.310191]
 [ 5.698809 10.592747 28.839781 26.803825 24.231977 18.099288 48.298201
  38.260806 42.203034 24.863724]
 [39.781648 28.839781 11.079343 34.605238 36.541367 14.022386 25.839782
  36.923    26.346871 31.092705]
 [18.615097 26.803825 34.605238 20.206005 15.129208 38.088652 31.589332
  36.701889 26.322247 44.513922]
 [39.126959 24.231977 36.541367 15.129208 20.125268 15.101951 26.380292
  32.247053 32.266338 12.15841 ]
 [18.054668 18.099288 14.022386 38.088652 15.101951 35.23977  19.056742
  42.723425 34.752208 19.499668]
 [38.576459 48.298201 25.839782 31.589332 26.380292 19.056742 32.909605
  43.390386 29.698423 25.312954]
 [34.231776 38.260806 36.923    36.701889 32.247053 42.723425 43.390386
  46.942686 29.470133 42.35073 ]
 [32.610556 42.203034 26.346871 26.322247 32.266338 34.752208 29.698423
  29.470133 45.0471   24.414902]
 [25.310191 24.863724 31.092705 44.513922 12.15841  19.499668 25.312954
  42.35073  24.414902 37.940279]]

beta * M2:
[[15.235172  6.246424 16.039433  8.303667 10.396342 11.71539  15.704033
  12.064564 13.205527  6.390236]
 [ 6.246424 11.369607 18.294935 14.472972  8.884396  9.383556 22.105208
   7.300003  9.164391  7.329637]
 [16.039433 18.294935 19.33726  17.125389  6.187371 11.801665 14.241011
  10.39474  17.899713 13.273609]
 [ 8.303667 14.472972 17.125389  5.388278 13.454145 22.140757  4.704016
  18.007399  7.62869  13.094903]
 [10.396342  8.884396  6.187371 13.454145  8.084164 17.855938 21.484279
  11.168408 21.723904  9.02343 ]
 [11.71539   9.383556 11.801665 22.140757 17.855938  8.819338 13.696141
  13.150151 17.586712 14.019263]
 [15.704033 22.105208 14.241011  4.704016 21.484279 13.696141 16.359011
  16.550028 12.12063  20.295385]
 [12.064564  7.300003 10.39474  18.007399 11.168408 13.150151 16.550028
  21.448704 16.340858  9.164646]
 [13.205527  9.164391 17.899713  7.62869  21.723904 17.586712 12.12063
  16.340858 22.876913 13.776683]
 [ 6.390236  7.329637 13.273609 13.094903  9.02343  14.019263 20.295385
   9.164646 13.776683 17.95938 ]]

H(alpha, beta) = M0 + alpha*M1 + beta*M2:
[[63.681237 11.945233 55.821081 26.918764 49.523301 29.770058 54.280492
  46.296341 45.816083 31.700426]
 [11.945233 25.390435 47.134717 41.276797 33.116374 27.482844 70.403409
  45.560809 51.367425 32.193362]
 [55.821081 47.134717 31.785364 51.730627 42.728739 25.824051 40.080792
  47.31774  44.246584 44.366314]
 [26.918764 41.276797 51.730627 26.743032 28.583353 60.229408 36.293348
  54.709288 33.950937 57.608825]
 [49.523301 33.116374 42.728739 28.583353 36.528864 32.957889 47.86457
  43.41546  53.990242 21.18184 ]
 [29.770058 27.482844 25.824051 60.229408 32.957889 53.273908 32.752883
  55.873577 52.33892  33.518931]
 [54.280492 70.403409 40.080792 36.293348 47.86457  32.752883 55.728338
  59.940414 41.819053 45.608339]
 [46.296341 45.560809 47.31774  54.709288 43.41546  55.873577 59.940414
  75.956859 45.810991 51.515375]
 [45.816083 51.367425 44.246584 33.950937 53.990242 52.33892  41.819053
  45.810991 73.816638 38.191585]
 [31.700426 32.193362 44.366314 57.608825 21.18184  33.518931 45.608339
  51.515375 38.191585 65.315311]]
