alpha 2.333333333333333
beta  2.7777777777777777

M0 (diagonal):
[[6.732655 0.       0.       0.       0.       0.       0.       0.
  0.       0.      ]
 [0.       3.42808  0.       0.       0.       0.       0.       0.
  0.       0.      ]
 [0.       0.       1.368762 0.       0.       0.       0.       0.
  0.       0.      ]
 [0.       0.       0.       1.148749 0.       0.       0.       0.
  0.       0.      ]
 [0.       0.       0.       0.       8.319432 0.       0.       0.
  0.       0.      ]
 [0.       0.       0.       0.       0.       9.2148   0.       0.
  0.       0.      ]
 [0.       0.       0.       0.       0.       0.       6.459722 0.
  0.       0.      ]
 [0.       0.       0.       0.       0.       0.       0.       7.565469
  0.       0.      ]
 [0.       0.       0.       0.       0.       0.       0.       0.
  5.892625 0.      ]
 [0.       0.       0.       0.       0.       0.       0.       0.
  0.       9.415652]]

alpha * M1:
[[19.466258  2.659444 18.564769  8.687045 18.259248  8.425512 18.002348
  15.974829 15.218259 11.811422]
 [ 2.659444  4.943282 13.458565 12.508452 11.308256  8.446335 22.53916
  17.855043 19.694749 11.603071]
 [18.564769 13.458565  5.17036  16.149111 17.052638  6.54378  12.058565
  17.230733 12.295206 14.509929]
 [ 8.687045 12.508452 16.149111  9.429469  7.060297 17.774704 14.741688
  17.127548 12.283715 20.773164]
 [18.259248 11.308256 17.052638  7.060297  9.391792  7.047577 12.310803
  15.048625 15.057624  5.673925]
 [ 8.425512  8.446335  6.54378  17.774704  7.047577 16.445226  8.893146
  19.937598 16.217697  9.099845]
 [18.002348 22.53916  12.058565 14.741688 12.310803  8.893146 15.357816
  20.248847 13.859264 11.812712]
 [15.974829 17.855043 17.230733 17.127548 15.048625 19.937598 20.248847
  21.906587 13.752729 19.763674]
 [15.218259 19.694749 12.295206 12.283715 15.057624 16.217697 13.859264
  13.752729 21.02198  11.393621]
 [11.811422 11.603071 14.509929 20.773164  5.673925  9.099845 11.812712
  19.763674 11.393621 17.705463]]

beta * M2:
[[18.137109  7.43622  19.094563  9.885318 12.376597 13.946893 18.695277
  14.362577 15.720866  7.607423]
 [ 7.43622  13.535246 21.779685 17.229728 10.576662 11.1709   26.315724
   8.69048  10.90999   8.725759]
 [19.094563 21.779685 23.020547 20.387367  7.365918 14.049601 16.953584
  12.374691 21.309182 15.801916]
 [ 9.885318 17.229728 20.387367  6.414616 16.016839 26.358044  5.600019
  21.437379  9.081774 15.58917 ]
 [12.376597 10.576662  7.365918 16.016839  9.624005 21.257069 25.576522
  13.295723 25.86179  10.742178]
 [13.946893 11.1709   14.049601 26.358044 21.257069 10.499212 16.30493
  15.654942 20.936562 16.689599]
 [18.695277 26.315724 16.953584  5.600019 25.576522 16.30493  19.475013
  19.702414 14.429321 24.161173]
 [14.362577  8.69048  12.374691 21.437379 13.295723 15.654942 19.702414
  25.534172 19.453402 10.910293]
 [15.720866 10.90999  21.309182  9.081774 25.86179  20.936562 14.429321
  19.453402 27.234421 16.400813]
 [ 7.607423  8.725759 15.801916 15.58917  10.742178 16.689599 24.161173
  10.910293 16.400813 21.380215]]

H(alpha, beta) = M0 + alpha*M1 + beta*M2:
[[44.336022 10.095664 37.659332 18.572363 30.635845 22.372405 36.697625
  30.337406 30.939125 19.418846]
 [10.095664 21.906609 35.23825  29.73818  21.884918 19.617235 48.854884
  26.545523 30.604739 20.32883 ]
 [37.659332 35.23825  29.559669 36.536479 24.418557 20.593381 29.012149
  29.605424 33.604389 30.311845]
 [18.572363 29.73818  36.536479 16.992834 23.077136 44.132748 20.341707
  38.564928 21.365489 36.362334]
 [30.635845 21.884918 24.418557 23.077136 27.335229 28.304646 37.887325
  28.344348 40.919415 16.416103]
 [22.372405 19.617235 20.593381 44.132748 28.304646 36.159238 25.198076
  35.59254  37.154259 25.789444]
 [36.697625 48.854884 29.012149 20.341707 37.887325 25.198076 41.292551
  39.951261 28.288585 35.973885]
 [30.337406 26.545523 29.605424 38.564928 28.344348 35.59254  39.951261
  55.006228 33.206131 30.673966]
 [30.939125 30.604739 33.604389 21.365489 40.919415 37.154259 28.288585
  33.206131 54.149026 27.794434]
 [19.418846 20.32883  30.311845 36.362334 16.416103 25.789444 35.973885
  30.673966 27.794434 48.50133 ]]
