alpha 2.7777777777777777
beta  1.0

M0 (diagonal):
[[6.732655 0.       0.       0.       0.       0.       0.       0.
  0.       0.      ]
 [0.       3.42808  0.       0.       0.       0.       0.       0.
  0.       0.      ]
 [0.       0.       1.368762 0.       0.       0.       0.       0.
  0.       0.      ]
 [0.       0.       0.       1.148749 0.       0.       0.       0.
  0.       0.      ]
 [0.       0.       0.       0.       8.319432 0.       0.       0.
  0.       0.      ]
 [0.       0.       0.       0.       0.       9.2148   0.       0.
  0.       0.      ]
 [0.       0.       0.       0.       0.       0.       6.459722 0.
  0.       0.      ]
 [0.       0.       0.       0.       0.       0.       0.       7.565469
  0.       0.      ]
 [0.       0.       0.       0.       0.       0.       0.       0.
  5.892625 0.      ]
 [0.       0.       0.       0.       0.       0.       0.       0.
  0.       9.415652]]

alpha * M1:
[[23.174117  3.166005 22.100915 10.34172  21.7372   10.030371 21.431366
  19.017654 18.116976 14.061217]
 [ 3.166005  5.88486  16.022101 14.891014 13.46221  10.05516  26.832334
  21.256003 23.44613  13.81318 ]
 [22.100915 16.022101  6.15519  19.225132 20.30076   7.790214 14.355434
  20.512778 14.637151 17.273725]
 [10.34172  14.891014 19.225132 11.225558  8.405116 21.160362 17.549629
  20.389938 14.623471 24.729957]
 [21.7372   13.46221  20.30076   8.405116 11.180704  8.389973 14.655718
  17.915029 17.925743  6.754672]
 [10.030371 10.05516   7.790214 21.160362  8.389973 19.57765  10.587079
  23.735236 19.306782 10.833149]
 [21.431366 26.832334 14.355434 17.549629 14.655718 10.587079 18.283114
  24.10577  16.499124 14.062752]
 [19.017654 21.256003 20.512778 20.389938 17.915029 23.735236 24.10577
  26.07927  16.372296 23.528183]
 [18.116976 23.44613  14.637151 14.623471 17.925743 19.306782 16.499124
  16.372296 25.026167 13.563835]
 [14.061217 13.81318  17.273725 24.729957  6.754672 10.833149 14.062752
  23.528183 13.563835 21.077933]]

beta * M2:
[[6.529359 2.677039 6.874043 3.558715 4.455575 5.020882 6.7303   5.170528
  5.659512 2.738672]
 [2.677039 4.872689 7.840687 6.202702 3.807598 4.021524 9.473661 3.128573
  3.927596 3.141273]
 [6.874043 7.840687 8.287397 7.339452 2.651731 5.057857 6.10329  4.454889
  7.671306 5.68869 ]
 [3.558715 6.202702 7.339452 2.309262 5.766062 9.488896 2.016007 7.717457
  3.269439 5.612101]
 [4.455575 3.807598 2.651731 5.766062 3.464642 7.652545 9.207548 4.78646
  9.310244 3.867184]
 [5.020882 4.021524 5.057857 9.488896 7.652545 3.779716 5.869775 5.635779
  7.537162 6.008256]
 [6.7303   9.473661 6.10329  2.016007 9.207548 5.869775 7.011005 7.092869
  5.194556 8.698022]
 [5.170528 3.128573 4.454889 7.717457 4.78646  5.635779 7.092869 9.192302
  7.003225 3.927705]
 [5.659512 3.927596 7.671306 3.269439 9.310244 7.537162 5.194556 7.003225
  9.804391 5.904293]
 [2.738672 3.141273 5.68869  5.612101 3.867184 6.008256 8.698022 3.927705
  5.904293 7.696877]]

H(alpha, beta) = M0 + alpha*M1 + beta*M2:
[[36.436131  5.843044 28.974958 13.900435 26.192775 15.051253 28.161666
  24.188181 23.776487 16.799889]
 [ 5.843044 14.185629 23.862787 21.093716 17.269808 14.076684 36.305994
  24.384576 27.373726 16.954453]
 [28.974958 23.862787 15.811349 26.564585 22.95249  12.848071 20.458725
  24.967666 22.308456 22.962415]
 [13.900435 21.093716 26.564585 14.683569 14.171178 30.649258 19.565636
  28.107395 17.892909 30.342058]
 [26.192775 17.269808 22.95249  14.171178 22.964778 16.042517 23.863265
  22.70149  27.235988 10.621857]
 [15.051253 14.076684 12.848071 30.649258 16.042517 32.572166 16.456853
  29.371015 26.843945 16.841404]
 [28.161666 36.305994 20.458725 19.565636 23.863265 16.456853 31.753841
  31.198639 21.693679 22.760775]
 [24.188181 24.384576 24.967666 28.107395 22.70149  29.371015 31.198639
  42.837041 23.375521 27.455889]
 [23.776487 27.373726 22.308456 17.892909 27.235988 26.843945 21.693679
  23.375521 40.723183 19.468127]
 [16.799889 16.954453 22.962415 30.342058 10.621857 16.841404 22.760775
  27.455889 19.468127 38.190462]]
