alpha 4.555555555555555
beta  3.2222222222222223

M0 (diagonal):
[[6.732655 0.       0.       0.       0.       0.       0.       0.
  0.       0.      ]
 [0.       3.42808  0.       0.       0.       0.       0.       0.
  0.       0.      ]
 [0.       0.       1.368762 0.       0.       0.       0.       0.
  0.       0.      ]
 [0.       0.       0.       1.148749 0.       0.       0.       0.
  0.       0.      ]
 [0.       0.       0.       0.       8.319432 0.       0.       0.
  0.       0.      ]
 [0.       0.       0.       0.       0.       9.2148   0.       0.
  0.       0.      ]
 [0.       0.       0.       0.       0.       0.       6.459722 0.
  0.       0.      ]
 [0.       0.       0.       0.       0.       0.       0.       7.565469
  0.       0.      ]
 [0.       0.       0.       0.       0.       0.       0.       0.
  5.892625 0.      ]
 [0.       0.       0.       0.       0.       0.       0.       0.
  0.       9.415652]]

alpha * M1:
[[38.005551  5.192248 36.245501 16.960421 35.649008 16.449808 35.147441
  31.188952 29.71184  23.060396]
 [ 5.192248  9.65117  26.276245 24.421263 22.078024 16.490463 44.005028
  34.859845 38.451653 22.653616]
 [36.245501 26.276245 10.094512 31.529217 33.293246 12.775951 23.542912
  33.640955 24.004927 28.328909]
 [16.960421 24.421263 31.529217 18.409916 13.78439  34.702994 28.781391
  33.439499 23.982492 40.557129]
 [35.649008 22.078024 33.293246 13.78439  18.336355 13.759555 24.035377
  29.380648 29.398219 11.077663]
 [16.449808 16.490463 12.775951 34.702994 13.759555 32.107346 17.362809
  38.925788 31.663123 17.766364]
 [35.147441 44.005028 23.542912 28.781391 24.035377 17.362809 29.984307
  39.533463 27.058563 23.062914]
 [31.188952 34.859845 33.640955 33.439499 29.380648 38.925788 39.533463
  42.770003 26.850565 38.58622 ]
 [29.71184  38.451653 24.004927 23.982492 29.398219 31.663123 27.058563
  26.850565 41.042913 22.244689]
 [23.060396 22.653616 28.328909 40.557129 11.077663 17.766364 23.062914
  38.58622  22.244689 34.56781 ]]

beta * M2:
[[21.039046  8.626015 22.149693 11.466969 14.356853 16.178396 21.686522
  16.660589 18.236204  8.824611]
 [ 8.626015 15.700885 25.264435 19.986485 12.268928 12.958244 30.526239
  10.080957 12.655588 10.12188 ]
 [22.149693 25.264435 26.703835 23.649346  8.544465 16.297538 19.666158
  14.354641 24.718652 18.330222]
 [11.466969 19.986485 23.649346  7.440955 18.579533 30.575331  6.496022
  24.86736  10.534858 18.083437]
 [14.356853 12.268928  8.544465 18.579533 11.163846 24.658199 29.668766
  15.423039 29.999677 12.460927]
 [16.178396 12.958244 16.297538 30.575331 24.658199 12.179086 18.913719
  18.159733 24.286412 19.359935]
 [21.686522 30.526239 19.666158  6.496022 29.668766 18.913719 22.591015
  22.8548   16.738012 28.02696 ]
 [16.660589 10.080957 14.354641 24.86736  15.423039 18.159733 22.8548
  29.619639 22.565947 12.655939]
 [18.236204 12.655588 24.718652 10.534858 29.999677 24.286412 16.738012
  22.565947 31.591928 19.024944]
 [ 8.824611 10.12188  18.330222 18.083437 12.460927 19.359935 28.02696
  12.655939 19.024944 24.801049]]

H(alpha, beta) = M0 + alpha*M1 + beta*M2:
[[65.777253 13.818263 58.395195 28.427391 50.00586  32.628205 56.833962
  47.849541 47.948044 31.885007]
 [13.818263 28.780136 51.54068  44.407748 34.346952 29.448707 74.531267
  44.940802 51.107241 32.775496]
 [58.395195 51.54068  38.167109 55.178563 41.837711 29.073489 43.20907
  47.995596 48.723578 46.659131]
 [28.427391 44.407748 55.178563 26.999619 32.363923 65.278325 35.277413
  58.306859 34.517349 58.640566]
 [50.00586  34.346952 41.837711 32.363923 37.819633 38.417755 53.704142
  44.803687 59.397896 23.53859 ]
 [32.628205 29.448707 29.073489 65.278325 38.417755 53.501231 36.276528
  57.08552  55.949535 37.126299]
 [56.833962 74.531267 43.20907  35.277413 53.704142 36.276528 59.035044
  62.388263 43.796576 51.089874]
 [47.849541 44.940802 47.995596 58.306859 44.803687 57.08552  62.388263
  79.955111 49.416512 51.24216 ]
 [47.948044 51.107241 48.723578 34.517349 59.397896 55.949535 43.796576
  49.416512 78.527466 41.269632]
 [31.885007 32.775496 46.659131 58.640566 23.53859  37.126299 51.089874
  51.24216  41.269632 68.784511]]
