alpha 2.333333333333333
beta  4.555555555555555

M0 (diagonal):
[[6.732655 0.       0.       0.       0.       0.       0.       0.
  0.       0.      ]
 [0.       3.42808  0.       0.       0.       0.       0.       0.
  0.       0.      ]
 [0.       0.       1.368762 0.       0.       0.       0.       0.
  0.       0.      ]
 [0.       0.       0.       1.148749 0.       0.       0.       0.
  0.       0.      ]
 [0.       0.       0.       0.       8.319432 0.       0.       0.
  0.       0.      ]
 [0.       0.       0.       0.       0.       9.2148   0.       0.
  0.       0.      ]
 [0.       0.       0.       0.       0.       0.       6.459722 0.
  0.       0.      ]
 [0.       0.       0.       0.       0.       0.       0.       7.565469
  0.       0.      ]
 [0.       0.       0.       0.       0.       0.       0.       0.
  5.892625 0.      ]
 [0.       0.       0.       0.       0.       0.       0.       0.
  0.       9.415652]]

alpha * M1:
[[19.466258  2.659444 18.564769  8.687045 18.259248  8.425512 18.002348
  15.974829 15.218259 11.811422]
 [ 2.659444  4.943282 13.458565 12.508452 11.308256  8.446335 22.53916
  17.855043 19.694749 11.603071]
 [18.564769 13.458565  5.17036  16.149111 17.052638  6.54378  12.058565
  17.230733 12.295206 14.509929]
 [ 8.687045 12.508452 16.149111  9.429469  7.060297 17.774704 14.741688
  17.127548 12.283715 20.773164]
 [18.259248 11.308256 17.052638  7.060297  9.391792  7.047577 12.310803
  15.048625 15.057624  5.673925]
 [ 8.425512  8.446335  6.54378  17.774704  7.047577 16.445226  8.893146
  19.937598 16.217697  9.099845]
 [18.002348 22.53916  12.058565 14.741688 12.310803  8.893146 15.357816
  20.248847 13.859264 11.812712]
 [15.974829 17.855043 17.230733 17.127548 15.048625 19.937598 20.248847
  21.906587 13.752729 19.763674]
 [15.218259 19.694749 12.295206 12.283715 15.057624 16.217697 13.859264
  13.752729 21.02198  11.393621]
 [11.811422 11.603071 14.509929 20.773164  5.673925  9.099845 11.812712
  19.763674 11.393621 17.705463]]

beta * M2:
[[29.744859 12.1954   31.315084 16.211922 20.29762  22.872905 30.660255
  23.554626 25.78222  12.476174]
 [12.1954   22.197804 35.718684 28.256754 17.345726 18.320276 43.157787
  14.252387 17.892383 14.310244]
 [31.315084 35.718684 37.753697 33.435282 12.080106 23.041346 27.803878
  20.294492 34.947059 25.915142]
 [16.211922 28.256754 33.435282 10.519971 26.267616 43.227192  9.184031
  35.157302 14.894109 25.566239]
 [20.29762  17.345726 12.080106 26.267616 15.783369 34.861592 41.945496
  21.804986 42.413336 17.617172]
 [22.872905 18.320276 23.041346 43.227192 34.861592 17.218707 26.740085
  25.674105 34.335962 27.370942]
 [30.660255 43.157787 27.803878  9.184031 41.945496 26.740085 31.939021
  32.311959 23.664086 39.624323]
 [23.554626 14.252387 20.294492 35.157302 21.804986 25.674105 32.311959
  41.876042 31.90358  17.89288 ]
 [25.78222  17.892383 34.947059 14.894109 42.413336 34.335962 23.664086
  31.90358  44.66445  26.897334]
 [12.476174 14.310244 25.915142 25.566239 17.617172 27.370942 39.624323
  17.89288  26.897334 35.063552]]

H(alpha, beta) = M0 + alpha*M1 + beta*M2:
[[55.943772 14.854844 49.879853 24.898967 38.556867 31.298416 48.662602
  39.529455 41.00048  24.287597]
 [14.854844 30.569166 49.177248 40.765206 28.653982 26.766611 65.696947
  32.10743  37.587132 25.913316]
 [49.879853 49.177248 44.292819 49.584394 29.132744 29.585126 39.862443
  37.525226 47.242266 40.425071]
 [24.898967 40.765206 49.584394 21.098188 33.327913 61.001896 23.925719
  52.28485  27.177824 46.339402]
 [38.556867 28.653982 29.132744 33.327913 33.494592 41.909169 54.256299
  36.853611 57.47096  23.291097]
 [31.298416 26.766611 29.585126 61.001896 41.909169 42.878733 35.633231
  45.611703 50.553659 36.470787]
 [48.662602 65.696947 39.862443 23.925719 54.256299 35.633231 53.756559
  52.560806 37.523351 51.437035]
 [39.529455 32.10743  37.525226 52.28485  36.853611 45.611703 52.560806
  71.348098 45.656308 37.656554]
 [41.00048  37.587132 47.242266 27.177824 57.47096  50.553659 37.523351
  45.656308 71.579055 38.290955]
 [24.287597 25.913316 40.425071 46.339402 23.291097 36.470787 51.437035
  37.656554 38.290955 62.184667]]
