alpha 2.333333333333333
beta  4.111111111111111

M0 (diagonal):
[[6.732655 0.       0.       0.       0.       0.       0.       0.
  0.       0.      ]
 [0.       3.42808  0.       0.       0.       0.       0.       0.
  0.       0.      ]
 [0.       0.       1.368762 0.       0.       0.       0.       0.
  0.       0.      ]
 [0.       0.       0.       1.148749 0.       0.       0.       0.
  0.       0.      ]
 [0.       0.       0.       0.       8.319432 0.       0.       0.
  0.       0.      ]
 [0.       0.       0.       0.       0.       9.2148   0.       0.
  0.       0.      ]
 [0.       0.       0.       0.       0.       0.       6.459722 0.
  0.       0.      ]
 [0.       0.       0.       0.       0.       0.       0.       7.565469
  0.       0.      ]
 [0.       0.       0.       0.       0.       0.       0.       0.
  5.892625 0.      ]
 [0.       0.       0.       0.       0.       0.       0.       0.
  0.       9.415652]]

alpha * M1:
[[19.466258  2.659444 18.564769  8.687045 18.259248  8.425512 18.002348
  15.974829 15.218259 11.811422]
 [ 2.659444  4.943282 13.458565 12.508452 11.308256  8.446335 22.53916
  17.855043 19.694749 11.603071]
 [18.564769 13.458565  5.17036  16.149111 17.052638  6.54378  12.058565
  17.230733 12.295206 14.509929]
 [ 8.687045 12.508452 16.149111  9.429469  7.060297 17.774704 14.741688
  17.127548 12.283715 20.773164]
 [18.259248 11.308256 17.052638  7.060297  9.391792  7.047577 12.310803
  15.048625 15.057624  5.673925]
 [ 8.425512  8.446335  6.54378  17.774704  7.047577 16.445226  8.893146
  19.937598 16.217697  9.099845]
 [18.002348 22.53916  12.058565 14.741688 12.310803  8.893146 15.357816
  20.248847 13.859264 11.812712]
 [15.974829 17.855043 17.230733 17.127548 15.048625 19.937598 20.248847
  21.906587 13.752729 19.763674]
 [15.218259 19.694749 12.295206 12.283715 15.057624 16.217697 13.859264
  13.752729 21.02198  11.393621]
 [11.811422 11.603071 14.509929 20.773164  5.673925  9.099845 11.812712
  19.763674 11.393621 17.705463]]

beta * M2:
[[26.842921 11.005605 28.259954 14.630271 18.317364 20.641402 27.66901
  21.256613 23.266882 11.258987]
 [11.005605 20.032164 32.233934 25.499998 15.65346  16.532932 38.947271
  12.86191  16.146785 12.914123]
 [28.259954 32.233934 34.07041  30.173304 10.901559 20.79341  25.091305
  18.314542 31.53759  23.386835]
 [14.630271 25.499998 30.173304  9.493632 23.704922 39.009905  8.288028
  31.727322 13.441025 23.071972]
 [18.317364 15.65346  10.901559 23.704922 14.243528 31.460461 37.853253
  19.67767  38.275449 15.898424]
 [20.641402 16.532932 20.79341  39.009905 31.460461 15.538834 24.131297
  23.169314 30.986112 24.700606]
 [27.66901  38.947271 25.091305  8.288028 37.853253 24.131297 28.823019
  29.159573 21.355395 35.758536]
 [21.256613 12.86191  18.314542 31.727322 19.67767  23.169314 29.159573
  37.790574 28.791036 16.147233]
 [23.266882 16.146785 31.53759  13.441025 38.275449 30.986112 21.355395
  28.791036 40.306943 24.273204]
 [11.258987 12.914123 23.386835 23.071972 15.898424 24.700606 35.758536
  16.147233 24.273204 31.642718]]

H(alpha, beta) = M0 + alpha*M1 + beta*M2:
[[53.041834 13.665049 46.824723 23.317316 36.576612 29.066914 45.671358
  37.231442 38.485141 23.070409]
 [13.665049 28.403527 45.692499 38.00845  26.961716 24.979267 61.486431
  30.716953 35.841534 24.517194]
 [46.824723 45.692499 40.609531 46.322415 27.954197 27.33719  37.149869
  35.545275 43.832796 37.896764]
 [23.317316 38.00845  46.322415 20.07185  30.765219 56.784609 23.029716
  48.85487  25.724741 43.845135]
 [36.576612 26.961716 27.954197 30.765219 31.954752 38.508039 50.164055
  34.726295 53.333074 21.572349]
 [29.066914 24.979267 27.33719  56.784609 38.508039 41.198859 33.024443
  43.106913 47.203809 33.800451]
 [45.671358 61.486431 37.149869 23.029716 50.164055 33.024443 50.640557
  49.40842  35.214659 47.571248]
 [37.231442 30.716953 35.545275 48.85487  34.726295 43.106913 49.40842
  67.26263  42.543764 35.910907]
 [38.485141 35.841534 43.832796 25.724741 53.333074 47.203809 35.214659
  42.543764 67.221547 35.666825]
 [23.070409 24.517194 37.896764 43.845135 21.572349 33.800451 47.571248
  35.910907 35.666825 58.763833]]
