alpha 2.333333333333333
beta  5.0

M0 (diagonal):
[[6.732655 0.       0.       0.       0.       0.       0.       0.
  0.       0.      ]
 [0.       3.42808  0.       0.       0.       0.       0.       0.
  0.       0.      ]
 [0.       0.       1.368762 0.       0.       0.       0.       0.
  0.       0.      ]
 [0.       0.       0.       1.148749 0.       0.       0.       0.
  0.       0.      ]
 [0.       0.       0.       0.       8.319432 0.       0.       0.
  0.       0.      ]
 [0.       0.       0.       0.       0.       9.2148   0.       0.
  0.       0.      ]
 [0.       0.       0.       0.       0.       0.       6.459722 0.
  0.       0.      ]
 [0.       0.       0.       0.       0.       0.       0.       7.565469
  0.       0.      ]
 [0.       0.       0.       0.       0.       0.       0.       0.
  5.892625 0.      ]
 [0.       0.       0.       0.       0.       0.       0.       0.
  0.       9.415652]]

alpha * M1:
[[19.466258  2.659444 18.564769  8.687045 18.259248  8.425512 18.002348
  15.974829 15.218259 11.811422]
 [ 2.659444  4.943282 13.458565 12.508452 11.308256  8.446335 22.53916
  17.855043 19.694749 11.603071]
 [18.564769 13.458565  5.17036  16.149111 17.052638  6.54378  12.058565
  17.230733 12.295206 14.509929]
 [ 8.687045 12.508452 16.149111  9.429469  7.060297 17.774704 14.741688
  17.127548 12.283715 20.773164]
 [18.259248 11.308256 17.052638  7.060297  9.391792  7.047577 12.310803
  15.048625 15.057624  5.673925]
 [ 8.425512  8.446335  6.54378  17.774704  7.047577 16.445226  8.893146
  19.937598 16.217697  9.099845]
 [18.002348 22.53916  12.058565 14.741688 12.310803  8.893146 15.357816
  20.248847 13.859264 11.812712]
 [15.974829 17.855043 17.230733 17.127548 15.048625 19.937598 20.248847
  21.906587 13.752729 19.763674]
 [15.218259 19.694749 12.295206 12.283715 15.057624 16.217697 13.859264
  13.752729 21.02198  11.393621]
 [11.811422 11.603071 14.509929 20.773164  5.673925  9.099845 11.812712
  19.763674 11.393621 17.705463]]

beta * M2:
[[32.646796 13.385195 34.370214 17.793573 22.277875 25.104408 33.651499
  25.852638 28.297559 13.693362]
 [13.385195 24.363443 39.203433 31.013511 19.037992 20.10762  47.368303
  15.642864 19.637981 15.706366]
 [34.370214 39.203433 41.436985 36.697261 13.258653 25.289283 30.516452
  22.274443 38.356528 28.443449]
 [17.793573 31.013511 36.697261 11.546309 28.830311 47.444479 10.080034
  38.587283 16.347193 28.060506]
 [22.277875 19.037992 13.258653 28.830311 17.323209 38.262723 46.03774
  23.932302 46.551222 19.335921]
 [25.104408 20.10762  25.289283 47.444479 38.262723 18.898581 29.348874
  28.178895 37.685812 30.041278]
 [33.651499 47.368303 30.516452 10.080034 46.03774  29.348874 35.055023
  35.464345 25.972778 43.490111]
 [25.852638 15.642864 22.274443 38.587283 23.932302 28.178895 35.464345
  45.961509 35.016124 19.638527]
 [28.297559 19.637981 38.356528 16.347193 46.551222 37.685812 25.972778
  35.016124 49.021957 29.521464]
 [13.693362 15.706366 28.443449 28.060506 19.335921 30.041278 43.490111
  19.638527 29.521464 38.484387]]

H(alpha, beta) = M0 + alpha*M1 + beta*M2:
[[58.845709 16.044639 52.934983 26.480618 40.537123 33.529919 51.653847
  41.827467 43.515818 25.504784]
 [16.044639 32.734806 52.661998 43.521963 30.346248 28.553955 69.907463
  33.497906 39.332731 27.309437]
 [52.934983 52.661998 47.976107 52.846372 30.311291 31.833063 42.575016
  39.505176 50.651735 42.953377]
 [26.480618 43.521963 52.846372 22.124527 35.890608 65.219183 24.821722
  55.714831 28.630908 48.83367 ]
 [40.537123 30.346248 30.311291 35.890608 35.034433 45.3103   58.348543
  38.980926 61.608847 25.009846]
 [33.529919 28.553955 31.833063 65.219183 45.3103   44.558607 38.24202
  48.116494 53.903509 39.141123]
 [51.653847 69.907463 42.575016 24.821722 58.348543 38.24202  56.872561
  55.713192 39.832042 55.302823]
 [41.827467 33.497906 39.505176 55.714831 38.980926 48.116494 55.713192
  75.433565 48.768853 39.4022  ]
 [43.515818 39.332731 50.651735 28.630908 61.608847 53.903509 39.832042
  48.768853 75.936562 40.915085]
 [25.504784 27.309437 42.953377 48.83367  25.009846 39.141123 55.302823
  39.4022   40.915085 65.605502]]
