alpha 5.0
beta  4.555555555555555

M0 (diagonal):
[[6.732655 0.       0.       0.       0.       0.       0.       0.
  0.       0.      ]
 [0.       3.42808  0.       0.       0.       0.       0.       0.
  0.       0.      ]
 [0.       0.       1.368762 0.       0.       0.       0.       0.
  0.       0.      ]
 [0.       0.       0.       1.148749 0.       0.       0.       0.
  0.       0.      ]
 [0.       0.       0.       0.       8.319432 0.       0.       0.
  0.       0.      ]
 [0.       0.       0.       0.       0.       9.2148   0.       0.
  0.       0.      ]
 [0.       0.       0.       0.       0.       0.       6.459722 0.
  0.       0.      ]
 [0.       0.       0.       0.       0.       0.       0.       7.565469
  0.       0.      ]
 [0.       0.       0.       0.       0.       0.       0.       0.
  5.892625 0.      ]
 [0.       0.       0.       0.       0.       0.       0.       0.
  0.       9.415652]]

alpha * M1:
[[41.71341   5.698809 39.781648 18.615097 39.126959 18.054668 38.576459
  34.231776 32.610556 25.310191]
 [ 5.698809 10.592747 28.839781 26.803825 24.231977 18.099288 48.298201
  38.260806 42.203034 24.863724]
 [39.781648 28.839781 11.079343 34.605238 36.541367 14.022386 25.839782
  36.923    26.346871 31.092705]
 [18.615097 26.803825 34.605238 20.206005 15.129208 38.088652 31.589332
  36.701889 26.322247 44.513922]
 [39.126959 24.231977 36.541367 15.129208 20.125268 15.101951 26.380292
  32.247053 32.266338 12.15841 ]
 [18.054668 18.099288 14.022386 38.088652 15.101951 35.23977  19.056742
  42.723425 34.752208 19.499668]
 [38.576459 48.298201 25.839782 31.589332 26.380292 19.056742 32.909605
  43.390386 29.698423 25.312954]
 [34.231776 38.260806 36.923    36.701889 32.247053 42.723425 43.390386
  46.942686 29.470133 42.35073 ]
 [32.610556 42.203034 26.346871 26.322247 32.266338 34.752208 29.698423
  29.470133 45.0471   24.414902]
 [25.310191 24.863724 31.092705 44.513922 12.15841  19.499668 25.312954
  42.35073  24.414902 37.940279]]

beta * M2:
[[29.744859 12.1954   31.315084 16.211922 20.29762  22.872905 30.660255
  23.554626 25.78222  12.476174]
 [12.1954   22.197804 35.718684 28.256754 17.345726 18.320276 43.157787
  14.252387 17.892383 14.310244]
 [31.315084 35.718684 37.753697 33.435282 12.080106 23.041346 27.803878
  20.294492 34.947059 25.915142]
 [16.211922 28.256754 33.435282 10.519971 26.267616 43.227192  9.184031
  35.157302 14.894109 25.566239]
 [20.29762  17.345726 12.080106 26.267616 15.783369 34.861592 41.945496
  21.804986 42.413336 17.617172]
 [22.872905 18.320276 23.041346 43.227192 34.861592 17.218707 26.740085
  25.674105 34.335962 27.370942]
 [30.660255 43.157787 27.803878  9.184031 41.945496 26.740085 31.939021
  32.311959 23.664086 39.624323]
 [23.554626 14.252387 20.294492 35.157302 21.804986 25.674105 32.311959
  41.876042 31.90358  17.89288 ]
 [25.78222  17.892383 34.947059 14.894109 42.413336 34.335962 23.664086
  31.90358  44.66445  26.897334]
 [12.476174 14.310244 25.915142 25.566239 17.617172 27.370942 39.624323
  17.89288  26.897334 35.063552]]

H(alpha, beta) = M0 + alpha*M1 + beta*M2:
[[78.190924 17.894209 71.096731 34.827019 59.424579 40.927573 69.236714
  57.786402 58.392776 37.786365]
 [17.894209 36.218631 64.558465 55.06058  41.577703 36.419564 91.455988
  52.513193 60.095417 39.173969]
 [71.096731 64.558465 50.201802 68.040521 48.621474 37.063732 53.64366
  57.217492 61.29393  57.007847]
 [34.827019 55.06058  68.040521 31.874724 41.396825 81.315843 40.773363
  71.859191 41.216356 70.080161]
 [59.424579 41.577703 48.621474 41.396825 44.228068 49.963543 68.325788
  54.052039 74.679674 29.775583]
 [40.927573 36.419564 37.063732 81.315843 49.963543 61.673277 45.796827
  68.39753  69.08817  46.87061 ]
 [69.236714 91.455988 53.64366  40.773363 68.325788 45.796827 71.308349
  75.702345 53.362509 64.937278]
 [57.786402 52.513193 57.217492 71.859191 54.052039 68.39753  75.702345
  96.384197 61.373712 60.243609]
 [58.392776 60.095417 61.29393  41.216356 74.679674 69.08817  53.362509
  61.373712 95.604175 51.312236]
 [37.786365 39.173969 57.007847 70.080161 29.775583 46.87061  64.937278
  60.243609 51.312236 82.419483]]
