alpha 1.0
beta  1.8888888888888888

M0 (diagonal):
[[6.732655 0.       0.       0.       0.       0.       0.       0.
  0.       0.      ]
 [0.       3.42808  0.       0.       0.       0.       0.       0.
  0.       0.      ]
 [0.       0.       1.368762 0.       0.       0.       0.       0.
  0.       0.      ]
 [0.       0.       0.       1.148749 0.       0.       0.       0.
  0.       0.      ]
 [0.       0.       0.       0.       8.319432 0.       0.       0.
  0.       0.      ]
 [0.       0.       0.       0.       0.       9.2148   0.       0.
  0.       0.      ]
 [0.       0.       0.       0.       0.       0.       6.459722 0.
  0.       0.      ]
 [0.       0.       0.       0.       0.       0.       0.       7.565469
  0.       0.      ]
 [0.       0.       0.       0.       0.       0.       0.       0.
  5.892625 0.      ]
 [0.       0.       0.       0.       0.       0.       0.       0.
  0.       9.415652]]

alpha * M1:
[[8.342682 1.139762 7.95633  3.723019 7.825392 3.610934 7.715292 6.846355
  6.522111 5.062038]
 [1.139762 2.118549 5.767956 5.360765 4.846395 3.619858 9.65964  7.652161
  8.440607 4.972745]
 [7.95633  5.767956 2.215869 6.921048 7.308273 2.804477 5.167956 7.3846
  5.269374 6.218541]
 [3.723019 5.360765 6.921048 4.041201 3.025842 7.61773  6.317866 7.340378
  5.264449 8.902784]
 [7.825392 4.846395 7.308273 3.025842 4.025054 3.02039  5.276058 6.449411
  6.453268 2.431682]
 [3.610934 3.619858 2.804477 7.61773  3.02039  7.047954 3.811348 8.544685
  6.950442 3.899934]
 [7.715292 9.65964  5.167956 6.317866 5.276058 3.811348 6.581921 8.678077
  5.939685 5.062591]
 [6.846355 7.652161 7.3846   7.340378 6.449411 8.544685 8.678077 9.388537
  5.894027 8.470146]
 [6.522111 8.440607 5.269374 5.264449 6.453268 6.950442 5.939685 5.894027
  9.00942  4.88298 ]
 [5.062038 4.972745 6.218541 8.902784 2.431682 3.899934 5.062591 8.470146
  4.88298  7.588056]]

beta * M2:
[[12.333234  5.056629 12.984303  6.722016  8.416086  9.483887 12.712788
   9.766552 10.690189  5.173048]
 [ 5.056629  9.203967 14.810186 11.716215  7.19213   7.596212 17.894692
   5.909526  7.418793  5.933516]
 [12.984303 14.810186 15.653972 13.86341   5.008825  9.553729 11.528437
   8.41479  14.490244 10.745303]
 [ 6.722016 11.716215 13.86341   4.361939 10.891451 17.92347   3.808013
  14.577418  6.175606 10.600636]
 [ 8.416086  7.19213   5.008825 10.891451  6.544324 14.454807 17.392035
   9.041092 17.586017  7.304681]
 [ 9.483887  7.596212  9.553729 17.92347  14.454807  7.139464 11.087352
  10.645361 14.236862 11.348927]
 [12.712788 17.894692 11.528437  3.808013 17.392035 11.087352 13.243009
  13.397642  9.811938 16.429597]
 [ 9.766552  5.909526  8.41479  14.577418  9.041092 10.645361 13.397642
  17.363237 13.228314  7.418999]
 [10.690189  7.418793 14.490244  6.175606 17.586017 14.236862  9.811938
  13.228314 18.519406 11.152553]
 [ 5.173048  5.933516 10.745303 10.600636  7.304681 11.348927 16.429597
   7.418999 11.152553 14.538546]]

H(alpha, beta) = M0 + alpha*M1 + beta*M2:
[[27.408571  6.196391 20.940633 10.445036 16.241478 13.094821 20.42808
  16.612907 17.2123   10.235086]
 [ 6.196391 14.750597 20.578142 17.07698  12.038526 11.21607  27.554332
  13.561687 15.8594   10.906261]
 [20.940633 20.578142 19.238602 20.784457 12.317098 12.358206 16.696394
  15.79939  19.759618 16.963844]
 [10.445036 17.07698  20.784457  9.551889 13.917292 25.5412   10.125879
  21.917796 11.440056 19.50342 ]
 [16.241478 12.038526 12.317098 13.917292 18.888809 17.475197 22.668093
  15.490502 24.039285  9.736363]
 [13.094821 11.21607  12.358206 25.5412   17.475197 23.402218 14.898701
  19.190046 21.187304 15.248861]
 [20.42808  27.554332 16.696394 10.125879 22.668093 14.898701 26.284652
  22.075719 15.751623 21.492188]
 [16.612907 13.561687 15.79939  21.917796 15.490502 19.190046 22.075719
  34.317243 19.12234  15.889145]
 [17.2123   15.8594   19.759618 11.440056 24.039285 21.187304 15.751623
  19.12234  33.421451 16.035534]
 [10.235086 10.906261 16.963844 19.50342   9.736363 15.248861 21.492188
  15.889145 16.035534 31.542254]]
