alpha 4.555555555555555
beta  4.111111111111111

M0 (diagonal):
[[6.732655 0.       0.       0.       0.       0.       0.       0.
  0.       0.      ]
 [0.       3.42808  0.       0.       0.       0.       0.       0.
  0.       0.      ]
 [0.       0.       1.368762 0.       0.       0.       0.       0.
  0.       0.      ]
 [0.       0.       0.       1.148749 0.       0.       0.       0.
  0.       0.      ]
 [0.       0.       0.       0.       8.319432 0.       0.       0.
  0.       0.      ]
 [0.       0.       0.       0.       0.       9.2148   0.       0.
  0.       0.      ]
 [0.       0.       0.       0.       0.       0.       6.459722 0.
  0.       0.      ]
 [0.       0.       0.       0.       0.       0.       0.       7.565469
  0.       0.      ]
 [0.       0.       0.       0.       0.       0.       0.       0.
  5.892625 0.      ]
 [0.       0.       0.       0.       0.       0.       0.       0.
  0.       9.415652]]

alpha * M1:
[[38.005551  5.192248 36.245501 16.960421 35.649008 16.449808 35.147441
  31.188952 29.71184  23.060396]
 [ 5.192248  9.65117  26.276245 24.421263 22.078024 16.490463 44.005028
  34.859845 38.451653 22.653616]
 [36.245501 26.276245 10.094512 31.529217 33.293246 12.775951 23.542912
  33.640955 24.004927 28.328909]
 [16.960421 24.421263 31.529217 18.409916 13.78439  34.702994 28.781391
  33.439499 23.982492 40.557129]
 [35.649008 22.078024 33.293246 13.78439  18.336355 13.759555 24.035377
  29.380648 29.398219 11.077663]
 [16.449808 16.490463 12.775951 34.702994 13.759555 32.107346 17.362809
  38.925788 31.663123 17.766364]
 [35.147441 44.005028 23.542912 28.781391 24.035377 17.362809 29.984307
  39.533463 27.058563 23.062914]
 [31.188952 34.859845 33.640955 33.439499 29.380648 38.925788 39.533463
  42.770003 26.850565 38.58622 ]
 [29.71184  38.451653 24.004927 23.982492 29.398219 31.663123 27.058563
  26.850565 41.042913 22.244689]
 [23.060396 22.653616 28.328909 40.557129 11.077663 17.766364 23.062914
  38.58622  22.244689 34.56781 ]]

beta * M2:
[[26.842921 11.005605 28.259954 14.630271 18.317364 20.641402 27.66901
  21.256613 23.266882 11.258987]
 [11.005605 20.032164 32.233934 25.499998 15.65346  16.532932 38.947271
  12.86191  16.146785 12.914123]
 [28.259954 32.233934 34.07041  30.173304 10.901559 20.79341  25.091305
  18.314542 31.53759  23.386835]
 [14.630271 25.499998 30.173304  9.493632 23.704922 39.009905  8.288028
  31.727322 13.441025 23.071972]
 [18.317364 15.65346  10.901559 23.704922 14.243528 31.460461 37.853253
  19.67767  38.275449 15.898424]
 [20.641402 16.532932 20.79341  39.009905 31.460461 15.538834 24.131297
  23.169314 30.986112 24.700606]
 [27.66901  38.947271 25.091305  8.288028 37.853253 24.131297 28.823019
  29.159573 21.355395 35.758536]
 [21.256613 12.86191  18.314542 31.727322 19.67767  23.169314 29.159573
  37.790574 28.791036 16.147233]
 [23.266882 16.146785 31.53759  13.441025 38.275449 30.986112 21.355395
  28.791036 40.306943 24.273204]
 [11.258987 12.914123 23.386835 23.071972 15.898424 24.700606 35.758536
  16.147233 24.273204 31.642718]]

H(alpha, beta) = M0 + alpha*M1 + beta*M2:
[[71.581128 16.197853 64.505455 31.590692 53.966372 37.09121  62.816451
  52.445565 52.978721 34.319383]
 [16.197853 33.111415 58.510179 49.921261 37.731484 33.023395 82.952299
  47.721755 54.598438 35.567738]
 [64.505455 58.510179 45.533684 61.702521 44.194805 33.569362 48.634217
  51.955497 55.542517 51.715744]
 [31.590692 49.921261 61.702521 29.052297 37.489312 73.712899 37.069419
  65.16682  37.423517 63.629101]
 [53.966372 37.731484 44.194805 37.489312 40.899315 45.220017 61.88863
  49.058318 67.673669 26.976087]
 [37.09121  33.023395 33.569362 73.712899 45.220017 56.860979 41.494105
  62.095102 62.649235 42.46697 ]
 [62.816451 82.952299 48.634217 37.069419 61.88863  41.494105 65.267048
  68.693036 48.413958 58.82145 ]
 [52.445565 47.721755 51.955497 65.16682  49.058318 62.095102 68.693036
  88.126046 55.641601 54.733453]
 [52.978721 54.598438 55.542517 37.423517 67.673669 62.649235 48.413958
  55.641601 87.242481 46.517892]
 [34.319383 35.567738 51.715744 63.629101 26.976087 42.46697  58.82145
  54.733453 46.517892 75.626179]]
