alpha 5.0
beta  5.0

M0 (diagonal):
[[6.732655 0.       0.       0.       0.       0.       0.       0.
  0.       0.      ]
 [0.       3.42808  0.       0.       0.       0.       0.       0.
  0.       0.      ]
 [0.       0.       1.368762 0.       0.       0.       0.       0.
  0.       0.      ]
 [0.       0.       0.       1.148749 0.       0.       0.       0.
  0.       0.      ]
 [0.       0.       0.       0.       8.319432 0.       0.       0.
  0.       0.      ]
 [0.       0.       0.       0.       0.       9.2148   0.       0.
  0.       0.      ]
 [0.       0.       0.       0.       0.       0.       6.459722 0.
  0.       0.      ]
 [0.       0.       0.       0.       0.       0.       0.       7.565469
  0.       0.      ]
 [0.       0.       0.       0.       0.       0.       0.       0.
  5.892625 0.      ]
 [0.       0.       0.       0.       0.       0.       0.       0.
  0.       9.415652]]

alpha * M1:
[[41.71341   5.698809 39.781648 18.615097 39.126959 18.054668 38.576459
  34.231776 32.610556 25.310191]
 [ 5.698809 10.592747 28.839781 26.803825 24.231977 18.099288 48.298201
  38.260806 42.203034 24.863724]
 [39.781648 28.839781 11.079343 34.605238 36.541367 14.022386 25.839782
  36.923    26.346871 31.092705]
 [18.615097 26.803825 34.605238 20.206005 15.129208 38.088652 31.589332
  36.701889 26.322247 44.513922]
 [39.126959 24.231977 36.541367 15.129208 20.125268 15.101951 26.380292
  32.247053 32.266338 12.15841 ]
 [18.054668 18.099288 14.022386 38.088652 15.101951 35.23977  19.056742
  42.723425 34.752208 19.499668]
 [38.576459 48.298201 25.839782 31.589332 26.380292 19.056742 32.909605
  43.390386 29.698423 25.312954]
 [34.231776 38.260806 36.923    36.701889 32.247053 42.723425 43.390386
  46.942686 29.470133 42.35073 ]
 [32.610556 42.203034 26.346871 26.322247 32.266338 34.752208 29.698423
  29.470133 45.0471   24.414902]
 [25.310191 24.863724 31.092705 44.513922 12.15841  19.499668 25.312954
  42.35073  24.414902 37.940279]]

beta * M2:
[[32.646796 13.385195 34.370214 17.793573 22.277875 25.104408 33.651499
  25.852638 28.297559 13.693362]
 [13.385195 24.363443 39.203433 31.013511 19.037992 20.10762  47.368303
  15.642864 19.637981 15.706366]
 [34.370214 39.203433 41.436985 36.697261 13.258653 25.289283 30.516452
  22.274443 38.356528 28.443449]
 [17.793573 31.013511 36.697261 11.546309 28.830311 47.444479 10.080034
  38.587283 16.347193 28.060506]
 [22.277875 19.037992 13.258653 28.830311 17.323209 38.262723 46.03774
  23.932302 46.551222 19.335921]
 [25.104408 20.10762  25.289283 47.444479 38.262723 18.898581 29.348874
  28.178895 37.685812 30.041278]
 [33.651499 47.368303 30.516452 10.080034 46.03774  29.348874 35.055023
  35.464345 25.972778 43.490111]
 [25.852638 15.642864 22.274443 38.587283 23.932302 28.178895 35.464345
  45.961509 35.016124 19.638527]
 [28.297559 19.637981 38.356528 16.347193 46.551222 37.685812 25.972778
  35.016124 49.021957 29.521464]
 [13.693362 15.706366 28.443449 28.060506 19.335921 30.041278 43.490111
  19.638527 29.521464 38.484387]]

H(alpha, beta) = M0 + alpha*M1 + beta*M2:
[[ 81.092861  19.084004  74.151862  36.40867   61.404835  43.159076
   72.227958  60.084414  60.908115  39.003553]
 [ 19.084004  38.384271  68.043214  57.817336  43.269969  38.206908
   95.666504  53.90367   61.841015  40.57009 ]
 [ 74.151862  68.043214  53.885089  71.302499  49.800021  39.311668
   56.356233  59.197443  64.703399  59.536153]
 [ 36.40867   57.817336  71.302499  32.901063  43.959519  85.53313
   41.669365  75.289172  42.66944   72.574428]
 [ 61.404835  43.269969  49.800021  43.959519  45.767909  53.364674
   72.418031  56.179355  78.81756   31.494331]
 [ 43.159076  38.206908  39.311668  85.53313   53.364674  63.353151
   48.405616  70.902321  72.43802   49.540946]
 [ 72.227958  95.666504  56.356233  41.669365  72.418031  48.405616
   74.424351  78.854731  55.671201  68.803065]
 [ 60.084414  53.90367   59.197443  75.289172  56.179355  70.902321
   78.854731 100.469664  64.486257  61.989256]
 [ 60.908115  61.841015  64.703399  42.66944   78.81756   72.43802
   55.671201  64.486257  99.961682  53.936366]
 [ 39.003553  40.57009   59.536153  72.574428  31.494331  49.540946
   68.803065  61.989256  53.936366  85.840317]]
