alpha 1.8888888888888888
beta  4.555555555555555

M0 (diagonal):
[[6.732655 0.       0.       0.       0.       0.       0.       0.
  0.       0.      ]
 [0.       3.42808  0.       0.       0.       0.       0.       0.
  0.       0.      ]
 [0.       0.       1.368762 0.       0.       0.       0.       0.
  0.       0.      ]
 [0.       0.       0.       1.148749 0.       0.       0.       0.
  0.       0.      ]
 [0.       0.       0.       0.       8.319432 0.       0.       0.
  0.       0.      ]
 [0.       0.       0.       0.       0.       9.2148   0.       0.
  0.       0.      ]
 [0.       0.       0.       0.       0.       0.       6.459722 0.
  0.       0.      ]
 [0.       0.       0.       0.       0.       0.       0.       7.565469
  0.       0.      ]
 [0.       0.       0.       0.       0.       0.       0.       0.
  5.892625 0.      ]
 [0.       0.       0.       0.       0.       0.       0.       0.
  0.       9.415652]]

alpha * M1:
[[15.758399  2.152883 15.028622  7.03237  14.781296  6.820652 14.573329
  12.932004 12.319543  9.561628]
 [ 2.152883  4.001705 10.895029 10.12589   9.154303  6.837509 18.245987
  14.454082 15.943368  9.392963]
 [15.028622 10.895029  4.185529 13.07309  13.804517  5.297346  9.761695
  13.948689  9.953262 11.746133]
 [ 7.03237  10.12589  13.07309   7.63338   5.715479 14.389046 11.933748
  13.865158  9.94396  16.816371]
 [14.781296  9.154303 13.804517  5.715479  7.602879  5.705181  9.965888
  12.18222  12.189506  4.593177]
 [ 6.820652  6.837509  5.297346 14.389046  5.705181 13.312802  7.199213
  16.139961 13.128612  7.366541]
 [14.573329 18.245987  9.761695 11.933748  9.965888  7.199213 12.432518
  16.391924 11.219404  9.562672]
 [12.932004 14.454082 13.948689 13.865158 12.18222  16.139961 16.391924
  17.733904 11.133161 15.999165]
 [12.319543 15.943368  9.953262  9.94396  12.189506 13.128612 11.219404
  11.133161 17.017793  9.223407]
 [ 9.561628  9.392963 11.746133 16.816371  4.593177  7.366541  9.562672
  15.999165  9.223407 14.332994]]

beta * M2:
[[29.744859 12.1954   31.315084 16.211922 20.29762  22.872905 30.660255
  23.554626 25.78222  12.476174]
 [12.1954   22.197804 35.718684 28.256754 17.345726 18.320276 43.157787
  14.252387 17.892383 14.310244]
 [31.315084 35.718684 37.753697 33.435282 12.080106 23.041346 27.803878
  20.294492 34.947059 25.915142]
 [16.211922 28.256754 33.435282 10.519971 26.267616 43.227192  9.184031
  35.157302 14.894109 25.566239]
 [20.29762  17.345726 12.080106 26.267616 15.783369 34.861592 41.945496
  21.804986 42.413336 17.617172]
 [22.872905 18.320276 23.041346 43.227192 34.861592 17.218707 26.740085
  25.674105 34.335962 27.370942]
 [30.660255 43.157787 27.803878  9.184031 41.945496 26.740085 31.939021
  32.311959 23.664086 39.624323]
 [23.554626 14.252387 20.294492 35.157302 21.804986 25.674105 32.311959
  41.876042 31.90358  17.89288 ]
 [25.78222  17.892383 34.947059 14.894109 42.413336 34.335962 23.664086
  31.90358  44.66445  26.897334]
 [12.476174 14.310244 25.915142 25.566239 17.617172 27.370942 39.624323
  17.89288  26.897334 35.063552]]

H(alpha, beta) = M0 + alpha*M1 + beta*M2:
[[52.235913 14.348283 46.343706 23.244292 35.078915 29.693557 45.233584
  36.48663  38.101763 22.037802]
 [14.348283 29.627589 46.613712 38.382644 26.500029 25.157785 61.403774
  28.706469 33.835751 23.703207]
 [46.343706 46.613712 43.307989 46.508372 25.884623 28.338692 37.565573
  34.243181 44.900322 37.661275]
 [23.244292 38.382644 46.508372 19.302099 31.983095 57.616238 21.117778
  49.02246  24.838069 42.382609]
 [35.078915 26.500029 25.884623 31.983095 31.70568  40.566774 51.911384
  33.987206 54.602841 22.21035 ]
 [29.693557 25.157785 28.338692 57.616238 40.566774 39.746309 33.939299
  41.814065 47.464574 34.737483]
 [45.233584 61.403774 37.565573 21.117778 51.911384 33.939299 50.831261
  48.703883 34.883491 49.186995]
 [36.48663  28.706469 34.243181 49.02246  33.987206 41.814065 48.703883
  67.175415 43.036741 33.892044]
 [38.101763 33.835751 44.900322 24.838069 54.602841 47.464574 34.883491
  43.036741 67.574868 36.120741]
 [22.037802 23.703207 37.661275 42.382609 22.21035  34.737483 49.186995
  33.892044 36.120741 58.812198]]
