alpha 1.0
beta  2.7777777777777777

M0 (diagonal):
[[6.732655 0.       0.       0.       0.       0.       0.       0.
  0.       0.      ]
 [0.       3.42808  0.       0.       0.       0.       0.       0.
  0.       0.      ]
 [0.       0.       1.368762 0.       0.       0.       0.       0.
  0.       0.      ]
 [0.       0.       0.       1.148749 0.       0.       0.       0.
  0.       0.      ]
 [0.       0.       0.       0.       8.319432 0.       0.       0.
  0.       0.      ]
 [0.       0.       0.       0.       0.       9.2148   0.       0.
  0.       0.      ]
 [0.       0.       0.       0.       0.       0.       6.459722 0.
  0.       0.      ]
 [0.       0.       0.       0.       0.       0.       0.       7.565469
  0.       0.      ]
 [0.       0.       0.       0.       0.       0.       0.       0.
  5.892625 0.      ]
 [0.       0.       0.       0.       0.       0.       0.       0.
  0.       9.415652]]

alpha * M1:
[[8.342682 1.139762 7.95633  3.723019 7.825392 3.610934 7.715292 6.846355
  6.522111 5.062038]
 [1.139762 2.118549 5.767956 5.360765 4.846395 3.619858 9.65964  7.652161
  8.440607 4.972745]
 [7.95633  5.767956 2.215869 6.921048 7.308273 2.804477 5.167956 7.3846
  5.269374 6.218541]
 [3.723019 5.360765 6.921048 4.041201 3.025842 7.61773  6.317866 7.340378
  5.264449 8.902784]
 [7.825392 4.846395 7.308273 3.025842 4.025054 3.02039  5.276058 6.449411
  6.453268 2.431682]
 [3.610934 3.619858 2.804477 7.61773  3.02039  7.047954 3.811348 8.544685
  6.950442 3.899934]
 [7.715292 9.65964  5.167956 6.317866 5.276058 3.811348 6.581921 8.678077
  5.939685 5.062591]
 [6.846355 7.652161 7.3846   7.340378 6.449411 8.544685 8.678077 9.388537
  5.894027 8.470146]
 [6.522111 8.440607 5.269374 5.264449 6.453268 6.950442 5.939685 5.894027
  9.00942  4.88298 ]
 [5.062038 4.972745 6.218541 8.902784 2.431682 3.899934 5.062591 8.470146
  4.88298  7.588056]]

beta * M2:
[[18.137109  7.43622  19.094563  9.885318 12.376597 13.946893 18.695277
  14.362577 15.720866  7.607423]
 [ 7.43622  13.535246 21.779685 17.229728 10.576662 11.1709   26.315724
   8.69048  10.90999   8.725759]
 [19.094563 21.779685 23.020547 20.387367  7.365918 14.049601 16.953584
  12.374691 21.309182 15.801916]
 [ 9.885318 17.229728 20.387367  6.414616 16.016839 26.358044  5.600019
  21.437379  9.081774 15.58917 ]
 [12.376597 10.576662  7.365918 16.016839  9.624005 21.257069 25.576522
  13.295723 25.86179  10.742178]
 [13.946893 11.1709   14.049601 26.358044 21.257069 10.499212 16.30493
  15.654942 20.936562 16.689599]
 [18.695277 26.315724 16.953584  5.600019 25.576522 16.30493  19.475013
  19.702414 14.429321 24.161173]
 [14.362577  8.69048  12.374691 21.437379 13.295723 15.654942 19.702414
  25.534172 19.453402 10.910293]
 [15.720866 10.90999  21.309182  9.081774 25.86179  20.936562 14.429321
  19.453402 27.234421 16.400813]
 [ 7.607423  8.725759 15.801916 15.58917  10.742178 16.689599 24.161173
  10.910293 16.400813 21.380215]]

H(alpha, beta) = M0 + alpha*M1 + beta*M2:
[[33.212446  8.575981 27.050893 13.608338 20.201989 17.557827 26.410569
  21.208932 22.242977 12.669461]
 [ 8.575981 19.081876 27.547641 22.590493 15.423058 14.790758 35.975364
  16.342641 19.350596 13.698504]
 [27.050893 27.547641 26.605177 27.308415 14.674192 16.854079 22.121541
  19.75929  26.578557 22.020457]
 [13.608338 22.590493 27.308415 11.604566 19.042681 33.975774 11.917885
  28.777757 14.346223 24.491954]
 [20.201989 15.423058 14.674192 19.042681 21.968491 24.277459 30.85258
  19.745134 32.315058 13.17386 ]
 [17.557827 14.790758 16.854079 33.975774 24.277459 26.761966 20.116278
  24.199627 27.887004 20.589532]
 [26.410569 35.975364 22.121541 11.917885 30.85258  20.116278 32.516656
  28.380491 20.369006 29.223764]
 [21.208932 16.342641 19.75929  28.777757 19.745134 24.199627 28.380491
  42.488178 25.347429 19.380438]
 [22.242977 19.350596 26.578557 14.346223 32.315058 27.887004 20.369006
  25.347429 42.136466 21.283794]
 [12.669461 13.698504 22.020457 24.491954 13.17386  20.589532 29.223764
  19.380438 21.283794 38.383922]]
