alpha 1.4444444444444444
beta  2.7777777777777777

M0 (diagonal):
[[6.732655 0.       0.       0.       0.       0.       0.       0.
  0.       0.      ]
 [0.       3.42808  0.       0.       0.       0.       0.       0.
  0.       0.      ]
 [0.       0.       1.368762 0.       0.       0.       0.       0.
  0.       0.      ]
 [0.       0.       0.       1.148749 0.       0.       0.       0.
  0.       0.      ]
 [0.       0.       0.       0.       8.319432 0.       0.       0.
  0.       0.      ]
 [0.       0.       0.       0.       0.       9.2148   0.       0.
  0.       0.      ]
 [0.       0.       0.       0.       0.       0.       6.459722 0.
  0.       0.      ]
 [0.       0.       0.       0.       0.       0.       0.       7.565469
  0.       0.      ]
 [0.       0.       0.       0.       0.       0.       0.       0.
  5.892625 0.      ]
 [0.       0.       0.       0.       0.       0.       0.       0.
  0.       9.415652]]

alpha * M1:
[[12.050541  1.646323 11.492476  5.377695 11.303344  5.215793 11.14431
   9.88918   9.420827  7.311833]
 [ 1.646323  3.060127  8.331492  7.743327  7.000349  5.228683 13.952814
  11.053122 12.191988  7.182854]
 [11.492476  8.331492  3.200699  9.997069 10.556395  4.050911  7.464826
  10.666644  7.611318  8.982337]
 [ 5.377695  7.743327  9.997069  5.83729   4.37066  11.003388  9.125807
  10.602768  7.604205 12.859577]
 [11.303344  7.000349 10.556395  4.37066   5.813966  4.362786  7.620973
   9.315815  9.321387  3.51243 ]
 [ 5.215793  5.228683  4.050911 11.003388  4.362786 10.180378  5.505281
  12.342323 10.039527  5.633237]
 [11.14431  13.952814  7.464826  9.125807  7.620973  5.505281  9.507219
  12.535     8.579544  7.312631]
 [ 9.88918  11.053122 10.666644 10.602768  9.315815 12.342323 12.535
  13.56122   8.513594 12.234655]
 [ 9.420827 12.191988  7.611318  7.604205  9.321387 10.039527  8.579544
   8.513594 13.013607  7.053194]
 [ 7.311833  7.182854  8.982337 12.859577  3.51243   5.633237  7.312631
  12.234655  7.053194 10.960525]]

beta * M2:
[[18.137109  7.43622  19.094563  9.885318 12.376597 13.946893 18.695277
  14.362577 15.720866  7.607423]
 [ 7.43622  13.535246 21.779685 17.229728 10.576662 11.1709   26.315724
   8.69048  10.90999   8.725759]
 [19.094563 21.779685 23.020547 20.387367  7.365918 14.049601 16.953584
  12.374691 21.309182 15.801916]
 [ 9.885318 17.229728 20.387367  6.414616 16.016839 26.358044  5.600019
  21.437379  9.081774 15.58917 ]
 [12.376597 10.576662  7.365918 16.016839  9.624005 21.257069 25.576522
  13.295723 25.86179  10.742178]
 [13.946893 11.1709   14.049601 26.358044 21.257069 10.499212 16.30493
  15.654942 20.936562 16.689599]
 [18.695277 26.315724 16.953584  5.600019 25.576522 16.30493  19.475013
  19.702414 14.429321 24.161173]
 [14.362577  8.69048  12.374691 21.437379 13.295723 15.654942 19.702414
  25.534172 19.453402 10.910293]
 [15.720866 10.90999  21.309182  9.081774 25.86179  20.936562 14.429321
  19.453402 27.234421 16.400813]
 [ 7.607423  8.725759 15.801916 15.58917  10.742178 16.689599 24.161173
  10.910293 16.400813 21.380215]]

H(alpha, beta) = M0 + alpha*M1 + beta*M2:
[[36.920305  9.082542 30.587039 15.263013 23.679941 19.162686 29.839588
  24.251756 25.141693 14.919256]
 [ 9.082542 20.023454 30.111177 24.973056 17.577011 16.399583 40.268537
  19.743602 23.101977 15.908612]
 [30.587039 30.111177 27.590008 30.384436 17.922313 18.100513 24.41841
  23.041335 28.920501 24.784253]
 [15.263013 24.973056 30.384436 13.400655 20.387499 37.361432 14.725826
  32.040147 16.685979 28.448748]
 [23.679941 17.577011 17.922313 20.387499 23.757404 25.619854 33.197495
  22.611538 35.183177 14.254608]
 [19.162686 16.399583 18.100513 37.361432 25.619854 29.89439  21.810211
  27.997265 30.976089 22.322836]
 [29.839588 40.268537 24.41841  14.725826 33.197495 21.810211 35.441954
  32.237415 23.008865 31.473804]
 [24.251756 19.743602 23.041335 32.040147 22.611538 27.997265 32.237415
  46.660861 27.966996 23.144948]
 [25.141693 23.101977 28.920501 16.685979 35.183177 30.976089 23.008865
  27.966996 46.140652 23.454007]
 [14.919256 15.908612 24.784253 28.448748 14.254608 22.322836 31.473804
  23.144948 23.454007 41.756392]]
