alpha 2.7777777777777777
beta  1.4444444444444444

M0 (diagonal):
[[6.732655 0.       0.       0.       0.       0.       0.       0.
  0.       0.      ]
 [0.       3.42808  0.       0.       0.       0.       0.       0.
  0.       0.      ]
 [0.       0.       1.368762 0.       0.       0.       0.       0.
  0.       0.      ]
 [0.       0.       0.       1.148749 0.       0.       0.       0.
  0.       0.      ]
 [0.       0.       0.       0.       8.319432 0.       0.       0.
  0.       0.      ]
 [0.       0.       0.       0.       0.       9.2148   0.       0.
  0.       0.      ]
 [0.       0.       0.       0.       0.       0.       6.459722 0.
  0.       0.      ]
 [0.       0.       0.       0.       0.       0.       0.       7.565469
  0.       0.      ]
 [0.       0.       0.       0.       0.       0.       0.       0.
  5.892625 0.      ]
 [0.       0.       0.       0.       0.       0.       0.       0.
  0.       9.415652]]

alpha * M1:
[[23.174117  3.166005 22.100915 10.34172  21.7372   10.030371 21.431366
  19.017654 18.116976 14.061217]
 [ 3.166005  5.88486  16.022101 14.891014 13.46221  10.05516  26.832334
  21.256003 23.44613  13.81318 ]
 [22.100915 16.022101  6.15519  19.225132 20.30076   7.790214 14.355434
  20.512778 14.637151 17.273725]
 [10.34172  14.891014 19.225132 11.225558  8.405116 21.160362 17.549629
  20.389938 14.623471 24.729957]
 [21.7372   13.46221  20.30076   8.405116 11.180704  8.389973 14.655718
  17.915029 17.925743  6.754672]
 [10.030371 10.05516   7.790214 21.160362  8.389973 19.57765  10.587079
  23.735236 19.306782 10.833149]
 [21.431366 26.832334 14.355434 17.549629 14.655718 10.587079 18.283114
  24.10577  16.499124 14.062752]
 [19.017654 21.256003 20.512778 20.389938 17.915029 23.735236 24.10577
  26.07927  16.372296 23.528183]
 [18.116976 23.44613  14.637151 14.623471 17.925743 19.306782 16.499124
  16.372296 25.026167 13.563835]
 [14.061217 13.81318  17.273725 24.729957  6.754672 10.833149 14.062752
  23.528183 13.563835 21.077933]]

beta * M2:
[[ 9.431297  3.866834  9.929173  5.140366  6.435831  7.252384  9.721544
   7.46854   8.17485   3.95586 ]
 [ 3.866834  7.038328 11.325436  8.959459  5.499864  5.808868 13.684176
   4.51905   5.673195  4.537395]
 [ 9.929173 11.325436 11.970685 10.601431  3.830278  7.305793  8.815864
   6.434839 11.080775  8.216996]
 [ 5.140366  8.959459 10.601431  3.3356    8.328756 13.706183  2.91201
  11.147437  4.722522  8.106368]
 [ 6.435831  5.499864  3.830278  8.328756  5.004483 11.053676 13.299792
   6.913776 13.448131  5.585933]
 [ 7.252384  5.808868  7.305793 13.706183 11.053676  5.45959   8.478564
   8.14057  10.887012  8.678591]
 [ 9.721544 13.684176  8.815864  2.91201  13.299792  8.478564 10.127007
  10.245255  7.503247 12.56381 ]
 [ 7.46854   4.51905   6.434839 11.147437  6.913776  8.14057  10.245255
  13.277769 10.115769  5.673352]
 [ 8.17485   5.673195 11.080775  4.722522 13.448131 10.887012  7.503247
  10.115769 14.161899  8.528423]
 [ 3.95586   4.537395  8.216996  8.106368  5.585933  8.678591 12.56381
   5.673352  8.528423 11.117712]]

H(alpha, beta) = M0 + alpha*M1 + beta*M2:
[[39.338068  7.032839 32.030088 15.482086 28.17303  17.282755 31.15291
  26.486193 26.291826 18.017077]
 [ 7.032839 16.351268 27.347537 23.850473 18.962074 15.864028 40.51651
  25.775053 29.119325 18.350575]
 [32.030088 27.347537 19.494637 29.826563 24.131037 15.096007 23.171298
  26.947617 25.717925 25.490721]
 [15.482086 23.850473 29.826563 15.709908 16.733872 34.866545 20.461639
  31.537376 19.345993 32.836325]
 [28.17303  18.962074 24.131037 16.733872 24.504619 19.443648 27.955509
  24.828805 31.373874 12.340605]
 [17.282755 15.864028 15.096007 34.866545 19.443648 34.25204  19.065642
  31.875806 30.193795 19.51174 ]
 [31.15291  40.51651  23.171298 20.461639 27.955509 19.065642 34.869843
  34.351025 24.002371 26.626562]
 [26.486193 25.775053 26.947617 31.537376 24.828805 31.875806 34.351025
  46.922508 26.488065 29.201535]
 [26.291826 29.119325 25.717925 19.345993 31.373874 30.193795 24.002371
  26.488065 45.08069  22.092257]
 [18.017077 18.350575 25.490721 32.836325 12.340605 19.51174  26.626562
  29.201535 22.092257 41.611296]]
