alpha 1.0
beta  1.0

M0 (diagonal):
[[6.732655 0.       0.       0.       0.       0.       0.       0.
  0.       0.      ]
 [0.       3.42808  0.       0.       0.       0.       0.       0.
  0.       0.      ]
 [0.       0.       1.368762 0.       0.       0.       0.       0.
  0.       0.      ]
 [0.       0.       0.       1.148749 0.       0.       0.       0.
  0.       0.      ]
 [0.       0.       0.       0.       8.319432 0.       0.       0.
  0.       0.      ]
 [0.       0.       0.       0.       0.       9.2148   0.       0.
  0.       0.      ]
 [0.       0.       0.       0.       0.       0.       6.459722 0.
  0.       0.      ]
 [0.       0.       0.       0.       0.       0.       0.       7.565469
  0.       0.      ]
 [0.       0.       0.       0.       0.       0.       0.       0.
  5.892625 0.      ]
 [0.       0.       0.       0.       0.       0.       0.       0.
  0.       9.415652]]

alpha * M1:
[[8.342682 1.139762 7.95633  3.723019 7.825392 3.610934 7.715292 6.846355
  6.522111 5.062038]
 [1.139762 2.118549 5.767956 5.360765 4.846395 3.619858 9.65964  7.652161
  8.440607 4.972745]
 [7.95633  5.767956 2.215869 6.921048 7.308273 2.804477 5.167956 7.3846
  5.269374 6.218541]
 [3.723019 5.360765 6.921048 4.041201 3.025842 7.61773  6.317866 7.340378
  5.264449 8.902784]
 [7.825392 4.846395 7.308273 3.025842 4.025054 3.02039  5.276058 6.449411
  6.453268 2.431682]
 [3.610934 3.619858 2.804477 7.61773  3.02039  7.047954 3.811348 8.544685
  6.950442 3.899934]
 [7.715292 9.65964  5.167956 6.317866 5.276058 3.811348 6.581921 8.678077
  5.939685 5.062591]
 [6.846355 7.652161 7.3846   7.340378 6.449411 8.544685 8.678077 9.388537
  5.894027 8.470146]
 [6.522111 8.440607 5.269374 5.264449 6.453268 6.950442 5.939685 5.894027
  9.00942  4.88298 ]
 [5.062038 4.972745 6.218541 8.902784 2.431682 3.899934 5.062591 8.470146
  4.88298  7.588056]]

beta * M2:
[[6.529359 2.677039 6.874043 3.558715 4.455575 5.020882 6.7303   5.170528
  5.659512 2.738672]
 [2.677039 4.872689 7.840687 6.202702 3.807598 4.021524 9.473661 3.128573
  3.927596 3.141273]
 [6.874043 7.840687 8.287397 7.339452 2.651731 5.057857 6.10329  4.454889
  7.671306 5.68869 ]
 [3.558715 6.202702 7.339452 2.309262 5.766062 9.488896 2.016007 7.717457
  3.269439 5.612101]
 [4.455575 3.807598 2.651731 5.766062 3.464642 7.652545 9.207548 4.78646
  9.310244 3.867184]
 [5.020882 4.021524 5.057857 9.488896 7.652545 3.779716 5.869775 5.635779
  7.537162 6.008256]
 [6.7303   9.473661 6.10329  2.016007 9.207548 5.869775 7.011005 7.092869
  5.194556 8.698022]
 [5.170528 3.128573 4.454889 7.717457 4.78646  5.635779 7.092869 9.192302
  7.003225 3.927705]
 [5.659512 3.927596 7.671306 3.269439 9.310244 7.537162 5.194556 7.003225
  9.804391 5.904293]
 [2.738672 3.141273 5.68869  5.612101 3.867184 6.008256 8.698022 3.927705
  5.904293 7.696877]]

H(alpha, beta) = M0 + alpha*M1 + beta*M2:
[[21.604696  3.816801 14.830372  7.281734 12.280967  8.631815 14.445592
  12.016883 12.181623  7.800711]
 [ 3.816801 10.419318 13.608643 11.563467  8.653994  7.641382 19.133301
  10.780734 12.368203  8.114018]
 [14.830372 13.608643 11.872027 14.2605    9.960004  7.862334 11.271247
  11.839489 12.94068  11.907231]
 [ 7.281734 11.563467 14.2605    7.499212  8.791904 17.106626  8.333873
  15.057834  8.533888 14.514886]
 [12.280967  8.653994  9.960004  8.791904 15.809128 10.672935 14.483606
  11.235871 15.763512  6.298866]
 [ 8.631815  7.641382  7.862334 17.106626 10.672935 20.04247   9.681123
  14.180464 14.487604  9.908189]
 [14.445592 19.133301 11.271247  8.333873 14.483606  9.681123 20.052648
  15.770946 11.13424  13.760613]
 [12.016883 10.780734 11.839489 15.057834 11.235871 14.180464 15.770946
  26.146308 12.897251 12.397851]
 [12.181623 12.368203 12.94068   8.533888 15.763512 14.487604 11.13424
  12.897251 24.706436 10.787273]
 [ 7.800711  8.114018 11.907231 14.514886  6.298866  9.908189 13.760613
  12.397851 10.787273 24.700585]]
