alpha 2.7777777777777777
beta  4.111111111111111

M0 (diagonal):
[[6.732655 0.       0.       0.       0.       0.       0.       0.
  0.       0.      ]
 [0.       3.42808  0.       0.       0.       0.       0.       0.
  0.       0.      ]
 [0.       0.       1.368762 0.       0.       0.       0.       0.
  0.       0.      ]
 [0.       0.       0.       1.148749 0.       0.       0.       0.
  0.       0.      ]
 [0.       0.       0.       0.       8.319432 0.       0.       0.
  0.       0.      ]
 [0.       0.       0.       0.       0.       9.2148   0.       0.
  0.       0.      ]
 [0.       0.       0.       0.       0.       0.       6.459722 0.
  0.       0.      ]
 [0.       0.       0.       0.       0.       0.       0.       7.565469
  0.       0.      ]
 [0.       0.       0.       0.       0.       0.       0.       0.
  5.892625 0.      ]
 [0.       0.       0.       0.       0.       0.       0.       0.
  0.       9.415652]]

alpha * M1:
[[23.174117  3.166005 22.100915 10.34172  21.7372   10.030371 21.431366
  19.017654 18.116976 14.061217]
 [ 3.166005  5.88486  16.022101 14.891014 13.46221  10.05516  26.832334
  21.256003 23.44613  13.81318 ]
 [22.100915 16.022101  6.15519  19.225132 20.30076   7.790214 14.355434
  20.512778 14.637151 17.273725]
 [10.34172  14.891014 19.225132 11.225558  8.405116 21.160362 17.549629
  20.389938 14.623471 24.729957]
 [21.7372   13.46221  20.30076   8.405116 11.180704  8.389973 14.655718
  17.915029 17.925743  6.754672]
 [10.030371 10.05516   7.790214 21.160362  8.389973 19.57765  10.587079
  23.735236 19.306782 10.833149]
 [21.431366 26.832334 14.355434 17.549629 14.655718 10.587079 18.283114
  24.10577  16.499124 14.062752]
 [19.017654 21.256003 20.512778 20.389938 17.915029 23.735236 24.10577
  26.07927  16.372296 23.528183]
 [18.116976 23.44613  14.637151 14.623471 17.925743 19.306782 16.499124
  16.372296 25.026167 13.563835]
 [14.061217 13.81318  17.273725 24.729957  6.754672 10.833149 14.062752
  23.528183 13.563835 21.077933]]

beta * M2:
[[26.842921 11.005605 28.259954 14.630271 18.317364 20.641402 27.66901
  21.256613 23.266882 11.258987]
 [11.005605 20.032164 32.233934 25.499998 15.65346  16.532932 38.947271
  12.86191  16.146785 12.914123]
 [28.259954 32.233934 34.07041  30.173304 10.901559 20.79341  25.091305
  18.314542 31.53759  23.386835]
 [14.630271 25.499998 30.173304  9.493632 23.704922 39.009905  8.288028
  31.727322 13.441025 23.071972]
 [18.317364 15.65346  10.901559 23.704922 14.243528 31.460461 37.853253
  19.67767  38.275449 15.898424]
 [20.641402 16.532932 20.79341  39.009905 31.460461 15.538834 24.131297
  23.169314 30.986112 24.700606]
 [27.66901  38.947271 25.091305  8.288028 37.853253 24.131297 28.823019
  29.159573 21.355395 35.758536]
 [21.256613 12.86191  18.314542 31.727322 19.67767  23.169314 29.159573
  37.790574 28.791036 16.147233]
 [23.266882 16.146785 31.53759  13.441025 38.275449 30.986112 21.355395
  28.791036 40.306943 24.273204]
 [11.258987 12.914123 23.386835 23.071972 15.898424 24.700606 35.758536
  16.147233 24.273204 31.642718]]

H(alpha, beta) = M0 + alpha*M1 + beta*M2:
[[56.749693 14.17161  50.360869 24.971991 40.054564 30.671773 49.100376
  40.274267 41.383857 25.320204]
 [14.17161  29.345104 48.256035 40.391012 29.11567  26.588092 65.779605
  34.117913 39.592915 26.727303]
 [50.360869 48.256035 41.594362 49.398436 31.202319 28.583624 39.446739
  38.82732  46.17474  40.66056 ]
 [24.971991 40.391012 49.398436 21.867939 32.110038 60.170267 25.837656
  52.11726  28.064496 47.801928]
 [40.054564 29.11567  31.202319 32.110038 33.743664 39.850434 52.50897
  37.5927   56.201193 22.653096]
 [30.671773 26.588092 28.583624 60.170267 39.850434 44.331283 34.718375
  46.90455  50.292895 35.533755]
 [49.100376 65.779605 39.446739 25.837656 52.50897  34.718375 53.565855
  53.265343 37.854519 49.821288]
 [40.274267 34.117913 38.82732  52.11726  37.5927   46.90455  53.265343
  71.435313 45.163331 39.675416]
 [41.383857 39.592915 46.17474  28.064496 56.201193 50.292895 37.854519
  45.163331 71.225734 37.837038]
 [25.320204 26.727303 40.66056  47.801928 22.653096 35.533755 49.821288
  39.675416 37.837038 62.136302]]
