alpha 4.555555555555555
beta  1.8888888888888888

M0 (diagonal):
[[6.732655 0.       0.       0.       0.       0.       0.       0.
  0.       0.      ]
 [0.       3.42808  0.       0.       0.       0.       0.       0.
  0.       0.      ]
 [0.       0.       1.368762 0.       0.       0.       0.       0.
  0.       0.      ]
 [0.       0.       0.       1.148749 0.       0.       0.       0.
  0.       0.      ]
 [0.       0.       0.       0.       8.319432 0.       0.       0.
  0.       0.      ]
 [0.       0.       0.       0.       0.       9.2148   0.       0.
  0.       0.      ]
 [0.       0.       0.       0.       0.       0.       6.459722 0.
  0.       0.      ]
 [0.       0.       0.       0.       0.       0.       0.       7.565469
  0.       0.      ]
 [0.       0.       0.       0.       0.       0.       0.       0.
  5.892625 0.      ]
 [0.       0.       0.       0.       0.       0.       0.       0.
  0.       9.415652]]

alpha * M1:
[[38.005551  5.192248 36.245501 16.960421 35.649008 16.449808 35.147441
  31.188952 29.71184  23.060396]
 [ 5.192248  9.65117  26.276245 24.421263 22.078024 16.490463 44.005028
  34.859845 38.451653 22.653616]
 [36.245501 26.276245 10.094512 31.529217 33.293246 12.775951 23.542912
  33.640955 24.004927 28.328909]
 [16.960421 24.421263 31.529217 18.409916 13.78439  34.702994 28.781391
  33.439499 23.982492 40.557129]
 [35.649008 22.078024 33.293246 13.78439  18.336355 13.759555 24.035377
  29.380648 29.398219 11.077663]
 [16.449808 16.490463 12.775951 34.702994 13.759555 32.107346 17.362809
  38.925788 31.663123 17.766364]
 [35.147441 44.005028 23.542912 28.781391 24.035377 17.362809 29.984307
  39.533463 27.058563 23.062914]
 [31.188952 34.859845 33.640955 33.439499 29.380648 38.925788 39.533463
  42.770003 26.850565 38.58622 ]
 [29.71184  38.451653 24.004927 23.982492 29.398219 31.663123 27.058563
  26.850565 41.042913 22.244689]
 [23.060396 22.653616 28.328909 40.557129 11.077663 17.766364 23.062914
  38.58622  22.244689 34.56781 ]]

beta * M2:
[[12.333234  5.056629 12.984303  6.722016  8.416086  9.483887 12.712788
   9.766552 10.690189  5.173048]
 [ 5.056629  9.203967 14.810186 11.716215  7.19213   7.596212 17.894692
   5.909526  7.418793  5.933516]
 [12.984303 14.810186 15.653972 13.86341   5.008825  9.553729 11.528437
   8.41479  14.490244 10.745303]
 [ 6.722016 11.716215 13.86341   4.361939 10.891451 17.92347   3.808013
  14.577418  6.175606 10.600636]
 [ 8.416086  7.19213   5.008825 10.891451  6.544324 14.454807 17.392035
   9.041092 17.586017  7.304681]
 [ 9.483887  7.596212  9.553729 17.92347  14.454807  7.139464 11.087352
  10.645361 14.236862 11.348927]
 [12.712788 17.894692 11.528437  3.808013 17.392035 11.087352 13.243009
  13.397642  9.811938 16.429597]
 [ 9.766552  5.909526  8.41479  14.577418  9.041092 10.645361 13.397642
  17.363237 13.228314  7.418999]
 [10.690189  7.418793 14.490244  6.175606 17.586017 14.236862  9.811938
  13.228314 18.519406 11.152553]
 [ 5.173048  5.933516 10.745303 10.600636  7.304681 11.348927 16.429597
   7.418999 11.152553 14.538546]]

H(alpha, beta) = M0 + alpha*M1 + beta*M2:
[[57.071441 10.248877 49.229804 23.682438 44.065094 25.933696 47.860229
  40.955504 40.402029 28.233444]
 [10.248877 22.283218 41.086431 36.137478 29.270154 24.086675 61.89972
  40.769372 45.870446 28.587131]
 [49.229804 41.086431 27.117246 45.392627 38.30207  22.32968  35.071349
  42.055745 38.495171 39.074212]
 [23.682438 36.137478 45.392627 23.920604 24.67584  52.626463 32.589404
  48.016917 30.158098 51.157765]
 [44.065094 29.270154 38.30207  24.67584  33.200111 28.214362 41.427412
  38.42174  46.984236 18.382344]
 [25.933696 24.086675 22.32968  52.626463 28.214362 48.46161  28.450161
  49.571148 45.899985 29.115291]
 [47.860229 61.89972  35.071349 32.589404 41.427412 28.450161 49.687038
  52.931104 36.870501 39.492511]
 [40.955504 40.769372 42.055745 48.016917 38.42174  49.571148 52.931104
  67.698709 40.078879 46.005219]
 [40.402029 45.870446 38.495171 30.158098 46.984236 45.899985 36.870501
  40.078879 65.454944 33.397242]
 [28.233444 28.587131 39.074212 51.157765 18.382344 29.115291 39.492511
  46.005219 33.397242 58.522007]]
