alpha 3.6666666666666665
beta  5.0

M0 (diagonal):
[[6.732655 0.       0.       0.       0.       0.       0.       0.
  0.       0.      ]
 [0.       3.42808  0.       0.       0.       0.       0.       0.
  0.       0.      ]
 [0.       0.       1.368762 0.       0.       0.       0.       0.
  0.       0.      ]
 [0.       0.       0.       1.148749 0.       0.       0.       0.
  0.       0.      ]
 [0.       0.       0.       0.       8.319432 0.       0.       0.
  0.       0.      ]
 [0.       0.       0.       0.       0.       9.2148   0.       0.
  0.       0.      ]
 [0.       0.       0.       0.       0.       0.       6.459722 0.
  0.       0.      ]
 [0.       0.       0.       0.       0.       0.       0.       7.565469
  0.       0.      ]
 [0.       0.       0.       0.       0.       0.       0.       0.
  5.892625 0.      ]
 [0.       0.       0.       0.       0.       0.       0.       0.
  0.       9.415652]]

alpha * M1:
[[30.589834  4.179126 29.173208 13.651071 28.693104 13.24009  28.289403
  25.103303 23.914408 18.560807]
 [ 4.179126  7.768015 21.149173 19.656139 17.770117 13.272812 35.418681
  28.057924 30.948892 18.233398]
 [29.173208 21.149173  8.124851 25.377175 26.797003 10.283083 18.949173
  27.076867 19.321039 22.801317]
 [13.651071 19.656139 25.377175 14.817737 11.094753 27.931678 23.16551
  26.914719 19.302981 32.643543]
 [28.693104 17.770117 26.797003 11.094753 14.75853  11.074764 19.345547
  23.647839 23.661981  8.916168]
 [13.24009  13.272812 10.283083 27.931678 11.074764 25.842498 13.974944
  31.330512 25.484952 14.299757]
 [28.289403 35.418681 18.949173 23.16551  19.345547 13.974944 24.133711
  31.819616 21.778844 18.562833]
 [25.103303 28.057924 27.076867 26.914719 23.647839 31.330512 31.819616
  34.424636 21.611431 31.057202]
 [23.914408 30.948892 19.321039 19.302981 23.661981 25.484952 21.778844
  21.611431 33.03454  17.904262]
 [18.560807 18.233398 22.801317 32.643543  8.916168 14.299757 18.562833
  31.057202 17.904262 27.822871]]

beta * M2:
[[32.646796 13.385195 34.370214 17.793573 22.277875 25.104408 33.651499
  25.852638 28.297559 13.693362]
 [13.385195 24.363443 39.203433 31.013511 19.037992 20.10762  47.368303
  15.642864 19.637981 15.706366]
 [34.370214 39.203433 41.436985 36.697261 13.258653 25.289283 30.516452
  22.274443 38.356528 28.443449]
 [17.793573 31.013511 36.697261 11.546309 28.830311 47.444479 10.080034
  38.587283 16.347193 28.060506]
 [22.277875 19.037992 13.258653 28.830311 17.323209 38.262723 46.03774
  23.932302 46.551222 19.335921]
 [25.104408 20.10762  25.289283 47.444479 38.262723 18.898581 29.348874
  28.178895 37.685812 30.041278]
 [33.651499 47.368303 30.516452 10.080034 46.03774  29.348874 35.055023
  35.464345 25.972778 43.490111]
 [25.852638 15.642864 22.274443 38.587283 23.932302 28.178895 35.464345
  45.961509 35.016124 19.638527]
 [28.297559 19.637981 38.356528 16.347193 46.551222 37.685812 25.972778
  35.016124 49.021957 29.521464]
 [13.693362 15.706366 28.443449 28.060506 19.335921 30.041278 43.490111
  19.638527 29.521464 38.484387]]

H(alpha, beta) = M0 + alpha*M1 + beta*M2:
[[69.969285 17.564322 63.543422 31.444644 50.970979 38.344497 61.940902
  50.955941 52.211966 32.254169]
 [17.564322 35.559538 60.352606 50.66965  36.808109 33.380431 82.786983
  43.700788 50.586873 33.939764]
 [63.543422 60.352606 50.930598 62.074436 40.055656 35.572365 49.465625
  49.35131  57.677567 51.244765]
 [31.444644 50.66965  62.074436 27.512795 39.925063 75.376157 33.245544
  65.502002 35.650174 60.704049]
 [50.970979 36.808109 40.055656 39.925063 40.401171 49.337487 65.383287
  47.580141 70.213204 28.252089]
 [38.344497 33.380431 35.572365 75.376157 49.337487 53.955879 43.323818
  59.509407 63.170765 44.341034]
 [61.940902 82.786983 49.465625 33.245544 65.383287 43.323818 65.648456
  67.283962 47.751621 62.052944]
 [50.955941 43.700788 49.35131  65.502002 47.580141 59.509407 67.283962
  87.951615 56.627555 50.695728]
 [52.211966 50.586873 57.677567 35.650174 70.213204 63.170765 47.751621
  56.627555 87.949122 47.425726]
 [32.254169 33.939764 51.244765 60.704049 28.252089 44.341034 62.052944
  50.695728 47.425726 75.72291 ]]
