alpha 3.6666666666666665
beta  1.4444444444444444

M0 (diagonal):
[[6.732655 0.       0.       0.       0.       0.       0.       0.
  0.       0.      ]
 [0.       3.42808  0.       0.       0.       0.       0.       0.
  0.       0.      ]
 [0.       0.       1.368762 0.       0.       0.       0.       0.
  0.       0.      ]
 [0.       0.       0.       1.148749 0.       0.       0.       0.
  0.       0.      ]
 [0.       0.       0.       0.       8.319432 0.       0.       0.
  0.       0.      ]
 [0.       0.       0.       0.       0.       9.2148   0.       0.
  0.       0.      ]
 [0.       0.       0.       0.       0.       0.       6.459722 0.
  0.       0.      ]
 [0.       0.       0.       0.       0.       0.       0.       7.565469
  0.       0.      ]
 [0.       0.       0.       0.       0.       0.       0.       0.
  5.892625 0.      ]
 [0.       0.       0.       0.       0.       0.       0.       0.
  0.       9.415652]]

alpha * M1:
[[30.589834  4.179126 29.173208 13.651071 28.693104 13.24009  28.289403
  25.103303 23.914408 18.560807]
 [ 4.179126  7.768015 21.149173 19.656139 17.770117 13.272812 35.418681
  28.057924 30.948892 18.233398]
 [29.173208 21.149173  8.124851 25.377175 26.797003 10.283083 18.949173
  27.076867 19.321039 22.801317]
 [13.651071 19.656139 25.377175 14.817737 11.094753 27.931678 23.16551
  26.914719 19.302981 32.643543]
 [28.693104 17.770117 26.797003 11.094753 14.75853  11.074764 19.345547
  23.647839 23.661981  8.916168]
 [13.24009  13.272812 10.283083 27.931678 11.074764 25.842498 13.974944
  31.330512 25.484952 14.299757]
 [28.289403 35.418681 18.949173 23.16551  19.345547 13.974944 24.133711
  31.819616 21.778844 18.562833]
 [25.103303 28.057924 27.076867 26.914719 23.647839 31.330512 31.819616
  34.424636 21.611431 31.057202]
 [23.914408 30.948892 19.321039 19.302981 23.661981 25.484952 21.778844
  21.611431 33.03454  17.904262]
 [18.560807 18.233398 22.801317 32.643543  8.916168 14.299757 18.562833
  31.057202 17.904262 27.822871]]

beta * M2:
[[ 9.431297  3.866834  9.929173  5.140366  6.435831  7.252384  9.721544
   7.46854   8.17485   3.95586 ]
 [ 3.866834  7.038328 11.325436  8.959459  5.499864  5.808868 13.684176
   4.51905   5.673195  4.537395]
 [ 9.929173 11.325436 11.970685 10.601431  3.830278  7.305793  8.815864
   6.434839 11.080775  8.216996]
 [ 5.140366  8.959459 10.601431  3.3356    8.328756 13.706183  2.91201
  11.147437  4.722522  8.106368]
 [ 6.435831  5.499864  3.830278  8.328756  5.004483 11.053676 13.299792
   6.913776 13.448131  5.585933]
 [ 7.252384  5.808868  7.305793 13.706183 11.053676  5.45959   8.478564
   8.14057  10.887012  8.678591]
 [ 9.721544 13.684176  8.815864  2.91201  13.299792  8.478564 10.127007
  10.245255  7.503247 12.56381 ]
 [ 7.46854   4.51905   6.434839 11.147437  6.913776  8.14057  10.245255
  13.277769 10.115769  5.673352]
 [ 8.17485   5.673195 11.080775  4.722522 13.448131 10.887012  7.503247
  10.115769 14.161899  8.528423]
 [ 3.95586   4.537395  8.216996  8.106368  5.585933  8.678591 12.56381
   5.673352  8.528423 11.117712]]

H(alpha, beta) = M0 + alpha*M1 + beta*M2:
[[46.753786  8.045961 39.102381 18.791436 35.128934 20.492474 38.010948
  32.571843 32.089258 22.516667]
 [ 8.045961 18.234423 32.474609 28.615597 23.269981 19.08168  49.102857
  32.576974 36.622086 22.770792]
 [39.102381 32.474609 21.464298 35.978606 30.62728  17.588876 27.765037
  33.511706 30.401814 31.018313]
 [18.791436 28.615597 35.978606 19.302086 19.423509 41.637861 26.07752
  38.062156 24.025504 40.749911]
 [35.128934 23.269981 30.62728  19.423509 28.082445 22.12844  32.645339
  30.561615 37.110112 14.5021  ]
 [20.492474 19.08168  17.588876 41.637861 22.12844  40.516888 22.453507
  39.471082 36.371965 22.978348]
 [38.010948 49.102857 27.765037 26.07752  32.645339 22.453507 40.720439
  42.064872 29.28209  31.126643]
 [32.571843 32.576974 33.511706 38.062156 30.561615 39.471082 42.064872
  55.267875 31.7272   36.730554]
 [32.089258 36.622086 30.401814 24.025504 37.110112 36.371965 29.28209
  31.7272   53.089064 26.432685]
 [22.516667 22.770792 31.018313 40.749911 14.5021   22.978348 31.126643
  36.730554 26.432685 48.356235]]
