alpha 1.8888888888888888
beta  4.111111111111111

M0 (diagonal):
[[6.732655 0.       0.       0.       0.       0.       0.       0.
  0.       0.      ]
 [0.       3.42808  0.       0.       0.       0.       0.       0.
  0.       0.      ]
 [0.       0.       1.368762 0.       0.       0.       0.       0.
  0.       0.      ]
 [0.       0.       0.       1.148749 0.       0.       0.       0.
  0.       0.      ]
 [0.       0.       0.       0.       8.319432 0.       0.       0.
  0.       0.      ]
 [0.       0.       0.       0.       0.       9.2148   0.       0.
  0.       0.      ]
 [0.       0.       0.       0.       0.       0.       6.459722 0.
  0.       0.      ]
 [0.       0.       0.       0.       0.       0.       0.       7.565469
  0.       0.      ]
 [0.       0.       0.       0.       0.       0.       0.       0.
  5.892625 0.      ]
 [0.       0.       0.       0.       0.       0.       0.       0.
  0.       9.415652]]

alpha * M1:
[[15.758399  2.152883 15.028622  7.03237  14.781296  6.820652 14.573329
  12.932004 12.319543  9.561628]
 [ 2.152883  4.001705 10.895029 10.12589   9.154303  6.837509 18.245987
  14.454082 15.943368  9.392963]
 [15.028622 10.895029  4.185529 13.07309  13.804517  5.297346  9.761695
  13.948689  9.953262 11.746133]
 [ 7.03237  10.12589  13.07309   7.63338   5.715479 14.389046 11.933748
  13.865158  9.94396  16.816371]
 [14.781296  9.154303 13.804517  5.715479  7.602879  5.705181  9.965888
  12.18222  12.189506  4.593177]
 [ 6.820652  6.837509  5.297346 14.389046  5.705181 13.312802  7.199213
  16.139961 13.128612  7.366541]
 [14.573329 18.245987  9.761695 11.933748  9.965888  7.199213 12.432518
  16.391924 11.219404  9.562672]
 [12.932004 14.454082 13.948689 13.865158 12.18222  16.139961 16.391924
  17.733904 11.133161 15.999165]
 [12.319543 15.943368  9.953262  9.94396  12.189506 13.128612 11.219404
  11.133161 17.017793  9.223407]
 [ 9.561628  9.392963 11.746133 16.816371  4.593177  7.366541  9.562672
  15.999165  9.223407 14.332994]]

beta * M2:
[[26.842921 11.005605 28.259954 14.630271 18.317364 20.641402 27.66901
  21.256613 23.266882 11.258987]
 [11.005605 20.032164 32.233934 25.499998 15.65346  16.532932 38.947271
  12.86191  16.146785 12.914123]
 [28.259954 32.233934 34.07041  30.173304 10.901559 20.79341  25.091305
  18.314542 31.53759  23.386835]
 [14.630271 25.499998 30.173304  9.493632 23.704922 39.009905  8.288028
  31.727322 13.441025 23.071972]
 [18.317364 15.65346  10.901559 23.704922 14.243528 31.460461 37.853253
  19.67767  38.275449 15.898424]
 [20.641402 16.532932 20.79341  39.009905 31.460461 15.538834 24.131297
  23.169314 30.986112 24.700606]
 [27.66901  38.947271 25.091305  8.288028 37.853253 24.131297 28.823019
  29.159573 21.355395 35.758536]
 [21.256613 12.86191  18.314542 31.727322 19.67767  23.169314 29.159573
  37.790574 28.791036 16.147233]
 [23.266882 16.146785 31.53759  13.441025 38.275449 30.986112 21.355395
  28.791036 40.306943 24.273204]
 [11.258987 12.914123 23.386835 23.071972 15.898424 24.700606 35.758536
  16.147233 24.273204 31.642718]]

H(alpha, beta) = M0 + alpha*M1 + beta*M2:
[[49.333976 13.158488 43.288576 21.662641 33.09866  27.462054 42.242339
  34.188618 35.586425 20.820614]
 [13.158488 27.461949 43.128962 35.625887 24.807763 23.370441 57.193258
  27.315992 32.090153 22.307085]
 [43.288576 43.128962 39.624701 43.246394 24.706076 26.090756 34.853
  32.263231 41.490852 35.132968]
 [21.662641 35.625887 43.246394 18.27576  29.420401 53.398951 20.221775
  45.59248  23.384985 39.888342]
 [33.09866  24.807763 24.706076 29.420401 30.165839 37.165643 47.819141
  31.85989  50.464955 20.491601]
 [27.462054 23.370441 26.090756 53.398951 37.165643 38.066436 31.33051
  39.309275 44.114724 32.067147]
 [42.242339 57.193258 34.853    20.221775 47.819141 31.33051  47.715259
  45.551496 32.574799 45.321207]
 [34.188618 27.315992 32.263231 45.59248  31.85989  39.309275 45.551496
  63.089947 39.924197 32.146398]
 [35.586425 32.090153 41.490852 23.384985 50.464955 44.114724 32.574799
  39.924197 63.217361 33.496611]
 [20.820614 22.307085 35.132968 39.888342 20.491601 32.067147 45.321207
  32.146398 33.496611 55.391364]]
