alpha 3.2222222222222223
beta  2.7777777777777777

M0 (diagonal):
[[6.732655 0.       0.       0.       0.       0.       0.       0.
  0.       0.      ]
 [0.       3.42808  0.       0.       0.       0.       0.       0.
  0.       0.      ]
 [0.       0.       1.368762 0.       0.       0.       0.       0.
  0.       0.      ]
 [0.       0.       0.       1.148749 0.       0.       0.       0.
  0.       0.      ]
 [0.       0.       0.       0.       8.319432 0.       0.       0.
  0.       0.      ]
 [0.       0.       0.       0.       0.       9.2148   0.       0.
  0.       0.      ]
 [0.       0.       0.       0.       0.       0.       6.459722 0.
  0.       0.      ]
 [0.       0.       0.       0.       0.       0.       0.       7.565469
  0.       0.      ]
 [0.       0.       0.       0.       0.       0.       0.       0.
  5.892625 0.      ]
 [0.       0.       0.       0.       0.       0.       0.       0.
  0.       9.415652]]

alpha * M1:
[[26.881975  3.672566 25.637062 11.996396 25.215152 11.63523  24.860385
  22.060478 21.015692 16.311012]
 [ 3.672566  6.826437 18.585637 17.273576 15.616163 11.663986 31.125507
  24.656964 27.197511 16.023289]
 [25.637062 18.585637  7.140021 22.301154 23.548881  9.036649 16.652304
  23.794822 16.979095 20.037521]
 [11.996396 17.273576 22.301154 13.021648  9.749934 24.54602  20.357569
  23.652328 16.963226 28.68675 ]
 [25.215152 15.616163 23.548881  9.749934 12.969617  9.732368 17.000632
  20.781434 20.793862  7.83542 ]
 [11.63523  11.663986  9.036649 24.54602   9.732368 22.710074 12.281011
  27.532874 22.395867 12.566453]
 [24.860385 31.125507 16.652304 20.357569 17.000632 12.281011 21.208412
  27.962693 19.138984 16.312793]
 [22.060478 24.656964 23.794822 23.652328 20.781434 27.532874 27.962693
  30.251953 18.991863 27.292693]
 [21.015692 27.197511 16.979095 16.963226 20.793862 22.395867 19.138984
  18.991863 29.030353 15.734048]
 [16.311012 16.023289 20.037521 28.68675   7.83542  12.566453 16.312793
  27.292693 15.734048 24.450402]]

beta * M2:
[[18.137109  7.43622  19.094563  9.885318 12.376597 13.946893 18.695277
  14.362577 15.720866  7.607423]
 [ 7.43622  13.535246 21.779685 17.229728 10.576662 11.1709   26.315724
   8.69048  10.90999   8.725759]
 [19.094563 21.779685 23.020547 20.387367  7.365918 14.049601 16.953584
  12.374691 21.309182 15.801916]
 [ 9.885318 17.229728 20.387367  6.414616 16.016839 26.358044  5.600019
  21.437379  9.081774 15.58917 ]
 [12.376597 10.576662  7.365918 16.016839  9.624005 21.257069 25.576522
  13.295723 25.86179  10.742178]
 [13.946893 11.1709   14.049601 26.358044 21.257069 10.499212 16.30493
  15.654942 20.936562 16.689599]
 [18.695277 26.315724 16.953584  5.600019 25.576522 16.30493  19.475013
  19.702414 14.429321 24.161173]
 [14.362577  8.69048  12.374691 21.437379 13.295723 15.654942 19.702414
  25.534172 19.453402 10.910293]
 [15.720866 10.90999  21.309182  9.081774 25.86179  20.936562 14.429321
  19.453402 27.234421 16.400813]
 [ 7.607423  8.725759 15.801916 15.58917  10.742178 16.689599 24.161173
  10.910293 16.400813 21.380215]]

H(alpha, beta) = M0 + alpha*M1 + beta*M2:
[[51.751739 11.108785 44.731625 21.881714 37.591749 25.582124 43.555662
  36.423055 36.736558 23.918435]
 [11.108785 23.789764 40.365322 34.503305 26.192825 22.834886 57.441231
  33.347444 38.1075   24.749048]
 [44.731625 40.365322 31.52933  42.688521 30.9148   23.08625  33.605888
  36.169513 38.288277 35.839437]
 [21.881714 34.503305 42.688521 20.585013 25.766773 50.904064 25.957588
  45.089708 26.045    44.27592 ]
 [37.591749 26.192825 30.9148   25.766773 30.913054 30.989437 42.577154
  34.077157 46.655652 18.577598]
 [25.582124 22.834886 23.08625  50.904064 30.989437 42.424086 28.585941
  43.187816 43.33243  29.256051]
 [43.555662 57.441231 33.605888 25.957588 42.577154 28.585941 47.143147
  47.665107 33.568305 40.473965]
 [36.423055 33.347444 36.169513 45.089708 34.077157 43.187816 47.665107
  63.351594 38.445266 38.202985]
 [36.736558 38.1075   38.288277 26.045    46.655652 43.33243  33.568305
  38.445266 62.157399 32.134861]
 [23.918435 24.749048 35.839437 44.27592  18.577598 29.256051 40.473965
  38.202985 32.134861 55.246268]]
