dB/dw(f,omega) = -1/pi * Im[S(f,omega)].

Nucleus: Yb 160.
Parametrization of the Lagrangian: DD-PC1.
Ground state deformation beta = +0.220.
Isovector J = 1, K = 0 excitation.
Gamma smearing = 1.000 [MeV].
Fully self-consistent response.

n0f = 16(17) oscillator shells for large(small) spinor component.
Gaussian quadrature mesh: NGH = 48, NGL = 48.
Oscillator basis deformation beta0 = +0.300.
Coulomb included in calculation.  
Pairing included in calculation.  


 omega [MeV]           dB/dw(f,omega) [e^2fm^2/MeV]   S(f,omega) [e^2fm^2/MeV]                  rel. residual error

 0.000000000E+00      -0.637244311E-16               -0.288763190E+01 +  0.200196205E-15 i      0.413E-06                         
 0.100000000E+00       0.272554673E-02               -0.288720506E+01 + -0.856255759E-02 i      0.395E-06                         
 0.200000000E+00       0.532174612E-02               -0.288606503E+01 + -0.167187585E-01 i      0.975E-06                         
 0.300000000E+00       0.772142040E-02               -0.288446931E+01 + -0.242575576E-01 i      0.833E-06                         
 0.400000000E+00       0.989417395E-02               -0.288263813E+01 + -0.310834642E-01 i      0.701E-06                         
 0.500000000E+00       0.118196613E-01               -0.288077360E+01 + -0.371325611E-01 i      0.589E-06                         
 0.600000000E+00       0.134903254E-01               -0.287909274E+01 + -0.423811071E-01 i      0.496E-06                         
 0.700000000E+00       0.149193305E-01               -0.287781568E+01 + -0.468704589E-01 i      0.418E-06                         
 0.800000000E+00       0.161415934E-01               -0.287713361E+01 + -0.507103113E-01 i      0.354E-06                         
 0.900000000E+00       0.172075655E-01               -0.287718129E+01 + -0.540591613E-01 i      0.301E-06                         
 0.100000000E+01       0.181735221E-01               -0.287802598E+01 + -0.570938036E-01 i      0.931E-06                         
 0.110000000E+01       0.190930255E-01               -0.287967511E+01 + -0.599825087E-01 i      0.792E-06                         
 0.120000000E+01       0.200107333E-01               -0.288208959E+01 + -0.628655727E-01 i      0.676E-06                         
 0.130000000E+01       0.209604639E-01               -0.288520364E+01 + -0.658492393E-01 i      0.580E-06                         
 0.140000000E+01       0.219653782E-01               -0.288893896E+01 + -0.690062708E-01 i      0.499E-06                         
 0.150000000E+01       0.230393786E-01               -0.289321441E+01 + -0.723803425E-01 i      0.986E-06                         
 0.160000000E+01       0.241888041E-01               -0.289795215E+01 + -0.759913694E-01 i      0.878E-06                         
 0.170000000E+01       0.254135174E-01               -0.290307967E+01 + -0.798389195E-01 i      0.785E-06                         
 0.180000000E+01       0.267077276E-01               -0.290853262E+01 + -0.839048008E-01 i      0.705E-06                         
 0.190000000E+01       0.280603815E-01               -0.291425728E+01 + -0.881542885E-01 i      0.635E-06                         
 0.200000000E+01       0.294556330E-01               -0.292021461E+01 + -0.925376002E-01 i      0.571E-06                         
 0.210000000E+01       0.308738631E-01               -0.292638545E+01 + -0.969931014E-01 i      0.511E-06                         
 0.220000000E+01       0.322936788E-01               -0.293277566E+01 + -0.101453584E+00 i      0.454E-06                         
 0.230000000E+01       0.336950829E-01               -0.293941824E+01 + -0.105856225E+00 i      0.982E-06                         
 0.240000000E+01       0.350629041E-01               -0.294637370E+01 + -0.110153362E+00 i      0.825E-06                         
 0.250000000E+01       0.363906708E-01               -0.295371771E+01 + -0.114324664E+00 i      0.679E-06                         
 0.260000000E+01       0.376818480E-01               -0.296153004E+01 + -0.118381017E+00 i      0.550E-06                         
 0.270000000E+01       0.389490779E-01               -0.296987945E+01 + -0.122362137E+00 i      0.443E-06                         
 0.280000000E+01       0.402111414E-01               -0.297881301E+01 + -0.126327026E+00 i      0.361E-06                         
 0.290000000E+01       0.414889547E-01               -0.298835226E+01 + -0.130341395E+00 i      0.301E-06                         
 0.300000000E+01       0.428019291E-01               -0.299849560E+01 + -0.134466226E+00 i      0.263E-06                         
 0.310000000E+01       0.441654730E-01               -0.300922471E+01 + -0.138749926E+00 i      0.240E-06                         
 0.320000000E+01       0.455897988E-01               -0.302051246E+01 + -0.143224577E+00 i      0.908E-06                         
 0.330000000E+01       0.470796947E-01               -0.303233074E+01 + -0.147905223E+00 i      0.823E-06                         
 0.340000000E+01       0.486354034E-01               -0.304465682E+01 + -0.152792626E+00 i      0.770E-06                         
 0.350000000E+01       0.502539430E-01               -0.305747891E+01 + -0.157877418E+00 i      0.736E-06                         
 0.360000000E+01       0.519310900E-01               -0.307079878E+01 + -0.163146331E+00 i      0.710E-06                         
 0.370000000E+01       0.536635435E-01               -0.308463166E+01 + -0.168588994E+00 i      0.686E-06                         
 0.380000000E+01       0.554508150E-01               -0.309900280E+01 + -0.174203873E+00 i      0.665E-06                         
 0.390000000E+01       0.572963109E-01               -0.311394159E+01 + -0.180001670E+00 i      0.644E-06                         
 0.400000000E+01       0.592072851E-01               -0.312947493E+01 + -0.186005172E+00 i      0.620E-06                         
 0.410000000E+01       0.611937530E-01               -0.314562196E+01 + -0.192245845E+00 i      0.589E-06                         
 0.420000000E+01       0.632668365E-01               -0.316239146E+01 + -0.198758629E+00 i      0.554E-06                         
 0.430000000E+01       0.654371117E-01               -0.317978221E+01 + -0.205576749E+00 i      0.521E-06                         
 0.440000000E+01       0.677133648E-01               -0.319778529E+01 + -0.212727810E+00 i      0.506E-06                         
 0.450000000E+01       0.701018703E-01               -0.321638738E+01 + -0.220231521E+00 i      0.519E-06                         
 0.460000000E+01       0.726061445E-01               -0.323557419E+01 + -0.228098930E+00 i      0.539E-06                         
 0.470000000E+01       0.752270395E-01               -0.325533322E+01 + -0.236332715E+00 i      0.540E-06                         
 0.480000000E+01       0.779629514E-01               -0.327565612E+01 + -0.244927835E+00 i      0.516E-06                         
 0.490000000E+01       0.808101256E-01               -0.329654099E+01 + -0.253872497E+00 i      0.476E-06                         
 0.500000000E+01       0.837631022E-01               -0.331799465E+01 + -0.263149547E+00 i      0.439E-06                         
 0.510000000E+01       0.868154050E-01               -0.334003482E+01 + -0.272738638E+00 i      0.431E-06                         
 0.520000000E+01       0.899605266E-01               -0.336269194E+01 + -0.282619330E+00 i      0.474E-06                         
 0.530000000E+01       0.931931467E-01               -0.338600970E+01 + -0.292774905E+00 i      0.549E-06                         
 0.540000000E+01       0.965103614E-01               -0.341004436E+01 + -0.303196242E+00 i      0.633E-06                         
 0.550000000E+01       0.999128049E-01               -0.343486299E+01 + -0.313885334E+00 i      0.712E-06                         
 0.560000000E+01       0.103405690E+00               -0.346054097E+01 + -0.324858556E+00 i      0.769E-06                         
 0.570000000E+01       0.106999697E+00               -0.348715818E+01 + -0.336149462E+00 i      0.796E-06                         
 0.580000000E+01       0.110711481E+00               -0.351479391E+01 + -0.347810376E+00 i      0.795E-06                         
 0.590000000E+01       0.114563458E+00               -0.354352080E+01 + -0.359911719E+00 i      0.774E-06                         
 0.600000000E+01       0.118582683E+00               -0.357339948E+01 + -0.372538485E+00 i      0.739E-06                         
 0.610000000E+01       0.122799086E+00               -0.360447561E+01 + -0.385784706E+00 i      0.699E-06                         
 0.620000000E+01       0.127243652E+00               -0.363677982E+01 + -0.399747723E+00 i      0.656E-06                         
 0.630000000E+01       0.131947018E+00               -0.367032989E+01 + -0.414523781E+00 i      0.615E-06                         
 0.640000000E+01       0.136938585E+00               -0.370513366E+01 + -0.430205254E+00 i      0.582E-06                         
 0.650000000E+01       0.142245985E+00               -0.374119215E+01 + -0.446878943E+00 i      0.561E-06                         
 0.660000000E+01       0.147894764E+00               -0.377850309E+01 + -0.464625104E+00 i      0.554E-06                         
 0.670000000E+01       0.153908485E+00               -0.381706547E+01 + -0.483517766E+00 i      0.568E-06                         
 0.680000000E+01       0.160309628E+00               -0.385688435E+01 + -0.503627548E+00 i      0.607E-06                         
 0.690000000E+01       0.167121606E+00               -0.389797453E+01 + -0.525028009E+00 i      0.671E-06                         
 0.700000000E+01       0.174371706E+00               -0.394035982E+01 + -0.547804870E+00 i      0.753E-06                         
 0.710000000E+01       0.182093935E+00               -0.398406590E+01 + -0.572064968E+00 i      0.841E-06                         
 0.720000000E+01       0.190330283E+00               -0.402910701E+01 + -0.597940219E+00 i      0.922E-06                         
 0.730000000E+01       0.199129190E+00               -0.407547052E+01 + -0.625582802E+00 i      0.985E-06                         
 0.740000000E+01       0.208540886E+00               -0.412310295E+01 + -0.655150516E+00 i      0.430E-06                         
 0.750000000E+01       0.218611761E+00               -0.417191509E+01 + -0.686789103E+00 i      0.452E-06                         
 0.760000000E+01       0.229376942E+00               -0.422177761E+01 + -0.720608916E+00 i      0.471E-06                         
 0.770000000E+01       0.240856092E+00               -0.427254550E+01 + -0.756671728E+00 i      0.486E-06                         
 0.780000000E+01       0.253051021E+00               -0.432407776E+01 + -0.794983230E+00 i      0.497E-06                         
 0.790000000E+01       0.265945978E+00               -0.437626052E+01 + -0.835493931E+00 i      0.505E-06                         
 0.800000000E+01       0.279510051E+00               -0.442903011E+01 + -0.878106724E+00 i      0.508E-06                         
 0.810000000E+01       0.293701820E+00               -0.448239687E+01 + -0.922691479E+00 i      0.504E-06                         
 0.820000000E+01       0.308477694E+00               -0.453646933E+01 + -0.969111258E+00 i      0.503E-06                         
 0.830000000E+01       0.323805908E+00               -0.459147120E+01 + -0.101726626E+01 i      0.526E-06                         
 0.840000000E+01       0.339685731E+00               -0.464773582E+01 + -0.106715420E+01 i      0.615E-06                         
 0.850000000E+01       0.356166787E+00               -0.470566321E+01 + -0.111893096E+01 i      0.782E-06                         
 0.860000000E+01       0.373358810E+00               -0.476564295E+01 + -0.117294129E+01 i      0.944E-06                         
 0.870000000E+01       0.391427170E+00               -0.482797090E+01 + -0.122970472E+01 i      0.344E-06                         
 0.880000000E+01       0.410579470E+00               -0.489278909E+01 + -0.128987345E+01 i      0.377E-06                         
 0.890000000E+01       0.431037162E+00               -0.496003641E+01 + -0.135414318E+01 i      0.400E-06                         
 0.900000000E+01       0.453013957E+00               -0.502947357E+01 + -0.142318532E+01 i      0.414E-06                         
 0.910000000E+01       0.476700331E+00               -0.510071778E+01 + -0.149759826E+01 i      0.420E-06                         
 0.920000000E+01       0.502258174E+00               -0.517328506E+01 + -0.157789059E+01 i      0.425E-06                         
 0.930000000E+01       0.529822611E+00               -0.524661705E+01 + -0.166448682E+01 i      0.435E-06                         
 0.940000000E+01       0.559504818E+00               -0.532008219E+01 + -0.175773623E+01 i      0.453E-06                         
 0.950000000E+01       0.591388752E+00               -0.539295627E+01 + -0.185790256E+01 i      0.475E-06                         
 0.960000000E+01       0.625516541E+00               -0.546440218E+01 + -0.196511817E+01 i      0.491E-06                         
 0.970000000E+01       0.661859923E+00               -0.553347246E+01 + -0.207929427E+01 i      0.986E-06                         
 0.980000000E+01       0.700299023E+00               -0.559921020E+01 + -0.220005426E+01 i      0.942E-06                         
 0.990000000E+01       0.740588891E+00               -0.566074187E+01 + -0.232662862E+01 i      0.895E-06                         
 0.100000000E+02       0.782371868E+00               -0.571750019E+01 + -0.245789371E+01 i      0.868E-06                         
 0.101000000E+02       0.825213731E+00               -0.576940128E+01 + -0.259248539E+01 i      0.874E-06                         
 0.102000000E+02       0.868670409E+00               -0.581696630E+01 + -0.272900858E+01 i      0.900E-06                         
 0.103000000E+02       0.912371870E+00               -0.586134051E+01 + -0.286630076E+01 i      0.943E-06                         
 0.104000000E+02       0.956102178E+00               -0.590418344E+01 + -0.300368358E+01 i      0.512E-06                         
 0.105000000E+02       0.999863263E+00               -0.594747518E+01 + -0.314116308E+01 i      0.467E-06                         
 0.106000000E+02       0.104389320E+01               -0.599323723E+01 + -0.327948720E+01 i      0.421E-06                         
 0.107000000E+02       0.108867168E+01               -0.604329428E+01 + -0.342016294E+01 i      0.394E-06                         
 0.108000000E+02       0.113488518E+01               -0.609899945E+01 + -0.356534696E+01 i      0.925E-06                         
 0.109000000E+02       0.118335307E+01               -0.616100925E+01 + -0.371761331E+01 i      0.918E-06                         
 0.110000000E+02       0.123491946E+01               -0.622924644E+01 + -0.387961391E+01 i      0.565E-06                         
 0.111000000E+02       0.129035720E+01               -0.630305332E+01 + -0.405377671E+01 i      0.616E-06                         
 0.112000000E+02       0.135032133E+01               -0.638148190E+01 + -0.424215956E+01 i      0.604E-06                         
 0.113000000E+02       0.141537696E+01               -0.646365782E+01 + -0.444653786E+01 i      0.562E-06                         
 0.114000000E+02       0.148609917E+01               -0.654901203E+01 + -0.466871822E+01 i      0.543E-06                         
 0.115000000E+02       0.156321885E+01               -0.663729277E+01 + -0.491099684E+01 i      0.974E-06                         
 0.116000000E+02       0.164777058E+01               -0.672830984E+01 + -0.517662393E+01 i      0.916E-06                         
 0.117000000E+02       0.174120677E+01               -0.682133870E+01 + -0.547016240E+01 i      0.839E-06                         
 0.118000000E+02       0.184540620E+01               -0.691435719E+01 + -0.579751455E+01 i      0.711E-06                         
 0.119000000E+02       0.196256363E+01               -0.700321815E+01 + -0.616557550E+01 i      0.697E-06                         
 0.120000000E+02       0.209496512E+01               -0.708099235E+01 + -0.658152704E+01 i      0.914E-06                         
 0.121000000E+02       0.224469362E+01               -0.713756575E+01 + -0.705191298E+01 i      0.334E-06                         
 0.122000000E+02       0.241327638E+01               -0.715945102E+01 + -0.758153133E+01 i      0.381E-06                         
 0.123000000E+02       0.260130336E+01               -0.712997064E+01 + -0.817223553E+01 i      0.469E-06                         
 0.124000000E+02       0.280798716E+01               -0.702970252E+01 + -0.882155183E+01 i      0.532E-06                         
 0.125000000E+02       0.303069655E+01               -0.683751104E+01 + -0.952121401E+01 i      0.621E-06                         
 0.126000000E+02       0.326453617E+01               -0.653233020E+01 + -0.102558428E+02 i      0.642E-06                         
 0.127000000E+02       0.350211089E+01               -0.609575981E+01 + -0.110022059E+02 i      0.658E-06                         
 0.128000000E+02       0.373364264E+01               -0.551525411E+01 + -0.117295843E+02 i      0.823E-06                         
 0.129000000E+02       0.394756263E+01               -0.478731984E+01 + -0.124016338E+02 i      0.936E-06                         
 0.130000000E+02       0.413158476E+01               -0.391988500E+01 + -0.129797563E+02 i      0.897E-06                         
 0.131000000E+02       0.427407973E+01               -0.293307798E+01 + -0.134274175E+02 i      0.798E-06                         
 0.132000000E+02       0.436546877E+01               -0.185815632E+01 + -0.137145246E+02 i      0.739E-06                         
 0.133000000E+02       0.439937990E+01               -0.734807097E+00 + -0.138210596E+02 i      0.769E-06                         
 0.134000000E+02       0.437340344E+01                0.392659788E+00 + -0.137394521E+02 i      0.875E-06                         
 0.135000000E+02       0.428938426E+01                0.147969137E+01 + -0.134754981E+02 i      0.674E-06                         
 0.136000000E+02       0.415320898E+01                0.248605234E+01 + -0.130476908E+02 i      0.710E-06                         
 0.137000000E+02       0.397403988E+01                0.337988514E+01 + -0.124848145E+02 i      0.975E-06                         
 0.138000000E+02       0.376308104E+01                0.414050223E+01 + -0.118220677E+02 i      0.567E-06                         
 0.139000000E+02       0.353208968E+01                0.475930746E+01 + -0.110963870E+02 i      0.503E-06                         
 0.140000000E+02       0.329201644E+01                0.523850539E+01 + -0.103421746E+02 i      0.462E-06                         
 0.141000000E+02       0.305206490E+01                0.558849150E+01 + -0.958834466E+01 i      0.450E-06                         
 0.142000000E+02       0.281925535E+01                0.582472359E+01 + -0.885695189E+01 i      0.449E-06                         
 0.143000000E+02       0.259841335E+01                0.596487027E+01 + -0.816315628E+01 i      0.907E-06                         
 0.144000000E+02       0.239243263E+01                0.602663208E+01 + -0.751604878E+01 i      0.930E-06                         
 0.145000000E+02       0.220267325E+01                0.602626957E+01 + -0.691990211E+01 i      0.843E-06                         
 0.146000000E+02       0.202939344E+01                0.597782659E+01 + -0.637552751E+01 i      0.692E-06                         
 0.147000000E+02       0.187214929E+01                0.589288995E+01 + -0.588153046E+01 i      0.698E-06                         
 0.148000000E+02       0.173011847E+01                0.578074362E+01 + -0.543532746E+01 i      0.805E-06                         
 0.149000000E+02       0.160232598E+01                0.564876456E+01 + -0.503385554E+01 i      0.898E-06                         
 0.150000000E+02       0.148776748E+01                0.550288787E+01 + -0.467395939E+01 i      0.932E-06                         
 0.151000000E+02       0.138545301E+01                0.534800657E+01 + -0.435252899E+01 i      0.912E-06                         
 0.152000000E+02       0.129440616E+01                0.518824208E+01 + -0.406649689E+01 i      0.869E-06                         
 0.153000000E+02       0.121364931E+01                0.502708815E+01 + -0.381279175E+01 i      0.939E-06                         
 0.154000000E+02       0.114219353E+01                0.486747568E+01 + -0.358830682E+01 i      0.601E-06                         
 0.155000000E+02       0.107903384E+01                0.471178325E+01 + -0.338988478E+01 i      0.568E-06                         
 0.156000000E+02       0.102315723E+01                0.456182456E+01 + -0.321434325E+01 i      0.521E-06                         
 0.157000000E+02       0.973561424E+00                0.441881748E+01 + -0.305853342E+01 i      0.410E-06                         
 0.158000000E+02       0.929289495E+00                0.428336672E+01 + -0.291944905E+01 i      0.976E-06                         
 0.159000000E+02       0.889480028E+00                0.415548162E+01 + -0.279438392E+01 i      0.545E-06                         
 0.160000000E+02       0.853423117E+00                0.403471098E+01 + -0.268110780E+01 i      0.572E-06                         
 0.161000000E+02       0.820593275E+00                0.392034537E+01 + -0.257796980E+01 i      0.536E-06                         
 0.162000000E+02       0.790644490E+00                0.381168483E+01 + -0.248388292E+01 i      0.484E-06                         
 0.163000000E+02       0.763360996E+00                0.370824712E+01 + -0.239816930E+01 i      0.916E-06                         
 0.164000000E+02       0.738584842E+00                0.360984898E+01 + -0.232033271E+01 i      0.822E-06                         
 0.165000000E+02       0.716147729E+00                0.351654917E+01 + -0.224984444E+01 i      0.873E-06                         
 0.166000000E+02       0.695836248E+00                0.342849168E+01 + -0.218603404E+01 i      0.796E-06                         
 0.167000000E+02       0.677397635E+00                0.334574650E+01 + -0.212810743E+01 i      0.779E-06                         
 0.168000000E+02       0.660571005E+00                0.326821726E+01 + -0.207524502E+01 i      0.807E-06                         
 0.169000000E+02       0.645129288E+00                0.319564398E+01 + -0.202673343E+01 i      0.916E-06                         
 0.170000000E+02       0.630905967E+00                0.312769253E+01 + -0.198204955E+01 i      0.933E-06                         
 0.171000000E+02       0.617795730E+00                0.306407333E+01 + -0.194086253E+01 i      0.878E-06                         
 0.172000000E+02       0.605734062E+00                0.300462823E+01 + -0.190296968E+01 i      0.741E-06                         
 0.173000000E+02       0.594667019E+00                0.294936889E+01 + -0.186820154E+01 i      0.786E-06                         
 0.174000000E+02       0.584519855E+00                0.289846676E+01 + -0.183632328E+01 i      0.732E-06                         
 0.175000000E+02       0.575170763E+00                0.285220401E+01 + -0.180695224E+01 i      0.767E-06                         
 0.176000000E+02       0.566429246E+00                0.281089080E+01 + -0.177948996E+01 i      0.816E-06                         
 0.177000000E+02       0.558026758E+00                0.277474386E+01 + -0.175309276E+01 i      0.846E-06                         
 0.178000000E+02       0.549628399E+00                0.274374511E+01 + -0.172670854E+01 i      0.698E-06                         
 0.179000000E+02       0.540868912E+00                0.271752495E+01 + -0.169918980E+01 i      0.666E-06                         
 0.180000000E+02       0.531406789E+00                0.269530723E+01 + -0.166946366E+01 i      0.629E-06                         
 0.181000000E+02       0.520985056E+00                0.267594953E+01 + -0.163672282E+01 i      0.510E-06                         
 0.182000000E+02       0.509480779E+00                0.265807723E+01 + -0.160058107E+01 i      0.895E-06                         
 0.183000000E+02       0.496925084E+00                0.264028161E+01 + -0.156113619E+01 i      0.749E-06                         
 0.184000000E+02       0.483495240E+00                0.262132137E+01 + -0.151894509E+01 i      0.685E-06                         
 0.185000000E+02       0.469472773E+00                0.260027928E+01 + -0.147489222E+01 i      0.597E-06                         
 0.186000000E+02       0.455191119E+00                0.257662832E+01 + -0.143002508E+01 i      0.463E-06                         
 0.187000000E+02       0.440986608E+00                0.255021826E+01 + -0.138540029E+01 i      0.949E-06                         
 0.188000000E+02       0.427164426E+00                0.252120994E+01 + -0.134197662E+01 i      0.815E-06                         
 0.189000000E+02       0.413978640E+00                0.249000490E+01 + -0.130055225E+01 i      0.683E-06                         
 0.190000000E+02       0.401622051E+00                0.245717653E+01 + -0.126173288E+01 i      0.565E-06                         
 0.191000000E+02       0.390219228E+00                0.242341109E+01 + -0.122590986E+01 i      0.479E-06                         
 0.192000000E+02       0.379822312E+00                0.238944684E+01 + -0.119324698E+01 i      0.911E-06                         
 0.193000000E+02       0.370411771E+00                0.235600834E+01 + -0.116368290E+01 i      0.778E-06                         
 0.194000000E+02       0.361901522E+00                0.232374374E+01 + -0.113694716E+01 i      0.700E-06                         
 0.195000000E+02       0.354151398E+00                0.229316529E+01 + -0.111259943E+01 i      0.671E-06                         
 0.196000000E+02       0.346985069E+00                0.226460409E+01 + -0.109008574E+01 i      0.655E-06                         
 0.197000000E+02       0.340213225E+00                0.223818590E+01 + -0.106881137E+01 i      0.636E-06                         
 0.198000000E+02       0.333659495E+00                0.221383725E+01 + -0.104822222E+01 i      0.608E-06                         
 0.199000000E+02       0.327184257E+00                0.219132927E+01 + -0.102787966E+01 i      0.561E-06                         
 0.200000000E+02       0.320699231E+00                0.217035556E+01 + -0.100750635E+01 i      0.515E-06                         
 0.201000000E+02       0.314166636E+00                0.215062442E+01 + -0.986983596E+00 i      0.492E-06                         
 0.202000000E+02       0.307581703E+00                0.213193293E+01 + -0.966296420E+00 i      0.942E-06                         
 0.203000000E+02       0.300945177E+00                0.211419261E+01 + -0.945447157E+00 i      0.826E-06                         
 0.204000000E+02       0.294236745E+00                0.209739559E+01 + -0.924371997E+00 i      0.743E-06                         
 0.205000000E+02       0.287401928E+00                0.208153654E+01 + -0.902899786E+00 i      0.752E-06                         
 0.206000000E+02       0.280357496E+00                0.206652521E+01 + -0.880769050E+00 i      0.814E-06                         
 0.207000000E+02       0.273013395E+00                0.205212680E+01 + -0.857696877E+00 i      0.885E-06                         
 0.208000000E+02       0.265302476E+00                0.203795474E+01 + -0.833472310E+00 i      0.959E-06                         
 0.209000000E+02       0.257207037E+00                0.202351970E+01 + -0.808039737E+00 i      0.506E-06                         
 0.210000000E+02       0.248771793E+00                0.200831577E+01 + -0.781539637E+00 i      0.458E-06                         
 0.211000000E+02       0.240101415E+00                0.199191859E+01 + -0.754300842E+00 i      0.439E-06                         
 0.212000000E+02       0.231341760E+00                0.197405855E+01 + -0.726781573E+00 i      0.436E-06                         
 0.213000000E+02       0.222654015E+00                0.195465471E+01 + -0.699488218E+00 i      0.851E-06                         
 0.214000000E+02       0.214189227E+00                0.193380819E+01 + -0.672895301E+00 i      0.482E-06                         
 0.215000000E+02       0.206068065E+00                0.191176030E+01 + -0.647381919E+00 i      0.581E-06                         
 0.216000000E+02       0.198369974E+00                0.188883995E+01 + -0.623197653E+00 i      0.644E-06                         
 0.217000000E+02       0.191130013E+00                0.186540420E+01 + -0.600452644E+00 i      0.613E-06                         
 0.218000000E+02       0.184342683E+00                0.184178744E+01 + -0.579129619E+00 i      0.553E-06                         
 0.219000000E+02       0.177970558E+00                0.181826185E+01 + -0.559110996E+00 i      0.545E-06                         
 0.220000000E+02       0.171956026E+00                0.179501223E+01 + -0.540215787E+00 i      0.600E-06                         
 0.221000000E+02       0.166234514E+00                0.177212681E+01 + -0.522241129E+00 i      0.706E-06                         
 0.222000000E+02       0.160747369E+00                0.174960473E+01 + -0.505002753E+00 i      0.805E-06                         
 0.223000000E+02       0.155452398E+00                0.172737982E+01 + -0.488368111E+00 i      0.819E-06                         
 0.224000000E+02       0.150329282E+00                0.170535736E+01 + -0.472273368E+00 i      0.899E-06                         
 0.225000000E+02       0.145377811E+00                0.168345117E+01 + -0.456717865E+00 i      0.666E-06                         
 0.226000000E+02       0.140611464E+00                0.166160781E+01 + -0.441743943E+00 i      0.695E-06                         
 0.227000000E+02       0.136048773E+00                0.163981457E+01 + -0.427409825E+00 i      0.891E-06                         
 0.228000000E+02       0.131707037E+00                0.161809187E+01 + -0.413769859E+00 i      0.560E-06                         
 0.229000000E+02       0.127599465E+00                0.159648246E+01 + -0.400865543E+00 i      0.584E-06                         
 0.230000000E+02       0.123735012E+00                0.157504108E+01 + -0.388725005E+00 i      0.593E-06                         
 0.231000000E+02       0.120119091E+00                0.155383180E+01 + -0.377365253E+00 i      0.817E-06                         
 0.232000000E+02       0.116753373E+00                0.153292854E+01 + -0.366791539E+00 i      0.648E-06                         
 0.233000000E+02       0.113634399E+00                0.151241462E+01 + -0.356992994E+00 i      0.749E-06                         
 0.234000000E+02       0.110751859E+00                0.149237900E+01 + -0.347937227E+00 i      0.871E-06                         
 0.235000000E+02       0.108087336E+00                0.147290908E+01 + -0.339566382E+00 i      0.968E-06                         
 0.236000000E+02       0.105614099E+00                0.145408121E+01 + -0.331796479E+00 i      0.810E-06                         
 0.237000000E+02       0.103298269E+00                0.143595091E+01 + -0.324521082E+00 i      0.768E-06                         
 0.238000000E+02       0.101101660E+00                0.141854561E+01 + -0.317620231E+00 i      0.925E-06                         
 0.239000000E+02       0.989848531E-01                0.140186217E+01 + -0.310970087E+00 i      0.834E-06                         
 0.240000000E+02       0.969101655E-01                0.138586865E+01 + -0.304452264E+00 i      0.759E-06                         
 0.241000000E+02       0.948437061E-01                0.137050837E+01 + -0.297960290E+00 i      0.764E-06                         
 0.242000000E+02       0.927564479E-01                0.135570411E+01 + -0.291402975E+00 i      0.799E-06                         
 0.243000000E+02       0.906251269E-01                0.134136000E+01 + -0.284707233E+00 i      0.866E-06                         
 0.244000000E+02       0.884339493E-01                0.132736275E+01 + -0.277823446E+00 i      0.958E-06                         
 0.245000000E+02       0.861773021E-01                0.131358619E+01 + -0.270733979E+00 i      0.668E-06                         
 0.246000000E+02       0.838621090E-01                0.129990228E+01 + -0.263460585E+00 i      0.698E-06                         
 0.247000000E+02       0.815085005E-01                0.128619803E+01 + -0.256066506E+00 i      0.731E-06                         
 0.248000000E+02       0.791470371E-01                0.127239237E+01 + -0.248647750E+00 i      0.784E-06                         
 0.249000000E+02       0.768134782E-01                0.125844676E+01 + -0.241316659E+00 i      0.852E-06                         
 0.250000000E+02       0.745427265E-01                0.124436583E+01 + -0.234182882E+00 i      0.919E-06                         
 0.251000000E+02       0.723639138E-01                0.123018924E+01 + -0.227337940E+00 i      0.977E-06                         
 0.252000000E+02       0.702976836E-01                0.121597927E+01 + -0.220846686E+00 i      0.582E-06                         
 0.253000000E+02       0.683555512E-01                0.120180812E+01 + -0.214745297E+00 i      0.608E-06                         
 0.254000000E+02       0.665406830E-01                0.118774809E+01 + -0.209043721E+00 i      0.656E-06                         
 0.255000000E+02       0.648493958E-01                0.117386442E+01 + -0.203730385E+00 i      0.693E-06                         
 0.256000000E+02       0.632728281E-01                0.116021103E+01 + -0.198777452E+00 i      0.725E-06                         
 0.257000000E+02       0.617986408E-01                0.114682787E+01 + -0.194146156E+00 i      0.768E-06                         
 0.258000000E+02       0.604127883E-01                0.113374008E+01 + -0.189792372E+00 i      0.746E-06                         
 0.259000000E+02       0.591010907E-01                0.112095901E+01 + -0.185671552E+00 i      0.684E-06                         
 0.260000000E+02       0.578504625E-01                0.110848456E+01 + -0.181742588E+00 i      0.686E-06                         
 0.261000000E+02       0.566496951E-01                0.109630860E+01 + -0.177970266E+00 i      0.785E-06                         
 0.262000000E+02       0.554895613E-01                0.108441842E+01 + -0.174325598E+00 i      0.900E-06                         
 0.263000000E+02       0.543625109E-01                0.107279928E+01 + -0.170784865E+00 i      0.487E-06                         
 0.264000000E+02       0.532621143E-01                0.106143573E+01 + -0.167327867E+00 i      0.530E-06                         
 0.265000000E+02       0.521825643E-01                0.105031085E+01 + -0.163936361E+00 i      0.617E-06                         
 0.266000000E+02       0.511185865E-01                0.103940501E+01 + -0.160593776E+00 i      0.669E-06                         
 0.267000000E+02       0.500659544E-01                0.102869437E+01 + -0.157286834E+00 i      0.666E-06                         
 0.268000000E+02       0.490223480E-01                0.101815102E+01 + -0.154008248E+00 i      0.841E-06                         
 0.269000000E+02       0.479883496E-01                0.100774484E+01 + -0.150759847E+00 i      0.714E-06                         
 0.270000000E+02       0.469680634E-01                0.997448428E+00 + -0.147554523E+00 i      0.760E-06                         
 0.271000000E+02       0.459685245E-01                0.987242378E+00 + -0.144414379E+00 i      0.831E-06                         
 0.272000000E+02       0.449982908E-01                0.977119207E+00 + -0.141366300E+00 i      0.783E-06                         
 0.273000000E+02       0.440654727E-01                0.967084177E+00 + -0.138435765E+00 i      0.956E-06                         
 0.274000000E+02       0.431759794E-01                0.957152871E+00 + -0.135641340E+00 i      0.813E-06                         
 0.275000000E+02       0.423324556E-01                0.947346018E+00 + -0.132991332E+00 i      0.844E-06                         
 0.276000000E+02       0.415343596E-01                0.937684681E+00 + -0.130484039E+00 i      0.910E-06                         
 0.277000000E+02       0.407784233E-01                0.928186135E+00 + -0.128109195E+00 i      0.947E-06                         
 0.278000000E+02       0.400597621E-01                0.918861009E+00 + -0.125851454E+00 i      0.928E-06                         
 0.279000000E+02       0.393731514E-01                0.909712879E+00 + -0.123694403E+00 i      0.911E-06                         
 0.280000000E+02       0.387140123E-01                0.900739719E+00 + -0.121623657E+00 i      0.902E-06                         
 0.281000000E+02       0.380789739E-01                0.891936346E+00 + -0.119628625E+00 i      0.893E-06                         
 0.282000000E+02       0.374659528E-01                0.883297050E+00 + -0.117702762E+00 i      0.884E-06                         
 0.283000000E+02       0.368738450E-01                0.874817904E+00 + -0.115842601E+00 i      0.899E-06                         
 0.284000000E+02       0.363018542E-01                0.866498189E+00 + -0.114045639E+00 i      0.958E-06                         
 0.285000000E+02       0.357486712E-01                0.858340389E+00 + -0.112307763E+00 i      0.559E-06                         
 0.286000000E+02       0.352117433E-01                0.850348289E+00 + -0.110620954E+00 i      0.576E-06                         
 0.287000000E+02       0.346870600E-01                0.842524769E+00 + -0.108972613E+00 i      0.571E-06                         
 0.288000000E+02       0.341693204E-01                0.834868538E+00 + -0.107346086E+00 i      0.589E-06                         
 0.289000000E+02       0.336526861E-01                0.827372084E+00 + -0.105723031E+00 i      0.641E-06                         
 0.290000000E+02       0.331317994E-01                0.820020776E+00 + -0.104086618E+00 i      0.707E-06                         
 0.291000000E+02       0.326028974E-01                0.812793837E+00 + -0.102425023E+00 i      0.754E-06                         
 0.292000000E+02       0.320646708E-01                0.805667075E+00 + -0.100734134E+00 i      0.742E-06                         
 0.293000000E+02       0.315185540E-01                0.798616827E+00 + -0.990184576E-01 i      0.662E-06                         
 0.294000000E+02       0.309682727E-01                0.791623792E+00 + -0.972896980E-01 i      0.582E-06                         
 0.295000000E+02       0.304188464E-01                0.784675268E+00 + -0.955636244E-01 i      0.551E-06                         
 0.296000000E+02       0.298754954E-01                0.777765298E+00 + -0.938566368E-01 i      0.550E-06                         
 0.297000000E+02       0.293428352E-01                0.770893095E+00 + -0.921832356E-01 i      0.916E-06                         
 0.298000000E+02       0.288245999E-01                0.764061090E+00 + -0.905551512E-01 i      0.878E-06                         
 0.299000000E+02       0.283236964E-01                0.757272930E+00 + -0.889815165E-01 i      0.960E-06                         
 0.300000000E+02       0.278425652E-01                0.750532977E+00 + -0.874699982E-01 i      0.961E-06                         
 0.301000000E+02       0.273833604E-01                0.743846472E+00 + -0.860273639E-01 i      0.921E-06                         
 0.302000000E+02       0.269479602E-01                0.737220037E+00 + -0.846595137E-01 i      0.946E-06                         
 0.303000000E+02       0.265377652E-01                0.730662022E+00 + -0.833708483E-01 i      0.938E-06                         
 0.304000000E+02       0.261534364E-01                0.724182182E+00 + -0.821634438E-01 i      0.913E-06                         
 0.305000000E+02       0.257947210E-01                0.717790929E+00 + -0.810365060E-01 i      0.928E-06                         
 0.306000000E+02       0.254604162E-01                0.711498447E+00 + -0.799862565E-01 i      0.558E-06                         
 0.307000000E+02       0.251483655E-01                0.705313608E+00 + -0.790059203E-01 i      0.585E-06                         
 0.308000000E+02       0.248557452E-01                0.699243447E+00 + -0.780866266E-01 i      0.606E-06                         
 0.309000000E+02       0.245791566E-01                0.693292715E+00 + -0.772176979E-01 i      0.650E-06                         
 0.310000000E+02       0.243148052E-01                0.687463420E+00 + -0.763872134E-01 i      0.707E-06                         
 0.311000000E+02       0.240587396E-01                0.681754416E+00 + -0.755827597E-01 i      0.738E-06                         
 0.312000000E+02       0.238071701E-01                0.676161190E+00 + -0.747924306E-01 i      0.733E-06                         
 0.313000000E+02       0.235568372E-01                0.670676078E+00 + -0.740059868E-01 i      0.711E-06                         
 0.314000000E+02       0.233053518E-01                0.665288998E+00 + -0.732159220E-01 i      0.691E-06                         
 0.315000000E+02       0.230514128E-01                0.659988616E+00 + -0.724181492E-01 i      0.677E-06                         
 0.316000000E+02       0.227948423E-01                0.654763709E+00 + -0.716121092E-01 i      0.673E-06                         
 0.317000000E+02       0.225364231E-01                0.649604388E+00 + -0.708002614E-01 i      0.690E-06                         
 0.318000000E+02       0.222776018E-01                0.644502888E+00 + -0.699871503E-01 i      0.712E-06                         
 0.319000000E+02       0.220201558E-01                0.639453800E+00 + -0.691783597E-01 i      0.701E-06                         
 0.320000000E+02       0.217659176E-01                0.634453818E+00 + -0.683796467E-01 i      0.691E-06                         
 0.321000000E+02       0.215166452E-01                0.629501214E+00 + -0.675965346E-01 i      0.716E-06                         
 0.322000000E+02       0.212740482E-01                0.624595502E+00 + -0.668343935E-01 i      0.959E-06                         
 0.323000000E+02       0.210397856E-01                0.619737773E+00 + -0.660984359E-01 i      0.900E-06                         
 0.324000000E+02       0.208153019E-01                0.614930719E+00 + -0.653931997E-01 i      0.865E-06                         
 0.325000000E+02       0.206016571E-01                0.610178633E+00 + -0.647220147E-01 i      0.852E-06                         
 0.326000000E+02       0.203992577E-01                0.605486955E+00 + -0.640861582E-01 i      0.796E-06                         
 0.327000000E+02       0.202077651E-01                0.600861138E+00 + -0.634845664E-01 i      0.784E-06                         
 0.328000000E+02       0.200262228E-01                0.596305721E+00 + -0.629142344E-01 i      0.824E-06                         
 0.329000000E+02       0.198533042E-01                0.591823834E+00 + -0.623709946E-01 i      0.870E-06                         
 0.330000000E+02       0.196875444E-01                0.587417231E+00 + -0.618502449E-01 i      0.935E-06                         
 0.331000000E+02       0.195274474E-01                0.583086664E+00 + -0.613472852E-01 i      0.619E-06                         
 0.332000000E+02       0.193715187E-01                0.578831944E+00 + -0.608574208E-01 i      0.614E-06                         
 0.333000000E+02       0.192182374E-01                0.574652143E+00 + -0.603758733E-01 i      0.599E-06                         
 0.334000000E+02       0.190660942E-01                0.570545292E+00 + -0.598979015E-01 i      0.589E-06                         
 0.335000000E+02       0.189137165E-01                0.566508281E+00 + -0.594191929E-01 i      0.991E-06                         
 0.336000000E+02       0.187600105E-01                0.562536910E+00 + -0.589363110E-01 i      0.976E-06                         
 0.337000000E+02       0.186043245E-01                0.558626528E+00 + -0.584472093E-01 i      0.577E-06                         
 0.338000000E+02       0.184464335E-01                0.554772463E+00 + -0.579511798E-01 i      0.598E-06                         
 0.339000000E+02       0.182865086E-01                0.550970670E+00 + -0.574487612E-01 i      0.616E-06                         
 0.340000000E+02       0.181249617E-01                0.547218168E+00 + -0.569412465E-01 i      0.623E-06                         
 0.341000000E+02       0.179622509E-01                0.543513199E+00 + -0.564300754E-01 i      0.588E-06                         
 0.342000000E+02       0.177986669E-01                0.539855017E+00 + -0.559161610E-01 i      0.588E-06                         
 0.343000000E+02       0.176342082E-01                0.536243406E+00 + -0.553994988E-01 i      0.605E-06                         
 0.344000000E+02       0.174685785E-01                0.532678079E+00 + -0.548791579E-01 i      0.621E-06                         
 0.345000000E+02       0.173011916E-01                0.529158202E+00 + -0.543532965E-01 i      0.987E-06                         
 0.346000000E+02       0.171313298E-01                0.525681684E+00 + -0.538196598E-01 i      0.946E-06                         
 0.347000000E+02       0.169583606E-01                0.522245283E+00 + -0.532762610E-01 i      0.894E-06                         
 0.348000000E+02       0.167819754E-01                0.518844514E+00 + -0.527221306E-01 i      0.875E-06                         
 0.349000000E+02       0.166024226E-01                0.515474345E+00 + -0.521580489E-01 i      0.962E-06                         
 0.350000000E+02       0.164205783E-01                0.512130232E+00 + -0.515867681E-01 i      0.620E-06                         
 0.351000000E+02       0.162377862E-01                0.508809396E+00 + -0.510125098E-01 i      0.690E-06                         
 0.352000000E+02       0.160555007E-01                0.505511153E+00 + -0.504398431E-01 i      0.738E-06                         
 0.353000000E+02       0.158748711E-01                0.502236934E+00 + -0.498723784E-01 i      0.797E-06                         
 0.354000000E+02       0.156964269E-01                0.498989222E+00 + -0.493117795E-01 i      0.887E-06                         
 0.355000000E+02       0.155200506E-01                0.495770158E+00 + -0.487576769E-01 i      0.950E-06                         
 0.356000000E+02       0.153452266E-01                0.492580493E+00 + -0.482084512E-01 i      0.997E-06                         
 0.357000000E+02       0.151714035E-01                0.489419234E+00 + -0.476623698E-01 i      0.683E-06                         
 0.358000000E+02       0.149983278E-01                0.486284006E+00 + -0.471186365E-01 i      0.687E-06                         
 0.359000000E+02       0.148262954E-01                0.483171881E+00 + -0.465781807E-01 i      0.668E-06                         
 0.360000000E+02       0.146561357E-01                0.480080547E+00 + -0.460436081E-01 i      0.639E-06                         
 0.361000000E+02       0.144890453E-01                0.477009161E+00 + -0.455186783E-01 i      0.619E-06                         
 0.362000000E+02       0.143263072E-01                0.473958827E+00 + -0.450074215E-01 i      0.602E-06                         
 0.363000000E+02       0.141689848E-01                0.470932577E+00 + -0.445131784E-01 i      0.607E-06                         
 0.364000000E+02       0.140176446E-01                0.467934993E+00 + -0.440377294E-01 i      0.589E-06                         
 0.365000000E+02       0.138721535E-01                0.464971429E+00 + -0.435806555E-01 i      0.974E-06                         
 0.366000000E+02       0.137315953E-01                0.462046968E+00 + -0.431390790E-01 i      0.897E-06                         
 0.367000000E+02       0.135943362E-01                0.459165421E+00 + -0.427078667E-01 i      0.814E-06                         
 0.368000000E+02       0.134582386E-01                0.456328393E+00 + -0.422803034E-01 i      0.770E-06                         
 0.369000000E+02       0.133209514E-01                0.453534724E+00 + -0.418490030E-01 i      0.747E-06                         
 0.370000000E+02       0.131803068E-01                0.450780310E+00 + -0.414071551E-01 i      0.722E-06                         
 0.371000000E+02       0.130347013E-01                0.448058497E+00 + -0.409497218E-01 i      0.652E-06                         
 0.372000000E+02       0.128833900E-01                0.445360999E+00 + -0.404743632E-01 i      0.987E-06                         
 0.373000000E+02       0.127266145E-01                0.442679117E+00 + -0.399818387E-01 i      0.856E-06                         
 0.374000000E+02       0.125655933E-01                0.440004920E+00 + -0.394759756E-01 i      0.815E-06                         
 0.375000000E+02       0.124023249E-01                0.437332403E+00 + -0.389630528E-01 i      0.769E-06                         
 0.376000000E+02       0.122392819E-01                0.434658106E+00 + -0.384508380E-01 i      0.707E-06                         
 0.377000000E+02       0.120791133E-01                0.431981370E+00 + -0.379476537E-01 i      0.645E-06                         
 0.378000000E+02       0.119243338E-01                0.429304344E+00 + -0.374613995E-01 i      0.577E-06                         
 0.379000000E+02       0.117770234E-01                0.426631642E+00 + -0.369986102E-01 i      0.943E-06                         
 0.380000000E+02       0.116386164E-01                0.423969616E+00 + -0.365637918E-01 i      0.860E-06                         
 0.381000000E+02       0.115097294E-01                0.421325670E+00 + -0.361588814E-01 i      0.819E-06                         
 0.382000000E+02       0.113901302E-01                0.418707190E+00 + -0.357831492E-01 i      0.835E-06                         
 0.383000000E+02       0.112788063E-01                0.416120618E+00 + -0.354334149E-01 i      0.863E-06                         
 0.384000000E+02       0.111741531E-01                0.413570652E+00 + -0.351046372E-01 i      0.859E-06                         
 0.385000000E+02       0.110742450E-01                0.411059784E+00 + -0.347907666E-01 i      0.813E-06                         
 0.386000000E+02       0.109771353E-01                0.408588247E+00 + -0.344856875E-01 i      0.784E-06                         
 0.387000000E+02       0.108811060E-01                0.406154351E+00 + -0.341840028E-01 i      0.780E-06                         
 0.388000000E+02       0.107848384E-01                0.403754995E+00 + -0.338815691E-01 i      0.694E-06                         
 0.389000000E+02       0.106874918E-01                0.401386401E+00 + -0.335757457E-01 i      0.763E-06                         
 0.390000000E+02       0.105886888E-01                0.399044613E+00 + -0.332653468E-01 i      0.801E-06                         
 0.391000000E+02       0.104884606E-01                0.396726128E+00 + -0.329504707E-01 i      0.774E-06                         
 0.392000000E+02       0.103870767E-01                0.394428224E+00 + -0.326319639E-01 i      0.754E-06                         
 0.393000000E+02       0.102848967E-01                0.392148965E+00 + -0.323109560E-01 i      0.779E-06                         
 0.394000000E+02       0.101822606E-01                0.389887028E+00 + -0.319885151E-01 i      0.799E-06                         
 0.395000000E+02       0.100794214E-01                0.387641398E+00 + -0.316654363E-01 i      0.756E-06                         
 0.396000000E+02       0.997655857E-02                0.385411024E+00 + -0.313422831E-01 i      0.692E-06                         
 0.397000000E+02       0.987386229E-02                0.383194622E+00 + -0.310196532E-01 i      0.690E-06                         
 0.398000000E+02       0.977162713E-02                0.380990711E+00 + -0.306984720E-01 i      0.676E-06                         
 0.399000000E+02       0.967031762E-02                0.378797823E+00 + -0.303801988E-01 i      0.624E-06                         
 0.400000000E+02       0.957057695E-02                0.376614787E+00 + -0.300668542E-01 i      0.583E-06                         
