Command: /Users/laurenjin/envs/smlr-frib/bin/python -u /Users/laurenjin/Documents/projects/SMLR-package/SMLR-jingy/Dipole_polarizability/src/main_gpt2.py --strength-dir /Users/laurenjin/Documents/projects/SMLR-package/SMLR-jingy/extra_docs/yukiya_4d/total_strength --alphaD-dir /Users/laurenjin/Documents/projects/SMLR-package/SMLR-jingy/extra_docs/yukiya_4d/total_alphaD --strength-regex strength_(?P<p1>-?[0-9.]+)_(?P<p2>-?[0-9.]+)_(?P<p3>-?[0-9.]+)_(?P<p4>-?[0-9.]+)\.out --n 10 --retain 0.5 --fold 1.0 --ansatz linear_exp --width-model affine --w-strength 1.0 --w-alphaD 0.0 --learning-rate 0.003 --n-restarts 1 --seed0 420 --num-iter 4000 --print-every 500 --plots save --save-dir /Users/laurenjin/Documents/projects/SMLR-package/SMLR-jingy/extra_docs/yukiya_4d/runs_smlr/yukiya_strength_sweep/le_n10_r050_f100_lr003

Running script: /Users/laurenjin/Documents/projects/SMLR-package/SMLR-jingy/Dipole_polarizability/src/main_gpt2.py
Imported helper: /Users/laurenjin/Documents/projects/SMLR-package/SMLR-jingy/Dipole_polarizability/src/helper_gpt.py
Working directory: /Users/laurenjin/Documents/projects/SMLR-package/SMLR-jingy
Loaded dataset
  param names: ['p1', 'p2', 'p3', 'p4']
  total matched samples: 50
  train samples: 50
  test samples: 0
  train central point: [-250.0, 125.0, -125.0, -125.0]
  config: {'n': 10, 'n_params': 4, 'ansatz': 'linear_exp', 'width_model': 'affine', 'use_vector_terms': True, 'n_basis': 8, 'n_upper': 55, 'n_trainable': 510}
2026-05-19 14:50:50.690892: W external/local_xla/xla/tsl/platform/profile_utils/cpu_utils.cc:145] Failed to get CPU frequency: 0 Hz
WARNING: All log messages before absl::InitializeLog() is called are written to STDERR
W0000 00:00:1779216650.693590 82869262 op_level_cost_estimator.cc:743] Invalid device specifications for CPU: goo.gle/debugstr  type: "CPU" model: "0" num_cores: 8 environment { key: "cpu_instruction_set" value: "ARM NEON" } environment { key: "eigen" value: "3.4.90" } l1_cache_size: 16384 l2_cache_size: 524288 l3_cache_size: 524288 memory_size: 268435456

========== RESTART 1/1 (seed=420) ==========
[seed 420] iter      0 | cost=1.427838e+01 | mean alphaD rel=1.010e+00 | strength=1.428e+01 | alphaD=0.000e+00 | m1=0.000e+00
[seed 420] iter    500 | cost=2.467662e-02 | mean alphaD rel=9.983e-01 | strength=2.468e-02 | alphaD=0.000e+00 | m1=0.000e+00
[seed 420] iter   1000 | cost=2.269267e-02 | mean alphaD rel=9.986e-01 | strength=2.269e-02 | alphaD=0.000e+00 | m1=0.000e+00
[seed 420] iter   1500 | cost=1.990994e-02 | mean alphaD rel=9.987e-01 | strength=1.991e-02 | alphaD=0.000e+00 | m1=0.000e+00
[seed 420] iter   2000 | cost=1.756948e-02 | mean alphaD rel=9.992e-01 | strength=1.757e-02 | alphaD=0.000e+00 | m1=0.000e+00
[seed 420] iter   2500 | cost=1.003642e-02 | mean alphaD rel=9.992e-01 | strength=1.004e-02 | alphaD=0.000e+00 | m1=0.000e+00
[seed 420] iter   3000 | cost=9.503696e-03 | mean alphaD rel=9.993e-01 | strength=9.504e-03 | alphaD=0.000e+00 | m1=0.000e+00
[seed 420] iter   3500 | cost=9.776760e-03 | mean alphaD rel=9.992e-01 | strength=9.777e-03 | alphaD=0.000e+00 | m1=0.000e+00
[seed 420] train metrics: {'cost': 0.009221574291586876, 'strength_cost': 0.009221574291586876, 'alphaD_cost': 0.0, 'm1_cost': 0.0, 'alphaD_rel': 0.9992451667785645}

*** GLOBAL BEST *** cost=9.072068e-03 (seed=420, iter=3415)
Saved outputs in /Users/laurenjin/Documents/projects/SMLR-package/SMLR-jingy/extra_docs/yukiya_4d/runs_smlr/yukiya_strength_sweep/le_n10_r050_f100_lr003
