Command: /Users/laurenjin/envs/smlr-frib/bin/python -u /Users/laurenjin/Documents/projects/SMLR-package/SMLR-jingy/Dipole_polarizability/src/main_gpt2.py --strength-dir /Users/laurenjin/Documents/projects/SMLR-package/SMLR-jingy/extra_docs/yukiya_4d/total_strength --alphaD-dir /Users/laurenjin/Documents/projects/SMLR-package/SMLR-jingy/extra_docs/yukiya_4d/total_alphaD --strength-regex strength_(?P<p1>-?[0-9.]+)_(?P<p2>-?[0-9.]+)_(?P<p3>-?[0-9.]+)_(?P<p4>-?[0-9.]+)\.out --n 6 --retain 0.5 --fold 0.75 --ansatz linear_exp --width-model affine --w-strength 1.0 --w-alphaD 0.0 --learning-rate 0.01 --n-restarts 1 --seed0 420 --num-iter 4000 --print-every 500 --plots save --save-dir /Users/laurenjin/Documents/projects/SMLR-package/SMLR-jingy/extra_docs/yukiya_4d/runs_smlr/yukiya_strength_sweep/le_n6_r050_f075_lr010

Matplotlib is building the font cache; this may take a moment.
Running script: /Users/laurenjin/Documents/projects/SMLR-package/SMLR-jingy/Dipole_polarizability/src/main_gpt2.py
Imported helper: /Users/laurenjin/Documents/projects/SMLR-package/SMLR-jingy/Dipole_polarizability/src/helper_gpt.py
Working directory: /Users/laurenjin/Documents/projects/SMLR-package/SMLR-jingy
Loaded dataset
  param names: ['p1', 'p2', 'p3', 'p4']
  total matched samples: 50
  train samples: 50
  test samples: 0
  train central point: [-250.0, 125.0, -125.0, -125.0]
  config: {'n': 6, 'n_params': 4, 'ansatz': 'linear_exp', 'width_model': 'affine', 'use_vector_terms': True, 'n_basis': 8, 'n_upper': 21, 'n_trainable': 214}
2026-05-19 14:50:01.702353: W external/local_xla/xla/tsl/platform/profile_utils/cpu_utils.cc:145] Failed to get CPU frequency: 0 Hz
WARNING: All log messages before absl::InitializeLog() is called are written to STDERR
W0000 00:00:1779216601.724626 82867938 op_level_cost_estimator.cc:743] Invalid device specifications for CPU: goo.gle/debugonly    type: "CPU" model: "0" num_cores: 8 environment { key: "cpu_instruction_set" value: "ARM NEON" } environment { key: "eigen" value: "3.4.90" } l1_cache_size: 16384 l2_cache_size: 524288 l3_cache_size: 524288 memory_size: 268435456

========== RESTART 1/1 (seed=420) ==========
[seed 420] iter      0 | cost=1.552205e+01 | mean alphaD rel=9.428e-01 | strength=1.552e+01 | alphaD=0.000e+00 | m1=0.000e+00
[seed 420] iter    500 | cost=2.478383e-02 | mean alphaD rel=9.989e-01 | strength=2.478e-02 | alphaD=0.000e+00 | m1=0.000e+00
[seed 420] iter   1000 | cost=2.179136e-02 | mean alphaD rel=9.985e-01 | strength=2.179e-02 | alphaD=0.000e+00 | m1=0.000e+00
[seed 420] iter   1500 | cost=2.061574e-02 | mean alphaD rel=9.983e-01 | strength=2.062e-02 | alphaD=0.000e+00 | m1=0.000e+00
[seed 420] iter   2000 | cost=1.934370e-02 | mean alphaD rel=9.985e-01 | strength=1.934e-02 | alphaD=0.000e+00 | m1=0.000e+00
[seed 420] iter   2500 | cost=1.617779e-02 | mean alphaD rel=9.988e-01 | strength=1.618e-02 | alphaD=0.000e+00 | m1=0.000e+00
[seed 420] iter   3000 | cost=1.428991e-02 | mean alphaD rel=9.991e-01 | strength=1.429e-02 | alphaD=0.000e+00 | m1=0.000e+00
[seed 420] iter   3500 | cost=1.566136e-02 | mean alphaD rel=9.991e-01 | strength=1.566e-02 | alphaD=0.000e+00 | m1=0.000e+00
[seed 420] train metrics: {'cost': 0.014147268608212471, 'strength_cost': 0.014147268608212471, 'alphaD_cost': 0.0, 'm1_cost': 0.0, 'alphaD_rel': 0.9990168809890747}

*** GLOBAL BEST *** cost=1.129191e-02 (seed=420, iter=2606)
Saved outputs in /Users/laurenjin/Documents/projects/SMLR-package/SMLR-jingy/extra_docs/yukiya_4d/runs_smlr/yukiya_strength_sweep/le_n6_r050_f075_lr010
