Command: /Users/laurenjin/envs/smlr-frib/bin/python -u /Users/laurenjin/Documents/projects/SMLR-package/SMLR-jingy/Dipole_polarizability/src/main_gpt2.py --strength-dir /Users/laurenjin/Documents/projects/SMLR-package/SMLR-jingy/extra_docs/yukiya_4d/total_strength --alphaD-dir /Users/laurenjin/Documents/projects/SMLR-package/SMLR-jingy/extra_docs/yukiya_4d/total_alphaD --strength-regex strength_(?P<p1>-?[0-9.]+)_(?P<p2>-?[0-9.]+)_(?P<p3>-?[0-9.]+)_(?P<p4>-?[0-9.]+)\.out --n 6 --retain 0.67 --fold 1.0 --ansatz linear_exp --width-model affine --w-strength 1.0 --w-alphaD 0.0 --learning-rate 0.007 --n-restarts 1 --seed0 420 --num-iter 4000 --print-every 500 --plots save --save-dir /Users/laurenjin/Documents/projects/SMLR-package/SMLR-jingy/extra_docs/yukiya_4d/runs_smlr/yukiya_strength_sweep/le_n6_r067_f100_lr007

Running script: /Users/laurenjin/Documents/projects/SMLR-package/SMLR-jingy/Dipole_polarizability/src/main_gpt2.py
Imported helper: /Users/laurenjin/Documents/projects/SMLR-package/SMLR-jingy/Dipole_polarizability/src/helper_gpt.py
Working directory: /Users/laurenjin/Documents/projects/SMLR-package/SMLR-jingy
Loaded dataset
  param names: ['p1', 'p2', 'p3', 'p4']
  total matched samples: 50
  train samples: 50
  test samples: 0
  train central point: [-250.0, 125.0, -125.0, -125.0]
  config: {'n': 6, 'n_params': 4, 'ansatz': 'linear_exp', 'width_model': 'affine', 'use_vector_terms': True, 'n_basis': 8, 'n_upper': 21, 'n_trainable': 214}
2026-05-19 14:50:11.466257: W external/local_xla/xla/tsl/platform/profile_utils/cpu_utils.cc:145] Failed to get CPU frequency: 0 Hz
WARNING: All log messages before absl::InitializeLog() is called are written to STDERR
W0000 00:00:1779216611.469223 82868455 op_level_cost_estimator.cc:743] Invalid device specifications for CPU: goo.gle/debugproto   type: "CPU" model: "0" num_cores: 8 environment { key: "cpu_instruction_set" value: "ARM NEON" } environment { key: "eigen" value: "3.4.90" } l1_cache_size: 16384 l2_cache_size: 524288 l3_cache_size: 524288 memory_size: 268435456

========== RESTART 1/1 (seed=420) ==========
[seed 420] iter      0 | cost=2.583678e+01 | mean alphaD rel=9.455e-01 | strength=2.584e+01 | alphaD=0.000e+00 | m1=0.000e+00
[seed 420] iter    500 | cost=2.840939e-02 | mean alphaD rel=9.995e-01 | strength=2.841e-02 | alphaD=0.000e+00 | m1=0.000e+00
[seed 420] iter   1000 | cost=2.325444e-02 | mean alphaD rel=9.993e-01 | strength=2.325e-02 | alphaD=0.000e+00 | m1=0.000e+00
[seed 420] iter   1500 | cost=2.136783e-02 | mean alphaD rel=9.989e-01 | strength=2.137e-02 | alphaD=0.000e+00 | m1=0.000e+00
[seed 420] iter   2000 | cost=2.044377e-02 | mean alphaD rel=9.989e-01 | strength=2.044e-02 | alphaD=0.000e+00 | m1=0.000e+00
[seed 420] iter   2500 | cost=1.896578e-02 | mean alphaD rel=9.990e-01 | strength=1.897e-02 | alphaD=0.000e+00 | m1=0.000e+00
[seed 420] iter   3000 | cost=1.489407e-02 | mean alphaD rel=9.991e-01 | strength=1.489e-02 | alphaD=0.000e+00 | m1=0.000e+00
[seed 420] iter   3500 | cost=9.469662e-03 | mean alphaD rel=9.991e-01 | strength=9.470e-03 | alphaD=0.000e+00 | m1=0.000e+00
[seed 420] train metrics: {'cost': 0.008573999628424644, 'strength_cost': 0.008573999628424644, 'alphaD_cost': 0.0, 'm1_cost': 0.0, 'alphaD_rel': 0.9990883469581604}

*** GLOBAL BEST *** cost=8.305867e-03 (seed=420, iter=3779)
Saved outputs in /Users/laurenjin/Documents/projects/SMLR-package/SMLR-jingy/extra_docs/yukiya_4d/runs_smlr/yukiya_strength_sweep/le_n6_r067_f100_lr007
