Command: /Users/laurenjin/envs/smlr-frib/bin/python -u /Users/laurenjin/Documents/projects/SMLR-package/SMLR-jingy/Dipole_polarizability/src/main_gpt2.py --strength-dir /Users/laurenjin/Documents/projects/SMLR-package/SMLR-jingy/extra_docs/yukiya_4d/total_strength --alphaD-dir /Users/laurenjin/Documents/projects/SMLR-package/SMLR-jingy/extra_docs/yukiya_4d/total_alphaD --strength-regex strength_(?P<p1>-?[0-9.]+)_(?P<p2>-?[0-9.]+)_(?P<p3>-?[0-9.]+)_(?P<p4>-?[0-9.]+)\.out --n 10 --retain 0.6 --fold 1.5 --ansatz linear_exp --width-model affine --w-strength 1.0 --w-alphaD 0.0 --learning-rate 0.003 --n-restarts 1 --seed0 420 --num-iter 4000 --print-every 500 --plots save --save-dir /Users/laurenjin/Documents/projects/SMLR-package/SMLR-jingy/extra_docs/yukiya_4d/runs_smlr/yukiya_strength_sweep/le_n10_r060_f150_lr003

Running script: /Users/laurenjin/Documents/projects/SMLR-package/SMLR-jingy/Dipole_polarizability/src/main_gpt2.py
Imported helper: /Users/laurenjin/Documents/projects/SMLR-package/SMLR-jingy/Dipole_polarizability/src/helper_gpt.py
Working directory: /Users/laurenjin/Documents/projects/SMLR-package/SMLR-jingy
Loaded dataset
  param names: ['p1', 'p2', 'p3', 'p4']
  total matched samples: 50
  train samples: 50
  test samples: 0
  train central point: [-250.0, 125.0, -125.0, -125.0]
  config: {'n': 10, 'n_params': 4, 'ansatz': 'linear_exp', 'width_model': 'affine', 'use_vector_terms': True, 'n_basis': 8, 'n_upper': 55, 'n_trainable': 510}
2026-05-19 14:51:01.491452: W external/local_xla/xla/tsl/platform/profile_utils/cpu_utils.cc:145] Failed to get CPU frequency: 0 Hz
WARNING: All log messages before absl::InitializeLog() is called are written to STDERR
W0000 00:00:1779216661.494168 82869510 op_level_cost_estimator.cc:743] Invalid device specifications for CPU: goo.gle/debugstr    type: "CPU" model: "0" num_cores: 8 environment { key: "cpu_instruction_set" value: "ARM NEON" } environment { key: "eigen" value: "3.4.90" } l1_cache_size: 16384 l2_cache_size: 524288 l3_cache_size: 524288 memory_size: 268435456

========== RESTART 1/1 (seed=420) ==========
[seed 420] iter      0 | cost=1.475263e+01 | mean alphaD rel=9.990e-01 | strength=1.475e+01 | alphaD=0.000e+00 | m1=0.000e+00
[seed 420] iter    500 | cost=2.661341e-02 | mean alphaD rel=9.978e-01 | strength=2.661e-02 | alphaD=0.000e+00 | m1=0.000e+00
[seed 420] iter   1000 | cost=2.409318e-02 | mean alphaD rel=9.981e-01 | strength=2.409e-02 | alphaD=0.000e+00 | m1=0.000e+00
[seed 420] iter   1500 | cost=2.101718e-02 | mean alphaD rel=9.986e-01 | strength=2.102e-02 | alphaD=0.000e+00 | m1=0.000e+00
[seed 420] iter   2000 | cost=1.233225e-02 | mean alphaD rel=9.987e-01 | strength=1.233e-02 | alphaD=0.000e+00 | m1=0.000e+00
[seed 420] iter   2500 | cost=8.396297e-03 | mean alphaD rel=9.986e-01 | strength=8.396e-03 | alphaD=0.000e+00 | m1=0.000e+00
[seed 420] iter   3000 | cost=8.103609e-03 | mean alphaD rel=9.985e-01 | strength=8.104e-03 | alphaD=0.000e+00 | m1=0.000e+00
[seed 420] iter   3500 | cost=8.942628e-03 | mean alphaD rel=9.985e-01 | strength=8.943e-03 | alphaD=0.000e+00 | m1=0.000e+00
[seed 420] train metrics: {'cost': 0.007645000237971544, 'strength_cost': 0.007645000237971544, 'alphaD_cost': 0.0, 'm1_cost': 0.0, 'alphaD_rel': 0.99847012758255}

*** GLOBAL BEST *** cost=7.570500e-03 (seed=420, iter=3637)
Saved outputs in /Users/laurenjin/Documents/projects/SMLR-package/SMLR-jingy/extra_docs/yukiya_4d/runs_smlr/yukiya_strength_sweep/le_n10_r060_f150_lr003
