1.060108966142780851e+01 8.184778783825744767e-17
1.252937925367040961e+01 2.281765824425086405e-17
1.274264102562620771e+01 9.055004692225281093e-02
1.313072529178201187e+01 2.831053033257927839e-17
1.313072529178385395e+01 9.115400866060420417e-18
1.313424427846364573e+01 2.393459394489846903e-02
1.398737916470344267e+01 3.449259273627377793e-03
1.398737916470419762e+01 8.126646879176718796e-03
1.462711302671565505e+01 5.743377147301542963e-22
1.547492738100119247e+01 8.271657603343525456e-02
1.669403261180758236e+01 2.005023266975022082e-16
1.696641812462287646e+01 4.536684788961287129e-02
1.703654664782584405e+01 3.973918016458024722e-17
1.703654664784860984e+01 1.366179924600018786e-15
1.705320327059591889e+01 9.117008801731096238e-04
1.705320327061762598e+01 9.740800886786499246e-03
1.776622138238341009e+01 1.355197353262393237e-16
1.882576090802660218e+01 3.462110279589759606e-16
1.892382192334937585e+01 3.636443062935965087e-02
2.030606600281830154e+01 1.836331028736863658e-01
2.375710884603673279e+01 1.815657523390450222e-18
2.375710884604801976e+01 1.141882127716772755e-16
2.384422923633634994e+01 3.422156836078001980e-05
2.384422923637919212e+01 1.616121580956156973e-03
2.418000576292391557e+01 1.803571214898061340e-17
2.418000576292418913e+01 2.118873792185185525e-18
2.532888441451562755e+01 3.932542857419706658e-16
2.591832376952536166e+01 2.048414250948383045e-02
2.629193267100750475e+01 1.065855976753877082e-01
2.643209942982243987e+01 4.049606395761540245e-02
2.643209942987907368e+01 1.424722744704442221e-03
2.651824352267103180e+01 7.361541757844363605e-16
2.651824352273099805e+01 2.561272152235205734e-16
2.654608589484941916e+01 2.065509309494087745e-02
2.654608589485059511e+01 1.446762814272696193e-02
2.669254738767771684e+01 3.673109329446376988e-15
2.828123647832734022e+01 3.776353613549044840e-20
2.828123647834861387e+01 9.261358735247101476e-21
2.829177494212897415e+01 3.163963657063893851e-03
2.829177494215092992e+01 2.186593155710946817e-05
2.848692673989626911e+01 1.177812674220364443e-15
2.848692674002121095e+01 1.813595386562753489e-16
2.853881613874186840e+01 2.625124177256591557e-02
2.853881613888695412e+01 1.946796697045395305e-02
2.947981291809005455e+01 2.629275499552505627e-03
2.957723561517605404e+01 1.238605484921708246e-14
3.013460968280921648e+01 1.162834740943995554e-01
3.042285909291523893e+01 2.950957831871182690e-14
3.057781776649785144e+01 4.961079011488995469e-17
3.057781776670913132e+01 1.142508597926211171e-14
3.130144773771401745e+01 3.189308292510880842e-06
3.130144773792051893e+01 2.245201369088853502e-04
3.179394974414422848e+01 8.561081420027100153e-02
3.254435131783463930e+01 1.274885533680013371e-13
3.323978717353370627e+01 5.329993312288417015e-04
3.384801129744536752e+01 9.346917479475687368e-13
3.387453766276372846e+01 8.227332086349962815e-16
3.387453766290842339e+01 5.562356716243173518e-15
3.404752501904613382e+01 5.874068210719817981e-03
