1.060108966142780851e+01 1.279352684160457162e-19
1.252937925367040961e+01 2.208218534163689388e-22
1.274264102562620771e+01 3.311655248084736242e-02
1.313072529178201187e+01 4.733826314898753984e-19
1.313072529178385395e+01 8.694343266334614301e-19
1.313424427846364573e+01 4.138174160074919897e-04
1.398737916470344267e+01 1.657129731455728909e-03
1.398737916470419762e+01 3.904290758879126570e-03
1.462711302671565505e+01 4.334330236346295580e-20
1.547492738100119247e+01 1.451645765700715351e-02
1.669403261180758236e+01 2.214061414551900951e-18
1.696641812462287646e+01 7.762929873919089448e-04
1.703654664782584405e+01 9.474473134180860861e-21
1.703654664784860984e+01 6.926703016036188055e-19
1.705320327059591889e+01 2.337388005091274682e-05
1.705320327061762598e+01 2.497313078040238579e-04
1.776622138238341009e+01 1.084917824322738477e-18
1.882576090802660218e+01 2.333957013586304719e-18
1.892382192334937585e+01 1.199190495423536060e-04
2.030606600281830154e+01 1.002197344890938882e-02
2.375710884603673279e+01 4.563352185878061826e-21
2.375710884604801976e+01 5.212299121370009729e-20
2.384422923633634994e+01 3.309139727501684816e-07
2.384422923637919212e+01 1.562749402426839447e-05
2.418000576292391557e+01 1.582875229408902297e-18
2.418000576292418913e+01 3.265425046218146233e-19
2.532888441451562755e+01 6.024972557207379165e-21
2.591832376952536166e+01 1.869522033263315477e-03
2.629193267100750475e+01 3.546410089052396590e-04
2.643209942982243987e+01 1.638351460788078017e-04
2.643209942987907368e+01 5.764004987077368607e-06
2.651824352267103180e+01 1.005893273127789039e-20
2.651824352273099805e+01 2.632769447764155005e-19
2.654608589484941916e+01 1.640114509349278058e-03
2.654608589485059511e+01 1.148799835230824651e-03
2.669254738767771684e+01 3.541177756108310862e-19
2.828123647832734022e+01 2.402528680994780631e-19
2.828123647834861387e+01 1.563475583880383438e-20
2.829177494212897415e+01 1.015296502800041527e-06
2.829177494215092992e+01 7.016633297037976875e-09
2.848692673989626911e+01 2.153592041758958974e-17
2.848692674002121095e+01 1.482771521318464227e-18
2.853881613874186840e+01 5.807155387149885652e-05
2.853881613888695412e+01 4.306599557480402239e-05
2.947981291809005455e+01 2.144203097828461006e-05
2.957723561517605404e+01 3.601856420949323863e-16
3.013460968280921648e+01 1.437193541300418572e-03
3.042285909291523893e+01 1.016807357745137671e-16
3.057781776649785144e+01 3.119653786226630162e-20
3.057781776670913132e+01 7.288497212914368064e-18
3.130144773771401745e+01 4.972956101674990941e-08
3.130144773792051893e+01 3.500844045487702945e-06
3.179394974414422848e+01 8.985243037348520940e-04
3.254435131783463930e+01 1.514708891782788586e-16
3.323978717353370627e+01 2.616590292381929654e-09
3.384801129744536752e+01 8.382725462037193518e-16
3.387453766276372846e+01 1.899419372868550414e-16
3.387453766290842339e+01 1.474224119886158984e-17
3.404752501904613382e+01 1.276614122575686246e-05
