1.060108966142780851e+01 6.193485016120216308e-22
1.252937925367040961e+01 3.395920196787550607e-21
1.274264102562620771e+01 9.822949128741551017e-02
1.313072529178201187e+01 1.208254423498018618e-21
1.313072529178385395e+01 9.342328336434069009e-20
1.313424427846364573e+01 3.231902676653525784e-03
1.398737916470344267e+01 3.614722125423009337e-21
1.398737916470419762e+01 1.939362749631049258e-19
1.462711302671565505e+01 4.034558059978519892e-20
1.547492738100119247e+01 4.746254653135928425e-02
1.669403261180758236e+01 1.237191868423032990e-17
1.696641812462287646e+01 8.791629706975407493e-03
1.703654664782584405e+01 5.629465962223976269e-24
1.703654664784860984e+01 1.698623218688800400e-24
1.705320327059591889e+01 8.442668266718580589e-23
1.705320327061762598e+01 3.404816287403821919e-23
1.776622138238341009e+01 1.558496353666007032e-17
1.882576090802660218e+01 3.409321537533842725e-19
1.892382192334937585e+01 8.174856100660893993e-04
2.030606600281830154e+01 3.930594912174242145e-02
2.375710884603673279e+01 3.366515667197272065e-20
2.375710884604801976e+01 1.542457068880081229e-18
2.384422923633634994e+01 1.578559621095093094e-20
2.384422923637919212e+01 2.978546738331563036e-18
2.418000576292391557e+01 3.752561941332694071e-22
2.418000576292418913e+01 9.876880702566633094e-22
2.532888441451562755e+01 3.903951094960803394e-18
2.591832376952536166e+01 4.897585094114941841e-03
2.629193267100750475e+01 5.105240374377355110e-03
2.643209942982243987e+01 1.148936952084280244e-21
2.643209942987907368e+01 1.801567753606548419e-21
2.651824352267103180e+01 2.004709602821048102e-21
2.651824352273099805e+01 3.100026086145882986e-21
2.654608589484941916e+01 1.818142454328399492e-20
2.654608589485059511e+01 5.192703663409450571e-24
2.669254738767771684e+01 1.866309362422925124e-17
2.828123647832734022e+01 8.772380211217006402e-19
2.828123647834861387e+01 4.724464348284896409e-20
2.829177494212897415e+01 4.253298865764089033e-19
2.829177494215092992e+01 2.581120114069380816e-21
2.848692673989626911e+01 4.698749646170952651e-21
2.848692674002121095e+01 2.262610718125530047e-25
2.853881613874186840e+01 3.023693680102391190e-21
2.853881613888695412e+01 1.493278630155689697e-25
2.947981291809005455e+01 3.506698519542512460e-04
2.957723561517605404e+01 1.187335163253617524e-15
3.013460968280921648e+01 6.475922437472770091e-03
3.042285909291523893e+01 8.004828180669043666e-16
3.057781776649785144e+01 1.232637606628934096e-20
3.057781776670913132e+01 9.250452232879730472e-21
3.130144773771401745e+01 1.001599550593780087e-21
3.130144773792051893e+01 8.357996509425122832e-22
3.179394974414422848e+01 4.152000753729170532e-03
3.254435131783463930e+01 2.356331567634999231e-15
3.323978717353370627e+01 4.315203649721086768e-07
3.384801129744536752e+01 1.027311914378805182e-14
3.387453766276372846e+01 1.712285723205443139e-20
3.387453766290842339e+01 9.435035038840060286e-17
3.404752501904613382e+01 1.444213659696955122e-04
