1.060108966142780851e+01 3.600925310077325143e-27
1.252937925367040961e+01 1.392817409217897358e-16
1.274264102562620771e+01 2.270003952107012963e-21
1.313072529178201187e+01 5.686606424640550968e-16
1.313072529178385395e+01 1.039281735319610231e-15
1.313424427846364573e+01 2.910406193344675790e-02
1.398737916470344267e+01 3.247290140786036200e-02
1.398737916470419762e+01 7.650798275878326060e-02
1.462711302671565505e+01 1.757789414664169083e-26
1.547492738100119247e+01 8.628040707798390728e-23
1.669403261180758236e+01 7.321227583684197205e-18
1.696641812462287646e+01 2.294179769897920079e-05
1.703654664782584405e+01 1.036139311040983972e-26
1.703654664784860984e+01 5.051071690257126719e-26
1.705320327059591889e+01 1.484314950988468333e-26
1.705320327061762598e+01 3.161957504260020914e-25
1.776622138238341009e+01 6.473865969210803089e-19
1.882576090802660218e+01 4.020903263769620361e-25
1.892382192334937585e+01 9.379732514782315733e-02
2.030606600281830154e+01 8.457602356520178778e-22
2.375710884603673279e+01 1.674340499343471637e-17
2.375710884604801976e+01 1.509388538764168608e-16
2.384422923633634994e+01 2.328461533392456925e-03
2.384422923637919212e+01 1.099621212531735892e-01
2.418000576292391557e+01 2.139340154360548173e-19
2.418000576292418913e+01 4.783443248751202736e-18
2.532888441451562755e+01 1.118516749411824769e-24
2.591832376952536166e+01 3.540680611224736346e-20
2.629193267100750475e+01 2.656150977786164019e-02
2.643209942982243987e+01 5.535790743193395860e-22
2.643209942987907368e+01 1.549116918020537085e-24
2.651824352267103180e+01 2.330830077653722916e-26
2.651824352273099805e+01 1.069208292132257787e-25
2.654608589484941916e+01 2.383573960407122938e-01
2.654608589485059511e+01 1.669547618302867076e-01
2.669254738767771684e+01 6.791273529550743680e-16
2.828123647832734022e+01 4.841760257111477820e-24
2.828123647834861387e+01 1.475478442902107574e-25
2.829177494212897415e+01 4.291081157733287631e-24
2.829177494215092992e+01 1.389241378381840984e-25
2.848692673989626911e+01 5.745894605383905402e-15
2.848692674002121095e+01 4.633202900916679545e-16
2.853881613874186840e+01 2.839209940460980450e-04
2.853881613888695412e+01 2.105549149636550021e-04
2.947981291809005455e+01 8.070190347127288374e-03
2.957723561517605404e+01 6.486291279332359161e-23
3.013460968280921648e+01 3.867285981877337687e-23
3.042285909291523893e+01 6.847580507052453401e-23
3.057781776649785144e+01 1.016214698042064458e-27
3.057781776670913132e+01 1.935125320459009589e-25
3.130144773771401745e+01 3.210179779528050743e-27
3.130144773792051893e+01 7.394259197573835956e-25
3.179394974414422848e+01 6.953750171409129563e-22
3.254435131783463930e+01 1.857883039045112325e-14
3.323978717353370627e+01 7.116136243954052174e-04
3.384801129744536752e+01 1.276219992381346307e-13
3.387453766276372846e+01 6.083289136922803934e-15
3.387453766290842339e+01 3.456279353418223154e-14
3.404752501904613382e+01 1.695568138036774881e-03
