1.060108966142780851e+01 2.065082358625388775e-20
1.252937925367040961e+01 4.454762582148902258e-21
1.274264102562620771e+01 8.423401150649163782e-02
1.313072529178201187e+01 1.678249339204764684e-18
1.313072529178385395e+01 2.581348469582250052e-18
1.313424427846364573e+01 3.199646239493904743e-03
1.398737916470344267e+01 4.200417290999252165e-03
1.398737916470419762e+01 9.896419121360622989e-03
1.462711302671565505e+01 2.102162920326160116e-20
1.547492738100119247e+01 4.076820417977872896e-02
1.669403261180758236e+01 1.231956016030281581e-17
1.696641812462287646e+01 6.058777077934283592e-03
1.703654664782584405e+01 1.532578113306552374e-19
1.703654664784860984e+01 8.437610166964908339e-18
1.705320327059591889e+01 1.770213173293468795e-04
1.705320327061762598e+01 1.891331922419677534e-03
1.776622138238341009e+01 8.294307896002046148e-18
1.882576090802660218e+01 3.882475576534609666e-19
1.892382192334937585e+01 1.146507912532064187e-03
2.030606600281830154e+01 3.294922834171632592e-02
2.375710884603673279e+01 2.714007346665254484e-20
2.375710884604801976e+01 5.433673543254103031e-19
2.384422923633634994e+01 2.731172924093923496e-06
2.384422923637919212e+01 1.289803136317571770e-04
2.418000576292391557e+01 4.212169281211640518e-18
2.418000576292418913e+01 8.657233365835710160e-19
2.532888441451562755e+01 1.989732007083365870e-18
2.591832376952536166e+01 5.026348595393586791e-03
2.629193267100750475e+01 3.297881007561221517e-03
2.643209942982243987e+01 1.502758828672684380e-03
2.643209942987907368e+01 5.286966711086939886e-05
2.651824352267103180e+01 5.531737218351245914e-19
2.651824352273099805e+01 2.511464073561320177e-18
2.654608589484941916e+01 4.968296021430004990e-03
2.654608589485059511e+01 3.479987290896908916e-03
2.669254738767771684e+01 9.545129588246605021e-18
2.828123647832734022e+01 4.402418842927730341e-19
2.828123647834861387e+01 4.317800187025807335e-20
2.829177494212897415e+01 2.593275220464677400e-05
2.829177494215092992e+01 1.792193529491065762e-07
2.848692673989626911e+01 6.848191706184543324e-17
2.848692674002121095e+01 6.628637099509361246e-18
2.853881613874186840e+01 4.594949147240702677e-04
2.853881613888695412e+01 3.407623361425285132e-04
2.947981291809005455e+01 1.951730462694120855e-04
2.957723561517605404e+01 1.008545901674988891e-15
3.013460968280921648e+01 5.238555057091927314e-03
3.042285909291523893e+01 6.012751522204751900e-16
3.057781776649785144e+01 2.845566935938301408e-19
3.057781776670913132e+01 7.407943260643793659e-17
3.130144773771401745e+01 4.341042803860692170e-07
3.130144773792051893e+01 3.055991611677949293e-05
3.179394974414422848e+01 3.382465354792293499e-03
3.254435131783463930e+01 1.849074128798461436e-15
3.323978717353370627e+01 3.546039245599777636e-10
3.384801129744536752e+01 8.568319659772263376e-15
3.387453766276372846e+01 4.874623273051004865e-16
3.387453766290842339e+01 1.016946964486321430e-16
3.404752501904613382e+01 1.181929184088640781e-04
