0.000000e+00 8.505508e-03
1.500000e-01 8.805023e-03
3.000000e-01 9.058167e-03
4.500000e-01 9.315596e-03
6.000000e-01 9.611301e-03
7.500000e-01 9.884025e-03
9.000000e-01 1.014130e-02
1.050000e+00 1.045041e-02
1.200000e+00 1.078282e-02
1.350000e+00 1.114462e-02
1.500000e+00 1.154382e-02
1.650000e+00 1.199036e-02
1.800000e+00 1.249630e-02
1.950000e+00 1.307564e-02
2.100000e+00 1.376874e-02
2.250000e+00 1.457384e-02
2.400000e+00 1.554713e-02
2.550000e+00 1.675030e-02
2.700000e+00 1.824522e-02
2.850000e+00 2.015772e-02
3.000000e+00 2.266994e-02
3.150000e+00 2.608680e-02
3.300000e+00 3.091020e-02
3.450000e+00 3.803569e-02
3.600000e+00 4.926534e-02
3.750000e+00 6.829619e-02
3.900000e+00 1.034607e-01
4.050000e+00 1.731464e-01
4.200000e+00 2.956505e-01
4.350000e+00 3.583630e-01
4.500000e+00 2.459462e-01
4.650000e+00 1.438095e-01
4.800000e+00 9.167112e-02
4.950000e+00 6.559738e-02
5.100000e+00 5.175078e-02
5.250000e+00 4.407443e-02
5.400000e+00 3.982945e-02
5.550000e+00 3.768823e-02
5.700000e+00 3.698213e-02
5.850000e+00 3.736224e-02
6.000000e+00 3.868009e-02
6.150000e+00 4.086684e-02
6.300000e+00 4.396974e-02
6.450000e+00 4.810878e-02
6.600000e+00 5.349494e-02
6.750000e+00 6.046601e-02
6.900000e+00 6.949749e-02
7.050000e+00 8.136116e-02
7.200000e+00 9.722559e-02
7.350000e+00 1.189781e-01
7.500000e+00 1.497842e-01
7.650000e+00 1.952593e-01
7.800000e+00 2.660234e-01
7.950000e+00 3.837990e-01
8.100000e+00 5.964073e-01
8.250000e+00 1.011642e+00
8.400000e+00 1.791564e+00
8.550000e+00 2.493687e+00
8.700000e+00 1.967473e+00
8.850000e+00 1.299884e+00
9.000000e+00 1.112200e+00
9.150000e+00 1.205524e+00
9.300000e+00 1.000956e+00
9.450000e+00 6.147673e-01
9.600000e+00 3.793624e-01
9.750000e+00 2.543000e-01
9.900000e+00 1.832110e-01
1.005000e+01 1.393476e-01
1.020000e+01 1.104660e-01
1.035000e+01 9.053665e-02
1.050000e+01 7.643951e-02
1.065000e+01 6.647075e-02
1.080000e+01 5.973312e-02
1.095000e+01 5.626815e-02
1.110000e+01 5.684760e-02
1.125000e+01 5.883446e-02
1.140000e+01 5.774539e-02
1.155000e+01 6.286953e-02
1.170000e+01 7.982518e-02
1.185000e+01 8.770988e-02
1.200000e+01 6.522750e-02
1.215000e+01 4.511155e-02
1.230000e+01 3.442480e-02
1.245000e+01 2.901074e-02
1.260000e+01 2.676488e-02
1.275000e+01 2.694689e-02
1.290000e+01 2.642349e-02
1.305000e+01 2.289800e-02
1.320000e+01 2.020532e-02
1.335000e+01 1.809344e-02
1.350000e+01 1.629940e-02
1.365000e+01 1.519398e-02
1.380000e+01 1.461245e-02
1.395000e+01 1.444854e-02
1.410000e+01 1.474365e-02
1.425000e+01 1.570117e-02
1.440000e+01 1.783066e-02
1.455000e+01 2.234790e-02
1.470000e+01 3.149703e-02
1.485000e+01 4.293567e-02
1.500000e+01 3.893140e-02
1.515000e+01 2.727880e-02
1.530000e+01 2.063509e-02
1.545000e+01 1.770984e-02
1.560000e+01 1.670090e-02
1.575000e+01 1.684248e-02
1.590000e+01 1.790773e-02
1.605000e+01 1.996710e-02
1.620000e+01 2.335345e-02
1.635000e+01 2.879994e-02
1.650000e+01 3.778458e-02
1.665000e+01 5.343376e-02
1.680000e+01 8.283942e-02
1.695000e+01 1.416774e-01
1.710000e+01 2.461996e-01
1.725000e+01 3.022217e-01
1.740000e+01 2.058032e-01
1.755000e+01 1.162199e-01
1.770000e+01 7.011631e-02
1.785000e+01 4.683306e-02
1.800000e+01 3.407728e-02
1.815000e+01 2.689971e-02
1.830000e+01 2.359473e-02
1.845000e+01 2.321904e-02
1.860000e+01 2.155221e-02
1.875000e+01 1.665355e-02
1.890000e+01 1.291843e-02
1.905000e+01 1.066065e-02
1.920000e+01 9.208444e-03
1.935000e+01 8.205234e-03
1.950000e+01 7.478422e-03
1.965000e+01 6.945008e-03
1.980000e+01 6.569610e-03
1.995000e+01 6.349418e-03
2.010000e+01 6.323877e-03
2.025000e+01 6.609986e-03
2.040000e+01 7.494970e-03
2.055000e+01 9.445626e-03
2.070000e+01 1.132806e-02
2.085000e+01 9.615714e-03
2.100000e+01 7.161266e-03
2.115000e+01 5.810859e-03
2.130000e+01 5.167415e-03
2.145000e+01 4.849659e-03
2.160000e+01 4.536254e-03
2.175000e+01 4.288919e-03
2.190000e+01 4.161645e-03
2.205000e+01 4.011780e-03
2.220000e+01 3.865401e-03
2.235000e+01 3.787133e-03
2.250000e+01 3.765172e-03
2.265000e+01 3.796097e-03
2.280000e+01 3.891303e-03
2.295000e+01 4.087926e-03
2.310000e+01 4.465420e-03
2.325000e+01 5.130735e-03
2.340000e+01 5.776564e-03
2.355000e+01 5.924000e-03
2.370000e+01 5.882325e-03
2.385000e+01 6.063226e-03
2.400000e+01 5.957501e-03
2.415000e+01 5.711120e-03
2.430000e+01 5.721621e-03
2.445000e+01 6.035001e-03
2.460000e+01 6.622610e-03
2.475000e+01 7.537196e-03
2.490000e+01 8.913684e-03
2.505000e+01 1.086923e-02
2.520000e+01 1.319596e-02
2.535000e+01 1.659761e-02
2.550000e+01 2.254270e-02
2.565000e+01 3.312306e-02
2.580000e+01 5.073128e-02
2.595000e+01 7.681832e-02
2.610000e+01 1.238171e-01
2.625000e+01 1.620621e-01
2.640000e+01 1.295616e-01
2.655000e+01 8.831061e-02
2.670000e+01 5.709764e-02
2.685000e+01 3.847120e-02
2.700000e+01 2.872624e-02
2.715000e+01 2.110474e-02
2.730000e+01 1.533428e-02
2.745000e+01 1.166213e-02
2.760000e+01 9.399434e-03
2.775000e+01 7.957145e-03
2.790000e+01 7.065669e-03
2.805000e+01 6.562231e-03
2.820000e+01 6.080030e-03
2.835000e+01 5.595355e-03
2.850000e+01 5.351575e-03
2.865000e+01 5.380709e-03
2.880000e+01 5.821367e-03
2.895000e+01 6.732151e-03
2.910000e+01 7.963020e-03
2.925000e+01 8.418899e-03
2.940000e+01 7.574134e-03
2.955000e+01 7.404398e-03
2.970000e+01 8.314956e-03
2.985000e+01 1.073250e-02
3.000000e+01 1.586330e-02
