0.000000e+00 4.383953e-04
1.500000e-01 7.343428e-04
3.000000e-01 1.070001e-03
4.500000e-01 1.449678e-03
6.000000e-01 1.883726e-03
7.500000e-01 2.367640e-03
9.000000e-01 2.912630e-03
1.050000e+00 3.526711e-03
1.200000e+00 4.219610e-03
1.350000e+00 5.003235e-03
1.500000e+00 5.894851e-03
1.650000e+00 6.907746e-03
1.800000e+00 8.066596e-03
1.950000e+00 9.401115e-03
2.100000e+00 1.094631e-02
2.250000e+00 1.275034e-02
2.400000e+00 1.487563e-02
2.550000e+00 1.740552e-02
2.700000e+00 2.045179e-02
2.850000e+00 2.416987e-02
3.000000e+00 2.877876e-02
3.150000e+00 3.460070e-02
3.300000e+00 4.211354e-02
3.450000e+00 5.200372e-02
3.600000e+00 6.548117e-02
3.750000e+00 8.442820e-02
3.900000e+00 1.122449e-01
4.050000e+00 1.552866e-01
4.200000e+00 2.263725e-01
4.350000e+00 3.535200e-01
4.500000e+00 6.005911e-01
4.650000e+00 1.085494e+00
4.800000e+00 1.681689e+00
4.950000e+00 1.461375e+00
5.100000e+00 8.405520e-01
5.250000e+00 4.740265e-01
5.400000e+00 2.906757e-01
5.550000e+00 1.933076e-01
5.700000e+00 1.371705e-01
5.850000e+00 1.024929e-01
6.000000e+00 7.998230e-02
6.150000e+00 6.501643e-02
6.300000e+00 5.533604e-02
6.450000e+00 5.029313e-02
6.600000e+00 5.027903e-02
6.750000e+00 5.105268e-02
6.900000e+00 4.241323e-02
7.050000e+00 3.280807e-02
7.200000e+00 2.684658e-02
7.350000e+00 2.314707e-02
7.500000e+00 2.066562e-02
7.650000e+00 1.889820e-02
7.800000e+00 1.762551e-02
7.950000e+00 1.671324e-02
8.100000e+00 1.611022e-02
8.250000e+00 1.577245e-02
8.400000e+00 1.570745e-02
8.550000e+00 1.597173e-02
8.700000e+00 1.660869e-02
8.850000e+00 1.778648e-02
9.000000e+00 1.979467e-02
9.150000e+00 2.328151e-02
9.300000e+00 2.965196e-02
9.450000e+00 4.205715e-02
9.600000e+00 6.450599e-02
9.750000e+00 8.087632e-02
9.900000e+00 6.426598e-02
1.005000e+01 4.699416e-02
1.020000e+01 4.055233e-02
1.035000e+01 4.157877e-02
1.050000e+01 4.921652e-02
1.065000e+01 6.653825e-02
1.080000e+01 1.019597e-01
1.095000e+01 1.591606e-01
1.110000e+01 1.781324e-01
1.125000e+01 1.476024e-01
1.140000e+01 1.503555e-01
1.155000e+01 2.070271e-01
1.170000e+01 2.713797e-01
1.185000e+01 2.166599e-01
1.200000e+01 1.306325e-01
1.215000e+01 8.205081e-02
1.230000e+01 5.761788e-02
1.245000e+01 4.467131e-02
1.260000e+01 3.744251e-02
1.275000e+01 3.335076e-02
1.290000e+01 3.117222e-02
1.305000e+01 3.028671e-02
1.320000e+01 3.039200e-02
1.335000e+01 3.127848e-02
1.350000e+01 3.289297e-02
1.365000e+01 3.532085e-02
1.380000e+01 3.869554e-02
1.395000e+01 4.321005e-02
1.410000e+01 4.918616e-02
1.425000e+01 5.712732e-02
1.440000e+01 6.782570e-02
1.455000e+01 8.255424e-02
1.470000e+01 1.035292e-01
1.485000e+01 1.347446e-01
1.500000e+01 1.840245e-01
1.515000e+01 2.658404e-01
1.530000e+01 3.928193e-01
1.545000e+01 5.719684e-01
1.560000e+01 9.255205e-01
1.575000e+01 1.616384e+00
1.590000e+01 2.165938e+00
1.605000e+01 1.579926e+00
1.620000e+01 8.821256e-01
1.635000e+01 5.102223e-01
1.650000e+01 3.219017e-01
1.665000e+01 2.189294e-01
1.680000e+01 1.578248e-01
1.695000e+01 1.189841e-01
1.710000e+01 9.289568e-02
1.725000e+01 7.459272e-02
1.740000e+01 6.130397e-02
1.755000e+01 5.137185e-02
1.770000e+01 4.377651e-02
1.785000e+01 3.791025e-02
1.800000e+01 3.323681e-02
1.815000e+01 2.924989e-02
1.830000e+01 2.602510e-02
1.845000e+01 2.350741e-02
1.860000e+01 2.155371e-02
1.875000e+01 1.959720e-02
1.890000e+01 1.763073e-02
1.905000e+01 1.601375e-02
1.920000e+01 1.468974e-02
1.935000e+01 1.357377e-02
1.950000e+01 1.261721e-02
1.965000e+01 1.178917e-02
1.980000e+01 1.106297e-02
1.995000e+01 1.042705e-02
2.010000e+01 9.867711e-03
2.025000e+01 9.378763e-03
2.040000e+01 8.954956e-03
2.055000e+01 8.589122e-03
2.070000e+01 8.288172e-03
2.085000e+01 8.051307e-03
2.100000e+01 7.893478e-03
2.115000e+01 7.848181e-03
2.130000e+01 7.994976e-03
2.145000e+01 8.443417e-03
2.160000e+01 9.360717e-03
2.175000e+01 1.011086e-02
2.190000e+01 1.000210e-02
2.205000e+01 9.471438e-03
2.220000e+01 8.400200e-03
2.235000e+01 7.733387e-03
2.250000e+01 7.496532e-03
2.265000e+01 7.529123e-03
2.280000e+01 7.773906e-03
2.295000e+01 8.251616e-03
2.310000e+01 9.062099e-03
2.325000e+01 1.043793e-02
2.340000e+01 1.287630e-02
2.355000e+01 1.692425e-02
2.370000e+01 2.137032e-02
2.385000e+01 2.515610e-02
2.400000e+01 2.434288e-02
2.415000e+01 2.168313e-02
2.430000e+01 2.199012e-02
2.445000e+01 2.558127e-02
2.460000e+01 3.319092e-02
2.475000e+01 4.759863e-02
2.490000e+01 7.570545e-02
2.505000e+01 1.305432e-01
2.520000e+01 2.082767e-01
2.535000e+01 2.166517e-01
2.550000e+01 1.497051e-01
2.565000e+01 9.577084e-02
2.580000e+01 5.957753e-02
2.595000e+01 4.017897e-02
2.610000e+01 3.082934e-02
2.625000e+01 2.753557e-02
2.640000e+01 2.652171e-02
2.655000e+01 2.346694e-02
2.670000e+01 2.161840e-02
2.685000e+01 1.956789e-02
2.700000e+01 1.662583e-02
2.715000e+01 1.453199e-02
2.730000e+01 1.193903e-02
2.745000e+01 1.035202e-02
2.760000e+01 1.016918e-02
2.775000e+01 1.134422e-02
2.790000e+01 1.233348e-02
2.805000e+01 1.083299e-02
2.820000e+01 9.557109e-03
2.835000e+01 9.545669e-03
2.850000e+01 1.063769e-02
2.865000e+01 1.334309e-02
2.880000e+01 1.910500e-02
2.895000e+01 2.854829e-02
2.910000e+01 3.538160e-02
2.925000e+01 3.810293e-02
2.940000e+01 3.147488e-02
2.955000e+01 2.224706e-02
2.970000e+01 1.702103e-02
2.985000e+01 1.524098e-02
3.000000e+01 1.523507e-02
