0.000000e+00 8.361806e-03
1.500000e-01 8.729822e-03
3.000000e-01 9.124818e-03
4.500000e-01 9.549630e-03
6.000000e-01 1.000749e-02
7.500000e-01 1.050208e-02
9.000000e-01 1.103764e-02
1.050000e+00 1.161903e-02
1.200000e+00 1.225190e-02
1.350000e+00 1.294280e-02
1.500000e+00 1.369940e-02
1.650000e+00 1.453073e-02
1.800000e+00 1.544846e-02
1.950000e+00 1.646284e-02
2.100000e+00 1.758995e-02
2.250000e+00 1.884778e-02
2.400000e+00 2.025811e-02
2.550000e+00 2.184751e-02
2.700000e+00 2.364866e-02
2.850000e+00 2.570212e-02
3.000000e+00 2.805874e-02
3.150000e+00 3.078305e-02
3.300000e+00 3.395756e-02
3.450000e+00 3.768968e-02
3.600000e+00 4.212091e-02
3.750000e+00 4.744077e-02
3.900000e+00 5.390767e-02
4.050000e+00 6.188144e-02
4.200000e+00 7.187395e-02
4.350000e+00 8.463382e-02
4.500000e+00 1.012890e-01
4.650000e+00 1.235994e-01
4.800000e+00 1.544279e-01
4.950000e+00 1.986613e-01
5.100000e+00 2.651435e-01
5.250000e+00 3.710065e-01
5.400000e+00 5.521042e-01
5.550000e+00 8.890370e-01
5.700000e+00 1.560124e+00
5.850000e+00 2.749986e+00
6.000000e+00 3.386903e+00
6.150000e+00 2.291929e+00
6.300000e+00 1.274456e+00
6.450000e+00 7.493473e-01
6.600000e+00 4.819134e-01
6.750000e+00 3.346672e-01
6.900000e+00 2.473561e-01
7.050000e+00 1.928580e-01
7.200000e+00 1.584406e-01
7.350000e+00 1.386844e-01
7.500000e+00 1.327233e-01
7.650000e+00 1.346880e-01
7.800000e+00 1.184124e-01
7.950000e+00 9.433757e-02
8.100000e+00 7.913209e-02
8.250000e+00 7.050242e-02
8.400000e+00 6.570310e-02
8.550000e+00 6.354466e-02
8.700000e+00 6.371670e-02
8.850000e+00 6.652986e-02
9.000000e+00 7.307231e-02
9.150000e+00 8.591642e-02
9.300000e+00 1.110286e-01
9.450000e+00 1.618417e-01
9.600000e+00 2.544016e-01
9.750000e+00 3.143818e-01
9.900000e+00 2.343680e-01
1.005000e+01 1.533652e-01
1.020000e+01 1.129385e-01
1.035000e+01 9.487099e-02
1.050000e+01 8.804668e-02
1.065000e+01 8.799079e-02
1.080000e+01 9.346469e-02
1.095000e+01 1.054543e-01
1.110000e+01 1.278236e-01
1.125000e+01 1.674811e-01
1.140000e+01 2.149641e-01
1.155000e+01 2.417233e-01
1.170000e+01 2.964149e-01
1.185000e+01 3.670090e-01
1.200000e+01 3.359645e-01
1.215000e+01 2.862619e-01
1.230000e+01 2.821157e-01
1.245000e+01 3.153787e-01
1.260000e+01 3.838583e-01
1.275000e+01 4.991733e-01
1.290000e+01 6.918253e-01
1.305000e+01 1.030054e+00
1.320000e+01 1.670038e+00
1.335000e+01 2.949624e+00
1.350000e+01 5.102489e+00
1.365000e+01 5.863645e+00
1.380000e+01 3.798050e+00
1.395000e+01 2.107194e+00
1.410000e+01 1.244651e+00
1.425000e+01 8.009336e-01
1.440000e+01 5.529979e-01
1.455000e+01 4.030560e-01
1.470000e+01 3.063025e-01
1.485000e+01 2.405559e-01
1.500000e+01 1.939995e-01
1.515000e+01 1.599424e-01
1.530000e+01 1.344237e-01
1.545000e+01 1.150732e-01
1.560000e+01 1.005788e-01
1.575000e+01 8.997519e-02
1.590000e+01 8.009321e-02
1.605000e+01 6.956160e-02
1.620000e+01 6.095093e-02
1.635000e+01 5.419014e-02
1.650000e+01 4.868381e-02
1.665000e+01 4.407109e-02
1.680000e+01 4.013664e-02
1.695000e+01 3.673941e-02
1.710000e+01 3.377951e-02
1.725000e+01 3.118269e-02
1.740000e+01 2.888927e-02
1.755000e+01 2.686664e-02
1.770000e+01 2.507730e-02
1.785000e+01 2.351321e-02
1.800000e+01 2.214565e-02
1.815000e+01 2.080845e-02
1.830000e+01 1.950255e-02
1.845000e+01 1.835324e-02
1.860000e+01 1.735696e-02
1.875000e+01 1.647364e-02
1.890000e+01 1.559338e-02
1.905000e+01 1.474984e-02
1.920000e+01 1.399177e-02
1.935000e+01 1.330936e-02
1.950000e+01 1.268529e-02
1.965000e+01 1.211056e-02
1.980000e+01 1.158133e-02
1.995000e+01 1.108871e-02
2.010000e+01 1.062991e-02
2.025000e+01 1.020585e-02
2.040000e+01 9.812511e-03
2.055000e+01 9.450350e-03
2.070000e+01 9.115564e-03
2.085000e+01 8.809290e-03
2.100000e+01 8.536710e-03
2.115000e+01 8.304630e-03
2.130000e+01 8.132717e-03
2.145000e+01 8.043341e-03
2.160000e+01 7.964067e-03
2.175000e+01 7.821496e-03
2.190000e+01 7.824036e-03
2.205000e+01 8.057804e-03
2.220000e+01 8.649299e-03
2.235000e+01 1.004519e-02
2.250000e+01 1.139663e-02
2.265000e+01 1.002941e-02
2.280000e+01 8.131844e-03
2.295000e+01 7.082571e-03
2.310000e+01 6.592987e-03
2.325000e+01 6.476380e-03
2.340000e+01 6.668557e-03
2.355000e+01 6.663069e-03
2.370000e+01 6.206388e-03
2.385000e+01 5.781888e-03
2.400000e+01 5.403984e-03
2.415000e+01 5.117039e-03
2.430000e+01 4.920273e-03
2.445000e+01 4.786614e-03
2.460000e+01 4.702512e-03
2.475000e+01 4.661508e-03
2.490000e+01 4.668499e-03
2.505000e+01 4.736923e-03
2.520000e+01 4.843054e-03
2.535000e+01 4.932050e-03
2.550000e+01 5.107958e-03
2.565000e+01 5.461227e-03
2.580000e+01 6.095949e-03
2.595000e+01 7.238660e-03
2.610000e+01 9.285730e-03
2.625000e+01 1.262836e-02
2.640000e+01 1.647503e-02
2.655000e+01 2.158394e-02
2.670000e+01 2.977292e-02
2.685000e+01 2.837029e-02
2.700000e+01 1.842150e-02
2.715000e+01 1.190328e-02
2.730000e+01 8.679044e-03
2.745000e+01 7.139093e-03
2.760000e+01 6.562931e-03
2.775000e+01 6.800335e-03
2.790000e+01 7.961369e-03
2.805000e+01 9.272790e-03
2.820000e+01 1.009824e-02
2.835000e+01 1.044257e-02
2.850000e+01 8.957664e-03
2.865000e+01 7.837098e-03
2.880000e+01 6.551792e-03
2.895000e+01 5.175532e-03
2.910000e+01 4.319421e-03
2.925000e+01 3.935969e-03
2.940000e+01 3.855510e-03
2.955000e+01 3.916884e-03
2.970000e+01 4.085947e-03
2.985000e+01 4.331752e-03
3.000000e+01 4.189158e-03
