0.000000e+00 2.091535e-02
1.500000e-01 2.231541e-02
3.000000e-01 2.386635e-02
4.500000e-01 2.559105e-02
6.000000e-01 2.751696e-02
7.500000e-01 2.967716e-02
9.000000e-01 3.211187e-02
1.050000e+00 3.487037e-02
1.200000e+00 3.801355e-02
1.350000e+00 4.161737e-02
1.500000e+00 4.578349e-02
1.650000e+00 5.062455e-02
1.800000e+00 5.630238e-02
1.950000e+00 6.302332e-02
2.100000e+00 7.106150e-02
2.250000e+00 8.078722e-02
2.400000e+00 9.271830e-02
2.550000e+00 1.075572e-01
2.700000e+00 1.263431e-01
2.850000e+00 1.506061e-01
3.000000e+00 1.827055e-01
3.150000e+00 2.263489e-01
3.300000e+00 2.877311e-01
3.450000e+00 3.777169e-01
3.600000e+00 5.165602e-01
3.750000e+00 7.449191e-01
3.900000e+00 1.151030e+00
4.050000e+00 1.936287e+00
4.200000e+00 3.488275e+00
4.350000e+00 5.544431e+00
4.500000e+00 5.051613e+00
4.650000e+00 2.947356e+00
4.800000e+00 1.657370e+00
4.950000e+00 1.012003e+00
5.100000e+00 6.710673e-01
5.250000e+00 4.752471e-01
5.400000e+00 3.543076e-01
5.550000e+00 2.751965e-01
5.700000e+00 2.211334e-01
5.850000e+00 1.830248e-01
6.000000e+00 1.557297e-01
6.150000e+00 1.363743e-01
6.300000e+00 1.236945e-01
6.450000e+00 1.181440e-01
6.600000e+00 1.223702e-01
6.750000e+00 1.342050e-01
6.900000e+00 1.254617e-01
7.050000e+00 1.016086e-01
7.200000e+00 8.636392e-02
7.350000e+00 7.857797e-02
7.500000e+00 7.500758e-02
7.650000e+00 7.422279e-02
7.800000e+00 7.579757e-02
7.950000e+00 7.988226e-02
8.100000e+00 8.715317e-02
8.250000e+00 9.905227e-02
8.400000e+00 1.184668e-01
8.550000e+00 1.514131e-01
8.700000e+00 2.112900e-01
8.850000e+00 3.281988e-01
9.000000e+00 5.445168e-01
9.150000e+00 7.208584e-01
9.300000e+00 5.573903e-01
9.450000e+00 3.603931e-01
9.600000e+00 2.658948e-01
9.750000e+00 2.338288e-01
9.900000e+00 2.387374e-01
1.005000e+01 2.752444e-01
1.020000e+01 3.530165e-01
1.035000e+01 5.029991e-01
1.050000e+01 7.992405e-01
1.065000e+01 1.359087e+00
1.080000e+01 1.916656e+00
1.095000e+01 1.710835e+00
1.110000e+01 1.520290e+00
1.125000e+01 1.675478e+00
1.140000e+01 1.434339e+00
1.155000e+01 1.001233e+00
1.170000e+01 8.622160e-01
1.185000e+01 9.438864e-01
1.200000e+01 8.601917e-01
1.215000e+01 5.543712e-01
1.230000e+01 3.445114e-01
1.245000e+01 2.321681e-01
1.260000e+01 1.686923e-01
1.275000e+01 1.295461e-01
1.290000e+01 1.035766e-01
1.305000e+01 8.538802e-02
1.320000e+01 7.206625e-02
1.335000e+01 6.174358e-02
1.350000e+01 5.356793e-02
1.365000e+01 4.705771e-02
1.380000e+01 4.178058e-02
1.395000e+01 3.742711e-02
1.410000e+01 3.378061e-02
1.425000e+01 3.069350e-02
1.440000e+01 2.804600e-02
1.455000e+01 2.576122e-02
1.470000e+01 2.376806e-02
1.485000e+01 2.202101e-02
1.500000e+01 2.048436e-02
1.515000e+01 1.912765e-02
1.530000e+01 1.793649e-02
1.545000e+01 1.687438e-02
1.560000e+01 1.585796e-02
1.575000e+01 1.491464e-02
1.590000e+01 1.407438e-02
1.605000e+01 1.331731e-02
1.620000e+01 1.263144e-02
1.635000e+01 1.200306e-02
1.650000e+01 1.142641e-02
1.665000e+01 1.089379e-02
1.680000e+01 1.040480e-02
1.695000e+01 9.952322e-03
1.710000e+01 9.533217e-03
1.725000e+01 9.144741e-03
1.740000e+01 8.784768e-03
1.755000e+01 8.453641e-03
1.770000e+01 8.152149e-03
1.785000e+01 7.875329e-03
1.800000e+01 7.622093e-03
1.815000e+01 7.371437e-03
1.830000e+01 7.139564e-03
1.845000e+01 6.969275e-03
1.860000e+01 6.869495e-03
1.875000e+01 6.684147e-03
1.890000e+01 6.382615e-03
1.905000e+01 6.118527e-03
1.920000e+01 5.907451e-03
1.935000e+01 5.727448e-03
1.950000e+01 5.567208e-03
1.965000e+01 5.421608e-03
1.980000e+01 5.288146e-03
1.995000e+01 5.169218e-03
2.010000e+01 5.055079e-03
2.025000e+01 4.953321e-03
2.040000e+01 4.859698e-03
2.055000e+01 4.782295e-03
2.070000e+01 4.715156e-03
2.085000e+01 4.657542e-03
2.100000e+01 4.615085e-03
2.115000e+01 4.592251e-03
2.130000e+01 4.593929e-03
2.145000e+01 4.626261e-03
2.160000e+01 4.699819e-03
2.175000e+01 4.843955e-03
2.190000e+01 5.071093e-03
2.205000e+01 5.244040e-03
2.220000e+01 5.314100e-03
2.235000e+01 5.529350e-03
2.250000e+01 5.999866e-03
2.265000e+01 6.846430e-03
2.280000e+01 8.375573e-03
2.295000e+01 1.130092e-02
2.310000e+01 1.692267e-02
2.325000e+01 2.381864e-02
2.340000e+01 2.263580e-02
2.355000e+01 1.879941e-02
2.370000e+01 1.792058e-02
2.385000e+01 1.700082e-02
2.400000e+01 1.833046e-02
2.415000e+01 2.497615e-02
2.430000e+01 3.456035e-02
2.445000e+01 3.104005e-02
2.460000e+01 2.021739e-02
2.475000e+01 1.377181e-02
2.490000e+01 1.080935e-02
2.505000e+01 9.675549e-03
2.520000e+01 9.631268e-03
2.535000e+01 1.051378e-02
2.550000e+01 1.266817e-02
2.565000e+01 1.689751e-02
2.580000e+01 2.549123e-02
2.595000e+01 4.266876e-02
2.610000e+01 6.488299e-02
2.625000e+01 5.998484e-02
2.640000e+01 3.732796e-02
2.655000e+01 2.239018e-02
2.670000e+01 1.455510e-02
2.685000e+01 1.040367e-02
2.700000e+01 8.031748e-03
2.715000e+01 6.597799e-03
2.730000e+01 5.650950e-03
2.745000e+01 5.000481e-03
2.760000e+01 4.609811e-03
2.775000e+01 4.462878e-03
2.790000e+01 4.524417e-03
2.805000e+01 4.469006e-03
2.820000e+01 4.284538e-03
2.835000e+01 4.383863e-03
2.850000e+01 4.746487e-03
2.865000e+01 5.410329e-03
2.880000e+01 5.888553e-03
2.895000e+01 5.419349e-03
2.910000e+01 5.328106e-03
2.925000e+01 6.039462e-03
2.940000e+01 7.258175e-03
2.955000e+01 8.296555e-03
2.970000e+01 8.063292e-03
2.985000e+01 6.880490e-03
3.000000e+01 6.180958e-03
