0.000000e+00 1.024320e-02
1.500000e-01 1.069154e-02
3.000000e-01 1.117084e-02
4.500000e-01 1.168411e-02
6.000000e-01 1.223476e-02
7.500000e-01 1.282665e-02
9.000000e-01 1.346415e-02
1.050000e+00 1.415226e-02
1.200000e+00 1.489668e-02
1.350000e+00 1.570392e-02
1.500000e+00 1.658151e-02
1.650000e+00 1.753815e-02
1.800000e+00 1.858397e-02
1.950000e+00 1.973069e-02
2.100000e+00 2.099199e-02
2.250000e+00 2.238407e-02
2.400000e+00 2.394628e-02
2.550000e+00 2.566313e-02
2.700000e+00 2.758115e-02
2.850000e+00 2.975374e-02
3.000000e+00 3.218825e-02
3.150000e+00 3.495185e-02
3.300000e+00 3.811198e-02
3.450000e+00 4.173875e-02
3.600000e+00 4.593740e-02
3.750000e+00 5.083916e-02
3.900000e+00 5.661607e-02
4.050000e+00 6.348400e-02
4.200000e+00 7.175843e-02
4.350000e+00 8.184012e-02
4.500000e+00 9.431848e-02
4.650000e+00 1.100188e-01
4.800000e+00 1.301727e-01
4.950000e+00 1.566485e-01
5.100000e+00 1.924025e-01
5.250000e+00 2.423167e-01
5.400000e+00 3.148760e-01
5.550000e+00 4.258401e-01
5.700000e+00 6.064263e-01
5.850000e+00 9.241486e-01
6.000000e+00 1.532247e+00
6.150000e+00 2.737466e+00
6.300000e+00 4.458392e+00
6.450000e+00 4.333290e+00
6.600000e+00 2.703472e+00
6.750000e+00 1.704649e+00
6.900000e+00 1.119820e+00
7.050000e+00 7.256854e-01
7.200000e+00 4.994747e-01
7.350000e+00 3.693728e-01
7.500000e+00 2.903866e-01
7.650000e+00 2.406948e-01
7.800000e+00 2.095593e-01
7.950000e+00 1.916532e-01
8.100000e+00 1.847507e-01
8.250000e+00 1.890353e-01
8.400000e+00 2.075655e-01
8.550000e+00 2.485636e-01
8.700000e+00 3.315981e-01
8.850000e+00 5.017472e-01
9.000000e+00 8.257605e-01
9.150000e+00 1.106788e+00
9.300000e+00 8.598878e-01
9.450000e+00 5.405473e-01
9.600000e+00 3.802015e-01
9.750000e+00 3.175885e-01
9.900000e+00 3.114147e-01
1.005000e+01 3.526583e-01
1.020000e+01 4.577873e-01
1.035000e+01 6.807363e-01
1.050000e+01 1.126167e+00
1.065000e+01 1.680020e+00
1.080000e+01 1.542343e+00
1.095000e+01 1.131486e+00
1.110000e+01 1.069903e+00
1.125000e+01 1.240956e+00
1.140000e+01 1.107250e+00
1.155000e+01 8.373417e-01
1.170000e+01 7.930690e-01
1.185000e+01 1.008205e+00
1.200000e+01 1.477658e+00
1.215000e+01 1.615574e+00
1.230000e+01 1.059199e+00
1.245000e+01 6.140819e-01
1.260000e+01 3.833694e-01
1.275000e+01 2.613799e-01
1.290000e+01 1.910640e-01
1.305000e+01 1.472744e-01
1.320000e+01 1.181048e-01
1.335000e+01 9.697573e-02
1.350000e+01 8.120563e-02
1.365000e+01 6.931857e-02
1.380000e+01 6.011620e-02
1.395000e+01 5.280640e-02
1.410000e+01 4.687946e-02
1.425000e+01 4.198950e-02
1.440000e+01 3.790355e-02
1.455000e+01 3.443487e-02
1.470000e+01 3.146978e-02
1.485000e+01 2.891108e-02
1.500000e+01 2.668265e-02
1.515000e+01 2.473115e-02
1.530000e+01 2.301671e-02
1.545000e+01 2.149301e-02
1.560000e+01 2.010376e-02
1.575000e+01 1.885013e-02
1.590000e+01 1.772662e-02
1.605000e+01 1.671342e-02
1.620000e+01 1.579430e-02
1.635000e+01 1.495743e-02
1.650000e+01 1.419263e-02
1.665000e+01 1.349134e-02
1.680000e+01 1.284721e-02
1.695000e+01 1.225313e-02
1.710000e+01 1.170554e-02
1.725000e+01 1.119961e-02
1.740000e+01 1.073253e-02
1.755000e+01 1.030140e-02
1.770000e+01 9.908358e-03
1.785000e+01 9.550480e-03
1.800000e+01 9.221825e-03
1.815000e+01 8.906621e-03
1.830000e+01 8.637103e-03
1.845000e+01 8.451911e-03
1.860000e+01 8.356342e-03
1.875000e+01 8.120540e-03
1.890000e+01 7.700256e-03
1.905000e+01 7.345337e-03
1.920000e+01 7.065070e-03
1.935000e+01 6.832465e-03
1.950000e+01 6.626197e-03
1.965000e+01 6.439518e-03
1.980000e+01 6.268606e-03
1.995000e+01 6.113164e-03
2.010000e+01 5.966285e-03
2.025000e+01 5.837805e-03
2.040000e+01 5.717194e-03
2.055000e+01 5.612299e-03
2.070000e+01 5.519934e-03
2.085000e+01 5.442438e-03
2.100000e+01 5.381599e-03
2.115000e+01 5.348331e-03
2.130000e+01 5.349913e-03
2.145000e+01 5.377506e-03
2.160000e+01 5.394752e-03
2.175000e+01 5.483482e-03
2.190000e+01 5.678211e-03
2.205000e+01 5.811485e-03
2.220000e+01 5.771822e-03
2.235000e+01 5.837531e-03
2.250000e+01 6.094299e-03
2.265000e+01 6.584785e-03
2.280000e+01 7.449022e-03
2.295000e+01 9.027399e-03
2.310000e+01 1.207598e-02
2.325000e+01 1.744255e-02
2.340000e+01 2.118010e-02
2.355000e+01 1.909512e-02
2.370000e+01 1.800251e-02
2.385000e+01 1.622559e-02
2.400000e+01 1.350568e-02
2.415000e+01 1.253722e-02
2.430000e+01 1.331735e-02
2.445000e+01 1.577660e-02
2.460000e+01 2.062229e-02
2.475000e+01 3.035012e-02
2.490000e+01 4.921704e-02
2.505000e+01 7.301032e-02
2.520000e+01 8.158473e-02
2.535000e+01 7.281897e-02
2.550000e+01 4.993805e-02
2.565000e+01 3.435908e-02
2.580000e+01 2.739901e-02
2.595000e+01 2.755165e-02
2.610000e+01 3.539888e-02
2.625000e+01 5.190141e-02
2.640000e+01 6.183402e-02
2.655000e+01 4.760862e-02
2.670000e+01 2.896540e-02
2.685000e+01 1.841030e-02
2.700000e+01 1.292689e-02
2.715000e+01 9.884780e-03
2.730000e+01 8.150746e-03
2.745000e+01 7.227677e-03
2.760000e+01 6.572027e-03
2.775000e+01 5.654922e-03
2.790000e+01 4.892023e-03
2.805000e+01 4.383863e-03
2.820000e+01 4.040637e-03
2.835000e+01 3.808798e-03
2.850000e+01 3.661278e-03
2.865000e+01 3.552245e-03
2.880000e+01 3.482974e-03
2.895000e+01 3.535421e-03
2.910000e+01 3.710210e-03
2.925000e+01 3.851120e-03
2.940000e+01 3.789970e-03
2.955000e+01 3.838365e-03
2.970000e+01 4.202943e-03
2.985000e+01 4.950015e-03
3.000000e+01 5.220542e-03
