0.000000e+00 -8.152955e-04
1.500000e-01 -5.245798e-04
3.000000e-01 -2.070007e-04
4.500000e-01 1.394158e-04
6.000000e-01 5.216761e-04
7.500000e-01 9.450462e-04
9.000000e-01 1.417050e-03
1.050000e+00 1.947291e-03
1.200000e+00 2.556709e-03
1.350000e+00 3.245722e-03
1.500000e+00 4.042892e-03
1.650000e+00 4.976238e-03
1.800000e+00 6.051403e-03
1.950000e+00 7.364593e-03
2.100000e+00 8.998830e-03
2.250000e+00 1.106048e-02
2.400000e+00 1.373527e-02
2.550000e+00 1.731544e-02
2.700000e+00 2.230258e-02
2.850000e+00 2.955264e-02
3.000000e+00 4.071627e-02
3.150000e+00 5.912961e-02
3.300000e+00 9.210434e-02
3.450000e+00 1.563213e-01
3.600000e+00 2.803242e-01
3.750000e+00 4.148486e-01
3.900000e+00 3.395214e-01
4.050000e+00 1.956419e-01
4.200000e+00 1.150282e-01
4.350000e+00 7.556072e-02
4.500000e+00 5.563835e-02
4.650000e+00 4.567753e-02
4.800000e+00 4.175332e-02
4.950000e+00 4.260256e-02
5.100000e+00 4.876639e-02
5.250000e+00 6.307916e-02
5.400000e+00 9.294220e-02
5.550000e+00 1.549075e-01
5.700000e+00 2.600410e-01
5.850000e+00 2.933770e-01
6.000000e+00 1.904137e-01
6.150000e+00 1.085761e-01
6.300000e+00 6.692603e-02
6.450000e+00 4.546038e-02
6.600000e+00 3.350113e-02
6.750000e+00 2.634916e-02
6.900000e+00 2.185796e-02
7.050000e+00 1.897315e-02
7.200000e+00 1.714095e-02
7.350000e+00 1.606613e-02
7.500000e+00 1.559805e-02
7.650000e+00 1.568455e-02
7.800000e+00 1.635721e-02
7.950000e+00 1.774101e-02
8.100000e+00 2.010971e-02
8.250000e+00 2.399271e-02
8.400000e+00 3.044975e-02
8.550000e+00 4.172032e-02
8.700000e+00 6.282747e-02
8.850000e+00 1.049888e-01
9.000000e+00 1.806589e-01
9.150000e+00 2.250915e-01
9.300000e+00 1.568901e-01
9.450000e+00 9.087769e-02
9.600000e+00 5.702086e-02
9.750000e+00 4.038415e-02
9.900000e+00 3.208322e-02
1.005000e+01 2.844673e-02
1.020000e+01 2.836861e-02
1.035000e+01 3.249122e-02
1.050000e+01 4.353721e-02
1.065000e+01 6.278789e-02
1.080000e+01 6.810757e-02
1.095000e+01 5.276984e-02
1.110000e+01 4.241510e-02
1.125000e+01 3.914999e-02
1.140000e+01 4.491440e-02
1.155000e+01 6.392783e-02
1.170000e+01 9.670876e-02
1.185000e+01 1.004148e-01
1.200000e+01 6.590844e-02
1.215000e+01 4.134889e-02
1.230000e+01 2.905331e-02
1.245000e+01 2.282576e-02
1.260000e+01 1.957596e-02
1.275000e+01 1.788908e-02
1.290000e+01 1.680418e-02
1.305000e+01 1.613191e-02
1.320000e+01 1.598251e-02
1.335000e+01 1.625638e-02
1.350000e+01 1.690930e-02
1.365000e+01 1.798004e-02
1.380000e+01 1.958073e-02
1.395000e+01 2.200148e-02
1.410000e+01 2.582815e-02
1.425000e+01 3.238244e-02
1.440000e+01 4.458676e-02
1.455000e+01 6.522187e-02
1.470000e+01 7.622068e-02
1.485000e+01 6.059604e-02
1.500000e+01 4.738452e-02
1.515000e+01 4.242066e-02
1.530000e+01 4.212418e-02
1.545000e+01 4.456516e-02
1.560000e+01 4.910020e-02
1.575000e+01 5.566576e-02
1.590000e+01 6.465715e-02
1.605000e+01 7.684741e-02
1.620000e+01 9.353950e-02
1.635000e+01 1.169611e-01
1.650000e+01 1.509722e-01
1.665000e+01 2.025954e-01
1.680000e+01 2.857236e-01
1.695000e+01 4.296590e-01
1.710000e+01 7.008989e-01
1.725000e+01 1.241707e+00
1.740000e+01 2.133441e+00
1.755000e+01 2.385729e+00
1.770000e+01 1.561550e+00
1.785000e+01 9.277221e-01
1.800000e+01 5.719332e-01
1.815000e+01 3.811226e-01
1.830000e+01 2.913925e-01
1.845000e+01 2.566319e-01
1.860000e+01 2.104949e-01
1.875000e+01 1.502221e-01
1.890000e+01 1.101406e-01
1.905000e+01 8.583903e-02
1.920000e+01 7.024090e-02
1.935000e+01 5.976130e-02
1.950000e+01 5.275656e-02
1.965000e+01 4.854131e-02
1.980000e+01 4.718611e-02
1.995000e+01 4.971262e-02
2.010000e+01 5.910663e-02
2.025000e+01 8.161448e-02
2.040000e+01 1.152413e-01
2.055000e+01 1.099168e-01
2.070000e+01 7.282686e-02
2.085000e+01 4.930989e-02
2.100000e+01 3.847459e-02
2.115000e+01 3.529683e-02
2.130000e+01 3.842198e-02
2.145000e+01 4.205749e-02
2.160000e+01 3.445406e-02
2.175000e+01 2.598078e-02
2.190000e+01 2.142378e-02
2.205000e+01 1.781638e-02
2.220000e+01 1.502020e-02
2.235000e+01 1.324901e-02
2.250000e+01 1.216185e-02
2.265000e+01 1.153941e-02
2.280000e+01 1.134114e-02
2.295000e+01 1.169459e-02
2.310000e+01 1.300040e-02
2.325000e+01 1.595072e-02
2.340000e+01 1.947518e-02
2.355000e+01 1.935003e-02
2.370000e+01 1.819396e-02
2.385000e+01 1.921087e-02
2.400000e+01 1.753739e-02
2.415000e+01 1.339223e-02
2.430000e+01 1.088514e-02
2.445000e+01 9.779264e-03
2.460000e+01 9.478740e-03
2.475000e+01 9.760131e-03
2.490000e+01 1.066407e-02
2.505000e+01 1.248514e-02
2.520000e+01 1.592426e-02
2.535000e+01 2.219257e-02
2.550000e+01 3.194485e-02
2.565000e+01 4.441498e-02
2.580000e+01 5.459311e-02
2.595000e+01 6.744582e-02
2.610000e+01 6.301684e-02
2.625000e+01 4.187098e-02
2.640000e+01 2.968468e-02
2.655000e+01 2.618462e-02
2.670000e+01 2.483100e-02
2.685000e+01 2.277584e-02
2.700000e+01 1.785144e-02
2.715000e+01 1.266135e-02
2.730000e+01 9.540686e-03
2.745000e+01 7.894927e-03
2.760000e+01 7.082699e-03
2.775000e+01 6.798646e-03
2.790000e+01 6.481946e-03
2.805000e+01 5.897754e-03
2.820000e+01 5.413908e-03
2.835000e+01 5.257743e-03
2.850000e+01 5.409726e-03
2.865000e+01 5.969481e-03
2.880000e+01 6.939573e-03
2.895000e+01 7.769460e-03
2.910000e+01 9.057110e-03
2.925000e+01 1.061018e-02
2.940000e+01 1.090710e-02
2.955000e+01 1.207039e-02
2.970000e+01 1.482808e-02
2.985000e+01 1.565937e-02
3.000000e+01 1.397244e-02
