0.000000e+00 2.888748e-03
1.500000e-01 3.197731e-03
3.000000e-01 3.487643e-03
4.500000e-01 3.753116e-03
6.000000e-01 4.004337e-03
7.500000e-01 4.234775e-03
9.000000e-01 4.424529e-03
1.050000e+00 4.650964e-03
1.200000e+00 4.819881e-03
1.350000e+00 4.993240e-03
1.500000e+00 5.139437e-03
1.650000e+00 5.291164e-03
1.800000e+00 5.428738e-03
1.950000e+00 5.560258e-03
2.100000e+00 5.701421e-03
2.250000e+00 5.820432e-03
2.400000e+00 5.933359e-03
2.550000e+00 6.047722e-03
2.700000e+00 6.164600e-03
2.850000e+00 6.273479e-03
3.000000e+00 6.383390e-03
3.150000e+00 6.491174e-03
3.300000e+00 6.607608e-03
3.450000e+00 6.722036e-03
3.600000e+00 6.840784e-03
3.750000e+00 6.966086e-03
3.900000e+00 7.106180e-03
4.050000e+00 7.260280e-03
4.200000e+00 7.417366e-03
4.350000e+00 7.593899e-03
4.500000e+00 7.787985e-03
4.650000e+00 8.003138e-03
4.800000e+00 8.234070e-03
4.950000e+00 8.489754e-03
5.100000e+00 8.778098e-03
5.250000e+00 9.092627e-03
5.400000e+00 9.453212e-03
5.550000e+00 9.862839e-03
5.700000e+00 1.030426e-02
5.850000e+00 1.083115e-02
6.000000e+00 1.142113e-02
6.150000e+00 1.212585e-02
6.300000e+00 1.292579e-02
6.450000e+00 1.385217e-02
6.600000e+00 1.495144e-02
6.750000e+00 1.623373e-02
6.900000e+00 1.780015e-02
7.050000e+00 1.964366e-02
7.200000e+00 2.194236e-02
7.350000e+00 2.475522e-02
7.500000e+00 2.832624e-02
7.650000e+00 3.291651e-02
7.800000e+00 3.899606e-02
7.950000e+00 4.733110e-02
8.100000e+00 5.927304e-02
8.250000e+00 7.723429e-02
8.400000e+00 1.034369e-01
8.550000e+00 1.364920e-01
8.700000e+00 1.897581e-01
8.850000e+00 2.934122e-01
9.000000e+00 5.026327e-01
9.150000e+00 8.851852e-01
9.300000e+00 1.142886e+00
9.450000e+00 8.146724e-01
9.600000e+00 4.751541e-01
9.750000e+00 3.115418e-01
9.900000e+00 2.577520e-01
1.005000e+01 2.763068e-01
1.020000e+01 2.844742e-01
1.035000e+01 2.047503e-01
1.050000e+01 1.380164e-01
1.065000e+01 1.073947e-01
1.080000e+01 9.183452e-02
1.095000e+01 7.470491e-02
1.110000e+01 6.429723e-02
1.125000e+01 6.367733e-02
1.140000e+01 7.465624e-02
1.155000e+01 1.045028e-01
1.170000e+01 1.516633e-01
1.185000e+01 1.488567e-01
1.200000e+01 9.907118e-02
1.215000e+01 6.792790e-02
1.230000e+01 5.652090e-02
1.245000e+01 5.942772e-02
1.260000e+01 7.250797e-02
1.275000e+01 7.026407e-02
1.290000e+01 5.267498e-02
1.305000e+01 4.414264e-02
1.320000e+01 4.022336e-02
1.335000e+01 3.167358e-02
1.350000e+01 2.484854e-02
1.365000e+01 2.141361e-02
1.380000e+01 2.015732e-02
1.395000e+01 2.066002e-02
1.410000e+01 2.341945e-02
1.425000e+01 3.030952e-02
1.440000e+01 4.349344e-02
1.455000e+01 5.145430e-02
1.470000e+01 3.901141e-02
1.485000e+01 2.685000e-02
1.500000e+01 2.062445e-02
1.515000e+01 1.760499e-02
1.530000e+01 1.613524e-02
1.545000e+01 1.550680e-02
1.560000e+01 1.538667e-02
1.575000e+01 1.564174e-02
1.590000e+01 1.620937e-02
1.605000e+01 1.707904e-02
1.620000e+01 1.825425e-02
1.635000e+01 1.979637e-02
1.650000e+01 2.177210e-02
1.665000e+01 2.430788e-02
1.680000e+01 2.757417e-02
1.695000e+01 3.181748e-02
1.710000e+01 3.747678e-02
1.725000e+01 4.514825e-02
1.740000e+01 5.591715e-02
1.755000e+01 7.163455e-02
1.770000e+01 9.527308e-02
1.785000e+01 1.320704e-01
1.800000e+01 1.959260e-01
1.815000e+01 3.143848e-01
1.830000e+01 5.110545e-01
1.845000e+01 7.646445e-01
1.860000e+01 1.093804e+00
1.875000e+01 1.020400e+00
1.890000e+01 6.087405e-01
1.905000e+01 3.456189e-01
1.920000e+01 2.137478e-01
1.935000e+01 1.451608e-01
1.950000e+01 1.078414e-01
1.965000e+01 8.896143e-02
1.980000e+01 8.460541e-02
1.995000e+01 8.707575e-02
2.010000e+01 7.196434e-02
2.025000e+01 5.103310e-02
2.040000e+01 3.788329e-02
2.055000e+01 3.002836e-02
2.070000e+01 2.493136e-02
2.085000e+01 2.138050e-02
2.100000e+01 1.882923e-02
2.115000e+01 1.701733e-02
2.130000e+01 1.570314e-02
2.145000e+01 1.457000e-02
2.160000e+01 1.398356e-02
2.175000e+01 1.428508e-02
2.190000e+01 1.446895e-02
2.205000e+01 1.274837e-02
2.220000e+01 1.105033e-02
2.235000e+01 1.011133e-02
2.250000e+01 9.707711e-03
2.265000e+01 9.776664e-03
2.280000e+01 1.048533e-02
2.295000e+01 1.236361e-02
2.310000e+01 1.602352e-02
2.325000e+01 1.878765e-02
2.340000e+01 1.701844e-02
2.355000e+01 1.495976e-02
2.370000e+01 1.516541e-02
2.385000e+01 1.662516e-02
2.400000e+01 1.500721e-02
2.415000e+01 1.172289e-02
2.430000e+01 9.783651e-03
2.445000e+01 9.084472e-03
2.460000e+01 9.214532e-03
2.475000e+01 1.013777e-02
2.490000e+01 1.216867e-02
2.505000e+01 1.578401e-02
2.520000e+01 2.153488e-02
2.535000e+01 2.567295e-02
2.550000e+01 2.503569e-02
2.565000e+01 2.612314e-02
2.580000e+01 2.863997e-02
2.595000e+01 3.725232e-02
2.610000e+01 5.874907e-02
2.625000e+01 9.443744e-02
2.640000e+01 1.023655e-01
2.655000e+01 6.964896e-02
2.670000e+01 4.190509e-02
2.685000e+01 2.772697e-02
2.700000e+01 2.106636e-02
2.715000e+01 1.610092e-02
2.730000e+01 1.232347e-02
2.745000e+01 1.026212e-02
2.760000e+01 9.114008e-03
2.775000e+01 8.099131e-03
2.790000e+01 7.354819e-03
2.805000e+01 7.300026e-03
2.820000e+01 7.865635e-03
2.835000e+01 7.818386e-03
2.850000e+01 7.270842e-03
2.865000e+01 7.493367e-03
2.880000e+01 8.610971e-03
2.895000e+01 1.107399e-02
2.910000e+01 1.327596e-02
2.925000e+01 1.126081e-02
2.940000e+01 8.787730e-03
2.955000e+01 7.914974e-03
2.970000e+01 8.235843e-03
2.985000e+01 9.753961e-03
3.000000e+01 1.274897e-02
