alpha 1.0
beta  3.2222222222222223

M0 (diagonal):
[[6.732655 0.       0.       0.       0.       0.       0.       0.
  0.       0.      ]
 [0.       3.42808  0.       0.       0.       0.       0.       0.
  0.       0.      ]
 [0.       0.       1.368762 0.       0.       0.       0.       0.
  0.       0.      ]
 [0.       0.       0.       1.148749 0.       0.       0.       0.
  0.       0.      ]
 [0.       0.       0.       0.       8.319432 0.       0.       0.
  0.       0.      ]
 [0.       0.       0.       0.       0.       9.2148   0.       0.
  0.       0.      ]
 [0.       0.       0.       0.       0.       0.       6.459722 0.
  0.       0.      ]
 [0.       0.       0.       0.       0.       0.       0.       7.565469
  0.       0.      ]
 [0.       0.       0.       0.       0.       0.       0.       0.
  5.892625 0.      ]
 [0.       0.       0.       0.       0.       0.       0.       0.
  0.       9.415652]]

alpha * M1:
[[8.342682 1.139762 7.95633  3.723019 7.825392 3.610934 7.715292 6.846355
  6.522111 5.062038]
 [1.139762 2.118549 5.767956 5.360765 4.846395 3.619858 9.65964  7.652161
  8.440607 4.972745]
 [7.95633  5.767956 2.215869 6.921048 7.308273 2.804477 5.167956 7.3846
  5.269374 6.218541]
 [3.723019 5.360765 6.921048 4.041201 3.025842 7.61773  6.317866 7.340378
  5.264449 8.902784]
 [7.825392 4.846395 7.308273 3.025842 4.025054 3.02039  5.276058 6.449411
  6.453268 2.431682]
 [3.610934 3.619858 2.804477 7.61773  3.02039  7.047954 3.811348 8.544685
  6.950442 3.899934]
 [7.715292 9.65964  5.167956 6.317866 5.276058 3.811348 6.581921 8.678077
  5.939685 5.062591]
 [6.846355 7.652161 7.3846   7.340378 6.449411 8.544685 8.678077 9.388537
  5.894027 8.470146]
 [6.522111 8.440607 5.269374 5.264449 6.453268 6.950442 5.939685 5.894027
  9.00942  4.88298 ]
 [5.062038 4.972745 6.218541 8.902784 2.431682 3.899934 5.062591 8.470146
  4.88298  7.588056]]

beta * M2:
[[21.039046  8.626015 22.149693 11.466969 14.356853 16.178396 21.686522
  16.660589 18.236204  8.824611]
 [ 8.626015 15.700885 25.264435 19.986485 12.268928 12.958244 30.526239
  10.080957 12.655588 10.12188 ]
 [22.149693 25.264435 26.703835 23.649346  8.544465 16.297538 19.666158
  14.354641 24.718652 18.330222]
 [11.466969 19.986485 23.649346  7.440955 18.579533 30.575331  6.496022
  24.86736  10.534858 18.083437]
 [14.356853 12.268928  8.544465 18.579533 11.163846 24.658199 29.668766
  15.423039 29.999677 12.460927]
 [16.178396 12.958244 16.297538 30.575331 24.658199 12.179086 18.913719
  18.159733 24.286412 19.359935]
 [21.686522 30.526239 19.666158  6.496022 29.668766 18.913719 22.591015
  22.8548   16.738012 28.02696 ]
 [16.660589 10.080957 14.354641 24.86736  15.423039 18.159733 22.8548
  29.619639 22.565947 12.655939]
 [18.236204 12.655588 24.718652 10.534858 29.999677 24.286412 16.738012
  22.565947 31.591928 19.024944]
 [ 8.824611 10.12188  18.330222 18.083437 12.460927 19.359935 28.02696
  12.655939 19.024944 24.801049]]

H(alpha, beta) = M0 + alpha*M1 + beta*M2:
[[36.114384  9.765776 30.106023 15.189989 22.182245 19.78933  29.401813
  23.506944 24.758316 13.886649]
 [ 9.765776 21.247515 31.032391 25.34725  17.115324 16.578102 40.18588
  17.733118 21.096195 15.094625]
 [30.106023 31.032391 30.288465 30.570394 15.852739 19.102015 24.834114
  21.739241 29.988026 24.548763]
 [15.189989 25.34725  30.570394 12.630905 21.605375 38.193061 12.813888
  32.207738 15.799307 26.986222]
 [22.182245 17.115324 15.852739 21.605375 23.508332 27.67859  34.944824
  21.87245  36.452944 14.892609]
 [19.78933  16.578102 19.102015 38.193061 27.67859  28.44184  22.725067
  26.704418 31.236854 23.259868]
 [29.401813 40.18588  24.834114 12.813888 34.944824 22.725067 35.632658
  31.532878 22.677697 33.089551]
 [23.506944 17.733118 21.739241 32.207738 21.87245  26.704418 31.532878
  46.573646 28.459973 21.126085]
 [24.758316 21.096195 29.988026 15.799307 36.452944 31.236854 22.677697
  28.459973 46.493973 23.907924]
 [13.886649 15.094625 24.548763 26.986222 14.892609 23.259868 33.089551
  21.126085 23.907924 41.804757]]
