alpha 2.333333333333333
beta  1.4444444444444444

M0 (diagonal):
[[6.732655 0.       0.       0.       0.       0.       0.       0.
  0.       0.      ]
 [0.       3.42808  0.       0.       0.       0.       0.       0.
  0.       0.      ]
 [0.       0.       1.368762 0.       0.       0.       0.       0.
  0.       0.      ]
 [0.       0.       0.       1.148749 0.       0.       0.       0.
  0.       0.      ]
 [0.       0.       0.       0.       8.319432 0.       0.       0.
  0.       0.      ]
 [0.       0.       0.       0.       0.       9.2148   0.       0.
  0.       0.      ]
 [0.       0.       0.       0.       0.       0.       6.459722 0.
  0.       0.      ]
 [0.       0.       0.       0.       0.       0.       0.       7.565469
  0.       0.      ]
 [0.       0.       0.       0.       0.       0.       0.       0.
  5.892625 0.      ]
 [0.       0.       0.       0.       0.       0.       0.       0.
  0.       9.415652]]

alpha * M1:
[[19.466258  2.659444 18.564769  8.687045 18.259248  8.425512 18.002348
  15.974829 15.218259 11.811422]
 [ 2.659444  4.943282 13.458565 12.508452 11.308256  8.446335 22.53916
  17.855043 19.694749 11.603071]
 [18.564769 13.458565  5.17036  16.149111 17.052638  6.54378  12.058565
  17.230733 12.295206 14.509929]
 [ 8.687045 12.508452 16.149111  9.429469  7.060297 17.774704 14.741688
  17.127548 12.283715 20.773164]
 [18.259248 11.308256 17.052638  7.060297  9.391792  7.047577 12.310803
  15.048625 15.057624  5.673925]
 [ 8.425512  8.446335  6.54378  17.774704  7.047577 16.445226  8.893146
  19.937598 16.217697  9.099845]
 [18.002348 22.53916  12.058565 14.741688 12.310803  8.893146 15.357816
  20.248847 13.859264 11.812712]
 [15.974829 17.855043 17.230733 17.127548 15.048625 19.937598 20.248847
  21.906587 13.752729 19.763674]
 [15.218259 19.694749 12.295206 12.283715 15.057624 16.217697 13.859264
  13.752729 21.02198  11.393621]
 [11.811422 11.603071 14.509929 20.773164  5.673925  9.099845 11.812712
  19.763674 11.393621 17.705463]]

beta * M2:
[[ 9.431297  3.866834  9.929173  5.140366  6.435831  7.252384  9.721544
   7.46854   8.17485   3.95586 ]
 [ 3.866834  7.038328 11.325436  8.959459  5.499864  5.808868 13.684176
   4.51905   5.673195  4.537395]
 [ 9.929173 11.325436 11.970685 10.601431  3.830278  7.305793  8.815864
   6.434839 11.080775  8.216996]
 [ 5.140366  8.959459 10.601431  3.3356    8.328756 13.706183  2.91201
  11.147437  4.722522  8.106368]
 [ 6.435831  5.499864  3.830278  8.328756  5.004483 11.053676 13.299792
   6.913776 13.448131  5.585933]
 [ 7.252384  5.808868  7.305793 13.706183 11.053676  5.45959   8.478564
   8.14057  10.887012  8.678591]
 [ 9.721544 13.684176  8.815864  2.91201  13.299792  8.478564 10.127007
  10.245255  7.503247 12.56381 ]
 [ 7.46854   4.51905   6.434839 11.147437  6.913776  8.14057  10.245255
  13.277769 10.115769  5.673352]
 [ 8.17485   5.673195 11.080775  4.722522 13.448131 10.887012  7.503247
  10.115769 14.161899  8.528423]
 [ 3.95586   4.537395  8.216996  8.106368  5.585933  8.678591 12.56381
   5.673352  8.528423 11.117712]]

H(alpha, beta) = M0 + alpha*M1 + beta*M2:
[[35.63021   6.526278 28.493942 13.827411 24.695078 15.677896 27.723892
  23.443369 23.39311  15.767282]
 [ 6.526278 15.409691 24.784001 21.467911 16.80812  14.255203 36.223337
  22.374092 25.367944 16.140466]
 [28.493942 24.784001 18.509806 26.750542 20.882916 13.849573 20.874429
  23.665572 23.375981 22.726925]
 [13.827411 21.467911 26.750542 13.913818 15.389054 31.480887 17.653698
  28.274985 17.006238 28.879532]
 [24.695078 16.80812  20.882916 15.389054 22.715706 18.101253 25.610594
  21.962401 28.505755 11.259858]
 [15.677896 14.255203 13.849573 31.480887 18.101253 31.119616 17.37171
  28.078168 27.104709 17.778436]
 [27.723892 36.223337 20.874429 17.653698 25.610594 17.37171  31.944545
  30.494102 21.362511 24.376522]
 [23.443369 22.374092 23.665572 28.274985 21.962401 28.078168 30.494102
  42.749825 23.868498 25.437026]
 [23.39311  25.367944 23.375981 17.006238 28.505755 27.104709 21.362511
  23.868498 41.076504 19.922044]
 [15.767282 16.140466 22.726925 28.879532 11.259858 17.778436 24.376522
  25.437026 19.922044 38.238827]]
