alpha 4.111111111111111
beta  5.0

M0 (diagonal):
[[6.732655 0.       0.       0.       0.       0.       0.       0.
  0.       0.      ]
 [0.       3.42808  0.       0.       0.       0.       0.       0.
  0.       0.      ]
 [0.       0.       1.368762 0.       0.       0.       0.       0.
  0.       0.      ]
 [0.       0.       0.       1.148749 0.       0.       0.       0.
  0.       0.      ]
 [0.       0.       0.       0.       8.319432 0.       0.       0.
  0.       0.      ]
 [0.       0.       0.       0.       0.       9.2148   0.       0.
  0.       0.      ]
 [0.       0.       0.       0.       0.       0.       6.459722 0.
  0.       0.      ]
 [0.       0.       0.       0.       0.       0.       0.       7.565469
  0.       0.      ]
 [0.       0.       0.       0.       0.       0.       0.       0.
  5.892625 0.      ]
 [0.       0.       0.       0.       0.       0.       0.       0.
  0.       9.415652]]

alpha * M1:
[[34.297693  4.685687 32.709355 15.305746 32.171056 14.844949 31.718422
  28.146127 26.813124 20.810601]
 [ 4.685687  8.709592 23.712709 22.038701 19.92407  14.881637 39.711854
  31.458885 34.700272 20.443507]
 [32.709355 23.712709  9.109682 28.453196 30.045124 11.529517 21.246043
  30.358911 21.662983 25.565113]
 [15.305746 22.038701 28.453196 16.613826 12.439571 31.317336 25.973451
  30.177109 21.642737 36.600336]
 [32.171056 19.92407  30.045124 12.439571 16.547442 12.41716  21.690462
  26.514243 26.5301    9.996915]
 [14.844949 14.881637 11.529517 31.317336 12.41716  28.974922 15.668876
  35.12815  28.574038 16.03306 ]
 [31.718422 39.711854 21.246043 25.973451 21.690462 15.668876 27.059009
  35.67654  24.418703 20.812874]
 [28.146127 31.458885 30.358911 30.177109 26.514243 35.12815  35.67654
  38.59732  24.230998 34.821711]
 [26.813124 34.700272 21.662983 21.642737 26.5301   28.574038 24.418703
  24.230998 37.038727 20.074475]
 [20.810601 20.443507 25.565113 36.600336  9.996915 16.03306  20.812874
  34.821711 20.074475 31.19534 ]]

beta * M2:
[[32.646796 13.385195 34.370214 17.793573 22.277875 25.104408 33.651499
  25.852638 28.297559 13.693362]
 [13.385195 24.363443 39.203433 31.013511 19.037992 20.10762  47.368303
  15.642864 19.637981 15.706366]
 [34.370214 39.203433 41.436985 36.697261 13.258653 25.289283 30.516452
  22.274443 38.356528 28.443449]
 [17.793573 31.013511 36.697261 11.546309 28.830311 47.444479 10.080034
  38.587283 16.347193 28.060506]
 [22.277875 19.037992 13.258653 28.830311 17.323209 38.262723 46.03774
  23.932302 46.551222 19.335921]
 [25.104408 20.10762  25.289283 47.444479 38.262723 18.898581 29.348874
  28.178895 37.685812 30.041278]
 [33.651499 47.368303 30.516452 10.080034 46.03774  29.348874 35.055023
  35.464345 25.972778 43.490111]
 [25.852638 15.642864 22.274443 38.587283 23.932302 28.178895 35.464345
  45.961509 35.016124 19.638527]
 [28.297559 19.637981 38.356528 16.347193 46.551222 37.685812 25.972778
  35.016124 49.021957 29.521464]
 [13.693362 15.706366 28.443449 28.060506 19.335921 30.041278 43.490111
  19.638527 29.521464 38.484387]]

H(alpha, beta) = M0 + alpha*M1 + beta*M2:
[[73.677144 18.070883 67.079569 33.099319 54.448931 39.949357 65.369921
  53.998765 55.110682 34.503963]
 [18.070883 36.501116 62.916142 53.052212 38.962062 34.989257 87.080157
  47.101749 54.338254 36.149872]
 [67.079569 62.916142 51.915428 65.150457 43.303778 36.8188   51.762494
  52.633354 60.019511 54.008561]
 [33.099319 53.052212 65.150457 29.308884 41.269882 78.761815 36.053484
  68.764392 37.989929 64.660842]
 [54.448931 38.962062 43.303778 41.269882 42.190084 50.679883 67.728202
  50.446545 73.081322 29.332836]
 [39.949357 34.989257 36.8188   78.761815 50.679883 57.088303 45.017751
  63.307045 66.25985  46.074338]
 [65.369921 87.080157 51.762494 36.053484 67.728202 45.017751 68.573754
  71.140885 50.391481 64.302984]
 [53.998765 47.101749 52.633354 68.764392 50.446545 63.307045 71.140885
  92.124298 59.247122 54.460238]
 [55.110682 54.338254 60.019511 37.989929 73.081322 66.25985  50.391481
  59.247122 91.953309 49.595939]
 [34.503963 36.149872 54.008561 64.660842 29.332836 46.074338 64.302984
  54.460238 49.595939 79.095379]]
