alpha 1.4444444444444444
beta  1.8888888888888888

M0 (diagonal):
[[6.732655 0.       0.       0.       0.       0.       0.       0.
  0.       0.      ]
 [0.       3.42808  0.       0.       0.       0.       0.       0.
  0.       0.      ]
 [0.       0.       1.368762 0.       0.       0.       0.       0.
  0.       0.      ]
 [0.       0.       0.       1.148749 0.       0.       0.       0.
  0.       0.      ]
 [0.       0.       0.       0.       8.319432 0.       0.       0.
  0.       0.      ]
 [0.       0.       0.       0.       0.       9.2148   0.       0.
  0.       0.      ]
 [0.       0.       0.       0.       0.       0.       6.459722 0.
  0.       0.      ]
 [0.       0.       0.       0.       0.       0.       0.       7.565469
  0.       0.      ]
 [0.       0.       0.       0.       0.       0.       0.       0.
  5.892625 0.      ]
 [0.       0.       0.       0.       0.       0.       0.       0.
  0.       9.415652]]

alpha * M1:
[[12.050541  1.646323 11.492476  5.377695 11.303344  5.215793 11.14431
   9.88918   9.420827  7.311833]
 [ 1.646323  3.060127  8.331492  7.743327  7.000349  5.228683 13.952814
  11.053122 12.191988  7.182854]
 [11.492476  8.331492  3.200699  9.997069 10.556395  4.050911  7.464826
  10.666644  7.611318  8.982337]
 [ 5.377695  7.743327  9.997069  5.83729   4.37066  11.003388  9.125807
  10.602768  7.604205 12.859577]
 [11.303344  7.000349 10.556395  4.37066   5.813966  4.362786  7.620973
   9.315815  9.321387  3.51243 ]
 [ 5.215793  5.228683  4.050911 11.003388  4.362786 10.180378  5.505281
  12.342323 10.039527  5.633237]
 [11.14431  13.952814  7.464826  9.125807  7.620973  5.505281  9.507219
  12.535     8.579544  7.312631]
 [ 9.88918  11.053122 10.666644 10.602768  9.315815 12.342323 12.535
  13.56122   8.513594 12.234655]
 [ 9.420827 12.191988  7.611318  7.604205  9.321387 10.039527  8.579544
   8.513594 13.013607  7.053194]
 [ 7.311833  7.182854  8.982337 12.859577  3.51243   5.633237  7.312631
  12.234655  7.053194 10.960525]]

beta * M2:
[[12.333234  5.056629 12.984303  6.722016  8.416086  9.483887 12.712788
   9.766552 10.690189  5.173048]
 [ 5.056629  9.203967 14.810186 11.716215  7.19213   7.596212 17.894692
   5.909526  7.418793  5.933516]
 [12.984303 14.810186 15.653972 13.86341   5.008825  9.553729 11.528437
   8.41479  14.490244 10.745303]
 [ 6.722016 11.716215 13.86341   4.361939 10.891451 17.92347   3.808013
  14.577418  6.175606 10.600636]
 [ 8.416086  7.19213   5.008825 10.891451  6.544324 14.454807 17.392035
   9.041092 17.586017  7.304681]
 [ 9.483887  7.596212  9.553729 17.92347  14.454807  7.139464 11.087352
  10.645361 14.236862 11.348927]
 [12.712788 17.894692 11.528437  3.808013 17.392035 11.087352 13.243009
  13.397642  9.811938 16.429597]
 [ 9.766552  5.909526  8.41479  14.577418  9.041092 10.645361 13.397642
  17.363237 13.228314  7.418999]
 [10.690189  7.418793 14.490244  6.175606 17.586017 14.236862  9.811938
  13.228314 18.519406 11.152553]
 [ 5.173048  5.933516 10.745303 10.600636  7.304681 11.348927 16.429597
   7.418999 11.152553 14.538546]]

H(alpha, beta) = M0 + alpha*M1 + beta*M2:
[[31.11643   6.702952 24.476779 12.099711 19.71943  14.69968  23.857099
  19.655732 20.111016 12.484881]
 [ 6.702952 15.692175 23.141678 19.459543 14.192479 12.824895 31.847506
  16.962648 19.610781 13.11637 ]
 [24.476779 23.141678 20.223433 23.860479 15.56522  13.60464  18.993263
  19.081434 22.101562 19.72764 ]
 [12.099711 19.459543 23.860479 11.347978 15.262111 28.926858 12.93382
  25.180186 13.779811 23.460213]
 [19.71943  14.192479 15.56522  15.262111 20.677722 18.817592 25.013008
  18.356907 26.907404 10.817111]
 [14.69968  12.824895 13.60464  28.926858 18.817592 26.534642 16.592633
  22.987683 24.276389 16.982165]
 [23.857099 31.847506 18.993263 12.93382  25.013008 16.592633 29.20995
  25.932642 18.391483 23.742229]
 [19.655732 16.962648 19.081434 25.180186 18.356907 22.987683 25.932642
  38.489926 21.741907 19.653654]
 [20.111016 19.610781 22.101562 13.779811 26.907404 24.276389 18.391483
  21.741907 37.425638 18.205747]
 [12.484881 13.11637  19.72764  23.460213 10.817111 16.982165 23.742229
  19.653654 18.205747 34.914723]]
