alpha 5.0
beta  1.4444444444444444

M0 (diagonal):
[[6.732655 0.       0.       0.       0.       0.       0.       0.
  0.       0.      ]
 [0.       3.42808  0.       0.       0.       0.       0.       0.
  0.       0.      ]
 [0.       0.       1.368762 0.       0.       0.       0.       0.
  0.       0.      ]
 [0.       0.       0.       1.148749 0.       0.       0.       0.
  0.       0.      ]
 [0.       0.       0.       0.       8.319432 0.       0.       0.
  0.       0.      ]
 [0.       0.       0.       0.       0.       9.2148   0.       0.
  0.       0.      ]
 [0.       0.       0.       0.       0.       0.       6.459722 0.
  0.       0.      ]
 [0.       0.       0.       0.       0.       0.       0.       7.565469
  0.       0.      ]
 [0.       0.       0.       0.       0.       0.       0.       0.
  5.892625 0.      ]
 [0.       0.       0.       0.       0.       0.       0.       0.
  0.       9.415652]]

alpha * M1:
[[41.71341   5.698809 39.781648 18.615097 39.126959 18.054668 38.576459
  34.231776 32.610556 25.310191]
 [ 5.698809 10.592747 28.839781 26.803825 24.231977 18.099288 48.298201
  38.260806 42.203034 24.863724]
 [39.781648 28.839781 11.079343 34.605238 36.541367 14.022386 25.839782
  36.923    26.346871 31.092705]
 [18.615097 26.803825 34.605238 20.206005 15.129208 38.088652 31.589332
  36.701889 26.322247 44.513922]
 [39.126959 24.231977 36.541367 15.129208 20.125268 15.101951 26.380292
  32.247053 32.266338 12.15841 ]
 [18.054668 18.099288 14.022386 38.088652 15.101951 35.23977  19.056742
  42.723425 34.752208 19.499668]
 [38.576459 48.298201 25.839782 31.589332 26.380292 19.056742 32.909605
  43.390386 29.698423 25.312954]
 [34.231776 38.260806 36.923    36.701889 32.247053 42.723425 43.390386
  46.942686 29.470133 42.35073 ]
 [32.610556 42.203034 26.346871 26.322247 32.266338 34.752208 29.698423
  29.470133 45.0471   24.414902]
 [25.310191 24.863724 31.092705 44.513922 12.15841  19.499668 25.312954
  42.35073  24.414902 37.940279]]

beta * M2:
[[ 9.431297  3.866834  9.929173  5.140366  6.435831  7.252384  9.721544
   7.46854   8.17485   3.95586 ]
 [ 3.866834  7.038328 11.325436  8.959459  5.499864  5.808868 13.684176
   4.51905   5.673195  4.537395]
 [ 9.929173 11.325436 11.970685 10.601431  3.830278  7.305793  8.815864
   6.434839 11.080775  8.216996]
 [ 5.140366  8.959459 10.601431  3.3356    8.328756 13.706183  2.91201
  11.147437  4.722522  8.106368]
 [ 6.435831  5.499864  3.830278  8.328756  5.004483 11.053676 13.299792
   6.913776 13.448131  5.585933]
 [ 7.252384  5.808868  7.305793 13.706183 11.053676  5.45959   8.478564
   8.14057  10.887012  8.678591]
 [ 9.721544 13.684176  8.815864  2.91201  13.299792  8.478564 10.127007
  10.245255  7.503247 12.56381 ]
 [ 7.46854   4.51905   6.434839 11.147437  6.913776  8.14057  10.245255
  13.277769 10.115769  5.673352]
 [ 8.17485   5.673195 11.080775  4.722522 13.448131 10.887012  7.503247
  10.115769 14.161899  8.528423]
 [ 3.95586   4.537395  8.216996  8.106368  5.585933  8.678591 12.56381
   5.673352  8.528423 11.117712]]

H(alpha, beta) = M0 + alpha*M1 + beta*M2:
[[57.877362  9.565643 49.710821 23.755462 45.56279  25.307052 48.298003
  41.700316 40.785406 29.266051]
 [ 9.565643 21.059156 40.165218 35.763284 29.731842 23.908156 61.982377
  42.779855 47.876229 29.401119]
 [49.710821 40.165218 24.418789 45.206669 40.371645 21.328178 34.655645
  43.357839 37.427646 39.309701]
 [23.755462 35.763284 45.206669 24.690354 23.457965 51.794834 34.501342
  47.849326 31.04477  52.62029 ]
 [45.56279  29.731842 40.371645 23.457965 33.449183 26.155627 39.680083
  39.160829 45.714469 17.744343]
 [25.307052 23.908156 21.328178 51.794834 26.155627 49.91416  27.535305
  50.863995 45.63922  28.178259]
 [48.298003 61.982377 34.655645 34.501342 39.680083 27.535305 49.496334
  53.635641 37.20167  37.876764]
 [41.700316 42.779855 43.357839 47.849326 39.160829 50.863995 53.635641
  67.785924 39.585902 48.024082]
 [40.785406 47.876229 37.427646 31.04477  45.714469 45.63922  37.20167
  39.585902 65.101624 32.943325]
 [29.266051 29.401119 39.309701 52.62029  17.744343 28.178259 37.876764
  48.024082 32.943325 58.473642]]
