alpha 1.4444444444444444
beta  5.0

M0 (diagonal):
[[6.732655 0.       0.       0.       0.       0.       0.       0.
  0.       0.      ]
 [0.       3.42808  0.       0.       0.       0.       0.       0.
  0.       0.      ]
 [0.       0.       1.368762 0.       0.       0.       0.       0.
  0.       0.      ]
 [0.       0.       0.       1.148749 0.       0.       0.       0.
  0.       0.      ]
 [0.       0.       0.       0.       8.319432 0.       0.       0.
  0.       0.      ]
 [0.       0.       0.       0.       0.       9.2148   0.       0.
  0.       0.      ]
 [0.       0.       0.       0.       0.       0.       6.459722 0.
  0.       0.      ]
 [0.       0.       0.       0.       0.       0.       0.       7.565469
  0.       0.      ]
 [0.       0.       0.       0.       0.       0.       0.       0.
  5.892625 0.      ]
 [0.       0.       0.       0.       0.       0.       0.       0.
  0.       9.415652]]

alpha * M1:
[[12.050541  1.646323 11.492476  5.377695 11.303344  5.215793 11.14431
   9.88918   9.420827  7.311833]
 [ 1.646323  3.060127  8.331492  7.743327  7.000349  5.228683 13.952814
  11.053122 12.191988  7.182854]
 [11.492476  8.331492  3.200699  9.997069 10.556395  4.050911  7.464826
  10.666644  7.611318  8.982337]
 [ 5.377695  7.743327  9.997069  5.83729   4.37066  11.003388  9.125807
  10.602768  7.604205 12.859577]
 [11.303344  7.000349 10.556395  4.37066   5.813966  4.362786  7.620973
   9.315815  9.321387  3.51243 ]
 [ 5.215793  5.228683  4.050911 11.003388  4.362786 10.180378  5.505281
  12.342323 10.039527  5.633237]
 [11.14431  13.952814  7.464826  9.125807  7.620973  5.505281  9.507219
  12.535     8.579544  7.312631]
 [ 9.88918  11.053122 10.666644 10.602768  9.315815 12.342323 12.535
  13.56122   8.513594 12.234655]
 [ 9.420827 12.191988  7.611318  7.604205  9.321387 10.039527  8.579544
   8.513594 13.013607  7.053194]
 [ 7.311833  7.182854  8.982337 12.859577  3.51243   5.633237  7.312631
  12.234655  7.053194 10.960525]]

beta * M2:
[[32.646796 13.385195 34.370214 17.793573 22.277875 25.104408 33.651499
  25.852638 28.297559 13.693362]
 [13.385195 24.363443 39.203433 31.013511 19.037992 20.10762  47.368303
  15.642864 19.637981 15.706366]
 [34.370214 39.203433 41.436985 36.697261 13.258653 25.289283 30.516452
  22.274443 38.356528 28.443449]
 [17.793573 31.013511 36.697261 11.546309 28.830311 47.444479 10.080034
  38.587283 16.347193 28.060506]
 [22.277875 19.037992 13.258653 28.830311 17.323209 38.262723 46.03774
  23.932302 46.551222 19.335921]
 [25.104408 20.10762  25.289283 47.444479 38.262723 18.898581 29.348874
  28.178895 37.685812 30.041278]
 [33.651499 47.368303 30.516452 10.080034 46.03774  29.348874 35.055023
  35.464345 25.972778 43.490111]
 [25.852638 15.642864 22.274443 38.587283 23.932302 28.178895 35.464345
  45.961509 35.016124 19.638527]
 [28.297559 19.637981 38.356528 16.347193 46.551222 37.685812 25.972778
  35.016124 49.021957 29.521464]
 [13.693362 15.706366 28.443449 28.060506 19.335921 30.041278 43.490111
  19.638527 29.521464 38.484387]]

H(alpha, beta) = M0 + alpha*M1 + beta*M2:
[[51.429992 15.031518 45.86269  23.171267 33.581219 30.320201 44.795809
  35.741818 37.718386 21.005195]
 [15.031518 30.85165  47.534926 38.756838 26.038341 25.336303 61.321116
  26.695985 31.829969 22.889219]
 [45.86269  47.534926 46.006446 46.69433  23.815048 29.340194 37.981277
  32.941087 45.967847 37.425785]
 [23.171267 38.756838 46.69433  18.532348 33.200971 58.447867 19.205841
  49.190051 23.951398 40.920084]
 [33.581219 26.038341 23.815048 33.200971 31.456608 42.625509 53.658713
  33.248117 55.872609 22.848351]
 [30.320201 25.336303 29.340194 58.447867 42.625509 38.293759 34.854155
  40.521218 47.725339 35.674515]
 [44.795809 61.321116 37.981277 19.205841 53.658713 34.854155 51.021965
  47.999346 34.552322 50.802742]
 [35.741818 26.695985 32.941087 49.190051 33.248117 40.521218 47.999346
  67.088199 43.529718 31.873182]
 [37.718386 31.829969 45.967847 23.951398 55.872609 47.725339 34.552322
  43.529718 67.928189 36.574658]
 [21.005195 22.889219 37.425785 40.920084 22.848351 35.674515 50.802742
  31.873182 36.574658 58.860563]]
