alpha 3.2222222222222223
beta  3.2222222222222223

M0 (diagonal):
[[6.732655 0.       0.       0.       0.       0.       0.       0.
  0.       0.      ]
 [0.       3.42808  0.       0.       0.       0.       0.       0.
  0.       0.      ]
 [0.       0.       1.368762 0.       0.       0.       0.       0.
  0.       0.      ]
 [0.       0.       0.       1.148749 0.       0.       0.       0.
  0.       0.      ]
 [0.       0.       0.       0.       8.319432 0.       0.       0.
  0.       0.      ]
 [0.       0.       0.       0.       0.       9.2148   0.       0.
  0.       0.      ]
 [0.       0.       0.       0.       0.       0.       6.459722 0.
  0.       0.      ]
 [0.       0.       0.       0.       0.       0.       0.       7.565469
  0.       0.      ]
 [0.       0.       0.       0.       0.       0.       0.       0.
  5.892625 0.      ]
 [0.       0.       0.       0.       0.       0.       0.       0.
  0.       9.415652]]

alpha * M1:
[[26.881975  3.672566 25.637062 11.996396 25.215152 11.63523  24.860385
  22.060478 21.015692 16.311012]
 [ 3.672566  6.826437 18.585637 17.273576 15.616163 11.663986 31.125507
  24.656964 27.197511 16.023289]
 [25.637062 18.585637  7.140021 22.301154 23.548881  9.036649 16.652304
  23.794822 16.979095 20.037521]
 [11.996396 17.273576 22.301154 13.021648  9.749934 24.54602  20.357569
  23.652328 16.963226 28.68675 ]
 [25.215152 15.616163 23.548881  9.749934 12.969617  9.732368 17.000632
  20.781434 20.793862  7.83542 ]
 [11.63523  11.663986  9.036649 24.54602   9.732368 22.710074 12.281011
  27.532874 22.395867 12.566453]
 [24.860385 31.125507 16.652304 20.357569 17.000632 12.281011 21.208412
  27.962693 19.138984 16.312793]
 [22.060478 24.656964 23.794822 23.652328 20.781434 27.532874 27.962693
  30.251953 18.991863 27.292693]
 [21.015692 27.197511 16.979095 16.963226 20.793862 22.395867 19.138984
  18.991863 29.030353 15.734048]
 [16.311012 16.023289 20.037521 28.68675   7.83542  12.566453 16.312793
  27.292693 15.734048 24.450402]]

beta * M2:
[[21.039046  8.626015 22.149693 11.466969 14.356853 16.178396 21.686522
  16.660589 18.236204  8.824611]
 [ 8.626015 15.700885 25.264435 19.986485 12.268928 12.958244 30.526239
  10.080957 12.655588 10.12188 ]
 [22.149693 25.264435 26.703835 23.649346  8.544465 16.297538 19.666158
  14.354641 24.718652 18.330222]
 [11.466969 19.986485 23.649346  7.440955 18.579533 30.575331  6.496022
  24.86736  10.534858 18.083437]
 [14.356853 12.268928  8.544465 18.579533 11.163846 24.658199 29.668766
  15.423039 29.999677 12.460927]
 [16.178396 12.958244 16.297538 30.575331 24.658199 12.179086 18.913719
  18.159733 24.286412 19.359935]
 [21.686522 30.526239 19.666158  6.496022 29.668766 18.913719 22.591015
  22.8548   16.738012 28.02696 ]
 [16.660589 10.080957 14.354641 24.86736  15.423039 18.159733 22.8548
  29.619639 22.565947 12.655939]
 [18.236204 12.655588 24.718652 10.534858 29.999677 24.286412 16.738012
  22.565947 31.591928 19.024944]
 [ 8.824611 10.12188  18.330222 18.083437 12.460927 19.359935 28.02696
  12.655939 19.024944 24.801049]]

H(alpha, beta) = M0 + alpha*M1 + beta*M2:
[[54.653677 12.29858  47.786755 23.463365 39.572005 27.813626 46.546906
  38.721067 39.251896 25.135623]
 [12.29858  25.955403 43.850072 37.260061 27.885091 24.62223  61.651747
  34.73792  39.853099 26.145169]
 [47.786755 43.850072 35.212617 45.9505   32.093347 25.334186 36.318461
  38.149463 41.697746 38.367743]
 [23.463365 37.260061 45.9505   21.611351 28.329468 55.121351 26.853591
  48.519689 27.498084 46.770187]
 [39.572005 27.885091 32.093347 28.329468 32.452895 34.390568 46.669398
  36.204473 50.793539 20.296347]
 [27.813626 24.62223  25.334186 55.121351 34.390568 44.10396  31.19473
  45.692607 46.68228  31.926387]
 [46.546906 61.651747 36.318461 26.853591 46.669398 31.19473  50.259149
  50.817494 35.876996 44.339753]
 [38.721067 34.73792  38.149463 48.519689 36.204473 45.692607 50.817494
  67.437062 41.55781  39.948632]
 [39.251896 39.853099 41.697746 27.498084 50.793539 46.68228  35.876996
  41.55781  66.514906 34.758992]
 [25.135623 26.145169 38.367743 46.770187 20.296347 31.926387 44.339753
  39.948632 34.758992 58.667103]]
