alpha 3.6666666666666665
beta  3.6666666666666665

M0 (diagonal):
[[6.732655 0.       0.       0.       0.       0.       0.       0.
  0.       0.      ]
 [0.       3.42808  0.       0.       0.       0.       0.       0.
  0.       0.      ]
 [0.       0.       1.368762 0.       0.       0.       0.       0.
  0.       0.      ]
 [0.       0.       0.       1.148749 0.       0.       0.       0.
  0.       0.      ]
 [0.       0.       0.       0.       8.319432 0.       0.       0.
  0.       0.      ]
 [0.       0.       0.       0.       0.       9.2148   0.       0.
  0.       0.      ]
 [0.       0.       0.       0.       0.       0.       6.459722 0.
  0.       0.      ]
 [0.       0.       0.       0.       0.       0.       0.       7.565469
  0.       0.      ]
 [0.       0.       0.       0.       0.       0.       0.       0.
  5.892625 0.      ]
 [0.       0.       0.       0.       0.       0.       0.       0.
  0.       9.415652]]

alpha * M1:
[[30.589834  4.179126 29.173208 13.651071 28.693104 13.24009  28.289403
  25.103303 23.914408 18.560807]
 [ 4.179126  7.768015 21.149173 19.656139 17.770117 13.272812 35.418681
  28.057924 30.948892 18.233398]
 [29.173208 21.149173  8.124851 25.377175 26.797003 10.283083 18.949173
  27.076867 19.321039 22.801317]
 [13.651071 19.656139 25.377175 14.817737 11.094753 27.931678 23.16551
  26.914719 19.302981 32.643543]
 [28.693104 17.770117 26.797003 11.094753 14.75853  11.074764 19.345547
  23.647839 23.661981  8.916168]
 [13.24009  13.272812 10.283083 27.931678 11.074764 25.842498 13.974944
  31.330512 25.484952 14.299757]
 [28.289403 35.418681 18.949173 23.16551  19.345547 13.974944 24.133711
  31.819616 21.778844 18.562833]
 [25.103303 28.057924 27.076867 26.914719 23.647839 31.330512 31.819616
  34.424636 21.611431 31.057202]
 [23.914408 30.948892 19.321039 19.302981 23.661981 25.484952 21.778844
  21.611431 33.03454  17.904262]
 [18.560807 18.233398 22.801317 32.643543  8.916168 14.299757 18.562833
  31.057202 17.904262 27.822871]]

beta * M2:
[[23.940984  9.81581  25.204823 13.04862  16.337108 18.409899 24.677766
  18.958601 20.751543 10.041799]
 [ 9.81581  17.866525 28.749184 22.743241 13.961194 14.745588 34.736755
  11.471433 14.401186 11.518001]
 [25.204823 28.749184 30.387122 26.911325  9.723012 18.545474 22.378731
  16.334591 28.128121 20.858529]
 [13.04862  22.743241 26.911325  8.467293 21.142228 34.792618  7.392025
  28.297341 11.987941 20.577704]
 [16.337108 13.961194  9.723012 21.142228 12.703687 28.05933  33.761009
  17.550355 34.137563 14.179675]
 [18.409899 14.745588 18.545474 34.792618 28.05933  13.85896  21.522508
  20.664523 27.636262 22.03027 ]
 [24.677766 34.736755 22.378731  7.392025 33.761009 21.522508 25.707017
  26.007187 19.046704 31.892748]
 [18.958601 11.471433 16.334591 28.297341 17.550355 20.664523 26.007187
  33.705107 25.678491 14.401586]
 [20.751543 14.401186 28.128121 11.987941 34.137563 27.636262 19.046704
  25.678491 35.949435 21.649074]
 [10.041799 11.518001 20.858529 20.577704 14.179675 22.03027  31.892748
  14.401586 21.649074 28.221883]]

H(alpha, beta) = M0 + alpha*M1 + beta*M2:
[[61.263473 13.994936 54.378032 26.699691 45.030212 31.649989 52.967169
  44.061904 44.665951 28.602605]
 [13.994936 29.06262  49.898357 42.39938  31.731311 28.0184   70.155436
  39.529358 45.350078 29.751399]
 [54.378032 49.898357 39.880735 52.2885   36.520015 28.828557 41.327904
  43.411458 47.449159 43.659846]
 [26.699691 42.39938  52.2885   24.433779 32.23698  62.724296 30.557535
  55.212059 31.290923 53.221247]
 [45.030212 31.731311 36.520015 32.23698  35.781649 39.134094 53.106556
  41.198193 57.799544 23.095843]
 [31.649989 28.0184   28.828557 62.724296 39.134094 48.916257 35.497451
  51.995035 53.121215 36.330027]
 [52.967169 70.155436 41.327904 30.557535 53.106556 35.497451 56.30045
  57.826803 40.825547 50.455581]
 [44.061904 39.529358 43.411458 55.212059 41.198193 51.995035 57.826803
  75.695212 47.289922 45.458788]
 [44.665951 45.350078 47.449159 31.290923 57.799544 53.121215 40.825547
  47.289922 74.8766   39.553335]
 [28.602605 29.751399 43.659846 53.221247 23.095843 36.330027 50.455581
  45.458788 39.553335 65.460406]]
