alpha 2.7777777777777777
beta  3.6666666666666665

M0 (diagonal):
[[6.732655 0.       0.       0.       0.       0.       0.       0.
  0.       0.      ]
 [0.       3.42808  0.       0.       0.       0.       0.       0.
  0.       0.      ]
 [0.       0.       1.368762 0.       0.       0.       0.       0.
  0.       0.      ]
 [0.       0.       0.       1.148749 0.       0.       0.       0.
  0.       0.      ]
 [0.       0.       0.       0.       8.319432 0.       0.       0.
  0.       0.      ]
 [0.       0.       0.       0.       0.       9.2148   0.       0.
  0.       0.      ]
 [0.       0.       0.       0.       0.       0.       6.459722 0.
  0.       0.      ]
 [0.       0.       0.       0.       0.       0.       0.       7.565469
  0.       0.      ]
 [0.       0.       0.       0.       0.       0.       0.       0.
  5.892625 0.      ]
 [0.       0.       0.       0.       0.       0.       0.       0.
  0.       9.415652]]

alpha * M1:
[[23.174117  3.166005 22.100915 10.34172  21.7372   10.030371 21.431366
  19.017654 18.116976 14.061217]
 [ 3.166005  5.88486  16.022101 14.891014 13.46221  10.05516  26.832334
  21.256003 23.44613  13.81318 ]
 [22.100915 16.022101  6.15519  19.225132 20.30076   7.790214 14.355434
  20.512778 14.637151 17.273725]
 [10.34172  14.891014 19.225132 11.225558  8.405116 21.160362 17.549629
  20.389938 14.623471 24.729957]
 [21.7372   13.46221  20.30076   8.405116 11.180704  8.389973 14.655718
  17.915029 17.925743  6.754672]
 [10.030371 10.05516   7.790214 21.160362  8.389973 19.57765  10.587079
  23.735236 19.306782 10.833149]
 [21.431366 26.832334 14.355434 17.549629 14.655718 10.587079 18.283114
  24.10577  16.499124 14.062752]
 [19.017654 21.256003 20.512778 20.389938 17.915029 23.735236 24.10577
  26.07927  16.372296 23.528183]
 [18.116976 23.44613  14.637151 14.623471 17.925743 19.306782 16.499124
  16.372296 25.026167 13.563835]
 [14.061217 13.81318  17.273725 24.729957  6.754672 10.833149 14.062752
  23.528183 13.563835 21.077933]]

beta * M2:
[[23.940984  9.81581  25.204823 13.04862  16.337108 18.409899 24.677766
  18.958601 20.751543 10.041799]
 [ 9.81581  17.866525 28.749184 22.743241 13.961194 14.745588 34.736755
  11.471433 14.401186 11.518001]
 [25.204823 28.749184 30.387122 26.911325  9.723012 18.545474 22.378731
  16.334591 28.128121 20.858529]
 [13.04862  22.743241 26.911325  8.467293 21.142228 34.792618  7.392025
  28.297341 11.987941 20.577704]
 [16.337108 13.961194  9.723012 21.142228 12.703687 28.05933  33.761009
  17.550355 34.137563 14.179675]
 [18.409899 14.745588 18.545474 34.792618 28.05933  13.85896  21.522508
  20.664523 27.636262 22.03027 ]
 [24.677766 34.736755 22.378731  7.392025 33.761009 21.522508 25.707017
  26.007187 19.046704 31.892748]
 [18.958601 11.471433 16.334591 28.297341 17.550355 20.664523 26.007187
  33.705107 25.678491 14.401586]
 [20.751543 14.401186 28.128121 11.987941 34.137563 27.636262 19.046704
  25.678491 35.949435 21.649074]
 [10.041799 11.518001 20.858529 20.577704 14.179675 22.03027  31.892748
  14.401586 21.649074 28.221883]]

H(alpha, beta) = M0 + alpha*M1 + beta*M2:
[[53.847756 12.981815 47.305739 23.39034  38.074308 28.44027  46.109132
  37.976255 38.868519 24.103016]
 [12.981815 27.179465 44.771285 37.634255 27.423404 24.800748 61.569089
  32.727437 37.847316 25.331182]
 [47.305739 44.771285 37.911074 46.136457 30.023772 26.335688 36.734165
  36.847369 42.765271 38.132254]
 [23.39034  37.634255 46.136457 20.841601 29.547343 55.95298  24.941653
  48.687279 26.611412 45.307661]
 [38.074308 27.423404 30.023772 29.547343 32.203823 36.449303 48.416727
  35.465384 52.063306 20.934348]
 [28.44027  24.800748 26.335688 55.95298  36.449303 42.65141  32.109586
  44.39976  46.943045 32.863419]
 [46.109132 61.569089 36.734165 24.941653 48.416727 32.109586 50.449853
  50.112957 35.545828 45.9555  ]
 [37.976255 32.727437 36.847369 48.687279 35.465384 44.39976  50.112957
  67.349846 42.050787 37.929769]
 [38.868519 37.847316 42.765271 26.611412 52.063306 46.943045 35.545828
  42.050787 66.868227 35.212908]
 [24.103016 25.331182 38.132254 45.307661 20.934348 32.863419 45.9555
  37.929769 35.212908 58.715468]]
