alpha 4.111111111111111
beta  4.111111111111111

M0 (diagonal):
[[6.732655 0.       0.       0.       0.       0.       0.       0.
  0.       0.      ]
 [0.       3.42808  0.       0.       0.       0.       0.       0.
  0.       0.      ]
 [0.       0.       1.368762 0.       0.       0.       0.       0.
  0.       0.      ]
 [0.       0.       0.       1.148749 0.       0.       0.       0.
  0.       0.      ]
 [0.       0.       0.       0.       8.319432 0.       0.       0.
  0.       0.      ]
 [0.       0.       0.       0.       0.       9.2148   0.       0.
  0.       0.      ]
 [0.       0.       0.       0.       0.       0.       6.459722 0.
  0.       0.      ]
 [0.       0.       0.       0.       0.       0.       0.       7.565469
  0.       0.      ]
 [0.       0.       0.       0.       0.       0.       0.       0.
  5.892625 0.      ]
 [0.       0.       0.       0.       0.       0.       0.       0.
  0.       9.415652]]

alpha * M1:
[[34.297693  4.685687 32.709355 15.305746 32.171056 14.844949 31.718422
  28.146127 26.813124 20.810601]
 [ 4.685687  8.709592 23.712709 22.038701 19.92407  14.881637 39.711854
  31.458885 34.700272 20.443507]
 [32.709355 23.712709  9.109682 28.453196 30.045124 11.529517 21.246043
  30.358911 21.662983 25.565113]
 [15.305746 22.038701 28.453196 16.613826 12.439571 31.317336 25.973451
  30.177109 21.642737 36.600336]
 [32.171056 19.92407  30.045124 12.439571 16.547442 12.41716  21.690462
  26.514243 26.5301    9.996915]
 [14.844949 14.881637 11.529517 31.317336 12.41716  28.974922 15.668876
  35.12815  28.574038 16.03306 ]
 [31.718422 39.711854 21.246043 25.973451 21.690462 15.668876 27.059009
  35.67654  24.418703 20.812874]
 [28.146127 31.458885 30.358911 30.177109 26.514243 35.12815  35.67654
  38.59732  24.230998 34.821711]
 [26.813124 34.700272 21.662983 21.642737 26.5301   28.574038 24.418703
  24.230998 37.038727 20.074475]
 [20.810601 20.443507 25.565113 36.600336  9.996915 16.03306  20.812874
  34.821711 20.074475 31.19534 ]]

beta * M2:
[[26.842921 11.005605 28.259954 14.630271 18.317364 20.641402 27.66901
  21.256613 23.266882 11.258987]
 [11.005605 20.032164 32.233934 25.499998 15.65346  16.532932 38.947271
  12.86191  16.146785 12.914123]
 [28.259954 32.233934 34.07041  30.173304 10.901559 20.79341  25.091305
  18.314542 31.53759  23.386835]
 [14.630271 25.499998 30.173304  9.493632 23.704922 39.009905  8.288028
  31.727322 13.441025 23.071972]
 [18.317364 15.65346  10.901559 23.704922 14.243528 31.460461 37.853253
  19.67767  38.275449 15.898424]
 [20.641402 16.532932 20.79341  39.009905 31.460461 15.538834 24.131297
  23.169314 30.986112 24.700606]
 [27.66901  38.947271 25.091305  8.288028 37.853253 24.131297 28.823019
  29.159573 21.355395 35.758536]
 [21.256613 12.86191  18.314542 31.727322 19.67767  23.169314 29.159573
  37.790574 28.791036 16.147233]
 [23.266882 16.146785 31.53759  13.441025 38.275449 30.986112 21.355395
  28.791036 40.306943 24.273204]
 [11.258987 12.914123 23.386835 23.071972 15.898424 24.700606 35.758536
  16.147233 24.273204 31.642718]]

H(alpha, beta) = M0 + alpha*M1 + beta*M2:
[[67.873269 15.691292 60.969308 29.936017 50.48842  35.486351 59.387432
  49.402741 50.080005 32.069588]
 [15.691292 32.169837 55.946643 47.538699 35.57753  31.414569 78.659125
  44.320795 50.847057 33.35763 ]
 [60.969308 55.946643 44.548853 58.6265   40.946684 32.322927 46.337347
  48.673453 53.200573 48.951948]
 [29.936017 47.538699 58.6265   27.256207 36.144493 70.327241 34.261478
  61.90443  35.083762 59.672308]
 [50.48842  35.57753  40.946684 36.144493 39.110402 43.877621 59.543715
  46.191914 64.80555  25.895339]
 [35.486351 31.414569 32.322927 70.327241 43.877621 53.728555 39.800173
  58.297464 59.56015  40.733667]
 [59.387432 78.659125 46.337347 34.261478 59.543715 39.800173 62.34175
  64.836113 45.774098 56.571409]
 [49.402741 44.320795 48.673453 61.90443  46.191914 58.297464 64.836113
  83.953363 53.022033 50.968944]
 [50.080005 50.847057 53.200573 35.083762 64.80555  59.56015  45.774098
  53.022033 83.238294 44.347679]
 [32.069588 33.35763  48.951948 59.672308 25.895339 40.733667 56.571409
  50.968944 44.347679 72.25371 ]]
