alpha 4.555555555555555
beta  4.555555555555555

M0 (diagonal):
[[6.732655 0.       0.       0.       0.       0.       0.       0.
  0.       0.      ]
 [0.       3.42808  0.       0.       0.       0.       0.       0.
  0.       0.      ]
 [0.       0.       1.368762 0.       0.       0.       0.       0.
  0.       0.      ]
 [0.       0.       0.       1.148749 0.       0.       0.       0.
  0.       0.      ]
 [0.       0.       0.       0.       8.319432 0.       0.       0.
  0.       0.      ]
 [0.       0.       0.       0.       0.       9.2148   0.       0.
  0.       0.      ]
 [0.       0.       0.       0.       0.       0.       6.459722 0.
  0.       0.      ]
 [0.       0.       0.       0.       0.       0.       0.       7.565469
  0.       0.      ]
 [0.       0.       0.       0.       0.       0.       0.       0.
  5.892625 0.      ]
 [0.       0.       0.       0.       0.       0.       0.       0.
  0.       9.415652]]

alpha * M1:
[[38.005551  5.192248 36.245501 16.960421 35.649008 16.449808 35.147441
  31.188952 29.71184  23.060396]
 [ 5.192248  9.65117  26.276245 24.421263 22.078024 16.490463 44.005028
  34.859845 38.451653 22.653616]
 [36.245501 26.276245 10.094512 31.529217 33.293246 12.775951 23.542912
  33.640955 24.004927 28.328909]
 [16.960421 24.421263 31.529217 18.409916 13.78439  34.702994 28.781391
  33.439499 23.982492 40.557129]
 [35.649008 22.078024 33.293246 13.78439  18.336355 13.759555 24.035377
  29.380648 29.398219 11.077663]
 [16.449808 16.490463 12.775951 34.702994 13.759555 32.107346 17.362809
  38.925788 31.663123 17.766364]
 [35.147441 44.005028 23.542912 28.781391 24.035377 17.362809 29.984307
  39.533463 27.058563 23.062914]
 [31.188952 34.859845 33.640955 33.439499 29.380648 38.925788 39.533463
  42.770003 26.850565 38.58622 ]
 [29.71184  38.451653 24.004927 23.982492 29.398219 31.663123 27.058563
  26.850565 41.042913 22.244689]
 [23.060396 22.653616 28.328909 40.557129 11.077663 17.766364 23.062914
  38.58622  22.244689 34.56781 ]]

beta * M2:
[[29.744859 12.1954   31.315084 16.211922 20.29762  22.872905 30.660255
  23.554626 25.78222  12.476174]
 [12.1954   22.197804 35.718684 28.256754 17.345726 18.320276 43.157787
  14.252387 17.892383 14.310244]
 [31.315084 35.718684 37.753697 33.435282 12.080106 23.041346 27.803878
  20.294492 34.947059 25.915142]
 [16.211922 28.256754 33.435282 10.519971 26.267616 43.227192  9.184031
  35.157302 14.894109 25.566239]
 [20.29762  17.345726 12.080106 26.267616 15.783369 34.861592 41.945496
  21.804986 42.413336 17.617172]
 [22.872905 18.320276 23.041346 43.227192 34.861592 17.218707 26.740085
  25.674105 34.335962 27.370942]
 [30.660255 43.157787 27.803878  9.184031 41.945496 26.740085 31.939021
  32.311959 23.664086 39.624323]
 [23.554626 14.252387 20.294492 35.157302 21.804986 25.674105 32.311959
  41.876042 31.90358  17.89288 ]
 [25.78222  17.892383 34.947059 14.894109 42.413336 34.335962 23.664086
  31.90358  44.66445  26.897334]
 [12.476174 14.310244 25.915142 25.566239 17.617172 27.370942 39.624323
  17.89288  26.897334 35.063552]]

H(alpha, beta) = M0 + alpha*M1 + beta*M2:
[[74.483065 17.387648 67.560585 33.172343 55.946627 39.322713 65.807695
  54.743578 55.49406  35.53657 ]
 [17.387648 35.277054 61.994929 52.678018 39.42375  34.810739 87.162814
  49.112232 56.344036 36.96386 ]
 [67.560585 61.994929 49.216971 64.964499 45.373352 35.817298 51.34679
  53.935448 58.951986 54.244051]
 [33.172343 52.678018 64.964499 30.078635 40.052006 77.930186 37.965422
  68.596801 38.876601 66.123368]
 [55.946627 39.42375  45.373352 40.052006 42.439156 48.621148 65.980873
  51.185634 71.811555 28.694835]
 [39.322713 34.810739 35.817298 77.930186 48.621148 58.540853 44.102894
  64.599892 65.999085 45.137306]
 [65.807695 87.162814 51.34679  37.965422 65.980873 44.102894 68.38305
  71.845422 50.72265  62.687237]
 [54.743578 49.112232 53.935448 68.596801 51.185634 64.599892 71.845422
  92.211514 58.754145 56.4791  ]
 [55.49406  56.344036 58.951986 38.876601 71.811555 65.999085 50.72265
  58.754145 91.599988 49.142023]
 [35.53657  36.96386  54.244051 66.123368 28.694835 45.137306 62.687237
  56.4791   49.142023 79.047014]]
