alpha 1.8888888888888888
beta  2.333333333333333

M0 (diagonal):
[[6.732655 0.       0.       0.       0.       0.       0.       0.
  0.       0.      ]
 [0.       3.42808  0.       0.       0.       0.       0.       0.
  0.       0.      ]
 [0.       0.       1.368762 0.       0.       0.       0.       0.
  0.       0.      ]
 [0.       0.       0.       1.148749 0.       0.       0.       0.
  0.       0.      ]
 [0.       0.       0.       0.       8.319432 0.       0.       0.
  0.       0.      ]
 [0.       0.       0.       0.       0.       9.2148   0.       0.
  0.       0.      ]
 [0.       0.       0.       0.       0.       0.       6.459722 0.
  0.       0.      ]
 [0.       0.       0.       0.       0.       0.       0.       7.565469
  0.       0.      ]
 [0.       0.       0.       0.       0.       0.       0.       0.
  5.892625 0.      ]
 [0.       0.       0.       0.       0.       0.       0.       0.
  0.       9.415652]]

alpha * M1:
[[15.758399  2.152883 15.028622  7.03237  14.781296  6.820652 14.573329
  12.932004 12.319543  9.561628]
 [ 2.152883  4.001705 10.895029 10.12589   9.154303  6.837509 18.245987
  14.454082 15.943368  9.392963]
 [15.028622 10.895029  4.185529 13.07309  13.804517  5.297346  9.761695
  13.948689  9.953262 11.746133]
 [ 7.03237  10.12589  13.07309   7.63338   5.715479 14.389046 11.933748
  13.865158  9.94396  16.816371]
 [14.781296  9.154303 13.804517  5.715479  7.602879  5.705181  9.965888
  12.18222  12.189506  4.593177]
 [ 6.820652  6.837509  5.297346 14.389046  5.705181 13.312802  7.199213
  16.139961 13.128612  7.366541]
 [14.573329 18.245987  9.761695 11.933748  9.965888  7.199213 12.432518
  16.391924 11.219404  9.562672]
 [12.932004 14.454082 13.948689 13.865158 12.18222  16.139961 16.391924
  17.733904 11.133161 15.999165]
 [12.319543 15.943368  9.953262  9.94396  12.189506 13.128612 11.219404
  11.133161 17.017793  9.223407]
 [ 9.561628  9.392963 11.746133 16.816371  4.593177  7.366541  9.562672
  15.999165  9.223407 14.332994]]

beta * M2:
[[15.235172  6.246424 16.039433  8.303667 10.396342 11.71539  15.704033
  12.064564 13.205527  6.390236]
 [ 6.246424 11.369607 18.294935 14.472972  8.884396  9.383556 22.105208
   7.300003  9.164391  7.329637]
 [16.039433 18.294935 19.33726  17.125389  6.187371 11.801665 14.241011
  10.39474  17.899713 13.273609]
 [ 8.303667 14.472972 17.125389  5.388278 13.454145 22.140757  4.704016
  18.007399  7.62869  13.094903]
 [10.396342  8.884396  6.187371 13.454145  8.084164 17.855938 21.484279
  11.168408 21.723904  9.02343 ]
 [11.71539   9.383556 11.801665 22.140757 17.855938  8.819338 13.696141
  13.150151 17.586712 14.019263]
 [15.704033 22.105208 14.241011  4.704016 21.484279 13.696141 16.359011
  16.550028 12.12063  20.295385]
 [12.064564  7.300003 10.39474  18.007399 11.168408 13.150151 16.550028
  21.448704 16.340858  9.164646]
 [13.205527  9.164391 17.899713  7.62869  21.723904 17.586712 12.12063
  16.340858 22.876913 13.776683]
 [ 6.390236  7.329637 13.273609 13.094903  9.02343  14.019263 20.295385
   9.164646 13.776683 17.95938 ]]

H(alpha, beta) = M0 + alpha*M1 + beta*M2:
[[37.726226  8.399308 31.068056 15.336037 25.177638 18.536043 30.277362
  24.996569 25.525071 15.951863]
 [ 8.399308 18.799392 29.189964 24.598861 18.038699 16.221065 40.351195
  21.754085 25.10776  16.7226  ]
 [31.068056 29.189964 24.891551 30.198479 19.991888 17.099011 24.002706
  24.343429 27.852976 25.019742]
 [15.336037 24.598861 30.198479 14.170406 19.169624 36.529803 16.637763
  31.872557 17.57265  29.911273]
 [25.177638 18.038699 19.991888 19.169624 24.006475 23.561119 31.450167
  23.350627 33.913409 13.616607]
 [18.536043 16.221065 17.099011 36.529803 23.561119 31.34694  20.895355
  29.290112 30.715324 21.385804]
 [30.277362 40.351195 24.002706 16.637763 31.450167 20.895355 35.25125
  32.941951 23.340034 29.858057]
 [24.996569 21.754085 24.343429 31.872557 23.350627 29.290112 32.941951
  46.748077 27.474019 25.16381 ]
 [25.525071 25.10776  27.852976 17.57265  33.913409 30.715324 23.340034
  27.474019 45.787332 23.000091]
 [15.951863 16.7226   25.019742 29.911273 13.616607 21.385804 29.858057
  25.16381  23.000091 41.708026]]
