alpha 4.111111111111111
beta  1.0

M0 (diagonal):
[[6.732655 0.       0.       0.       0.       0.       0.       0.
  0.       0.      ]
 [0.       3.42808  0.       0.       0.       0.       0.       0.
  0.       0.      ]
 [0.       0.       1.368762 0.       0.       0.       0.       0.
  0.       0.      ]
 [0.       0.       0.       1.148749 0.       0.       0.       0.
  0.       0.      ]
 [0.       0.       0.       0.       8.319432 0.       0.       0.
  0.       0.      ]
 [0.       0.       0.       0.       0.       9.2148   0.       0.
  0.       0.      ]
 [0.       0.       0.       0.       0.       0.       6.459722 0.
  0.       0.      ]
 [0.       0.       0.       0.       0.       0.       0.       7.565469
  0.       0.      ]
 [0.       0.       0.       0.       0.       0.       0.       0.
  5.892625 0.      ]
 [0.       0.       0.       0.       0.       0.       0.       0.
  0.       9.415652]]

alpha * M1:
[[34.297693  4.685687 32.709355 15.305746 32.171056 14.844949 31.718422
  28.146127 26.813124 20.810601]
 [ 4.685687  8.709592 23.712709 22.038701 19.92407  14.881637 39.711854
  31.458885 34.700272 20.443507]
 [32.709355 23.712709  9.109682 28.453196 30.045124 11.529517 21.246043
  30.358911 21.662983 25.565113]
 [15.305746 22.038701 28.453196 16.613826 12.439571 31.317336 25.973451
  30.177109 21.642737 36.600336]
 [32.171056 19.92407  30.045124 12.439571 16.547442 12.41716  21.690462
  26.514243 26.5301    9.996915]
 [14.844949 14.881637 11.529517 31.317336 12.41716  28.974922 15.668876
  35.12815  28.574038 16.03306 ]
 [31.718422 39.711854 21.246043 25.973451 21.690462 15.668876 27.059009
  35.67654  24.418703 20.812874]
 [28.146127 31.458885 30.358911 30.177109 26.514243 35.12815  35.67654
  38.59732  24.230998 34.821711]
 [26.813124 34.700272 21.662983 21.642737 26.5301   28.574038 24.418703
  24.230998 37.038727 20.074475]
 [20.810601 20.443507 25.565113 36.600336  9.996915 16.03306  20.812874
  34.821711 20.074475 31.19534 ]]

beta * M2:
[[6.529359 2.677039 6.874043 3.558715 4.455575 5.020882 6.7303   5.170528
  5.659512 2.738672]
 [2.677039 4.872689 7.840687 6.202702 3.807598 4.021524 9.473661 3.128573
  3.927596 3.141273]
 [6.874043 7.840687 8.287397 7.339452 2.651731 5.057857 6.10329  4.454889
  7.671306 5.68869 ]
 [3.558715 6.202702 7.339452 2.309262 5.766062 9.488896 2.016007 7.717457
  3.269439 5.612101]
 [4.455575 3.807598 2.651731 5.766062 3.464642 7.652545 9.207548 4.78646
  9.310244 3.867184]
 [5.020882 4.021524 5.057857 9.488896 7.652545 3.779716 5.869775 5.635779
  7.537162 6.008256]
 [6.7303   9.473661 6.10329  2.016007 9.207548 5.869775 7.011005 7.092869
  5.194556 8.698022]
 [5.170528 3.128573 4.454889 7.717457 4.78646  5.635779 7.092869 9.192302
  7.003225 3.927705]
 [5.659512 3.927596 7.671306 3.269439 9.310244 7.537162 5.194556 7.003225
  9.804391 5.904293]
 [2.738672 3.141273 5.68869  5.612101 3.867184 6.008256 8.698022 3.927705
  5.904293 7.696877]]

H(alpha, beta) = M0 + alpha*M1 + beta*M2:
[[47.559707  7.362726 39.583398 18.864461 36.626631 19.865831 38.448722
  33.316655 32.472636 23.549274]
 [ 7.362726 17.010361 31.553396 28.241403 23.731669 18.903161 49.185515
  34.587458 38.627869 23.58478 ]
 [39.583398 31.553396 18.76584  35.792648 32.696855 16.587374 27.349333
  34.8138   29.334288 31.253803]
 [18.864461 28.241403 35.792648 20.071837 18.205633 40.806232 27.989457
  37.894565 24.912175 42.212437]
 [36.626631 23.731669 32.696855 18.205633 28.331516 20.069704 30.89801
  31.300704 35.840345 13.864099]
 [19.865831 18.903161 16.587374 40.806232 20.069704 41.969438 21.538651
  40.763929 36.1112   22.041316]
 [38.448722 49.185515 27.349333 27.989457 30.89801  21.538651 40.529735
  42.769409 29.613259 29.510896]
 [33.316655 34.587458 34.8138   37.894565 31.300704 40.763929 42.769409
  55.35509  31.234223 38.749416]
 [32.472636 38.627869 29.334288 24.912175 35.840345 36.1112   29.613259
  31.234223 52.735743 25.978768]
 [23.549274 23.58478  31.253803 42.212437 13.864099 22.041316 29.510896
  38.749416 25.978768 48.307869]]
