alpha 1.8888888888888888
beta  1.8888888888888888

M0 (diagonal):
[[6.732655 0.       0.       0.       0.       0.       0.       0.
  0.       0.      ]
 [0.       3.42808  0.       0.       0.       0.       0.       0.
  0.       0.      ]
 [0.       0.       1.368762 0.       0.       0.       0.       0.
  0.       0.      ]
 [0.       0.       0.       1.148749 0.       0.       0.       0.
  0.       0.      ]
 [0.       0.       0.       0.       8.319432 0.       0.       0.
  0.       0.      ]
 [0.       0.       0.       0.       0.       9.2148   0.       0.
  0.       0.      ]
 [0.       0.       0.       0.       0.       0.       6.459722 0.
  0.       0.      ]
 [0.       0.       0.       0.       0.       0.       0.       7.565469
  0.       0.      ]
 [0.       0.       0.       0.       0.       0.       0.       0.
  5.892625 0.      ]
 [0.       0.       0.       0.       0.       0.       0.       0.
  0.       9.415652]]

alpha * M1:
[[15.758399  2.152883 15.028622  7.03237  14.781296  6.820652 14.573329
  12.932004 12.319543  9.561628]
 [ 2.152883  4.001705 10.895029 10.12589   9.154303  6.837509 18.245987
  14.454082 15.943368  9.392963]
 [15.028622 10.895029  4.185529 13.07309  13.804517  5.297346  9.761695
  13.948689  9.953262 11.746133]
 [ 7.03237  10.12589  13.07309   7.63338   5.715479 14.389046 11.933748
  13.865158  9.94396  16.816371]
 [14.781296  9.154303 13.804517  5.715479  7.602879  5.705181  9.965888
  12.18222  12.189506  4.593177]
 [ 6.820652  6.837509  5.297346 14.389046  5.705181 13.312802  7.199213
  16.139961 13.128612  7.366541]
 [14.573329 18.245987  9.761695 11.933748  9.965888  7.199213 12.432518
  16.391924 11.219404  9.562672]
 [12.932004 14.454082 13.948689 13.865158 12.18222  16.139961 16.391924
  17.733904 11.133161 15.999165]
 [12.319543 15.943368  9.953262  9.94396  12.189506 13.128612 11.219404
  11.133161 17.017793  9.223407]
 [ 9.561628  9.392963 11.746133 16.816371  4.593177  7.366541  9.562672
  15.999165  9.223407 14.332994]]

beta * M2:
[[12.333234  5.056629 12.984303  6.722016  8.416086  9.483887 12.712788
   9.766552 10.690189  5.173048]
 [ 5.056629  9.203967 14.810186 11.716215  7.19213   7.596212 17.894692
   5.909526  7.418793  5.933516]
 [12.984303 14.810186 15.653972 13.86341   5.008825  9.553729 11.528437
   8.41479  14.490244 10.745303]
 [ 6.722016 11.716215 13.86341   4.361939 10.891451 17.92347   3.808013
  14.577418  6.175606 10.600636]
 [ 8.416086  7.19213   5.008825 10.891451  6.544324 14.454807 17.392035
   9.041092 17.586017  7.304681]
 [ 9.483887  7.596212  9.553729 17.92347  14.454807  7.139464 11.087352
  10.645361 14.236862 11.348927]
 [12.712788 17.894692 11.528437  3.808013 17.392035 11.087352 13.243009
  13.397642  9.811938 16.429597]
 [ 9.766552  5.909526  8.41479  14.577418  9.041092 10.645361 13.397642
  17.363237 13.228314  7.418999]
 [10.690189  7.418793 14.490244  6.175606 17.586017 14.236862  9.811938
  13.228314 18.519406 11.152553]
 [ 5.173048  5.933516 10.745303 10.600636  7.304681 11.348927 16.429597
   7.418999 11.152553 14.538546]]

H(alpha, beta) = M0 + alpha*M1 + beta*M2:
[[34.824289  7.209513 28.012925 13.754386 23.197382 16.30454  27.286117
  22.698557 23.009732 14.734675]
 [ 7.209513 16.633752 25.705214 21.842105 16.346433 14.433721 36.140679
  20.363609 23.362161 15.326478]
 [28.012925 25.705214 21.208263 26.9365   18.813341 14.851075 21.290133
  22.363478 24.443506 22.491436]
 [13.754386 21.842105 26.9365   13.144067 16.606929 32.312516 15.74176
  28.442576 16.119566 27.417006]
 [23.197382 16.346433 18.813341 16.606929 22.466635 20.159988 27.357923
  21.223312 29.775523 11.897859]
 [16.30454  14.433721 14.851075 32.312516 20.159988 29.667066 18.286566
  26.785321 27.365474 18.715468]
 [27.286117 36.140679 21.290133 15.74176  27.357923 18.286566 32.135248
  29.789565 21.031343 25.992269]
 [22.698557 20.363609 22.363478 28.442576 21.223312 26.785321 29.789565
  42.66261  24.361475 23.418163]
 [23.009732 23.362161 24.443506 16.119566 29.775523 27.365474 21.031343
  24.361475 41.429824 20.375961]
 [14.734675 15.326478 22.491436 27.417006 11.897859 18.715468 25.992269
  23.418163 20.375961 38.287192]]
