alpha 1.4444444444444444
beta  1.0

M0 (diagonal):
[[6.732655 0.       0.       0.       0.       0.       0.       0.
  0.       0.      ]
 [0.       3.42808  0.       0.       0.       0.       0.       0.
  0.       0.      ]
 [0.       0.       1.368762 0.       0.       0.       0.       0.
  0.       0.      ]
 [0.       0.       0.       1.148749 0.       0.       0.       0.
  0.       0.      ]
 [0.       0.       0.       0.       8.319432 0.       0.       0.
  0.       0.      ]
 [0.       0.       0.       0.       0.       9.2148   0.       0.
  0.       0.      ]
 [0.       0.       0.       0.       0.       0.       6.459722 0.
  0.       0.      ]
 [0.       0.       0.       0.       0.       0.       0.       7.565469
  0.       0.      ]
 [0.       0.       0.       0.       0.       0.       0.       0.
  5.892625 0.      ]
 [0.       0.       0.       0.       0.       0.       0.       0.
  0.       9.415652]]

alpha * M1:
[[12.050541  1.646323 11.492476  5.377695 11.303344  5.215793 11.14431
   9.88918   9.420827  7.311833]
 [ 1.646323  3.060127  8.331492  7.743327  7.000349  5.228683 13.952814
  11.053122 12.191988  7.182854]
 [11.492476  8.331492  3.200699  9.997069 10.556395  4.050911  7.464826
  10.666644  7.611318  8.982337]
 [ 5.377695  7.743327  9.997069  5.83729   4.37066  11.003388  9.125807
  10.602768  7.604205 12.859577]
 [11.303344  7.000349 10.556395  4.37066   5.813966  4.362786  7.620973
   9.315815  9.321387  3.51243 ]
 [ 5.215793  5.228683  4.050911 11.003388  4.362786 10.180378  5.505281
  12.342323 10.039527  5.633237]
 [11.14431  13.952814  7.464826  9.125807  7.620973  5.505281  9.507219
  12.535     8.579544  7.312631]
 [ 9.88918  11.053122 10.666644 10.602768  9.315815 12.342323 12.535
  13.56122   8.513594 12.234655]
 [ 9.420827 12.191988  7.611318  7.604205  9.321387 10.039527  8.579544
   8.513594 13.013607  7.053194]
 [ 7.311833  7.182854  8.982337 12.859577  3.51243   5.633237  7.312631
  12.234655  7.053194 10.960525]]

beta * M2:
[[6.529359 2.677039 6.874043 3.558715 4.455575 5.020882 6.7303   5.170528
  5.659512 2.738672]
 [2.677039 4.872689 7.840687 6.202702 3.807598 4.021524 9.473661 3.128573
  3.927596 3.141273]
 [6.874043 7.840687 8.287397 7.339452 2.651731 5.057857 6.10329  4.454889
  7.671306 5.68869 ]
 [3.558715 6.202702 7.339452 2.309262 5.766062 9.488896 2.016007 7.717457
  3.269439 5.612101]
 [4.455575 3.807598 2.651731 5.766062 3.464642 7.652545 9.207548 4.78646
  9.310244 3.867184]
 [5.020882 4.021524 5.057857 9.488896 7.652545 3.779716 5.869775 5.635779
  7.537162 6.008256]
 [6.7303   9.473661 6.10329  2.016007 9.207548 5.869775 7.011005 7.092869
  5.194556 8.698022]
 [5.170528 3.128573 4.454889 7.717457 4.78646  5.635779 7.092869 9.192302
  7.003225 3.927705]
 [5.659512 3.927596 7.671306 3.269439 9.310244 7.537162 5.194556 7.003225
  9.804391 5.904293]
 [2.738672 3.141273 5.68869  5.612101 3.867184 6.008256 8.698022 3.927705
  5.904293 7.696877]]

H(alpha, beta) = M0 + alpha*M1 + beta*M2:
[[25.312555  4.323362 18.366519  8.936409 15.758919 10.236674 17.87461
  15.059707 15.080339 10.050505]
 [ 4.323362 11.360896 16.172179 13.94603  10.807947  9.250207 23.426474
  14.181694 16.119584 10.324127]
 [18.366519 16.172179 12.856858 17.336521 13.208126  9.108768 13.568116
  15.121533 15.282624 14.671027]
 [ 8.936409 13.94603  17.336521  9.295301 10.136722 20.492284 11.141814
  18.320225 10.873643 18.471679]
 [15.758919 10.807947 13.208126 10.136722 17.59804  12.015331 16.828521
  14.102276 18.631631  7.379614]
 [10.236674  9.250207  9.108768 20.492284 12.015331 23.174894 11.375056
  17.978102 17.576689 11.641493]
 [17.87461  23.426474 13.568116 11.141814 16.828521 11.375056 22.977946
  19.62787  13.7741   16.010653]
 [15.059707 14.181694 15.121533 18.320225 14.102276 17.978102 19.62787
  30.318991 15.516819 16.162361]
 [15.080339 16.119584 15.282624 10.873643 18.631631 17.576689 13.7741
  15.516819 28.710623 12.957487]
 [10.050505 10.324127 14.671027 18.471679  7.379614 11.641493 16.010653
  16.162361 12.957487 28.073054]]
