0.000000e+00 1.142226e+00
1.500000e-01 7.837138e-01
3.000000e-01 5.679182e-01
4.500000e-01 4.292429e-01
6.000000e-01 3.353272e-01
7.500000e-01 2.689824e-01
9.000000e-01 2.204750e-01
1.050000e+00 1.839876e-01
1.200000e+00 1.558812e-01
1.350000e+00 1.337927e-01
1.500000e+00 1.161273e-01
1.650000e+00 1.017892e-01
1.800000e+00 8.999977e-02
1.950000e+00 8.019527e-02
2.100000e+00 7.195952e-02
2.250000e+00 6.498013e-02
2.400000e+00 5.901916e-02
2.550000e+00 5.389287e-02
2.700000e+00 4.945429e-02
2.850000e+00 4.559378e-02
3.000000e+00 4.221926e-02
3.150000e+00 3.925862e-02
3.300000e+00 3.665153e-02
3.450000e+00 3.434314e-02
3.600000e+00 3.230102e-02
3.750000e+00 3.048921e-02
3.900000e+00 2.888335e-02
4.050000e+00 2.745837e-02
4.200000e+00 2.619462e-02
4.350000e+00 2.507867e-02
4.500000e+00 2.409462e-02
4.650000e+00 2.323727e-02
4.800000e+00 2.249622e-02
4.950000e+00 2.185979e-02
5.100000e+00 2.133784e-02
5.250000e+00 2.091782e-02
5.400000e+00 2.060363e-02
5.550000e+00 2.040056e-02
5.700000e+00 2.031770e-02
5.850000e+00 2.036983e-02
6.000000e+00 2.058444e-02
6.150000e+00 2.100327e-02
6.300000e+00 2.172369e-02
6.450000e+00 2.286369e-02
6.600000e+00 2.472601e-02
6.750000e+00 2.790256e-02
6.900000e+00 3.377979e-02
7.050000e+00 4.497676e-02
7.200000e+00 5.933616e-02
7.350000e+00 5.651319e-02
7.500000e+00 4.406042e-02
7.650000e+00 3.740434e-02
7.800000e+00 3.530192e-02
7.950000e+00 3.565874e-02
8.100000e+00 3.756549e-02
8.250000e+00 4.074855e-02
8.400000e+00 4.528569e-02
8.550000e+00 5.144856e-02
8.700000e+00 5.977827e-02
8.850000e+00 7.120793e-02
9.000000e+00 8.733939e-02
9.150000e+00 1.110745e-01
9.300000e+00 1.480018e-01
9.450000e+00 2.096231e-01
9.600000e+00 3.172340e-01
9.750000e+00 4.772233e-01
9.900000e+00 6.599118e-01
1.005000e+01 1.021460e+00
1.020000e+01 1.599888e+00
1.035000e+01 1.564693e+00
1.050000e+01 9.519604e-01
1.065000e+01 5.519608e-01
1.080000e+01 3.582687e-01
1.095000e+01 2.696788e-01
1.110000e+01 2.436783e-01
1.125000e+01 2.657752e-01
1.140000e+01 2.775362e-01
1.155000e+01 2.383749e-01
1.170000e+01 2.333356e-01
1.185000e+01 2.918956e-01
1.200000e+01 3.941947e-01
1.215000e+01 5.025132e-01
1.230000e+01 4.640878e-01
1.245000e+01 2.885379e-01
1.260000e+01 1.728334e-01
1.275000e+01 1.130947e-01
1.290000e+01 8.054250e-02
1.305000e+01 6.114864e-02
1.320000e+01 4.868030e-02
1.335000e+01 4.018705e-02
1.350000e+01 3.402252e-02
1.365000e+01 2.924520e-02
1.380000e+01 2.553988e-02
1.395000e+01 2.262663e-02
1.410000e+01 2.028242e-02
1.425000e+01 1.835722e-02
1.440000e+01 1.675243e-02
1.455000e+01 1.539733e-02
1.470000e+01 1.424097e-02
1.485000e+01 1.324919e-02
1.500000e+01 1.239648e-02
1.515000e+01 1.166633e-02
1.530000e+01 1.106034e-02
1.545000e+01 1.059203e-02
1.560000e+01 1.019181e-02
1.575000e+01 9.639251e-03
1.590000e+01 9.083794e-03
1.605000e+01 8.634140e-03
1.620000e+01 8.264183e-03
1.635000e+01 7.944763e-03
1.650000e+01 7.672626e-03
1.665000e+01 7.432027e-03
1.680000e+01 7.224270e-03
1.695000e+01 7.043855e-03
1.710000e+01 6.889961e-03
1.725000e+01 6.758145e-03
1.740000e+01 6.660595e-03
1.755000e+01 6.588439e-03
1.770000e+01 6.549569e-03
1.785000e+01 6.555506e-03
1.800000e+01 6.593831e-03
1.815000e+01 6.590104e-03
1.830000e+01 6.591183e-03
1.845000e+01 6.648397e-03
1.860000e+01 6.759984e-03
1.875000e+01 6.912425e-03
1.890000e+01 7.103608e-03
1.905000e+01 7.347766e-03
1.920000e+01 7.664695e-03
1.935000e+01 8.067149e-03
1.950000e+01 8.568152e-03
1.965000e+01 9.194522e-03
1.980000e+01 9.977603e-03
1.995000e+01 1.096772e-02
2.010000e+01 1.222962e-02
2.025000e+01 1.386206e-02
2.040000e+01 1.601000e-02
2.055000e+01 1.890248e-02
2.070000e+01 2.291006e-02
2.085000e+01 2.865451e-02
2.100000e+01 3.726895e-02
2.115000e+01 5.092324e-02
2.130000e+01 7.413154e-02
2.145000e+01 1.169162e-01
2.160000e+01 2.010264e-01
2.175000e+01 3.482712e-01
2.190000e+01 4.325145e-01
2.205000e+01 3.346507e-01
2.220000e+01 2.473984e-01
2.235000e+01 1.692574e-01
2.250000e+01 1.034009e-01
2.265000e+01 6.632030e-02
2.280000e+01 4.609028e-02
2.295000e+01 3.427299e-02
2.310000e+01 2.697866e-02
2.325000e+01 2.238364e-02
2.340000e+01 1.969014e-02
2.355000e+01 1.872865e-02
2.370000e+01 1.976125e-02
2.385000e+01 2.279073e-02
2.400000e+01 2.315121e-02
2.415000e+01 1.806722e-02
2.430000e+01 1.356517e-02
2.445000e+01 1.091144e-02
2.460000e+01 9.461126e-03
2.475000e+01 8.690376e-03
2.490000e+01 8.392158e-03
2.505000e+01 8.528748e-03
2.520000e+01 8.951670e-03
2.535000e+01 9.558806e-03
2.550000e+01 1.080473e-02
2.565000e+01 1.254817e-02
2.580000e+01 1.564516e-02
2.595000e+01 2.238021e-02
2.610000e+01 3.625432e-02
2.625000e+01 5.703117e-02
2.640000e+01 5.850472e-02
2.655000e+01 3.852182e-02
2.670000e+01 2.333508e-02
2.685000e+01 1.560461e-02
2.700000e+01 1.147020e-02
2.715000e+01 9.087474e-03
2.730000e+01 7.898887e-03
2.745000e+01 7.349488e-03
2.760000e+01 6.624324e-03
2.775000e+01 6.042382e-03
2.790000e+01 6.022408e-03
2.805000e+01 6.704811e-03
2.820000e+01 8.025791e-03
2.835000e+01 8.613792e-03
2.850000e+01 8.918474e-03
2.865000e+01 1.054336e-02
2.880000e+01 1.332221e-02
2.895000e+01 1.231519e-02
2.910000e+01 9.033211e-03
2.925000e+01 7.378716e-03
2.940000e+01 6.820787e-03
2.955000e+01 6.802675e-03
2.970000e+01 7.755098e-03
2.985000e+01 1.029426e-02
3.000000e+01 1.563807e-02
