0.000000e+00 5.857969e-02
1.500000e-01 5.410234e-02
3.000000e-01 5.013554e-02
4.500000e-01 4.657980e-02
6.000000e-01 4.338768e-02
7.500000e-01 4.052740e-02
9.000000e-01 3.793146e-02
1.050000e+00 3.557807e-02
1.200000e+00 3.343823e-02
1.350000e+00 3.148693e-02
1.500000e+00 2.970276e-02
1.650000e+00 2.806839e-02
1.800000e+00 2.656912e-02
1.950000e+00 2.519098e-02
2.100000e+00 2.392139e-02
2.250000e+00 2.274941e-02
2.400000e+00 2.166491e-02
2.550000e+00 2.066765e-02
2.700000e+00 1.973861e-02
2.850000e+00 1.887693e-02
3.000000e+00 1.807704e-02
3.150000e+00 1.733385e-02
3.300000e+00 1.664619e-02
3.450000e+00 1.600496e-02
3.600000e+00 1.541123e-02
3.750000e+00 1.485959e-02
3.900000e+00 1.434765e-02
4.050000e+00 1.387927e-02
4.200000e+00 1.344580e-02
4.350000e+00 1.304929e-02
4.500000e+00 1.268887e-02
4.650000e+00 1.236792e-02
4.800000e+00 1.208398e-02
4.950000e+00 1.184098e-02
5.100000e+00 1.164033e-02
5.250000e+00 1.149191e-02
5.400000e+00 1.140238e-02
5.550000e+00 1.138411e-02
5.700000e+00 1.146084e-02
5.850000e+00 1.166078e-02
6.000000e+00 1.203832e-02
6.150000e+00 1.268111e-02
6.300000e+00 1.376453e-02
6.450000e+00 1.558974e-02
6.600000e+00 1.882334e-02
6.750000e+00 2.496640e-02
6.900000e+00 3.726904e-02
7.050000e+00 5.829295e-02
7.200000e+00 6.657573e-02
7.350000e+00 4.700635e-02
7.500000e+00 3.098815e-02
7.650000e+00 2.330320e-02
7.800000e+00 2.007296e-02
7.950000e+00 1.931614e-02
8.100000e+00 2.043156e-02
8.250000e+00 2.371198e-02
8.400000e+00 3.049676e-02
8.550000e+00 4.420273e-02
8.700000e+00 7.169017e-02
8.850000e+00 1.099396e-01
9.000000e+00 1.057850e-01
9.150000e+00 7.169673e-02
9.300000e+00 5.498542e-02
9.450000e+00 5.725804e-02
9.600000e+00 7.602705e-02
9.750000e+00 8.508495e-02
9.900000e+00 5.961250e-02
1.005000e+01 3.713028e-02
1.020000e+01 2.541071e-02
1.035000e+01 1.939036e-02
1.050000e+01 1.614970e-02
1.065000e+01 1.444984e-02
1.080000e+01 1.376886e-02
1.095000e+01 1.396082e-02
1.110000e+01 1.515835e-02
1.125000e+01 1.783121e-02
1.140000e+01 2.303461e-02
1.155000e+01 3.346583e-02
1.170000e+01 5.383934e-02
1.185000e+01 7.628649e-02
1.200000e+01 6.984401e-02
1.215000e+01 6.040512e-02
1.230000e+01 5.927222e-02
1.245000e+01 4.400647e-02
1.260000e+01 2.825510e-02
1.275000e+01 1.995532e-02
1.290000e+01 1.631072e-02
1.305000e+01 1.573351e-02
1.320000e+01 1.796731e-02
1.335000e+01 2.097190e-02
1.350000e+01 2.107086e-02
1.365000e+01 1.601764e-02
1.380000e+01 1.109131e-02
1.395000e+01 8.337848e-03
1.410000e+01 6.813646e-03
1.425000e+01 5.885660e-03
1.440000e+01 5.281795e-03
1.455000e+01 4.861667e-03
1.470000e+01 4.569580e-03
1.485000e+01 4.381327e-03
1.500000e+01 4.302895e-03
1.515000e+01 4.383595e-03
1.530000e+01 4.752448e-03
1.545000e+01 5.517417e-03
1.560000e+01 5.742451e-03
1.575000e+01 4.791910e-03
1.590000e+01 3.997662e-03
1.605000e+01 3.561860e-03
1.620000e+01 3.309580e-03
1.635000e+01 3.144558e-03
1.650000e+01 3.026982e-03
1.665000e+01 2.939242e-03
1.680000e+01 2.868246e-03
1.695000e+01 2.812048e-03
1.710000e+01 2.765476e-03
1.725000e+01 2.722865e-03
1.740000e+01 2.691059e-03
1.755000e+01 2.668090e-03
1.770000e+01 2.657178e-03
1.785000e+01 2.649734e-03
1.800000e+01 2.652373e-03
1.815000e+01 2.668743e-03
1.830000e+01 2.703092e-03
1.845000e+01 2.793210e-03
1.860000e+01 2.956523e-03
1.875000e+01 3.029638e-03
1.890000e+01 2.892212e-03
1.905000e+01 2.776542e-03
1.920000e+01 2.728329e-03
1.935000e+01 2.722422e-03
1.950000e+01 2.728417e-03
1.965000e+01 2.761060e-03
1.980000e+01 2.794971e-03
1.995000e+01 2.842432e-03
2.010000e+01 2.907419e-03
2.025000e+01 2.973866e-03
2.040000e+01 3.052302e-03
2.055000e+01 3.143682e-03
2.070000e+01 3.249647e-03
2.085000e+01 3.375775e-03
2.100000e+01 3.521695e-03
2.115000e+01 3.694519e-03
2.130000e+01 3.898703e-03
2.145000e+01 4.151066e-03
2.160000e+01 4.471030e-03
2.175000e+01 4.897217e-03
2.190000e+01 5.462424e-03
2.205000e+01 5.988598e-03
2.220000e+01 6.254442e-03
2.235000e+01 6.567759e-03
2.250000e+01 7.119504e-03
2.265000e+01 7.915736e-03
2.280000e+01 9.003366e-03
2.295000e+01 1.051502e-02
2.310000e+01 1.273894e-02
2.325000e+01 1.624520e-02
2.340000e+01 2.126045e-02
2.355000e+01 2.484821e-02
2.370000e+01 2.757451e-02
2.385000e+01 3.324398e-02
2.400000e+01 4.025581e-02
2.415000e+01 5.028728e-02
2.430000e+01 6.955904e-02
2.445000e+01 1.060053e-01
2.460000e+01 1.775925e-01
2.475000e+01 3.171763e-01
2.490000e+01 4.687701e-01
2.505000e+01 3.821870e-01
2.520000e+01 2.179526e-01
2.535000e+01 1.252037e-01
2.550000e+01 7.895768e-02
2.565000e+01 5.446510e-02
2.580000e+01 4.083373e-02
2.595000e+01 3.373131e-02
2.610000e+01 3.128952e-02
2.625000e+01 3.257739e-02
2.640000e+01 3.105979e-02
2.655000e+01 2.302609e-02
2.670000e+01 1.680997e-02
2.685000e+01 1.325649e-02
2.700000e+01 1.099280e-02
2.715000e+01 9.416868e-03
2.730000e+01 8.316694e-03
2.745000e+01 7.539080e-03
2.760000e+01 7.010241e-03
2.775000e+01 6.699886e-03
2.790000e+01 6.624364e-03
2.805000e+01 6.789972e-03
2.820000e+01 7.061764e-03
2.835000e+01 7.627326e-03
2.850000e+01 8.417486e-03
2.865000e+01 9.480095e-03
2.880000e+01 1.176447e-02
2.895000e+01 1.356831e-02
2.910000e+01 1.331107e-02
2.925000e+01 1.435329e-02
2.940000e+01 1.667778e-02
2.955000e+01 2.149316e-02
2.970000e+01 3.266010e-02
2.985000e+01 4.954185e-02
3.000000e+01 4.984060e-02
