0.000000e+00 9.788454e-03
1.500000e-01 1.023752e-02
3.000000e-01 1.072004e-02
4.500000e-01 1.123943e-02
6.000000e-01 1.179961e-02
7.500000e-01 1.240533e-02
9.000000e-01 1.306224e-02
1.050000e+00 1.377659e-02
1.200000e+00 1.456092e-02
1.350000e+00 1.541312e-02
1.500000e+00 1.634758e-02
1.650000e+00 1.737559e-02
1.800000e+00 1.851802e-02
1.950000e+00 1.977690e-02
2.100000e+00 2.117767e-02
2.250000e+00 2.274313e-02
2.400000e+00 2.450767e-02
2.550000e+00 2.649253e-02
2.700000e+00 2.874517e-02
2.850000e+00 3.131725e-02
3.000000e+00 3.427348e-02
3.150000e+00 3.769995e-02
3.300000e+00 4.169736e-02
3.450000e+00 4.640394e-02
3.600000e+00 5.200178e-02
3.750000e+00 5.873748e-02
3.900000e+00 6.694352e-02
4.050000e+00 7.708411e-02
4.200000e+00 8.982629e-02
4.350000e+00 1.061459e-01
4.500000e+00 1.275219e-01
4.650000e+00 1.562713e-01
4.800000e+00 1.961901e-01
4.950000e+00 2.538083e-01
5.100000e+00 3.410474e-01
5.250000e+00 4.812530e-01
5.400000e+00 7.238328e-01
5.550000e+00 1.180654e+00
5.700000e+00 2.092519e+00
5.850000e+00 3.607798e+00
6.000000e+00 4.055058e+00
6.150000e+00 2.595470e+00
6.300000e+00 1.461774e+00
6.450000e+00 9.024953e-01
6.600000e+00 6.186920e-01
6.750000e+00 4.330312e-01
6.900000e+00 3.119987e-01
7.050000e+00 2.367489e-01
7.200000e+00 1.880031e-01
7.350000e+00 1.549915e-01
7.500000e+00 1.320018e-01
7.650000e+00 1.158563e-01
7.800000e+00 1.047550e-01
7.950000e+00 9.773832e-02
8.100000e+00 9.448416e-02
8.250000e+00 9.532623e-02
8.400000e+00 1.015783e-01
8.550000e+00 1.164577e-01
8.700000e+00 1.474888e-01
8.850000e+00 2.120431e-01
9.000000e+00 3.370998e-01
9.150000e+00 4.531684e-01
9.300000e+00 3.593845e-01
9.450000e+00 2.262086e-01
9.600000e+00 1.550621e-01
9.750000e+00 1.212944e-01
9.900000e+00 1.057383e-01
1.005000e+01 1.001918e-01
1.020000e+01 1.016158e-01
1.035000e+01 1.097570e-01
1.050000e+01 1.269878e-01
1.065000e+01 1.601233e-01
1.080000e+01 2.221379e-01
1.095000e+01 3.001256e-01
1.110000e+01 3.006238e-01
1.125000e+01 2.767964e-01
1.140000e+01 3.095521e-01
1.155000e+01 4.143978e-01
1.170000e+01 5.365423e-01
1.185000e+01 5.188592e-01
1.200000e+01 4.889994e-01
1.215000e+01 5.520504e-01
1.230000e+01 7.302703e-01
1.245000e+01 1.093685e+00
1.260000e+01 1.830828e+00
1.275000e+01 3.268193e+00
1.290000e+01 4.784593e+00
1.305000e+01 3.851723e+00
1.320000e+01 2.190362e+00
1.335000e+01 1.257036e+00
1.350000e+01 7.843674e-01
1.365000e+01 5.269832e-01
1.380000e+01 3.761817e-01
1.395000e+01 2.815757e-01
1.410000e+01 2.186694e-01
1.425000e+01 1.748371e-01
1.440000e+01 1.431243e-01
1.455000e+01 1.194667e-01
1.470000e+01 1.013758e-01
1.485000e+01 8.728970e-02
1.500000e+01 7.621409e-02
1.515000e+01 6.756631e-02
1.530000e+01 6.085922e-02
1.545000e+01 5.462110e-02
1.560000e+01 4.844261e-02
1.575000e+01 4.332281e-02
1.590000e+01 3.914627e-02
1.605000e+01 3.564196e-02
1.620000e+01 3.264009e-02
1.635000e+01 3.003454e-02
1.650000e+01 2.775200e-02
1.665000e+01 2.573842e-02
1.680000e+01 2.395107e-02
1.695000e+01 2.235709e-02
1.710000e+01 2.093214e-02
1.725000e+01 1.965405e-02
1.740000e+01 1.850439e-02
1.755000e+01 1.749001e-02
1.770000e+01 1.659886e-02
1.785000e+01 1.586030e-02
1.800000e+01 1.516959e-02
1.815000e+01 1.439492e-02
1.830000e+01 1.373507e-02
1.845000e+01 1.331789e-02
1.860000e+01 1.310439e-02
1.875000e+01 1.254126e-02
1.890000e+01 1.162920e-02
1.905000e+01 1.089027e-02
1.920000e+01 1.032204e-02
1.935000e+01 9.845050e-03
1.950000e+01 9.428623e-03
1.965000e+01 9.049378e-03
1.980000e+01 8.707604e-03
1.995000e+01 8.386887e-03
2.010000e+01 8.095905e-03
2.025000e+01 7.828103e-03
2.040000e+01 7.580707e-03
2.055000e+01 7.355127e-03
2.070000e+01 7.153972e-03
2.085000e+01 6.991439e-03
2.100000e+01 6.880750e-03
2.115000e+01 6.872793e-03
2.130000e+01 6.991974e-03
2.145000e+01 6.948594e-03
2.160000e+01 6.590314e-03
2.175000e+01 6.329074e-03
2.190000e+01 6.197653e-03
2.205000e+01 6.070824e-03
2.220000e+01 5.895077e-03
2.235000e+01 5.798011e-03
2.250000e+01 5.804553e-03
2.265000e+01 5.933112e-03
2.280000e+01 6.252326e-03
2.295000e+01 6.933645e-03
2.310000e+01 8.368029e-03
2.325000e+01 1.112844e-02
2.340000e+01 1.355276e-02
2.355000e+01 1.183557e-02
2.370000e+01 1.000672e-02
2.385000e+01 9.176916e-03
2.400000e+01 7.633003e-03
2.415000e+01 6.379722e-03
2.430000e+01 5.727919e-03
2.445000e+01 5.425937e-03
2.460000e+01 5.330822e-03
2.475000e+01 5.418823e-03
2.490000e+01 5.741408e-03
2.505000e+01 6.336915e-03
2.520000e+01 6.701678e-03
2.535000e+01 6.634332e-03
2.550000e+01 6.865908e-03
2.565000e+01 7.567629e-03
2.580000e+01 8.857632e-03
2.595000e+01 1.109037e-02
2.610000e+01 1.505593e-02
2.625000e+01 2.214511e-02
2.640000e+01 3.315523e-02
2.655000e+01 5.151616e-02
2.670000e+01 7.165007e-02
2.685000e+01 5.884305e-02
2.700000e+01 3.581356e-02
2.715000e+01 2.235377e-02
2.730000e+01 1.550332e-02
2.745000e+01 1.218048e-02
2.760000e+01 1.090175e-02
2.775000e+01 1.130470e-02
2.790000e+01 1.369341e-02
2.805000e+01 1.712433e-02
2.820000e+01 1.926025e-02
2.835000e+01 1.970504e-02
2.850000e+01 1.652656e-02
2.865000e+01 1.211943e-02
2.880000e+01 8.568295e-03
2.895000e+01 6.642186e-03
2.910000e+01 5.791490e-03
2.925000e+01 5.336327e-03
2.940000e+01 4.800424e-03
2.955000e+01 4.369837e-03
2.970000e+01 4.063599e-03
2.985000e+01 3.933546e-03
3.000000e+01 3.832402e-03
