0.000000e+00 1.840076e-04
1.500000e-01 2.390036e-04
3.000000e-01 2.959699e-04
4.500000e-01 3.525499e-04
6.000000e-01 4.100884e-04
7.500000e-01 4.687765e-04
9.000000e-01 5.330473e-04
1.050000e+00 5.951555e-04
1.200000e+00 6.590664e-04
1.350000e+00 7.293523e-04
1.500000e+00 7.969025e-04
1.650000e+00 8.672323e-04
1.800000e+00 9.434422e-04
1.950000e+00 1.020373e-03
2.100000e+00 1.101245e-03
2.250000e+00 1.190986e-03
2.400000e+00 1.280410e-03
2.550000e+00 1.382102e-03
2.700000e+00 1.484243e-03
2.850000e+00 1.593710e-03
3.000000e+00 1.718404e-03
3.150000e+00 1.855639e-03
3.300000e+00 2.001169e-03
3.450000e+00 2.160671e-03
3.600000e+00 2.331105e-03
3.750000e+00 2.520920e-03
3.900000e+00 2.731178e-03
4.050000e+00 2.967223e-03
4.200000e+00 3.232378e-03
4.350000e+00 3.534536e-03
4.500000e+00 3.877683e-03
4.650000e+00 4.275658e-03
4.800000e+00 4.736575e-03
4.950000e+00 5.280998e-03
5.100000e+00 5.926262e-03
5.250000e+00 6.703198e-03
5.400000e+00 7.654484e-03
5.550000e+00 8.855553e-03
5.700000e+00 1.037836e-02
5.850000e+00 1.226050e-02
6.000000e+00 1.461381e-02
6.150000e+00 1.781830e-02
6.300000e+00 2.233140e-02
6.450000e+00 2.892052e-02
6.600000e+00 3.895807e-02
6.750000e+00 5.521904e-02
6.900000e+00 8.361239e-02
7.050000e+00 1.376817e-01
7.200000e+00 2.454167e-01
7.350000e+00 4.115791e-01
7.500000e+00 4.255248e-01
7.650000e+00 2.611828e-01
7.800000e+00 1.469336e-01
7.950000e+00 8.989462e-02
8.100000e+00 6.078413e-02
8.250000e+00 4.514597e-02
8.400000e+00 3.689643e-02
8.550000e+00 3.375195e-02
8.700000e+00 3.575517e-02
8.850000e+00 4.556535e-02
9.000000e+00 6.747067e-02
9.150000e+00 8.450625e-02
9.300000e+00 6.293299e-02
9.450000e+00 3.814646e-02
9.600000e+00 2.472857e-02
9.750000e+00 1.773214e-02
9.900000e+00 1.379158e-02
1.005000e+01 1.141427e-02
1.020000e+01 9.939354e-03
1.035000e+01 9.062720e-03
1.050000e+01 8.676059e-03
1.065000e+01 8.805369e-03
1.080000e+01 9.660829e-03
1.095000e+01 1.149578e-02
1.110000e+01 1.445760e-02
1.125000e+01 2.044927e-02
1.140000e+01 2.851105e-02
1.155000e+01 2.690634e-02
1.170000e+01 2.155344e-02
1.185000e+01 1.948644e-02
1.200000e+01 1.483073e-02
1.215000e+01 1.017763e-02
1.230000e+01 7.559488e-03
1.245000e+01 6.138041e-03
1.260000e+01 5.312265e-03
1.275000e+01 4.812100e-03
1.290000e+01 4.516736e-03
1.305000e+01 4.354702e-03
1.320000e+01 4.280970e-03
1.335000e+01 4.231924e-03
1.350000e+01 4.041405e-03
1.365000e+01 3.867595e-03
1.380000e+01 3.776339e-03
1.395000e+01 3.740658e-03
1.410000e+01 3.741347e-03
1.425000e+01 3.766380e-03
1.440000e+01 3.812998e-03
1.455000e+01 3.887454e-03
1.470000e+01 3.989502e-03
1.485000e+01 4.135145e-03
1.500000e+01 4.344048e-03
1.515000e+01 4.547971e-03
1.530000e+01 4.592449e-03
1.545000e+01 4.645708e-03
1.560000e+01 4.766252e-03
1.575000e+01 4.934277e-03
1.590000e+01 5.136496e-03
1.605000e+01 5.370204e-03
1.620000e+01 5.639938e-03
1.635000e+01 5.940817e-03
1.650000e+01 6.278684e-03
1.665000e+01 6.662186e-03
1.680000e+01 7.093642e-03
1.695000e+01 7.585574e-03
1.710000e+01 8.143568e-03
1.725000e+01 8.790466e-03
1.740000e+01 9.563428e-03
1.755000e+01 1.049471e-02
1.770000e+01 1.167842e-02
1.785000e+01 1.316995e-02
1.800000e+01 1.451374e-02
1.815000e+01 1.569017e-02
1.830000e+01 1.739328e-02
1.845000e+01 1.984335e-02
1.860000e+01 2.270959e-02
1.875000e+01 2.520072e-02
1.890000e+01 2.827394e-02
1.905000e+01 3.260042e-02
1.920000e+01 3.842998e-02
1.935000e+01 4.624208e-02
1.950000e+01 5.689217e-02
1.965000e+01 7.183668e-02
1.980000e+01 9.364505e-02
1.995000e+01 1.271264e-01
2.010000e+01 1.819168e-01
2.025000e+01 2.789100e-01
2.040000e+01 4.654604e-01
2.055000e+01 8.272579e-01
2.070000e+01 1.264031e+00
2.085000e+01 1.142471e+00
2.100000e+01 8.231114e-01
2.115000e+01 6.990583e-01
2.130000e+01 5.217390e-01
2.145000e+01 3.441928e-01
2.160000e+01 2.415420e-01
2.175000e+01 1.639211e-01
2.190000e+01 1.128132e-01
2.205000e+01 8.231192e-02
2.220000e+01 6.311251e-02
2.235000e+01 5.021898e-02
2.250000e+01 4.111336e-02
2.265000e+01 3.444931e-02
2.280000e+01 2.945710e-02
2.295000e+01 2.569860e-02
2.310000e+01 2.295537e-02
2.325000e+01 2.117319e-02
2.340000e+01 2.008203e-02
2.355000e+01 1.928435e-02
2.370000e+01 1.958094e-02
2.385000e+01 2.021880e-02
2.400000e+01 1.770837e-02
2.415000e+01 1.429710e-02
2.430000e+01 1.208189e-02
2.445000e+01 1.071798e-02
2.460000e+01 9.814526e-03
2.475000e+01 9.254113e-03
2.490000e+01 9.028197e-03
2.505000e+01 9.110945e-03
2.520000e+01 9.013123e-03
2.535000e+01 8.752393e-03
2.550000e+01 8.910046e-03
2.565000e+01 9.625217e-03
2.580000e+01 1.133596e-02
2.595000e+01 1.502489e-02
2.610000e+01 2.250576e-02
2.625000e+01 3.227128e-02
2.640000e+01 2.998948e-02
2.655000e+01 1.969822e-02
2.670000e+01 1.323267e-02
2.685000e+01 1.012562e-02
2.700000e+01 8.539950e-03
2.715000e+01 7.613111e-03
2.730000e+01 7.140292e-03
2.745000e+01 7.167486e-03
2.760000e+01 7.934443e-03
2.775000e+01 9.140653e-03
2.790000e+01 9.092436e-03
2.805000e+01 8.652924e-03
2.820000e+01 9.237377e-03
2.835000e+01 1.022687e-02
2.850000e+01 1.156285e-02
2.865000e+01 1.393328e-02
2.880000e+01 1.899206e-02
2.895000e+01 2.987387e-02
2.910000e+01 4.554340e-02
2.925000e+01 4.716727e-02
2.940000e+01 3.570363e-02
2.955000e+01 2.615732e-02
2.970000e+01 2.075775e-02
2.985000e+01 1.616212e-02
3.000000e+01 1.330880e-02
