0.000000e+00 1.719014e-03
1.500000e-01 1.743378e-03
3.000000e-01 1.750270e-03
4.500000e-01 1.756037e-03
6.000000e-01 1.760761e-03
7.500000e-01 1.764500e-03
9.000000e-01 1.767277e-03
1.050000e+00 1.769050e-03
1.200000e+00 1.769663e-03
1.350000e+00 1.772381e-03
1.500000e+00 1.772817e-03
1.650000e+00 1.772342e-03
1.800000e+00 1.771186e-03
1.950000e+00 1.769242e-03
2.100000e+00 1.766739e-03
2.250000e+00 1.764178e-03
2.400000e+00 1.765040e-03
2.550000e+00 1.761073e-03
2.700000e+00 1.755545e-03
2.850000e+00 1.760288e-03
3.000000e+00 1.757230e-03
3.150000e+00 1.754321e-03
3.300000e+00 1.752035e-03
3.450000e+00 1.747506e-03
3.600000e+00 1.746318e-03
3.750000e+00 1.744598e-03
3.900000e+00 1.741109e-03
4.050000e+00 1.742855e-03
4.200000e+00 1.741530e-03
4.350000e+00 1.740851e-03
4.500000e+00 1.740835e-03
4.650000e+00 1.741229e-03
4.800000e+00 1.743597e-03
4.950000e+00 1.745759e-03
5.100000e+00 1.749013e-03
5.250000e+00 1.754117e-03
5.400000e+00 1.759896e-03
5.550000e+00 1.770024e-03
5.700000e+00 1.780964e-03
5.850000e+00 1.792159e-03
6.000000e+00 1.809780e-03
6.150000e+00 1.833902e-03
6.300000e+00 1.862668e-03
6.450000e+00 1.898824e-03
6.600000e+00 1.949440e-03
6.750000e+00 2.026750e-03
6.900000e+00 2.136004e-03
7.050000e+00 2.319215e-03
7.200000e+00 2.650070e-03
7.350000e+00 3.277122e-03
7.500000e+00 4.212672e-03
7.650000e+00 4.299448e-03
7.800000e+00 3.484392e-03
7.950000e+00 2.967548e-03
8.100000e+00 2.770780e-03
8.250000e+00 2.745859e-03
8.400000e+00 2.825842e-03
8.550000e+00 2.988746e-03
8.700000e+00 3.245215e-03
8.850000e+00 3.622054e-03
9.000000e+00 4.178130e-03
9.150000e+00 5.016566e-03
9.300000e+00 6.302416e-03
9.450000e+00 8.437990e-03
9.600000e+00 1.237812e-02
9.750000e+00 2.018372e-02
9.900000e+00 3.456908e-02
1.005000e+01 4.519897e-02
1.020000e+01 3.317616e-02
1.035000e+01 1.969564e-02
1.050000e+01 1.273341e-02
1.065000e+01 9.443109e-03
1.080000e+01 7.985219e-03
1.095000e+01 7.641350e-03
1.110000e+01 8.301062e-03
1.125000e+01 1.025467e-02
1.140000e+01 1.327747e-02
1.155000e+01 1.595817e-02
1.170000e+01 2.164789e-02
1.185000e+01 3.457426e-02
1.200000e+01 4.650465e-02
1.215000e+01 3.565006e-02
1.230000e+01 2.090089e-02
1.245000e+01 1.285752e-02
1.260000e+01 8.801268e-03
1.275000e+01 6.628513e-03
1.290000e+01 5.415271e-03
1.305000e+01 4.788189e-03
1.320000e+01 4.654446e-03
1.335000e+01 5.036859e-03
1.350000e+01 5.451136e-03
1.365000e+01 4.902597e-03
1.380000e+01 3.831195e-03
1.395000e+01 3.128814e-03
1.410000e+01 2.739307e-03
1.425000e+01 2.504583e-03
1.440000e+01 2.358332e-03
1.455000e+01 2.256769e-03
1.470000e+01 2.186409e-03
1.485000e+01 2.140747e-03
1.500000e+01 2.115656e-03
1.515000e+01 2.112856e-03
1.530000e+01 2.139877e-03
1.545000e+01 2.223211e-03
1.560000e+01 2.406855e-03
1.575000e+01 2.634898e-03
1.590000e+01 2.547104e-03
1.605000e+01 2.312642e-03
1.620000e+01 2.183034e-03
1.635000e+01 2.128510e-03
1.650000e+01 2.110446e-03
1.665000e+01 2.111237e-03
1.680000e+01 2.125164e-03
1.695000e+01 2.145847e-03
1.710000e+01 2.173978e-03
1.725000e+01 2.213096e-03
1.740000e+01 2.256961e-03
1.755000e+01 2.303476e-03
1.770000e+01 2.358372e-03
1.785000e+01 2.421457e-03
1.800000e+01 2.494737e-03
1.815000e+01 2.572729e-03
1.830000e+01 2.656223e-03
1.845000e+01 2.761580e-03
1.860000e+01 2.902237e-03
1.875000e+01 3.059217e-03
1.890000e+01 3.133483e-03
1.905000e+01 3.190332e-03
1.920000e+01 3.288505e-03
1.935000e+01 3.419068e-03
1.950000e+01 3.569696e-03
1.965000e+01 3.740468e-03
1.980000e+01 3.932077e-03
1.995000e+01 4.148291e-03
2.010000e+01 4.388916e-03
2.025000e+01 4.655267e-03
2.040000e+01 4.958522e-03
2.055000e+01 5.300066e-03
2.070000e+01 5.687831e-03
2.085000e+01 6.121826e-03
2.100000e+01 6.632008e-03
2.115000e+01 7.205377e-03
2.130000e+01 7.896532e-03
2.145000e+01 8.699162e-03
2.160000e+01 9.640908e-03
2.175000e+01 1.074358e-02
2.190000e+01 1.209693e-02
2.205000e+01 1.375283e-02
2.220000e+01 1.574901e-02
2.235000e+01 1.826689e-02
2.250000e+01 2.116894e-02
2.265000e+01 2.480819e-02
2.280000e+01 2.983251e-02
2.295000e+01 3.689950e-02
2.310000e+01 4.719504e-02
2.325000e+01 6.303882e-02
2.340000e+01 8.770872e-02
2.355000e+01 1.197020e-01
2.370000e+01 1.632052e-01
2.385000e+01 2.482156e-01
2.400000e+01 4.199790e-01
2.415000e+01 7.368678e-01
2.430000e+01 9.747268e-01
2.445000e+01 7.038379e-01
2.460000e+01 3.934411e-01
2.475000e+01 2.279840e-01
2.490000e+01 1.441290e-01
2.505000e+01 9.837134e-02
2.520000e+01 7.129464e-02
2.535000e+01 5.398014e-02
2.550000e+01 4.240361e-02
2.565000e+01 3.438757e-02
2.580000e+01 2.874093e-02
2.595000e+01 2.492722e-02
2.610000e+01 2.249450e-02
2.625000e+01 2.089579e-02
2.640000e+01 1.958978e-02
2.655000e+01 1.681499e-02
2.670000e+01 1.414548e-02
2.685000e+01 1.238922e-02
2.700000e+01 1.110179e-02
2.715000e+01 1.009583e-02
2.730000e+01 9.369963e-03
2.745000e+01 8.874678e-03
2.760000e+01 8.601723e-03
2.775000e+01 8.596089e-03
2.790000e+01 8.896226e-03
2.805000e+01 9.172590e-03
2.820000e+01 9.463174e-03
2.835000e+01 1.034833e-02
2.850000e+01 1.111358e-02
2.865000e+01 1.152031e-02
2.880000e+01 1.293291e-02
2.895000e+01 1.589015e-02
2.910000e+01 1.990206e-02
2.925000e+01 2.649540e-02
2.940000e+01 3.799436e-02
2.955000e+01 5.384849e-02
2.970000e+01 7.337215e-02
2.985000e+01 7.267094e-02
3.000000e+01 5.145182e-02
