0.000000e+00 3.132656e-02
1.500000e-01 3.742642e-02
3.000000e-01 4.575424e-02
4.500000e-01 5.755459e-02
6.000000e-01 7.505382e-02
7.500000e-01 1.025006e-01
9.000000e-01 1.486573e-01
1.050000e+00 2.329983e-01
1.200000e+00 3.994836e-01
1.350000e+00 7.120018e-01
1.500000e+00 9.747847e-01
1.650000e+00 7.258597e-01
1.800000e+00 4.090254e-01
1.950000e+00 2.391133e-01
2.100000e+00 1.535463e-01
2.250000e+00 1.071985e-01
2.400000e+00 8.002882e-02
2.550000e+00 6.304373e-02
2.700000e+00 5.189540e-02
2.850000e+00 4.431701e-02
3.000000e+00 3.904844e-02
3.150000e+00 3.534669e-02
3.300000e+00 3.275907e-02
3.450000e+00 3.099673e-02
3.600000e+00 2.987313e-02
3.750000e+00 2.926744e-02
3.900000e+00 2.910064e-02
4.050000e+00 2.932612e-02
4.200000e+00 2.992035e-02
4.350000e+00 3.087848e-02
4.500000e+00 3.221454e-02
4.650000e+00 3.396025e-02
4.800000e+00 3.616622e-02
4.950000e+00 3.890935e-02
5.100000e+00 4.229688e-02
5.250000e+00 4.647904e-02
5.400000e+00 5.166594e-02
5.550000e+00 5.815657e-02
5.700000e+00 6.637757e-02
5.850000e+00 7.696670e-02
6.000000e+00 9.088977e-02
6.150000e+00 1.096721e-01
6.300000e+00 1.358280e-01
6.450000e+00 1.737172e-01
6.600000e+00 2.313819e-01
6.750000e+00 3.247532e-01
6.900000e+00 4.879941e-01
7.050000e+00 7.988027e-01
7.200000e+00 1.415995e+00
7.350000e+00 2.334517e+00
7.500000e+00 2.340307e+00
7.650000e+00 1.440104e+00
7.800000e+00 8.494057e-01
7.950000e+00 5.798950e-01
8.100000e+00 4.921742e-01
8.250000e+00 5.388270e-01
8.400000e+00 6.152687e-01
8.550000e+00 4.819349e-01
8.700000e+00 3.103932e-01
8.850000e+00 2.134834e-01
9.000000e+00 1.623145e-01
9.150000e+00 1.338762e-01
9.300000e+00 1.177991e-01
9.450000e+00 1.095747e-01
9.600000e+00 1.074930e-01
9.750000e+00 1.117087e-01
9.900000e+00 1.246221e-01
1.005000e+01 1.528598e-01
1.020000e+01 2.105063e-01
1.035000e+01 2.969022e-01
1.050000e+01 3.057006e-01
1.065000e+01 2.434030e-01
1.080000e+01 2.172390e-01
1.095000e+01 2.112285e-01
1.110000e+01 2.081976e-01
1.125000e+01 2.282898e-01
1.140000e+01 2.821116e-01
1.155000e+01 3.850097e-01
1.170000e+01 5.067434e-01
1.185000e+01 5.335834e-01
1.200000e+01 5.742573e-01
1.215000e+01 7.362946e-01
1.230000e+01 1.093550e+00
1.245000e+01 1.794977e+00
1.260000e+01 2.755554e+00
1.275000e+01 3.295816e+00
1.290000e+01 4.064513e+00
1.305000e+01 4.053144e+00
1.320000e+01 2.564667e+00
1.335000e+01 1.467405e+00
1.350000e+01 8.987147e-01
1.365000e+01 5.992808e-01
1.380000e+01 4.295486e-01
1.395000e+01 3.274346e-01
1.410000e+01 2.651854e-01
1.425000e+01 2.316041e-01
1.440000e+01 2.266877e-01
1.455000e+01 2.544032e-01
1.470000e+01 2.644839e-01
1.485000e+01 1.996122e-01
1.500000e+01 1.405003e-01
1.515000e+01 1.062661e-01
1.530000e+01 8.567143e-02
1.545000e+01 7.198606e-02
1.560000e+01 6.213090e-02
1.575000e+01 5.462932e-02
1.590000e+01 4.868969e-02
1.605000e+01 4.386068e-02
1.620000e+01 3.985770e-02
1.635000e+01 3.650036e-02
1.650000e+01 3.366495e-02
1.665000e+01 3.127193e-02
1.680000e+01 2.927383e-02
1.695000e+01 2.766748e-02
1.710000e+01 2.649353e-02
1.725000e+01 2.590736e-02
1.740000e+01 2.628834e-02
1.755000e+01 2.848480e-02
1.770000e+01 3.294577e-02
1.785000e+01 3.385674e-02
1.800000e+01 2.935641e-02
1.815000e+01 2.757926e-02
1.830000e+01 3.025192e-02
1.845000e+01 3.348855e-02
1.860000e+01 2.842044e-02
1.875000e+01 2.202602e-02
1.890000e+01 1.842506e-02
1.905000e+01 1.654923e-02
1.920000e+01 1.561553e-02
1.935000e+01 1.534642e-02
1.950000e+01 1.575890e-02
1.965000e+01 1.718313e-02
1.980000e+01 2.049947e-02
1.995000e+01 2.773204e-02
2.010000e+01 4.098936e-02
2.025000e+01 4.794233e-02
2.040000e+01 3.500839e-02
2.055000e+01 2.299512e-02
2.070000e+01 1.668459e-02
2.085000e+01 1.338357e-02
2.100000e+01 1.153013e-02
2.115000e+01 1.046979e-02
2.130000e+01 9.866759e-03
2.145000e+01 9.286426e-03
2.160000e+01 8.803396e-03
2.175000e+01 8.669258e-03
2.190000e+01 8.604842e-03
2.205000e+01 8.104904e-03
2.220000e+01 7.662273e-03
2.235000e+01 7.496887e-03
2.250000e+01 7.590383e-03
2.265000e+01 8.025103e-03
2.280000e+01 9.072203e-03
2.295000e+01 1.135690e-02
2.310000e+01 1.524846e-02
2.325000e+01 1.640549e-02
2.340000e+01 1.289251e-02
2.355000e+01 1.060817e-02
2.370000e+01 1.019088e-02
2.385000e+01 9.781375e-03
2.400000e+01 8.290102e-03
2.415000e+01 7.226878e-03
2.430000e+01 6.764884e-03
2.445000e+01 6.621069e-03
2.460000e+01 6.722390e-03
2.475000e+01 7.193632e-03
2.490000e+01 8.193417e-03
2.505000e+01 9.248687e-03
2.520000e+01 9.339551e-03
2.535000e+01 9.777909e-03
2.550000e+01 1.127018e-02
2.565000e+01 1.334520e-02
2.580000e+01 1.575465e-02
2.595000e+01 2.047436e-02
2.610000e+01 3.001574e-02
2.625000e+01 4.274924e-02
2.640000e+01 5.668515e-02
2.655000e+01 7.417935e-02
2.670000e+01 7.510910e-02
2.685000e+01 5.239313e-02
2.700000e+01 3.190868e-02
2.715000e+01 2.087926e-02
2.730000e+01 1.516842e-02
2.745000e+01 1.216761e-02
2.760000e+01 1.042897e-02
2.775000e+01 9.823214e-03
2.790000e+01 1.061945e-02
2.805000e+01 1.345606e-02
2.820000e+01 1.721066e-02
2.835000e+01 1.568137e-02
2.850000e+01 1.182999e-02
2.865000e+01 9.889594e-03
2.880000e+01 8.936659e-03
2.895000e+01 7.383485e-03
2.910000e+01 6.464855e-03
2.925000e+01 6.504679e-03
2.940000e+01 6.542177e-03
2.955000e+01 5.613738e-03
2.970000e+01 4.818560e-03
2.985000e+01 4.571057e-03
3.000000e+01 4.636096e-03
