0.000000e+00 1.169143e-02
1.500000e-01 1.229543e-02
3.000000e-01 1.295082e-02
4.500000e-01 1.366379e-02
6.000000e-01 1.444155e-02
7.500000e-01 1.529247e-02
9.000000e-01 1.622632e-02
1.050000e+00 1.725462e-02
1.200000e+00 1.839148e-02
1.350000e+00 1.965207e-02
1.500000e+00 2.105618e-02
1.650000e+00 2.262710e-02
1.800000e+00 2.439308e-02
1.950000e+00 2.638866e-02
2.100000e+00 2.865646e-02
2.250000e+00 3.124952e-02
2.400000e+00 3.423456e-02
2.550000e+00 3.769637e-02
2.700000e+00 4.174413e-02
2.850000e+00 4.652020e-02
3.000000e+00 5.221300e-02
3.150000e+00 5.907647e-02
3.300000e+00 6.745846e-02
3.450000e+00 7.784611e-02
3.600000e+00 9.093800e-02
3.750000e+00 1.077665e-01
3.900000e+00 1.298910e-01
4.050000e+00 1.597903e-01
4.200000e+00 2.015238e-01
4.350000e+00 2.621471e-01
4.500000e+00 3.546582e-01
4.650000e+00 5.047503e-01
4.800000e+00 7.673962e-01
4.950000e+00 1.267655e+00
5.100000e+00 2.265579e+00
5.250000e+00 3.803394e+00
5.400000e+00 3.926214e+00
5.550000e+00 2.400312e+00
5.700000e+00 1.339058e+00
5.850000e+00 8.057942e-01
6.000000e+00 5.285811e-01
6.150000e+00 3.720980e-01
6.300000e+00 2.770572e-01
6.450000e+00 2.160600e-01
6.600000e+00 1.755692e-01
6.750000e+00 1.487225e-01
6.900000e+00 1.325699e-01
7.050000e+00 1.274558e-01
7.200000e+00 1.350087e-01
7.350000e+00 1.373234e-01
7.500000e+00 1.125526e-01
7.650000e+00 9.011136e-02
7.800000e+00 7.747885e-02
7.950000e+00 7.057861e-02
8.100000e+00 6.700579e-02
8.250000e+00 6.579881e-02
8.400000e+00 6.673392e-02
8.550000e+00 7.010071e-02
8.700000e+00 7.682238e-02
8.850000e+00 8.895820e-02
9.000000e+00 1.110792e-01
9.150000e+00 1.536901e-01
9.300000e+00 2.382663e-01
9.450000e+00 3.636378e-01
9.600000e+00 3.651653e-01
9.750000e+00 2.457307e-01
9.900000e+00 1.684194e-01
1.005000e+01 1.335460e-01
1.020000e+01 1.202929e-01
1.035000e+01 1.190604e-01
1.050000e+01 1.266573e-01
1.065000e+01 1.435120e-01
1.080000e+01 1.737764e-01
1.095000e+01 2.278501e-01
1.110000e+01 3.195945e-01
1.125000e+01 4.051184e-01
1.140000e+01 4.249711e-01
1.155000e+01 4.993199e-01
1.170000e+01 6.689114e-01
1.185000e+01 7.784064e-01
1.200000e+01 8.246199e-01
1.215000e+01 1.014657e+00
1.230000e+01 1.501424e+00
1.245000e+01 2.563306e+00
1.260000e+01 4.334970e+00
1.275000e+01 4.756477e+00
1.290000e+01 3.002490e+00
1.305000e+01 1.674171e+00
1.320000e+01 1.002408e+00
1.335000e+01 6.551829e-01
1.350000e+01 4.567344e-01
1.365000e+01 3.344452e-01
1.380000e+01 2.552136e-01
1.395000e+01 2.012447e-01
1.410000e+01 1.628797e-01
1.425000e+01 1.346455e-01
1.440000e+01 1.132661e-01
1.455000e+01 9.668853e-02
1.470000e+01 8.357538e-02
1.485000e+01 7.302584e-02
1.500000e+01 6.441767e-02
1.515000e+01 5.731555e-02
1.530000e+01 5.141896e-02
1.545000e+01 4.653465e-02
1.560000e+01 4.246767e-02
1.575000e+01 3.872186e-02
1.590000e+01 3.522953e-02
1.605000e+01 3.222661e-02
1.620000e+01 2.965846e-02
1.635000e+01 2.741729e-02
1.650000e+01 2.544631e-02
1.665000e+01 2.368984e-02
1.680000e+01 2.212019e-02
1.695000e+01 2.070981e-02
1.710000e+01 1.943702e-02
1.725000e+01 1.828410e-02
1.740000e+01 1.723631e-02
1.755000e+01 1.628144e-02
1.770000e+01 1.540960e-02
1.785000e+01 1.461336e-02
1.800000e+01 1.388341e-02
1.815000e+01 1.320020e-02
1.830000e+01 1.256255e-02
1.845000e+01 1.197611e-02
1.860000e+01 1.143569e-02
1.875000e+01 1.093431e-02
1.890000e+01 1.046390e-02
1.905000e+01 1.002512e-02
1.920000e+01 9.616479e-03
1.935000e+01 9.234823e-03
1.950000e+01 8.877814e-03
1.965000e+01 8.543447e-03
1.980000e+01 8.229998e-03
1.995000e+01 7.935994e-03
2.010000e+01 7.660203e-03
2.025000e+01 7.401635e-03
2.040000e+01 7.159577e-03
2.055000e+01 6.933677e-03
2.070000e+01 6.724123e-03
2.085000e+01 6.532066e-03
2.100000e+01 6.360610e-03
2.115000e+01 6.216578e-03
2.130000e+01 6.115078e-03
2.145000e+01 6.066408e-03
2.160000e+01 6.012116e-03
2.175000e+01 5.979719e-03
2.190000e+01 6.131798e-03
2.205000e+01 6.521936e-03
2.220000e+01 6.912337e-03
2.235000e+01 6.437326e-03
2.250000e+01 5.681416e-03
2.265000e+01 5.225629e-03
2.280000e+01 4.978397e-03
2.295000e+01 4.857505e-03
2.310000e+01 4.854410e-03
2.325000e+01 5.023195e-03
2.340000e+01 5.341418e-03
2.355000e+01 5.287445e-03
2.370000e+01 4.924400e-03
2.385000e+01 4.642480e-03
2.400000e+01 4.390058e-03
2.415000e+01 4.209271e-03
2.430000e+01 4.103105e-03
2.445000e+01 4.051988e-03
2.460000e+01 4.045630e-03
2.475000e+01 4.086150e-03
2.490000e+01 4.189841e-03
2.505000e+01 4.379422e-03
2.520000e+01 4.613509e-03
2.535000e+01 4.849450e-03
2.550000e+01 5.259970e-03
2.565000e+01 5.991482e-03
2.580000e+01 7.269729e-03
2.595000e+01 9.601321e-03
2.610000e+01 1.412395e-02
2.625000e+01 2.286124e-02
2.640000e+01 3.429041e-02
2.655000e+01 3.385465e-02
2.670000e+01 2.220961e-02
2.685000e+01 1.399340e-02
2.700000e+01 9.767888e-03
2.715000e+01 7.377858e-03
2.730000e+01 6.048433e-03
2.745000e+01 5.427971e-03
2.760000e+01 5.394375e-03
2.775000e+01 6.053427e-03
2.790000e+01 6.924719e-03
2.805000e+01 6.202867e-03
2.820000e+01 5.115409e-03
2.835000e+01 4.591006e-03
2.850000e+01 4.132089e-03
2.865000e+01 3.717458e-03
2.880000e+01 3.461898e-03
2.895000e+01 3.446500e-03
2.910000e+01 3.693011e-03
2.925000e+01 4.186296e-03
2.940000e+01 5.008050e-03
2.955000e+01 6.070793e-03
2.970000e+01 6.093081e-03
2.985000e+01 4.984038e-03
3.000000e+01 4.080592e-03
