0.000000e+00 9.194910e-03
1.500000e-01 9.583457e-03
3.000000e-01 9.998250e-03
4.500000e-01 1.044182e-02
6.000000e-01 1.091703e-02
7.500000e-01 1.142713e-02
9.000000e-01 1.198311e-02
1.050000e+00 1.257542e-02
1.200000e+00 1.321554e-02
1.350000e+00 1.392153e-02
1.500000e+00 1.467728e-02
1.650000e+00 1.550120e-02
1.800000e+00 1.640287e-02
1.950000e+00 1.739430e-02
2.100000e+00 1.847939e-02
2.250000e+00 1.967740e-02
2.400000e+00 2.100538e-02
2.550000e+00 2.248371e-02
2.700000e+00 2.414150e-02
2.850000e+00 2.600303e-02
3.000000e+00 2.811058e-02
3.150000e+00 3.050992e-02
3.300000e+00 3.326206e-02
3.450000e+00 3.644557e-02
3.600000e+00 4.015972e-02
3.750000e+00 4.454256e-02
3.900000e+00 4.977185e-02
4.050000e+00 5.610378e-02
4.200000e+00 6.389421e-02
4.350000e+00 7.366919e-02
4.500000e+00 8.622881e-02
4.650000e+00 1.028496e-01
4.800000e+00 1.256382e-01
4.950000e+00 1.583753e-01
5.100000e+00 2.082738e-01
5.250000e+00 2.903166e-01
5.400000e+00 4.379327e-01
5.550000e+00 7.219851e-01
5.700000e+00 1.181870e+00
5.850000e+00 1.331995e+00
6.000000e+00 9.769123e-01
6.150000e+00 7.592852e-01
6.300000e+00 7.707431e-01
6.450000e+00 1.008110e+00
6.600000e+00 1.599094e+00
6.750000e+00 2.707909e+00
6.900000e+00 3.330546e+00
7.050000e+00 2.283512e+00
7.200000e+00 1.291285e+00
7.350000e+00 7.777126e-01
7.500000e+00 5.171780e-01
7.650000e+00 3.757675e-01
7.800000e+00 2.950332e-01
7.950000e+00 2.492211e-01
8.100000e+00 2.272166e-01
8.250000e+00 2.261238e-01
8.400000e+00 2.506769e-01
8.550000e+00 3.181139e-01
8.700000e+00 4.693441e-01
8.850000e+00 7.322563e-01
9.000000e+00 8.173406e-01
9.150000e+00 5.587261e-01
9.300000e+00 3.548723e-01
9.450000e+00 2.555459e-01
9.600000e+00 2.109733e-01
9.750000e+00 1.955291e-01
9.900000e+00 2.001076e-01
1.005000e+01 2.246753e-01
1.020000e+01 2.778942e-01
1.035000e+01 3.835936e-01
1.050000e+01 5.909763e-01
1.065000e+01 8.916509e-01
1.080000e+01 9.357302e-01
1.095000e+01 8.078359e-01
1.110000e+01 8.957293e-01
1.125000e+01 1.189860e+00
1.140000e+01 1.214303e+00
1.155000e+01 9.923915e-01
1.170000e+01 9.915100e-01
1.185000e+01 1.270256e+00
1.200000e+01 1.968452e+00
1.215000e+01 2.981687e+00
1.230000e+01 2.732326e+00
1.245000e+01 1.620028e+00
1.260000e+01 9.286500e-01
1.275000e+01 5.804761e-01
1.290000e+01 3.964595e-01
1.305000e+01 2.906380e-01
1.320000e+01 2.204983e-01
1.335000e+01 1.715791e-01
1.350000e+01 1.377556e-01
1.365000e+01 1.135436e-01
1.380000e+01 9.554359e-02
1.395000e+01 8.175323e-02
1.410000e+01 7.093179e-02
1.425000e+01 6.227949e-02
1.440000e+01 5.526300e-02
1.455000e+01 4.952730e-02
1.470000e+01 4.485411e-02
1.485000e+01 4.116747e-02
1.500000e+01 3.856781e-02
1.515000e+01 3.692794e-02
1.530000e+01 3.423286e-02
1.545000e+01 3.043933e-02
1.560000e+01 2.740578e-02
1.575000e+01 2.508779e-02
1.590000e+01 2.320096e-02
1.605000e+01 2.159489e-02
1.620000e+01 2.019286e-02
1.635000e+01 1.895072e-02
1.650000e+01 1.783939e-02
1.665000e+01 1.683926e-02
1.680000e+01 1.593515e-02
1.695000e+01 1.511643e-02
1.710000e+01 1.437597e-02
1.725000e+01 1.371627e-02
1.740000e+01 1.312149e-02
1.755000e+01 1.262587e-02
1.770000e+01 1.226119e-02
1.785000e+01 1.206091e-02
1.800000e+01 1.175948e-02
1.815000e+01 1.122526e-02
1.830000e+01 1.092630e-02
1.845000e+01 1.103919e-02
1.860000e+01 1.129850e-02
1.875000e+01 1.059077e-02
1.890000e+01 9.547540e-03
1.905000e+01 8.836669e-03
1.920000e+01 8.354819e-03
1.935000e+01 7.986761e-03
1.950000e+01 7.684644e-03
1.965000e+01 7.424244e-03
1.980000e+01 7.195613e-03
1.995000e+01 6.993866e-03
2.010000e+01 6.819813e-03
2.025000e+01 6.670426e-03
2.040000e+01 6.561090e-03
2.055000e+01 6.500353e-03
2.070000e+01 6.526028e-03
2.085000e+01 6.721077e-03
2.100000e+01 7.250223e-03
2.115000e+01 8.105364e-03
2.130000e+01 8.016204e-03
2.145000e+01 7.020122e-03
2.160000e+01 6.382583e-03
2.175000e+01 6.125094e-03
2.190000e+01 6.088508e-03
2.205000e+01 5.995593e-03
2.220000e+01 5.833166e-03
2.235000e+01 5.817986e-03
2.250000e+01 5.956935e-03
2.265000e+01 6.294613e-03
2.280000e+01 6.949985e-03
2.295000e+01 8.233874e-03
2.310000e+01 1.080349e-02
2.325000e+01 1.507111e-02
2.340000e+01 1.672989e-02
2.355000e+01 1.411783e-02
2.370000e+01 1.309036e-02
2.385000e+01 1.223185e-02
2.400000e+01 9.969351e-03
2.415000e+01 8.509866e-03
2.430000e+01 8.030348e-03
2.445000e+01 8.137994e-03
2.460000e+01 8.676328e-03
2.475000e+01 9.849441e-03
2.490000e+01 1.204268e-02
2.505000e+01 1.546493e-02
2.520000e+01 1.857711e-02
2.535000e+01 2.254369e-02
2.550000e+01 3.148205e-02
2.565000e+01 4.975161e-02
2.580000e+01 8.102030e-02
2.595000e+01 9.330737e-02
2.610000e+01 6.886441e-02
2.625000e+01 5.512711e-02
2.640000e+01 5.905160e-02
2.655000e+01 6.150010e-02
2.670000e+01 4.441267e-02
2.685000e+01 2.783839e-02
2.700000e+01 1.900683e-02
2.715000e+01 1.450081e-02
2.730000e+01 1.206023e-02
2.745000e+01 1.055963e-02
2.760000e+01 1.035669e-02
2.775000e+01 1.174321e-02
2.790000e+01 1.237131e-02
2.805000e+01 9.620992e-03
2.820000e+01 7.126616e-03
2.835000e+01 5.781956e-03
2.850000e+01 5.077258e-03
2.865000e+01 4.667774e-03
2.880000e+01 4.519337e-03
2.895000e+01 4.728590e-03
2.910000e+01 5.143770e-03
2.925000e+01 4.956052e-03
2.940000e+01 4.361323e-03
2.955000e+01 3.991324e-03
2.970000e+01 3.950778e-03
2.985000e+01 4.271497e-03
3.000000e+01 4.565488e-03
