0.000000e+00 1.515388e-02
1.500000e-01 1.631143e-02
3.000000e-01 1.758521e-02
4.500000e-01 1.901316e-02
6.000000e-01 2.072168e-02
7.500000e-01 2.256705e-02
9.000000e-01 2.465555e-02
1.050000e+00 2.708164e-02
1.200000e+00 2.984725e-02
1.350000e+00 3.305281e-02
1.500000e+00 3.683023e-02
1.650000e+00 4.126627e-02
1.800000e+00 4.654701e-02
1.950000e+00 5.299195e-02
2.100000e+00 6.077611e-02
2.250000e+00 7.044717e-02
2.400000e+00 8.259743e-02
2.550000e+00 9.813439e-02
2.700000e+00 1.185224e-01
2.850000e+00 1.458833e-01
3.000000e+00 1.838861e-01
3.150000e+00 2.385994e-01
3.300000e+00 3.212459e-01
3.450000e+00 4.537279e-01
3.600000e+00 6.821048e-01
3.750000e+00 1.109909e+00
3.900000e+00 1.951314e+00
4.050000e+00 3.303491e+00
4.200000e+00 3.981813e+00
4.350000e+00 2.856964e+00
4.500000e+00 1.606109e+00
4.650000e+00 9.334020e-01
4.800000e+00 5.908251e-01
4.950000e+00 4.027440e-01
5.100000e+00 2.907449e-01
5.250000e+00 2.193813e-01
5.400000e+00 1.713798e-01
5.550000e+00 1.376734e-01
5.700000e+00 1.131636e-01
5.850000e+00 9.482502e-02
6.000000e+00 8.077183e-02
6.150000e+00 6.979869e-02
6.300000e+00 6.108535e-02
6.450000e+00 5.407228e-02
6.600000e+00 4.835801e-02
6.750000e+00 4.367241e-02
6.900000e+00 3.980156e-02
7.050000e+00 3.657972e-02
7.200000e+00 3.390193e-02
7.350000e+00 3.167182e-02
7.500000e+00 2.982437e-02
7.650000e+00 2.830731e-02
7.800000e+00 2.708120e-02
7.950000e+00 2.611831e-02
8.100000e+00 2.539851e-02
8.250000e+00 2.491368e-02
8.400000e+00 2.466755e-02
8.550000e+00 2.469707e-02
8.700000e+00 2.508394e-02
8.850000e+00 2.592551e-02
9.000000e+00 2.728292e-02
9.150000e+00 2.838100e-02
9.300000e+00 2.922375e-02
9.450000e+00 3.084550e-02
9.600000e+00 3.349711e-02
9.750000e+00 3.745767e-02
9.900000e+00 4.339826e-02
1.005000e+01 5.273185e-02
1.020000e+01 6.859250e-02
1.035000e+01 9.775967e-02
1.050000e+01 1.494176e-01
1.065000e+01 1.934363e-01
1.080000e+01 1.772796e-01
1.095000e+01 1.738843e-01
1.110000e+01 2.042268e-01
1.125000e+01 2.222134e-01
1.140000e+01 2.625739e-01
1.155000e+01 3.444523e-01
1.170000e+01 3.203756e-01
1.185000e+01 2.256917e-01
1.200000e+01 1.753125e-01
1.215000e+01 1.627586e-01
1.230000e+01 1.747836e-01
1.245000e+01 2.099980e-01
1.260000e+01 2.776259e-01
1.275000e+01 3.980543e-01
1.290000e+01 6.019081e-01
1.305000e+01 9.675946e-01
1.320000e+01 1.451736e+00
1.335000e+01 1.927622e+00
1.350000e+01 2.141477e+00
1.365000e+01 1.456772e+00
1.380000e+01 8.266983e-01
1.395000e+01 4.991283e-01
1.410000e+01 3.330129e-01
1.425000e+01 2.451329e-01
1.440000e+01 2.012356e-01
1.455000e+01 1.913210e-01
1.470000e+01 2.199090e-01
1.485000e+01 2.652781e-01
1.500000e+01 2.231953e-01
1.515000e+01 1.456346e-01
1.530000e+01 9.865166e-02
1.545000e+01 7.280051e-02
1.560000e+01 5.728645e-02
1.575000e+01 4.707957e-02
1.590000e+01 3.986173e-02
1.605000e+01 3.450204e-02
1.620000e+01 3.034023e-02
1.635000e+01 2.704422e-02
1.650000e+01 2.436526e-02
1.665000e+01 2.216729e-02
1.680000e+01 2.034643e-02
1.695000e+01 1.884482e-02
1.710000e+01 1.763214e-02
1.725000e+01 1.671826e-02
1.740000e+01 1.618018e-02
1.755000e+01 1.623941e-02
1.770000e+01 1.723788e-02
1.785000e+01 1.816836e-02
1.800000e+01 1.663566e-02
1.815000e+01 1.521144e-02
1.830000e+01 1.543285e-02
1.845000e+01 1.682964e-02
1.860000e+01 1.596045e-02
1.875000e+01 1.321398e-02
1.890000e+01 1.141776e-02
1.905000e+01 1.044716e-02
1.920000e+01 9.909994e-03
1.935000e+01 9.659102e-03
1.950000e+01 9.613812e-03
1.965000e+01 9.809444e-03
1.980000e+01 1.033431e-02
1.995000e+01 1.140857e-02
2.010000e+01 1.356959e-02
2.025000e+01 1.797925e-02
2.040000e+01 2.622240e-02
2.055000e+01 3.239095e-02
2.070000e+01 2.557919e-02
2.085000e+01 1.799303e-02
2.100000e+01 1.434416e-02
2.115000e+01 1.316774e-02
2.130000e+01 1.363990e-02
2.145000e+01 1.449652e-02
2.160000e+01 1.399722e-02
2.175000e+01 1.408444e-02
2.190000e+01 1.499819e-02
2.205000e+01 1.478332e-02
2.220000e+01 1.459672e-02
2.235000e+01 1.544153e-02
2.250000e+01 1.730039e-02
2.265000e+01 2.036244e-02
2.280000e+01 2.525556e-02
2.295000e+01 3.341896e-02
2.310000e+01 4.801330e-02
2.325000e+01 7.439462e-02
2.340000e+01 1.071209e-01
2.355000e+01 1.215696e-01
2.370000e+01 1.377255e-01
2.385000e+01 1.515573e-01
2.400000e+01 1.583861e-01
2.415000e+01 2.074727e-01
2.430000e+01 3.089195e-01
2.445000e+01 3.201702e-01
2.460000e+01 2.021332e-01
2.475000e+01 1.167451e-01
2.490000e+01 7.395172e-02
2.505000e+01 5.238104e-02
2.520000e+01 4.031205e-02
2.535000e+01 3.379040e-02
2.550000e+01 3.069845e-02
2.565000e+01 2.842079e-02
2.580000e+01 2.899861e-02
2.595000e+01 3.418414e-02
2.610000e+01 4.327069e-02
2.625000e+01 4.559230e-02
2.640000e+01 4.360463e-02
2.655000e+01 3.818739e-02
2.670000e+01 3.510471e-02
2.685000e+01 2.910437e-02
2.700000e+01 2.264176e-02
2.715000e+01 1.957898e-02
2.730000e+01 1.603310e-02
2.745000e+01 1.320835e-02
2.760000e+01 1.232724e-02
2.775000e+01 1.324759e-02
2.790000e+01 1.476298e-02
2.805000e+01 1.422008e-02
2.820000e+01 1.375869e-02
2.835000e+01 1.569882e-02
2.850000e+01 2.097011e-02
2.865000e+01 2.957606e-02
2.880000e+01 3.067869e-02
2.895000e+01 2.356788e-02
2.910000e+01 2.066371e-02
2.925000e+01 2.000582e-02
2.940000e+01 1.625446e-02
2.955000e+01 1.247072e-02
2.970000e+01 1.084610e-02
2.985000e+01 1.086747e-02
3.000000e+01 1.235094e-02
