0.000000e+00 7.349580e-01
1.500000e-01 8.536159e-01
3.000000e-01 5.544539e-01
4.500000e-01 3.073733e-01
6.000000e-01 1.814321e-01
7.500000e-01 1.167812e-01
9.000000e-01 8.078362e-02
1.050000e+00 5.908728e-02
1.200000e+00 4.513282e-02
1.350000e+00 3.568919e-02
1.500000e+00 2.901894e-02
1.650000e+00 2.415278e-02
1.800000e+00 2.049611e-02
1.950000e+00 1.768224e-02
2.100000e+00 1.547527e-02
2.250000e+00 1.371086e-02
2.400000e+00 1.227975e-02
2.550000e+00 1.110312e-02
2.700000e+00 1.012449e-02
2.850000e+00 9.302480e-03
3.000000e+00 8.605545e-03
3.150000e+00 8.009667e-03
3.300000e+00 7.496532e-03
3.450000e+00 7.052089e-03
3.600000e+00 6.665220e-03
3.750000e+00 6.321803e-03
3.900000e+00 6.024149e-03
4.050000e+00 5.758688e-03
4.200000e+00 5.524771e-03
4.350000e+00 5.317588e-03
4.500000e+00 5.133233e-03
4.650000e+00 4.970920e-03
4.800000e+00 4.824896e-03
4.950000e+00 4.700224e-03
5.100000e+00 4.591414e-03
5.250000e+00 4.497900e-03
5.400000e+00 4.421411e-03
5.550000e+00 4.359145e-03
5.700000e+00 4.313666e-03
5.850000e+00 4.288038e-03
6.000000e+00 4.280209e-03
6.150000e+00 4.299470e-03
6.300000e+00 4.344689e-03
6.450000e+00 4.424516e-03
6.600000e+00 4.548691e-03
6.750000e+00 4.731705e-03
6.900000e+00 4.995705e-03
7.050000e+00 5.375965e-03
7.200000e+00 5.926184e-03
7.350000e+00 6.756363e-03
7.500000e+00 8.051978e-03
7.650000e+00 1.017331e-02
7.800000e+00 1.390734e-02
7.950000e+00 2.103775e-02
8.100000e+00 3.528382e-02
8.250000e+00 5.742042e-02
8.400000e+00 5.963089e-02
8.550000e+00 3.774968e-02
8.700000e+00 2.241931e-02
8.850000e+00 1.476616e-02
9.000000e+00 1.086860e-02
9.150000e+00 8.777825e-03
9.300000e+00 7.669100e-03
9.450000e+00 7.191206e-03
9.600000e+00 7.241133e-03
9.750000e+00 7.946801e-03
9.900000e+00 9.735372e-03
1.005000e+01 1.355733e-02
1.020000e+01 1.958262e-02
1.035000e+01 2.228758e-02
1.050000e+01 1.955413e-02
1.065000e+01 1.523182e-02
1.080000e+01 1.416822e-02
1.095000e+01 1.697613e-02
1.110000e+01 1.980146e-02
1.125000e+01 1.647318e-02
1.140000e+01 1.359703e-02
1.155000e+01 1.452516e-02
1.170000e+01 1.948791e-02
1.185000e+01 2.323185e-02
1.200000e+01 1.766353e-02
1.215000e+01 1.199520e-02
1.230000e+01 9.584700e-03
1.245000e+01 9.603264e-03
1.260000e+01 1.140981e-02
1.275000e+01 1.137674e-02
1.290000e+01 8.355606e-03
1.305000e+01 6.208747e-03
1.320000e+01 5.156054e-03
1.335000e+01 4.629533e-03
1.350000e+01 4.422965e-03
1.365000e+01 4.504650e-03
1.380000e+01 4.914794e-03
1.395000e+01 5.835022e-03
1.410000e+01 7.743634e-03
1.425000e+01 1.169551e-02
1.440000e+01 1.828613e-02
1.455000e+01 2.000820e-02
1.470000e+01 1.349222e-02
1.485000e+01 8.478247e-03
1.500000e+01 5.931472e-03
1.515000e+01 4.612532e-03
1.530000e+01 3.873300e-03
1.545000e+01 3.427691e-03
1.560000e+01 3.145143e-03
1.575000e+01 2.962181e-03
1.590000e+01 2.844600e-03
1.605000e+01 2.771124e-03
1.620000e+01 2.736385e-03
1.635000e+01 2.734229e-03
1.650000e+01 2.765414e-03
1.665000e+01 2.834182e-03
1.680000e+01 2.960250e-03
1.695000e+01 3.166604e-03
1.710000e+01 3.512809e-03
1.725000e+01 4.135667e-03
1.740000e+01 5.326699e-03
1.755000e+01 7.566882e-03
1.770000e+01 9.786994e-03
1.785000e+01 8.586846e-03
1.800000e+01 6.858838e-03
1.815000e+01 6.724402e-03
1.830000e+01 7.867825e-03
1.845000e+01 7.915615e-03
1.860000e+01 6.122533e-03
1.875000e+01 4.871852e-03
1.890000e+01 4.304423e-03
1.905000e+01 4.106576e-03
1.920000e+01 4.135636e-03
1.935000e+01 4.373334e-03
1.950000e+01 4.912255e-03
1.965000e+01 6.005888e-03
1.980000e+01 7.782418e-03
1.995000e+01 8.318483e-03
2.010000e+01 6.835469e-03
2.025000e+01 5.782938e-03
2.040000e+01 5.388676e-03
2.055000e+01 5.331315e-03
2.070000e+01 5.466089e-03
2.085000e+01 5.742717e-03
2.100000e+01 6.172244e-03
2.115000e+01 6.772852e-03
2.130000e+01 7.392315e-03
2.145000e+01 7.818068e-03
2.160000e+01 8.377951e-03
2.175000e+01 9.191659e-03
2.190000e+01 1.020129e-02
2.205000e+01 1.136065e-02
2.220000e+01 1.283435e-02
2.235000e+01 1.474636e-02
2.250000e+01 1.725564e-02
2.265000e+01 2.064625e-02
2.280000e+01 2.539099e-02
2.295000e+01 3.242829e-02
2.310000e+01 4.253283e-02
2.325000e+01 5.341761e-02
2.340000e+01 6.648750e-02
2.355000e+01 8.974807e-02
2.370000e+01 1.321431e-01
2.385000e+01 2.124004e-01
2.400000e+01 3.718893e-01
2.415000e+01 6.386756e-01
2.430000e+01 7.206199e-01
2.445000e+01 4.633885e-01
2.460000e+01 2.611619e-01
2.475000e+01 1.610311e-01
2.490000e+01 1.143466e-01
2.505000e+01 9.352277e-02
2.520000e+01 8.182498e-02
2.535000e+01 6.418260e-02
2.550000e+01 4.798951e-02
2.565000e+01 3.870320e-02
2.580000e+01 3.065389e-02
2.595000e+01 2.430019e-02
2.610000e+01 2.067258e-02
2.625000e+01 1.926369e-02
2.640000e+01 1.863241e-02
2.655000e+01 1.589167e-02
2.670000e+01 1.297465e-02
2.685000e+01 1.103823e-02
2.700000e+01 9.690700e-03
2.715000e+01 8.767968e-03
2.730000e+01 8.158908e-03
2.745000e+01 7.817823e-03
2.760000e+01 7.711705e-03
2.775000e+01 7.767496e-03
2.790000e+01 7.810328e-03
2.805000e+01 7.954513e-03
2.820000e+01 8.596333e-03
2.835000e+01 9.118225e-03
2.850000e+01 9.505213e-03
2.865000e+01 1.095154e-02
2.880000e+01 1.344487e-02
2.895000e+01 1.494532e-02
2.910000e+01 1.624889e-02
2.925000e+01 2.073736e-02
2.940000e+01 2.979727e-02
2.955000e+01 4.322272e-02
2.970000e+01 5.553534e-02
2.985000e+01 4.627759e-02
3.000000e+01 3.183456e-02
