1.060108966142780851e+01 2.367954889426770628e-20
1.252937925367040961e+01 1.025108453279120213e-18
1.274264102562620771e+01 7.671225865749693729e-02
1.313072529178201187e+01 1.618614717688326773e-17
1.313072529178385395e+01 2.265959049875279087e-17
1.313424427846364573e+01 9.472034843396242437e-03
1.398737916470344267e+01 2.204280788646304293e-02
1.398737916470419762e+01 5.193409369920980179e-02
1.462711302671565505e+01 4.332913982044381483e-19
1.547492738100119247e+01 4.265545568804091775e-02
1.669403261180758236e+01 1.912168420347841887e-17
1.696641812462287646e+01 4.896162260450712123e-03
1.703654664782584405e+01 1.605385273724610798e-18
1.703654664784860984e+01 7.832686463219824261e-17
1.705320327059591889e+01 1.037870120413725630e-03
1.705320327061762598e+01 1.108881657666959536e-02
1.776622138238341009e+01 7.560686493315304002e-19
1.882576090802660218e+01 1.413154668414197869e-17
1.892382192334937585e+01 8.124770550770160291e-03
2.030606600281830154e+01 3.822437098808145056e-02
2.375710884603673279e+01 3.258067429029620806e-21
2.375710884604801976e+01 3.922110432431136621e-19
2.384422923633634994e+01 1.082713100983796127e-04
2.384422923637919212e+01 5.113137546654889128e-03
2.418000576292391557e+01 2.427096839606493538e-17
2.418000576292418913e+01 5.050733068637235535e-18
2.532888441451562755e+01 2.081202969463786223e-18
2.591832376952536166e+01 1.003201145132456666e-02
2.629193267100750475e+01 2.129582618271572483e-03
2.643209942982243987e+01 1.187637424539711092e-02
2.643209942987907368e+01 4.178314930709175557e-04
2.651824352267103180e+01 5.651113559158404409e-18
2.651824352273099805e+01 2.138215469882892911e-17
2.654608589484941916e+01 3.508594372166130154e-02
2.654608589485059511e+01 2.457555619516359202e-02
2.669254738767771684e+01 1.020344978059011455e-17
2.828123647832734022e+01 9.702449463169885021e-20
2.828123647834861387e+01 4.387329853469158659e-20
2.829177494212897415e+01 1.195121636530004213e-03
2.829177494215092992e+01 8.259401492441501499e-06
2.848692673989626911e+01 4.882263536789298577e-16
2.848692674002121095e+01 5.180333976689720591e-17
2.853881613874186840e+01 2.832138143393067489e-03
2.853881613888695412e+01 2.100319286269256361e-03
2.947981291809005455e+01 1.980397398165906786e-05
2.957723561517605404e+01 1.129290012771640952e-15
3.013460968280921648e+01 6.151428669403335298e-03
3.042285909291523893e+01 9.504063554777638068e-16
3.057781776649785144e+01 2.214564340380278351e-18
3.057781776670913132e+01 6.161639721167190237e-16
3.130144773771401745e+01 3.276730724101800621e-06
3.130144773792051893e+01 2.306741089115248394e-04
3.179394974414422848e+01 4.261108163842351575e-03
3.254435131783463930e+01 4.212926582406612901e-15
3.323978717353370627e+01 1.212210419760831051e-05
3.384801129744536752e+01 2.287848187679406121e-14
3.387453766276372846e+01 2.369222775929735452e-15
3.387453766290842339e+01 6.503571164597781396e-16
3.404752501904613382e+01 2.643310862505079571e-04
