1.060108966142780851e+01 5.205320275828418557e-27
1.252937925367040961e+01 1.355584632202271800e-16
1.274264102562620771e+01 2.209312095755003165e-21
1.313072529178201187e+01 7.297463916985000976e-16
1.313072529178385395e+01 1.299561078073261436e-15
1.313424427846364573e+01 2.645350205220016807e-02
1.398737916470344267e+01 2.274091101313155741e-02
1.398737916470419762e+01 5.357886643282002564e-02
1.462711302671565505e+01 2.174285702144478737e-26
1.547492738100119247e+01 1.959122751300900804e-22
1.669403261180758236e+01 7.217278875524604270e-18
1.696641812462287646e+01 2.403647357535562226e-05
1.703654664782584405e+01 1.009922333969167403e-26
1.703654664784860984e+01 5.299999048288691768e-26
1.705320327059591889e+01 8.921630223450890107e-27
1.705320327061762598e+01 2.066143914868040670e-25
1.776622138238341009e+01 1.432788109794572561e-17
1.882576090802660218e+01 6.136415062005003638e-25
1.892382192334937585e+01 9.658692632536575173e-02
2.030606600281830154e+01 8.928114750969171408e-22
2.375710884603673279e+01 3.921589085983994679e-17
2.375710884604801976e+01 3.889733387828783205e-16
2.384422923633634994e+01 2.253918813268773660e-03
2.384422923637919212e+01 1.064418191776778794e-01
2.418000576292391557e+01 2.187689612261827105e-18
2.418000576292418913e+01 3.272384207781918488e-18
2.532888441451562755e+01 1.720026432144478581e-24
2.591832376952536166e+01 3.880145918355200365e-20
2.629193267100750475e+01 2.880002551932260915e-02
2.643209942982243987e+01 5.342427107145219593e-22
2.643209942987907368e+01 1.479933560549420700e-24
2.651824352267103180e+01 1.968961509211441745e-26
2.651824352273099805e+01 9.716510723878562838e-26
2.654608589484941916e+01 2.325944089061391384e-01
2.654608589485059511e+01 1.629181391793450839e-01
2.669254738767771684e+01 1.522856299855779990e-15
2.828123647832734022e+01 7.020078487022456241e-24
2.828123647834861387e+01 2.163139172962942146e-25
2.829177494212897415e+01 6.363000280808404566e-24
2.829177494215092992e+01 2.069534155481399952e-25
2.848692673989626911e+01 7.939442270566147992e-15
2.848692674002121095e+01 6.800488448847196019e-16
2.853881613874186840e+01 3.721563993920588734e-04
2.853881613888695412e+01 2.759899986933917956e-04
2.947981291809005455e+01 8.831756908206719534e-03
2.957723561517605404e+01 1.022188125920941663e-22
3.013460968280921648e+01 2.010509403142683155e-23
3.042285909291523893e+01 1.116265454904503300e-22
3.057781776649785144e+01 1.081982717687634240e-27
3.057781776670913132e+01 2.397161318696414615e-25
3.130144773771401745e+01 1.550565480550220808e-28
3.130144773792051893e+01 1.939366464680097698e-25
3.179394974414422848e+01 1.064711117214112763e-21
3.254435131783463930e+01 2.669089844581982150e-14
3.323978717353370627e+01 7.888738949572541865e-04
3.384801129744536752e+01 1.582876720102066637e-13
3.387453766276372846e+01 8.124626430734796617e-15
3.387453766290842339e+01 4.970270635909338194e-14
3.404752501904613382e+01 2.573704285359074487e-03
