1.060108966142780851e+01 1.492375672926652621e-20
1.252937925367040961e+01 5.380005723913841586e-24
1.274264102562620771e+01 2.384624641841549212e-03
1.313072529178201187e+01 3.845860653679623818e-25
1.313072529178385395e+01 2.954621610542241598e-23
1.313424427846364573e+01 1.460312703209333648e-06
1.398737916470344267e+01 1.133450904088399679e-24
1.398737916470419762e+01 6.081832312958070518e-23
1.462711302671565505e+01 2.438683735865218537e-20
1.547492738100119247e+01 9.961557536701482959e-04
1.669403261180758236e+01 8.826045826406590644e-21
1.696641812462287646e+01 3.936461605869104804e-06
1.703654664782584405e+01 4.157541272886831956e-24
1.703654664784860984e+01 1.771903856963874627e-24
1.705320327059591889e+01 2.534977352798454965e-24
1.705320327061762598e+01 1.023944367625866954e-24
1.776622138238341009e+01 7.790086750219144503e-21
1.882576090802660218e+01 5.154847835602076039e-19
1.892382192334937585e+01 2.526265969713744125e-07
2.030606600281830154e+01 6.354889424699526916e-04
2.375710884603673279e+01 1.094666530352379728e-23
2.375710884604801976e+01 4.781337364687268085e-22
2.384422923633634994e+01 5.075720013965612633e-24
2.384422923637919212e+01 9.201238795717462014e-22
2.418000576292391557e+01 1.616040067388389688e-25
2.418000576292418913e+01 4.253362399918285706e-25
2.532888441451562755e+01 2.204672181604890898e-20
2.591832376952536166e+01 1.314214581014876799e-04
2.629193267100750475e+01 1.764751860294668886e-06
2.643209942982243987e+01 2.354671475853029272e-23
2.643209942987907368e+01 3.691450980407483138e-23
2.651824352267103180e+01 5.868709757058527840e-23
2.651824352273099805e+01 9.073905554191639073e-23
2.654608589484941916e+01 5.464718244021246981e-24
2.654608589485059511e+01 1.552072100682631486e-27
2.669254738767771684e+01 1.435616588034319314e-21
2.828123647832734022e+01 2.002900197630151359e-20
2.828123647834861387e+01 1.073711211818946100e-21
2.829177494212897415e+01 8.669457387323592509e-21
2.829177494215092992e+01 5.627912699460175747e-23
2.848692673989626911e+01 1.732145196004080078e-24
2.848692674002121095e+01 8.642281263240549383e-29
2.853881613874186840e+01 1.043793183397284344e-24
2.853881613888695412e+01 5.236923284480512063e-29
2.947981291809005455e+01 1.255457568827902244e-07
2.957723561517605404e+01 2.566708885150354624e-17
3.013460968280921648e+01 8.758583167340894249e-05
3.042285909291523893e+01 4.843055080792314810e-18
3.057781776649785144e+01 1.936058805742165841e-22
3.057781776670913132e+01 1.451170229580757525e-22
3.130144773771401745e+01 1.074617581183035609e-23
3.130144773792051893e+01 8.912662376370259532e-24
3.179394974414422848e+01 5.384305910143390378e-05
3.254435131783463930e+01 5.262481030258572660e-19
3.323978717353370627e+01 2.875721526432371221e-10
3.384801129744536752e+01 3.043123085876317532e-18
3.387453766276372846e+01 6.369259032153403957e-24
3.387453766290842339e+01 3.463623686851313112e-20
3.404752501904613382e+01 5.053739428279566512e-08
