1.060108966142780851e+01 2.717474549296526314e-16
1.252937925367040961e+01 7.623253877245100073e-17
1.274264102562620771e+01 7.068235752079268797e-02
1.313072529178201187e+01 1.453492053935186142e-19
1.313072529178385395e+01 1.153250781763250259e-17
1.313424427846364573e+01 1.849978816809082910e-02
1.398737916470344267e+01 4.474628299917890626e-19
1.398737916470419762e+01 2.400166209808056548e-17
1.462711302671565505e+01 3.997422966826819237e-18
1.547492738100119247e+01 7.056128969867850320e-02
1.669403261180758236e+01 4.671128339923459528e-16
1.696641812462287646e+01 4.754457637377618173e-02
1.703654664782584405e+01 1.298288100142670756e-20
1.703654664784860984e+01 5.232054043097621288e-21
1.705320327059591889e+01 4.112467106568589163e-23
1.705320327061762598e+01 1.586327068447725519e-23
1.776622138238341009e+01 4.344939152986215415e-16
1.882576090802660218e+01 4.783328397725261458e-16
1.892382192334937585e+01 2.923118242823559768e-02
2.030606600281830154e+01 1.919755774715789232e-01
2.375710884603673279e+01 3.405180513597642106e-18
2.375710884604801976e+01 2.013885069326681996e-16
2.384422923633634994e+01 1.768091078421358635e-18
2.384422923637919212e+01 3.914008315355112028e-16
2.418000576292391557e+01 3.607178313855087355e-21
2.418000576292418913e+01 9.486537790671799618e-21
2.532888441451562755e+01 9.991222496320515503e-16
2.591832376952536166e+01 1.044179371317173304e-02
2.629193267100750475e+01 1.613124015918335763e-01
2.643209942982243987e+01 4.079598107514286660e-21
2.643209942987907368e+01 6.435045990467087822e-21
2.651824352267103180e+01 3.666538514792487525e-23
2.651824352273099805e+01 5.522747231925417052e-23
2.654608589484941916e+01 2.478526793930443526e-18
2.654608589485059511e+01 7.049971154286448795e-22
2.669254738767771684e+01 7.902860070455178245e-15
2.828123647832734022e+01 9.876071512529173287e-19
2.828123647834861387e+01 7.798621139960516766e-20
2.829177494212897415e+01 1.146901188393858500e-18
2.829177494215092992e+01 3.064236639089534842e-21
2.848692673989626911e+01 2.854438470732737416e-19
2.848692674002121095e+01 7.946133520906743092e-24
2.853881613874186840e+01 2.085257225418304574e-19
2.853881613888695412e+01 5.765287017741479682e-24
2.947981291809005455e+01 2.881732683313100677e-03
2.957723561517605404e+01 1.819078529730103860e-14
3.013460968280921648e+01 1.870166012490856178e-01
3.042285909291523893e+01 4.256442591411947941e-14
3.057781776649785144e+01 2.009774897372715041e-21
3.057781776670913132e+01 1.506157943838122724e-21
3.130144773771401745e+01 6.305762712142902453e-23
3.130144773792051893e+01 5.259459569742846402e-23
3.179394974414422848e+01 1.356176125453160131e-01
3.254435131783463930e+01 1.884996796798501913e-13
3.323978717353370627e+01 1.300247326972648644e-03
3.384801129744536752e+01 1.616798959121952851e-12
3.387453766276372846e+01 7.225901673429236766e-19
3.387453766290842339e+01 4.423182292916043074e-15
3.404752501904613382e+01 7.976815341190711048e-03
