1.060108966142780851e+01 8.251042572645490769e-18
1.252937925367040961e+01 9.833467332949425209e-17
1.274264102562620771e+01 1.535860550834432237e-02
1.313072529178201187e+01 5.450973284687707030e-16
1.313072529178385395e+01 6.153879983894923336e-16
1.313424427846364573e+01 2.518398778381647496e-02
1.398737916470344267e+01 1.798780768868117955e-02
1.398737916470419762e+01 4.238028392507683234e-02
1.462711302671565505e+01 1.722465357599099342e-17
1.547492738100119247e+01 1.492722933699365886e-02
1.669403261180758236e+01 7.937912220516928355e-19
1.696641812462287646e+01 1.627560065450572163e-03
1.703654664782584405e+01 8.078302858159780748e-17
1.703654664784860984e+01 2.412554740683706595e-15
1.705320327059591889e+01 8.186513269010592744e-04
1.705320327061762598e+01 8.746640947840252436e-03
1.776622138238341009e+01 1.199769144004530242e-17
1.882576090802660218e+01 1.424750023143651900e-16
1.892382192334937585e+01 8.283643264063499101e-02
2.030606600281830154e+01 2.727456031379340076e-02
2.375710884603673279e+01 6.584584340241601181e-17
2.375710884604801976e+01 2.957737267399346787e-16
2.384422923633634994e+01 1.512662064644139555e-03
2.384422923637919212e+01 7.143579263101902666e-02
2.418000576292391557e+01 1.378844648207024142e-18
2.418000576292418913e+01 4.029529680323322569e-18
2.532888441451562755e+01 3.579501692946236626e-17
2.591832376952536166e+01 3.683613908078216953e-02
2.629193267100750475e+01 4.920714235191155257e-03
2.643209942982243987e+01 5.466557673159037206e-02
2.643209942987907368e+01 1.923231030899122309e-03
2.651824352267103180e+01 6.167962649614964546e-16
2.651824352273099805e+01 3.498483083847091955e-16
2.654608589484941916e+01 1.818995934883108345e-01
2.654608589485059511e+01 1.274095260448539213e-01
2.669254738767771684e+01 1.438049024903146365e-15
2.828123647832734022e+01 1.067763112191789260e-16
2.828123647834861387e+01 4.214816033276640504e-18
2.829177494212897415e+01 1.978927242891696109e-02
2.829177494215092992e+01 1.367623002021918434e-04
2.848692673989626911e+01 6.805702697706530133e-15
2.848692674002121095e+01 5.861371872811698946e-16
2.853881613874186840e+01 2.981508316045136577e-03
2.853881613888695412e+01 2.211095880921116162e-03
2.947981291809005455e+01 4.247283609127175050e-03
2.957723561517605404e+01 1.450011773289874340e-15
3.013460968280921648e+01 1.102583431206684283e-02
3.042285909291523893e+01 2.275046920384204767e-15
3.057781776649785144e+01 4.105006092298450731e-17
3.057781776670913132e+01 1.224401905441098269e-14
3.130144773771401745e+01 4.169916304491169359e-06
3.130144773792051893e+01 2.935542057084331046e-04
3.179394974414422848e+01 8.338326227858567155e-03
3.254435131783463930e+01 5.392573144885979353e-14
3.323978717353370627e+01 7.440675183915922966e-04
3.384801129744536752e+01 2.957012651641799887e-13
3.387453766276372846e+01 6.023388642802618967e-15
3.387453766290842339e+01 3.763983972082625442e-14
3.404752501904613382e+01 3.422134360750125805e-03
