1.060108966142780851e+01 1.385404465247713688e-16
1.252937925367040961e+01 7.101888997467174314e-17
1.274264102562620771e+01 1.006447535255343556e-01
1.313072529178201187e+01 1.049644594552022520e-19
1.313072529178385395e+01 8.309461668204834047e-18
1.313424427846364573e+01 2.309821304629276761e-02
1.398737916470344267e+01 3.235835939636500756e-19
1.398737916470419762e+01 1.735694556736937362e-17
1.462711302671565505e+01 2.199197196275348357e-18
1.547492738100119247e+01 9.205890629852694906e-02
1.669403261180758236e+01 2.855384666151844023e-16
1.696641812462287646e+01 6.083469078355073500e-02
1.703654664782584405e+01 1.311171710399424827e-20
1.703654664784860984e+01 5.282853670856554070e-21
1.705320327059591889e+01 2.437578060046036165e-26
1.705320327061762598e+01 5.340556093875522399e-27
1.776622138238341009e+01 2.461820809746771003e-16
1.882576090802660218e+01 3.541501688948342362e-16
1.892382192334937585e+01 2.979935749630900632e-02
2.030606600281830154e+01 2.191114015792634262e-01
2.375710884603673279e+01 2.543269642033555149e-18
2.375710884604801976e+01 1.460335737004727001e-16
2.384422923633634994e+01 1.299249926321883124e-18
2.384422923637919212e+01 2.839767693567103304e-16
2.418000576292391557e+01 4.165609183304688246e-21
2.418000576292418913e+01 1.095930426465165754e-20
2.532888441451562755e+01 6.388451046259766998e-16
2.591832376952536166e+01 8.681177666582294561e-03
2.629193267100750475e+01 1.566910249377042597e-01
2.643209942982243987e+01 4.507380788687815196e-21
2.643209942987907368e+01 7.098415403754440996e-21
2.651824352267103180e+01 1.114692070099412668e-22
2.651824352273099805e+01 1.745033874850171885e-22
2.654608589484941916e+01 1.792824897113049023e-18
2.654608589485059511e+01 5.094266769471638236e-22
2.669254738767771684e+01 5.509388507131071100e-15
2.828123647832734022e+01 1.295291611948429213e-18
2.828123647834861387e+01 8.972962752283711801e-20
2.829177494212897415e+01 1.294587942205304588e-18
2.829177494215092992e+01 4.263610595633206903e-21
2.848692673989626911e+01 2.173584096748229427e-19
2.848692674002121095e+01 7.145820378929921276e-24
2.853881613874186840e+01 1.668440266633985866e-19
2.853881613888695412e+01 5.451085681883868258e-24
2.947981291809005455e+01 4.707620338332836607e-03
2.957723561517605404e+01 1.594694902260985903e-14
3.013460968280921648e+01 1.544883139667961591e-01
3.042285909291523893e+01 3.951415804330318414e-14
3.057781776649785144e+01 9.811794699979488920e-21
3.057781776670913132e+01 7.369800095442308921e-21
3.130144773771401745e+01 5.769233038404683569e-23
3.130144773792051893e+01 4.978331619625579797e-23
3.179394974414422848e+01 1.127653878707129409e-01
3.254435131783463930e+01 1.392088424850477136e-13
3.323978717353370627e+01 6.016432974853960303e-04
3.384801129744536752e+01 1.134149301765676157e-12
3.387453766276372846e+01 6.297909310636390062e-19
3.387453766290842339e+01 3.773433971130905806e-15
3.404752501904613382e+01 6.565640584709496290e-03
