1.060108966142780851e+01 1.212010893321881662e-19
1.252937925367040961e+01 2.188139012640957022e-21
1.274264102562620771e+01 3.874122000210599576e-02
1.313072529178201187e+01 1.231457527865200621e-22
1.313072529178385395e+01 9.481055082908613713e-21
1.313424427846364573e+01 4.190599065619818970e-04
1.398737916470344267e+01 3.648413691951441470e-22
1.398737916470419762e+01 1.957497546240029578e-20
1.462711302671565505e+01 1.016866316843891907e-19
1.547492738100119247e+01 1.697134456837800717e-02
1.669403261180758236e+01 2.157827032491161253e-18
1.696641812462287646e+01 1.133073367717840185e-03
1.703654664782584405e+01 2.690483486897094960e-23
1.703654664784860984e+01 1.179487608911183172e-23
1.705320327059591889e+01 3.838931696979324346e-23
1.705320327061762598e+01 1.549878568184246764e-23
1.776622138238341009e+01 2.185263870086869079e-18
1.882576090802660218e+01 2.804043790942598665e-18
1.892382192334937585e+01 8.221534857750941144e-05
2.030606600281830154e+01 1.182400303631843050e-02
2.375710884603673279e+01 3.480471241193121935e-21
2.375710884604801976e+01 1.543692653580754544e-19
2.384422923633634994e+01 1.619095624162639905e-21
2.384422923637919212e+01 2.974294439307602789e-19
2.418000576292391557e+01 4.700434339417118729e-23
2.418000576292418913e+01 1.237150683974099175e-22
2.532888441451562755e+01 1.424809321754837841e-22
2.591832376952536166e+01 2.065197373580153744e-03
2.629193267100750475e+01 5.520940332354833113e-04
2.643209942982243987e+01 4.027314216894068478e-22
2.643209942987907368e+01 6.314206168836694267e-22
2.651824352267103180e+01 8.984157317358033312e-22
2.651824352273099805e+01 1.389135612467167010e-21
2.654608589484941916e+01 1.784984541231925228e-21
2.654608589485059511e+01 5.105597417959640601e-25
2.669254738767771684e+01 8.641164090126918298e-19
2.828123647832734022e+01 3.318146187118429438e-19
2.828123647834861387e+01 1.780348244429463136e-20
2.829177494212897415e+01 1.488997318172319212e-19
2.829177494215092992e+01 9.464745733642260401e-22
2.848692673989626911e+01 5.291660992922273310e-22
2.848692674002121095e+01 2.607566435359379048e-26
2.853881613874186840e+01 3.256076329110955307e-22
2.853881613888695412e+01 1.649021444582215035e-26
2.947981291809005455e+01 3.889750406751103562e-05
2.957723561517605404e+01 4.221054706870019496e-16
3.013460968280921648e+01 1.717879942135566241e-03
3.042285909291523893e+01 1.273158727547192861e-16
3.057781776649785144e+01 3.702409614441250860e-21
3.057781776670913132e+01 2.776503048839482715e-21
3.130144773771401745e+01 2.449968735123233149e-22
3.130144773792051893e+01 2.037327960045726727e-22
3.179394974414422848e+01 1.071054765674246331e-03
3.254435131783463930e+01 2.008852557248555789e-16
3.323978717353370627e+01 8.025659640604911126e-08
3.384801129744536752e+01 9.990252291485237098e-16
3.387453766276372846e+01 1.937202433762338914e-21
3.387453766290842339e+01 1.057965027122295070e-17
3.404752501904613382e+01 1.570337616030428239e-05
