dB/dw(f,omega) = -1/pi * Im[S(f,omega)].

Nucleus: Yb 160.
Parametrization of the Lagrangian: DD-PC1.
Ground state deformation beta = +0.220.
Isovector J = 1, K = 1 excitation.
Gamma smearing = 1.000 [MeV].
Fully self-consistent response.

n0f = 16(17) oscillator shells for large(small) spinor component.
Gaussian quadrature mesh: NGH = 48, NGL = 48.
Oscillator basis deformation beta0 = +0.300.
Coulomb included in calculation.  
Pairing included in calculation.  


 omega [MeV]           dB/dw(f,omega) [e^2fm^2/MeV]   S(f,omega) [e^2fm^2/MeV]                  rel. residual error

 0.000000000E+00      -0.248590576E-16               -0.203693927E+01 +  0.780970327E-16 i      0.518E-06                         
 0.100000000E+00       0.672373955E-03               -0.203700421E+01 + -0.211232508E-02 i      0.503E-06                         
 0.200000000E+00       0.134347199E-02               -0.203719974E+01 + -0.422064174E-02 i      0.466E-06                         
 0.300000000E+00       0.201242071E-02               -0.203752661E+01 + -0.632220613E-02 i      0.418E-06                         
 0.400000000E+00       0.267825787E-02               -0.203798407E+01 + -0.841399524E-02 i      0.370E-06                         
 0.500000000E+00       0.333926445E-02               -0.203857079E+01 + -0.104906087E-01 i      0.326E-06                         
 0.600000000E+00       0.399277411E-02               -0.203928711E+01 + -0.125436698E-01 i      0.286E-06                         
 0.700000000E+00       0.463552713E-02               -0.204013693E+01 + -0.145629380E-01 i      0.966E-06                         
 0.800000000E+00       0.526415075E-02               -0.204112989E+01 + -0.165378173E-01 i      0.852E-06                         
 0.900000000E+00       0.587639766E-02               -0.204228009E+01 + -0.184612477E-01 i      0.751E-06                         
 0.100000000E+01       0.647168162E-02               -0.204360512E+01 + -0.203313874E-01 i      0.661E-06                         
 0.110000000E+01       0.705152260E-02               -0.204512287E+01 + -0.221530116E-01 i      0.580E-06                         
 0.120000000E+01       0.761932030E-02               -0.204684840E+01 + -0.239368007E-01 i      0.508E-06                         
 0.130000000E+01       0.817963863E-02               -0.204879176E+01 + -0.256970926E-01 i      0.443E-06                         
 0.140000000E+01       0.873731742E-02               -0.205095746E+01 + -0.274490922E-01 i      0.386E-06                         
 0.150000000E+01       0.929672848E-02               -0.205334533E+01 + -0.292065339E-01 i      0.336E-06                         
 0.160000000E+01       0.986141930E-02               -0.205595213E+01 + -0.309805624E-01 i      0.955E-06                         
 0.170000000E+01       0.104336728E-01               -0.205877320E+01 + -0.327783497E-01 i      0.812E-06                         
 0.180000000E+01       0.110151081E-01               -0.206180400E+01 + -0.346049827E-01 i      0.686E-06                         
 0.190000000E+01       0.116065749E-01               -0.206504090E+01 + -0.364631304E-01 i      0.576E-06                         
 0.200000000E+01       0.122085194E-01               -0.206848165E+01 + -0.383541949E-01 i      0.483E-06                         
 0.210000000E+01       0.128212300E-01               -0.207212538E+01 + -0.402790818E-01 i      0.872E-06                         
 0.220000000E+01       0.134451013E-01               -0.207597241E+01 + -0.422390315E-01 i      0.742E-06                         
 0.230000000E+01       0.140806281E-01               -0.208002351E+01 + -0.442355979E-01 i      0.637E-06                         
 0.240000000E+01       0.147284670E-01               -0.208427962E+01 + -0.462708437E-01 i      0.553E-06                         
 0.250000000E+01       0.153893434E-01               -0.208874147E+01 + -0.483470480E-01 i      0.486E-06                         
 0.260000000E+01       0.160639460E-01               -0.209340946E+01 + -0.504663746E-01 i      0.433E-06                         
 0.270000000E+01       0.167528296E-01               -0.209828379E+01 + -0.526305665E-01 i      0.392E-06                         
 0.280000000E+01       0.174563478E-01               -0.210336463E+01 + -0.548407339E-01 i      0.361E-06                         
 0.290000000E+01       0.181746223E-01               -0.210865242E+01 + -0.570972599E-01 i      0.338E-06                         
 0.300000000E+01       0.189075942E-01               -0.211414845E+01 + -0.593999592E-01 i      0.973E-06                         
 0.310000000E+01       0.196549025E-01               -0.211985412E+01 + -0.617476974E-01 i      0.901E-06                         
 0.320000000E+01       0.204162204E-01               -0.212577281E+01 + -0.641394482E-01 i      0.855E-06                         
 0.330000000E+01       0.211912121E-01               -0.213190883E+01 + -0.665741561E-01 i      0.822E-06                         
 0.340000000E+01       0.219796883E-01               -0.213826768E+01 + -0.690512274E-01 i      0.794E-06                         
 0.350000000E+01       0.227817157E-01               -0.214485591E+01 + -0.715708706E-01 i      0.765E-06                         
 0.360000000E+01       0.235976977E-01               -0.215168079E+01 + -0.741343537E-01 i      0.734E-06                         
 0.370000000E+01       0.244284079E-01               -0.215874996E+01 + -0.767441070E-01 i      0.696E-06                         
 0.380000000E+01       0.252749645E-01               -0.216607108E+01 + -0.794036427E-01 i      0.649E-06                         
 0.390000000E+01       0.261387639E-01               -0.217365156E+01 + -0.821173487E-01 i      0.597E-06                         
 0.400000000E+01       0.270214131E-01               -0.218149855E+01 + -0.848902730E-01 i      0.548E-06                         
 0.410000000E+01       0.279246889E-01               -0.218961892E+01 + -0.877279975E-01 i      0.506E-06                         
 0.420000000E+01       0.288505275E-01               -0.219801925E+01 + -0.906366051E-01 i      0.472E-06                         
 0.430000000E+01       0.298010177E-01               -0.220670578E+01 + -0.936226584E-01 i      0.444E-06                         
 0.440000000E+01       0.307783617E-01               -0.221568419E+01 + -0.966930749E-01 i      0.419E-06                         
 0.450000000E+01       0.317847866E-01               -0.222495952E+01 + -0.998548522E-01 i      0.394E-06                         
 0.460000000E+01       0.328224283E-01               -0.223453625E+01 + -0.103114700E+00 i      0.367E-06                         
 0.470000000E+01       0.338932219E-01               -0.224441848E+01 + -0.106478697E+00 i      0.336E-06                         
 0.480000000E+01       0.349988413E-01               -0.225461048E+01 + -0.109952103E+00 i      0.306E-06                         
 0.490000000E+01       0.361407100E-01               -0.226511713E+01 + -0.113539389E+00 i      0.292E-06                         
 0.500000000E+01       0.373200910E-01               -0.227594439E+01 + -0.117244524E+00 i      0.306E-06                         
 0.510000000E+01       0.385382222E-01               -0.228709964E+01 + -0.121071396E+00 i      0.327E-06                         
 0.520000000E+01       0.397964874E-01               -0.229859175E+01 + -0.125024352E+00 i      0.331E-06                         
 0.530000000E+01       0.410965983E-01               -0.231043095E+01 + -0.129108771E+00 i      0.326E-06                         
 0.540000000E+01       0.424407061E-01               -0.232262844E+01 + -0.133331411E+00 i      0.316E-06                         
 0.550000000E+01       0.438314533E-01               -0.233519606E+01 + -0.137700572E+00 i      0.305E-06                         
 0.560000000E+01       0.452719552E-01               -0.234814599E+01 + -0.142226042E+00 i      0.994E-06                         
 0.570000000E+01       0.467659715E-01               -0.236149024E+01 + -0.146919632E+00 i      0.900E-06                         
 0.580000000E+01       0.483176113E-01               -0.237524050E+01 + -0.151794253E+00 i      0.821E-06                         
 0.590000000E+01       0.499314284E-01               -0.238940766E+01 + -0.156864209E+00 i      0.760E-06                         
 0.600000000E+01       0.516122241E-01               -0.240400173E+01 + -0.162144584E+00 i      0.714E-06                         
 0.610000000E+01       0.533648742E-01               -0.241903191E+01 + -0.167650697E+00 i      0.683E-06                         
 0.620000000E+01       0.551942075E-01               -0.243450719E+01 + -0.173397717E+00 i      0.662E-06                         
 0.630000000E+01       0.571050122E-01               -0.245043699E+01 + -0.179400687E+00 i      0.647E-06                         
 0.640000000E+01       0.591021965E-01               -0.246683184E+01 + -0.185675026E+00 i      0.638E-06                         
 0.650000000E+01       0.611910477E-01               -0.248370361E+01 + -0.192237346E+00 i      0.635E-06                         
 0.660000000E+01       0.633774801E-01               -0.250106525E+01 + -0.199106226E+00 i      0.637E-06                         
 0.670000000E+01       0.656681757E-01               -0.251893031E+01 + -0.206302658E+00 i      0.641E-06                         
 0.680000000E+01       0.680706306E-01               -0.253731263E+01 + -0.213850193E+00 i      0.637E-06                         
 0.690000000E+01       0.705932414E-01               -0.255622638E+01 + -0.221775209E+00 i      0.622E-06                         
 0.700000000E+01       0.732455988E-01               -0.257568621E+01 + -0.230107835E+00 i      0.597E-06                         
 0.710000000E+01       0.760390191E-01               -0.259570667E+01 + -0.238883624E+00 i      0.582E-06                         
 0.720000000E+01       0.789871171E-01               -0.261630028E+01 + -0.248145347E+00 i      0.615E-06                         
 0.730000000E+01       0.821060979E-01               -0.263747423E+01 + -0.257943914E+00 i      0.751E-06                         
 0.740000000E+01       0.854145262E-01               -0.265922622E+01 + -0.268337648E+00 i      0.993E-06                         
 0.750000000E+01       0.889324878E-01               -0.268154112E+01 + -0.279389650E+00 i      0.436E-06                         
 0.760000000E+01       0.926803258E-01               -0.270438533E+01 + -0.291163831E+00 i      0.470E-06                         
 0.770000000E+01       0.966764151E-01               -0.272770764E+01 + -0.303717915E+00 i      0.495E-06                         
 0.780000000E+01       0.100935052E+00               -0.275143756E+01 + -0.317096818E+00 i      0.514E-06                         
 0.790000000E+01       0.105463684E+00               -0.277548828E+01 + -0.331323934E+00 i      0.529E-06                         
 0.800000000E+01       0.110260158E+00               -0.279976311E+01 + -0.346392501E+00 i      0.549E-06                         
 0.810000000E+01       0.115310505E+00               -0.282416642E+01 + -0.362258634E+00 i      0.588E-06                         
 0.820000000E+01       0.120588024E+00               -0.284861891E+01 + -0.378838449E+00 i      0.655E-06                         
 0.830000000E+01       0.126054572E+00               -0.287307580E+01 + -0.396012117E+00 i      0.746E-06                         
 0.840000000E+01       0.131664820E+00               -0.289754409E+01 + -0.413637233E+00 i      0.851E-06                         
 0.850000000E+01       0.137373504E+00               -0.292209332E+01 + -0.431571590E+00 i      0.967E-06                         
 0.860000000E+01       0.143144125E+00               -0.294685422E+01 + -0.449700533E+00 i      0.569E-06                         
 0.870000000E+01       0.148957173E+00               -0.297200080E+01 + -0.467962760E+00 i      0.698E-06                         
 0.880000000E+01       0.154813732E+00               -0.299772582E+01 + -0.486361684E+00 i      0.801E-06                         
 0.890000000E+01       0.160734819E+00               -0.302421014E+01 + -0.504963325E+00 i      0.860E-06                         
 0.900000000E+01       0.166756015E+00               -0.305160250E+01 + -0.523879471E+00 i      0.901E-06                         
 0.910000000E+01       0.172920789E+00               -0.308001235E+01 + -0.543246680E+00 i      0.432E-06                         
 0.920000000E+01       0.179274297E+00               -0.310951116E+01 + -0.563206814E+00 i      0.503E-06                         
 0.930000000E+01       0.185859650E+00               -0.314014430E+01 + -0.583895312E+00 i      0.567E-06                         
 0.940000000E+01       0.192715670E+00               -0.317194218E+01 + -0.605434133E+00 i      0.610E-06                         
 0.950000000E+01       0.199876998E+00               -0.320493419E+01 + -0.627932107E+00 i      0.665E-06                         
 0.960000000E+01       0.207376353E+00               -0.323916136E+01 + -0.651492026E+00 i      0.775E-06                         
 0.970000000E+01       0.215249117E+00               -0.327468420E+01 + -0.676225045E+00 i      0.923E-06                         
 0.980000000E+01       0.223538787E+00               -0.331158148E+01 + -0.702267812E+00 i      0.427E-06                         
 0.990000000E+01       0.232303860E+00               -0.334994192E+01 + -0.729804099E+00 i      0.464E-06                         
 0.100000000E+02       0.241620245E+00               -0.338983933E+01 + -0.759072386E+00 i      0.519E-06                         
 0.101000000E+02       0.251582711E+00               -0.343130843E+01 + -0.790370397E+00 i      0.579E-06                         
 0.102000000E+02       0.262301178E+00               -0.347431678E+01 + -0.824043455E+00 i      0.657E-06                         
 0.103000000E+02       0.273893422E+00               -0.351874277E+01 + -0.860461562E+00 i      0.754E-06                         
 0.104000000E+02       0.286475401E+00               -0.356436373E+01 + -0.899989016E+00 i      0.827E-06                         
 0.105000000E+02       0.300150513E+00               -0.361085398E+01 + -0.942950648E+00 i      0.846E-06                         
 0.106000000E+02       0.314997911E+00               -0.365779403E+01 + -0.989595125E+00 i      0.863E-06                         
 0.107000000E+02       0.331061104E+00               -0.370469597E+01 + -0.104005913E+01 i      0.972E-06                         
 0.108000000E+02       0.348339578E+00               -0.375104526E+01 + -0.109434106E+01 i      0.497E-06                         
 0.109000000E+02       0.366791362E+00               -0.379635062E+01 + -0.115230905E+01 i      0.499E-06                         
 0.110000000E+02       0.386332979E+00               -0.384018723E+01 + -0.121370085E+01 i      0.521E-06                         
 0.111000000E+02       0.406854438E+00               -0.388223406E+01 + -0.127817091E+01 i      0.543E-06                         
 0.112000000E+02       0.428232302E+00               -0.392227966E+01 + -0.134533145E+01 i      0.560E-06                         
 0.113000000E+02       0.450338859E+00               -0.396020858E+01 + -0.141478125E+01 i      0.568E-06                         
 0.114000000E+02       0.473043897E+00               -0.399598553E+01 + -0.148611123E+01 i      0.548E-06                         
 0.115000000E+02       0.496211989E+00               -0.402965963E+01 + -0.155889594E+01 i      0.982E-06                         
 0.116000000E+02       0.519702071E+00               -0.406138445E+01 + -0.163269221E+01 i      0.925E-06                         
 0.117000000E+02       0.543377042E+00               -0.409146506E+01 + -0.170706932E+01 i      0.812E-06                         
 0.118000000E+02       0.567124873E+00               -0.412036607E+01 + -0.178167533E+01 i      0.671E-06                         
 0.119000000E+02       0.590880506E+00               -0.414867796E+01 + -0.185630586E+01 i      0.574E-06                         
 0.120000000E+02       0.614635911E+00               -0.417704298E+01 + -0.193093566E+01 i      0.576E-06                         
 0.121000000E+02       0.638431386E+00               -0.420608357E+01 + -0.200569135E+01 i      0.621E-06                         
 0.122000000E+02       0.662334246E+00               -0.423638177E+01 + -0.208078440E+01 i      0.641E-06                         
 0.123000000E+02       0.686422305E+00               -0.426852783E+01 + -0.215645927E+01 i      0.977E-06                         
 0.124000000E+02       0.710789170E+00               -0.430319499E+01 + -0.223301003E+01 i      0.908E-06                         
 0.125000000E+02       0.735569204E+00               -0.434120944E+01 + -0.231085881E+01 i      0.862E-06                         
 0.126000000E+02       0.760980973E+00               -0.438353795E+01 + -0.239069223E+01 i      0.805E-06                         
 0.127000000E+02       0.787365419E+00               -0.443119725E+01 + -0.247358142E+01 i      0.714E-06                         
 0.128000000E+02       0.815205044E+00               -0.448510050E+01 + -0.256104218E+01 i      0.588E-06                         
 0.129000000E+02       0.845116638E+00               -0.454589474E+01 + -0.265501222E+01 i      0.446E-06                         
 0.130000000E+02       0.877824198E+00               -0.461383985E+01 + -0.275776605E+01 i      0.853E-06                         
 0.131000000E+02       0.914127630E+00               -0.468874600E+01 + -0.287181665E+01 i      0.777E-06                         
 0.132000000E+02       0.954876131E+00               -0.476995056E+01 + -0.299983184E+01 i      0.795E-06                         
 0.133000000E+02       0.100095570E+01               -0.485629634E+01 + -0.314459509E+01 i      0.833E-06                         
 0.134000000E+02       0.105327838E+01               -0.494608469E+01 + -0.330897161E+01 i      0.878E-06                         
 0.135000000E+02       0.111276938E+01               -0.503700254E+01 + -0.349586810E+01 i      0.919E-06                         
 0.136000000E+02       0.118034556E+01               -0.512602421E+01 + -0.370816494E+01 i      0.920E-06                         
 0.137000000E+02       0.125688169E+01               -0.520930238E+01 + -0.394861028E+01 i      0.876E-06                         
 0.138000000E+02       0.134316367E+01               -0.528205112E+01 + -0.421967311E+01 i      0.856E-06                         
 0.139000000E+02       0.143982333E+01               -0.533841625E+01 + -0.452333841E+01 i      0.886E-06                         
 0.140000000E+02       0.154724396E+01               -0.537134349E+01 + -0.486081026E+01 i      0.922E-06                         
 0.141000000E+02       0.166542171E+01               -0.537247996E+01 + -0.523207662E+01 i      0.975E-06                         
 0.142000000E+02       0.179376965E+01               -0.533219073E+01 + -0.563529356E+01 i      0.443E-06                         
 0.143000000E+02       0.193086264E+01               -0.523981869E+01 + -0.606598389E+01 i      0.459E-06                         
 0.144000000E+02       0.207414912E+01               -0.508439584E+01 + -0.651613162E+01 i      0.480E-06                         
 0.145000000E+02       0.221971274E+01               -0.485594304E+01 + -0.697343325E+01 i      0.545E-06                         
 0.146000000E+02       0.236220350E+01               -0.454739811E+01 + -0.742108115E+01 i      0.656E-06                         
 0.147000000E+02       0.249509611E+01               -0.415692118E+01 + -0.783857560E+01 i      0.782E-06                         
 0.148000000E+02       0.261138672E+01               -0.368992289E+01 + -0.820391332E+01 i      0.919E-06                         
 0.149000000E+02       0.270468351E+01               -0.315987307E+01 + -0.849701383E+01 i      0.524E-06                         
 0.150000000E+02       0.277040393E+01               -0.258704905E+01 + -0.870348064E+01 i      0.519E-06                         
 0.151000000E+02       0.280664070E+01               -0.199525157E+01 + -0.881732180E+01 i      0.499E-06                         
 0.152000000E+02       0.281429448E+01               -0.140743093E+01 + -0.884136687E+01 i      0.507E-06                         
 0.153000000E+02       0.279642057E+01               -0.841960807E+00 + -0.878521433E+01 i      0.539E-06                         
 0.154000000E+02       0.275710511E+01               -0.310897325E+00 + -0.866170115E+01 i      0.548E-06                         
 0.155000000E+02       0.270037301E+01                0.179472440E+00 + -0.848347200E+01 i      0.497E-06                         
 0.156000000E+02       0.262952611E+01                0.626537843E+00 + -0.826089991E+01 i      0.405E-06                         
 0.157000000E+02       0.254704724E+01                0.102894938E+01 + -0.800178491E+01 i      0.794E-06                         
 0.158000000E+02       0.245494564E+01                0.138498048E+01 + -0.771243919E+01 i      0.517E-06                         
 0.159000000E+02       0.235525740E+01                0.169215948E+01 + -0.739925934E+01 i      0.829E-06                         
 0.160000000E+02       0.225041941E+01                0.194807165E+01 + -0.706990107E+01 i      0.962E-06                         
 0.161000000E+02       0.214331938E+01                0.215167771E+01 + -0.673343643E+01 i      0.508E-06                         
 0.162000000E+02       0.203705893E+01                0.230431229E+01 + -0.639960937E+01 i      0.490E-06                         
 0.163000000E+02       0.193456684E+01                0.241004890E+01 + -0.607762098E+01 i      0.522E-06                         
 0.164000000E+02       0.183822833E+01                0.247526458E+01 + -0.577496462E+01 i      0.541E-06                         
 0.165000000E+02       0.174965577E+01                0.250773227E+01 + -0.549670570E+01 i      0.534E-06                         
 0.166000000E+02       0.166963448E+01                0.251556709E+01 + -0.524531141E+01 i      0.517E-06                         
 0.167000000E+02       0.159821675E+01                0.250631925E+01 + -0.502094601E+01 i      0.498E-06                         
 0.168000000E+02       0.153490500E+01                0.248637330E+01 + -0.482204627E+01 i      0.481E-06                         
 0.169000000E+02       0.147885981E+01                0.246068818E+01 + -0.464597512E+01 i      0.467E-06                         
 0.170000000E+02       0.142908202E+01                0.243281129E+01 + -0.448959358E+01 i      0.913E-06                         
 0.171000000E+02       0.138454413E+01                0.240504292E+01 + -0.434967367E+01 i      0.805E-06                         
 0.172000000E+02       0.134427194E+01                0.237864400E+01 + -0.422315485E+01 i      0.748E-06                         
 0.173000000E+02       0.130739842E+01                0.235400210E+01 + -0.410731327E+01 i      0.700E-06                         
 0.174000000E+02       0.127321321E+01                0.233077207E+01 + -0.399991727E+01 i      0.642E-06                         
 0.175000000E+02       0.124122008E+01                0.230804132E+01 + -0.389940787E+01 i      0.578E-06                         
 0.176000000E+02       0.121119163E+01                0.228458929E+01 + -0.380507074E+01 i      0.514E-06                         
 0.177000000E+02       0.118319229E+01                0.225925423E+01 + -0.371710822E+01 i      0.447E-06                         
 0.178000000E+02       0.115754378E+01                0.223133353E+01 + -0.363653103E+01 i      0.410E-06                         
 0.179000000E+02       0.113473351E+01                0.220090054E+01 + -0.356487047E+01 i      0.953E-06                         
 0.180000000E+02       0.111528864E+01                0.216895806E+01 + -0.350378260E+01 i      0.877E-06                         
 0.181000000E+02       0.109965158E+01                0.213741546E+01 + -0.345465731E+01 i      0.833E-06                         
 0.182000000E+02       0.108806933E+01                0.210893558E+01 + -0.341827062E+01 i      0.813E-06                         
 0.183000000E+02       0.108051107E+01                0.208668271E+01 + -0.339452564E+01 i      0.795E-06                         
 0.184000000E+02       0.107661501E+01                0.207401011E+01 + -0.338228581E+01 i      0.945E-06                         
 0.185000000E+02       0.107566504E+01                0.207411185E+01 + -0.337930140E+01 i      0.925E-06                         
 0.186000000E+02       0.107659964E+01                0.208965042E+01 + -0.338223751E+01 i      0.837E-06                         
 0.187000000E+02       0.107805304E+01                0.212238116E+01 + -0.338680352E+01 i      0.843E-06                         
 0.188000000E+02       0.107843920E+01                0.217277972E+01 + -0.338801668E+01 i      0.925E-06                         
