/Users/laurenjin/envs/smlr-frib/bin/python -u /private/tmp/smlr_h2_10model_sweep_20260519_123636/Dipole_polarizability/src/main_gpt2.py --strength-dir /private/tmp/smlr_h2_10model_sweep_20260519_123636/Dipole_polarizability/aaron_H2/total_strength --strength-regex strength_(?P<q>[0-9.]+)_(?P<theta>[0-9.]+)\.out --strength-only --n 10 --retain 1.0 --fold 1.0 --ansatz linear_exp --width-model affine --w-strength 1.0 --learning-rate 0.01 --n-restarts 1 --seed0 42 --num-iter 30000 --print-every 1000 --plots none --save-dir /private/tmp/smlr_h2_10model_sweep_20260519_123636/sweep_runs/m01_n10_ret1_fold1_linear_exp_affine_lr1e-2

Matplotlib is building the font cache; this may take a moment.
Running script: /private/tmp/smlr_h2_10model_sweep_20260519_123636/Dipole_polarizability/src/main_gpt2.py
Imported helper: /private/tmp/smlr_h2_10model_sweep_20260519_123636/Dipole_polarizability/src/helper_gpt.py
Working directory: /private/tmp/smlr_h2_10model_sweep_20260519_123636
Loaded dataset
  param names: ['q', 'theta']
  total matched samples: 50
  train samples: 50
  test samples: 0
  train central point: [0.6944444179534912, 0.7853981852531433]
  config: {'n': 10, 'n_params': 2, 'ansatz': 'linear_exp', 'width_model': 'affine', 'use_vector_terms': True, 'n_basis': 4, 'n_upper': 55, 'n_trainable': 266}
  strength-only mode: observable-loss weights are disabled
2026-05-19 12:59:16.259171: W external/local_xla/xla/tsl/platform/profile_utils/cpu_utils.cc:145] Failed to get CPU frequency: 0 Hz
WARNING: All log messages before absl::InitializeLog() is called are written to STDERR
W0000 00:00:1779209956.284930 82772857 op_level_cost_estimator.cc:743] Invalid device specifications for CPU: goo.gle/debugonly  type: "CPU" model: "0" num_cores: 8 environment { key: "cpu_instruction_set" value: "ARM NEON" } environment { key: "eigen" value: "3.4.90" } l1_cache_size: 16384 l2_cache_size: 524288 l3_cache_size: 524288 memory_size: 268435456

========== RESTART 1/1 (seed=42) ==========
[seed 42] iter      0 | cost=5.559554e+02 | strength=5.560e+02
[seed 42] iter   1000 | cost=5.867414e-01 | strength=5.867e-01
[seed 42] iter   2000 | cost=4.465696e-01 | strength=4.466e-01
[seed 42] iter   3000 | cost=2.596701e-01 | strength=2.597e-01
[seed 42] iter   4000 | cost=1.791370e-01 | strength=1.791e-01
[seed 42] iter   5000 | cost=1.624968e-01 | strength=1.625e-01
[seed 42] iter   6000 | cost=1.499697e-01 | strength=1.500e-01
[seed 42] iter   7000 | cost=1.425244e-01 | strength=1.425e-01
[seed 42] iter   8000 | cost=1.385969e-01 | strength=1.386e-01
[seed 42] iter   9000 | cost=1.357396e-01 | strength=1.357e-01
[seed 42] iter  10000 | cost=1.338302e-01 | strength=1.338e-01
[seed 42] iter  11000 | cost=1.328588e-01 | strength=1.329e-01
[seed 42] iter  12000 | cost=1.324386e-01 | strength=1.324e-01
[seed 42] iter  13000 | cost=1.323127e-01 | strength=1.323e-01
[seed 42] iter  14000 | cost=1.331247e-01 | strength=1.331e-01
[seed 42] iter  15000 | cost=1.318423e-01 | strength=1.318e-01
[seed 42] iter  16000 | cost=1.315046e-01 | strength=1.315e-01
[seed 42] iter  17000 | cost=1.317823e-01 | strength=1.318e-01
[seed 42] iter  18000 | cost=1.313497e-01 | strength=1.313e-01
[seed 42] iter  19000 | cost=1.312629e-01 | strength=1.313e-01
[seed 42] iter  20000 | cost=1.311770e-01 | strength=1.312e-01
[seed 42] iter  21000 | cost=1.311921e-01 | strength=1.312e-01
[seed 42] iter  22000 | cost=1.312346e-01 | strength=1.312e-01
[seed 42] iter  23000 | cost=1.311405e-01 | strength=1.311e-01
[seed 42] iter  24000 | cost=1.311791e-01 | strength=1.312e-01
[seed 42] iter  25000 | cost=1.309599e-01 | strength=1.310e-01
[seed 42] iter  26000 | cost=1.308321e-01 | strength=1.308e-01
[seed 42] iter  27000 | cost=1.309987e-01 | strength=1.310e-01
[seed 42] iter  28000 | cost=1.308077e-01 | strength=1.308e-01
[seed 42] iter  29000 | cost=1.307494e-01 | strength=1.307e-01
[seed 42] train metrics: {'cost': 0.13071313500404358, 'strength_cost': 0.13071313500404358, 'alphaD_cost': 0.0, 'm1_cost': 0.0}

*** GLOBAL BEST *** cost=1.307139e-01 (seed=42, iter=29207)
Saved outputs in /private/tmp/smlr_h2_10model_sweep_20260519_123636/sweep_runs/m01_n10_ret1_fold1_linear_exp_affine_lr1e-2
