/Users/laurenjin/envs/smlr-frib/bin/python -u /private/tmp/smlr_h2_10model_sweep_20260519_123636/Dipole_polarizability/src/main_gpt2.py --strength-dir /private/tmp/smlr_h2_10model_sweep_20260519_123636/Dipole_polarizability/aaron_H2/total_strength --strength-regex strength_(?P<q>[0-9.]+)_(?P<theta>[0-9.]+)\.out --strength-only --n 16 --retain 1.0 --fold 2.0 --ansatz linear_exp --width-model affine --w-strength 1.0 --learning-rate 0.003 --n-restarts 1 --seed0 48 --num-iter 30000 --print-every 1000 --plots none --save-dir /private/tmp/smlr_h2_10model_sweep_20260519_123636/sweep_runs/m07_n16_ret1_fold2_linear_exp_affine_lr3e-3

Running script: /private/tmp/smlr_h2_10model_sweep_20260519_123636/Dipole_polarizability/src/main_gpt2.py
Imported helper: /private/tmp/smlr_h2_10model_sweep_20260519_123636/Dipole_polarizability/src/helper_gpt.py
Working directory: /private/tmp/smlr_h2_10model_sweep_20260519_123636
Loaded dataset
  param names: ['q', 'theta']
  total matched samples: 50
  train samples: 50
  test samples: 0
  train central point: [0.6944444179534912, 0.7853981852531433]
  config: {'n': 16, 'n_params': 2, 'ansatz': 'linear_exp', 'width_model': 'affine', 'use_vector_terms': True, 'n_basis': 4, 'n_upper': 136, 'n_trainable': 614}
  strength-only mode: observable-loss weights are disabled
2026-05-19 13:20:10.926079: W external/local_xla/xla/tsl/platform/profile_utils/cpu_utils.cc:145] Failed to get CPU frequency: 0 Hz
WARNING: All log messages before absl::InitializeLog() is called are written to STDERR
W0000 00:00:1779211210.929518 82790675 op_level_cost_estimator.cc:743] Invalid device specifications for CPU: goo.gle/debugstr    type: "CPU" model: "0" num_cores: 8 environment { key: "cpu_instruction_set" value: "ARM NEON" } environment { key: "eigen" value: "3.4.90" } l1_cache_size: 16384 l2_cache_size: 524288 l3_cache_size: 524288 memory_size: 268435456

========== RESTART 1/1 (seed=48) ==========
[seed 48] iter      0 | cost=4.771418e+02 | strength=4.771e+02
[seed 48] iter   1000 | cost=7.135339e-01 | strength=7.135e-01
[seed 48] iter   2000 | cost=6.647369e-01 | strength=6.647e-01
[seed 48] iter   3000 | cost=6.282846e-01 | strength=6.283e-01
[seed 48] iter   4000 | cost=6.067302e-01 | strength=6.067e-01
[seed 48] iter   5000 | cost=5.654253e-01 | strength=5.654e-01
[seed 48] iter   6000 | cost=4.505850e-01 | strength=4.506e-01
[seed 48] iter   7000 | cost=1.575249e-01 | strength=1.575e-01
[seed 48] iter   8000 | cost=1.434824e-01 | strength=1.435e-01
[seed 48] iter   9000 | cost=1.358308e-01 | strength=1.358e-01
[seed 48] iter  10000 | cost=1.310398e-01 | strength=1.310e-01
[seed 48] iter  11000 | cost=1.269224e-01 | strength=1.269e-01
[seed 48] iter  12000 | cost=1.229880e-01 | strength=1.230e-01
[seed 48] iter  13000 | cost=1.196093e-01 | strength=1.196e-01
[seed 48] iter  14000 | cost=1.179463e-01 | strength=1.179e-01
[seed 48] iter  15000 | cost=1.171483e-01 | strength=1.171e-01
[seed 48] iter  16000 | cost=1.164584e-01 | strength=1.165e-01
[seed 48] iter  17000 | cost=1.159935e-01 | strength=1.160e-01
[seed 48] iter  18000 | cost=1.154051e-01 | strength=1.154e-01
[seed 48] iter  19000 | cost=1.148065e-01 | strength=1.148e-01
[seed 48] iter  20000 | cost=1.143725e-01 | strength=1.144e-01
[seed 48] iter  21000 | cost=1.137603e-01 | strength=1.138e-01
[seed 48] iter  22000 | cost=1.133195e-01 | strength=1.133e-01
[seed 48] iter  23000 | cost=1.129153e-01 | strength=1.129e-01
[seed 48] iter  24000 | cost=1.125874e-01 | strength=1.126e-01
[seed 48] iter  25000 | cost=1.122670e-01 | strength=1.123e-01
[seed 48] iter  26000 | cost=1.119165e-01 | strength=1.119e-01
[seed 48] iter  27000 | cost=1.116492e-01 | strength=1.116e-01
[seed 48] iter  28000 | cost=1.113995e-01 | strength=1.114e-01
[seed 48] iter  29000 | cost=1.111369e-01 | strength=1.111e-01
[seed 48] train metrics: {'cost': 0.11077908426523209, 'strength_cost': 0.11077908426523209, 'alphaD_cost': 0.0, 'm1_cost': 0.0}

*** GLOBAL BEST *** cost=1.107791e-01 (seed=48, iter=29963)
Saved outputs in /private/tmp/smlr_h2_10model_sweep_20260519_123636/sweep_runs/m07_n16_ret1_fold2_linear_exp_affine_lr3e-3
