1.060108966142780851e+01 5.764259333584899943e-19
1.252937925367040961e+01 1.729374582130074638e-21
1.274264102562620771e+01 1.279434084515665981e-01
1.313072529178201187e+01 3.990531304373530025e-18
1.313072529178385395e+01 4.464785912340387441e-18
1.313424427846364573e+01 9.609828569921485819e-03
1.398737916470344267e+01 6.310321045612683581e-03
1.398737916470419762e+01 1.486747078778585460e-02
1.462711302671565505e+01 1.017798393511135496e-19
1.547492738100119247e+01 7.069193980990477744e-02
1.669403261180758236e+01 2.642343541688007868e-17
1.696641812462287646e+01 1.841422018151396209e-02
1.703654664782584405e+01 1.047188503144264109e-18
1.703654664784860984e+01 4.561515799088977459e-17
1.705320327059591889e+01 5.134718239560168498e-04
1.705320327061762598e+01 5.486037967795208588e-03
1.776622138238341009e+01 2.245348646468804944e-17
1.882576090802660218e+01 2.076084782432699286e-17
1.892382192334937585e+01 4.582184263437041709e-03
2.030606600281830154e+01 7.003931555719146440e-02
2.375710884603673279e+01 4.513784606671443160e-20
2.375710884604801976e+01 2.894532173906330265e-18
2.384422923633634994e+01 9.014302524634050406e-06
2.384422923637919212e+01 4.257026469821896357e-04
2.418000576292391557e+01 7.118665832747097688e-18
2.418000576292418913e+01 1.427221047831044823e-18
2.532888441451562755e+01 1.831685345371055915e-17
2.591832376952536166e+01 8.508347295678555730e-03
2.629193267100750475e+01 1.281532551958715696e-02
2.643209942982243987e+01 5.719296946447231800e-03
2.643209942987907368e+01 2.012148158517973765e-04
2.651824352267103180e+01 7.252136436299293939e-18
2.651824352273099805e+01 1.059649210226092956e-17
2.654608589484941916e+01 9.624993586756716221e-03
2.654608589485059511e+01 6.741718924631192635e-03
2.669254738767771684e+01 8.236282160626330958e-17
2.828123647832734022e+01 3.758987335240036601e-19
2.828123647834861387e+01 7.079377907152250664e-20
2.829177494212897415e+01 1.745724645466255136e-04
2.829177494215092992e+01 1.206457810086523213e-06
2.848692673989626911e+01 1.480899514793098254e-16
2.848692674002121095e+01 2.012345823961710214e-17
2.853881613874186840e+01 2.024879637314103229e-03
2.853881613888695412e+01 1.501654436595755045e-03
2.947981291809005455e+01 7.242288130512932213e-04
2.957723561517605404e+01 2.008688002673924770e-15
3.013460968280921648e+01 1.329253680655836239e-02
3.042285909291523893e+01 2.466009120260444569e-15
3.057781776649785144e+01 1.241181512105324783e-18
3.057781776670913132e+01 3.398505564231225650e-16
3.130144773771401745e+01 1.514686943573746073e-06
3.130144773792051893e+01 1.066303710449440786e-04
3.179394974414422848e+01 8.928500961077416240e-03
3.254435131783463930e+01 8.343301409092828349e-15
3.323978717353370627e+01 4.335796232902446316e-07
3.384801129744536752e+01 3.863709379967180799e-14
3.387453766276372846e+01 7.518864149022679542e-16
3.387453766290842339e+01 3.753071316328103367e-16
3.404752501904613382e+01 4.660747481087888625e-04
