1.060108966142780851e+01 1.646422704506733973e-17
1.252937925367040961e+01 6.055955784068839835e-18
1.274264102562620771e+01 1.405839756503244609e-01
1.313072529178201187e+01 1.291588266712109878e-17
1.313072529178385395e+01 4.326859816713446438e-18
1.313424427846364573e+01 2.391016683413539276e-02
1.398737916470344267e+01 6.446723383150625500e-03
1.398737916470419762e+01 1.518884160201159489e-02
1.462711302671565505e+01 4.244895114944118785e-18
1.547492738100119247e+01 1.029705512514153543e-01
1.669403261180758236e+01 6.743960606468570357e-17
1.696641812462287646e+01 4.641208245603146987e-02
1.703654664782584405e+01 1.175625797341111817e-17
1.703654664784860984e+01 4.106835752548716369e-16
1.705320327059591889e+01 1.125527598850612409e-03
1.705320327061762598e+01 1.202536787147713386e-02
1.776622138238341009e+01 4.635632363173690586e-17
1.882576090802660218e+01 1.512284102411026246e-16
1.892382192334937585e+01 2.150105908705507440e-02
2.030606600281830154e+01 1.583394060930904956e-01
2.375710884603673279e+01 2.745681651117960159e-20
2.375710884604801976e+01 2.917664786445709083e-17
2.384422923633634994e+01 2.827598838814996698e-05
2.384422923637919212e+01 1.335340390762465969e-03
2.418000576292391557e+01 1.296967534959738377e-17
2.418000576292418913e+01 2.174219638678583671e-18
2.532888441451562755e+01 1.360771588507461443e-16
2.591832376952536166e+01 1.471670124203912182e-02
2.629193267100750475e+01 5.918541761437217524e-02
2.643209942982243987e+01 2.478406905755001569e-02
2.643209942987907368e+01 8.719468289098128216e-04
2.651824352267103180e+01 1.529705793206874128e-16
2.651824352273099805e+01 7.346443708992662479e-17
2.654608589484941916e+01 1.885348072783180409e-02
2.654608589485059511e+01 1.320570924526640912e-02
2.669254738767771684e+01 1.033452606657262246e-15
2.828123647832734022e+01 2.658157619937550812e-20
2.828123647834861387e+01 6.789897919392552478e-20
2.829177494212897415e+01 1.387167281040868659e-03
2.829177494215092992e+01 9.586615306692786636e-06
2.848692673989626911e+01 4.721958819295502376e-16
2.848692674002121095e+01 9.027201964415927118e-17
2.853881613874186840e+01 1.225196655534198723e-02
2.853881613888695412e+01 9.086079591970420977e-03
2.947981291809005455e+01 2.650009959815292828e-03
2.957723561517605404e+01 6.099836340386167137e-15
3.013460968280921648e+01 5.173138001721409168e-02
3.042285909291523893e+01 1.454575407773011211e-14
3.057781776649785144e+01 1.062821192520526927e-17
3.057781776670913132e+01 2.829262780051296113e-15
3.130144773771401745e+01 4.622639947747336077e-06
3.130144773792051893e+01 3.254229074245200892e-04
3.179394974414422848e+01 3.723188781501483857e-02
3.254435131783463930e+01 4.523986293614724212e-14
3.323978717353370627e+01 5.371367579773961959e-05
3.384801129744536752e+01 2.826321161853333665e-13
3.387453766276372846e+01 9.000905661077306072e-16
3.387453766290842339e+01 2.075461968229730698e-15
3.404752501904613382e+01 2.460826846171099494e-03
