1.060108966142780851e+01 1.117937988012657183e-28
1.252937925367040961e+01 6.127760684685622088e-18
1.274264102562620771e+01 5.294246278989155514e-22
1.313072529178201187e+01 4.073946433119526405e-17
1.313072529178385395e+01 7.809966569061768483e-17
1.313424427846364573e+01 9.272812420904243819e-03
1.398737916470344267e+01 4.553284555685613993e-02
1.398737916470419762e+01 1.072779431499503999e-01
1.462711302671565505e+01 1.276460574445306591e-27
1.547492738100119247e+01 4.694398613811104022e-23
1.669403261180758236e+01 5.923275767825335011e-18
1.696641812462287646e+01 5.855459404113657826e-04
1.703654664782584405e+01 5.142435617812620176e-27
1.703654664784860984e+01 2.058495660683497746e-26
1.705320327059591889e+01 1.191027181126494902e-26
1.705320327061762598e+01 2.618875873903737570e-25
1.776622138238341009e+01 2.264366899903044723e-17
1.882576090802660218e+01 2.342281248923541562e-26
1.892382192334937585e+01 1.492462419649812772e-02
2.030606600281830154e+01 1.094921721383119548e-22
2.375710884603673279e+01 1.830273745780938510e-19
2.375710884604801976e+01 1.001768644897957037e-17
2.384422923633634994e+01 4.516468717777612999e-04
2.384422923637919212e+01 2.132912750804278126e-02
2.418000576292391557e+01 4.707229292280070733e-17
2.418000576292418913e+01 1.046778183932831621e-17
2.532888441451562755e+01 4.667009421769212575e-26
2.591832376952536166e+01 3.540434098834564554e-21
2.629193267100750475e+01 2.775176828822635815e-03
2.643209942982243987e+01 1.930512963178851172e-22
2.643209942987907368e+01 6.161793298279358378e-25
2.651824352267103180e+01 1.114536242743585598e-26
2.651824352273099805e+01 4.103084768380177655e-26
2.654608589484941916e+01 7.664855356929385632e-02
2.654608589485059511e+01 5.368762059913253365e-02
2.669254738767771684e+01 5.398022776540040477e-18
2.828123647832734022e+01 1.790189001374454069e-25
2.828123647834861387e+01 5.083794905604129255e-27
2.829177494212897415e+01 1.198665795632328811e-25
2.829177494215092992e+01 4.044188274019088683e-27
2.848692673989626911e+01 9.463347374363261764e-16
2.848692674002121095e+01 6.621771547131043182e-17
2.853881613874186840e+01 2.311961876702941544e-04
2.853881613888695412e+01 1.714559750946860028e-04
2.947981291809005455e+01 8.609139851299416404e-04
2.957723561517605404e+01 1.559540677329875962e-24
3.013460968280921648e+01 1.853164943369518668e-23
3.042285909291523893e+01 1.607368260110312495e-24
3.057781776649785144e+01 3.776508875605408681e-29
3.057781776670913132e+01 3.540919431279485453e-28
3.130144773771401745e+01 7.003310708718035426e-27
3.130144773792051893e+01 1.144073994634022016e-24
3.179394974414422848e+01 6.808186122576804445e-24
3.254435131783463930e+01 4.085585987858840820e-16
3.323978717353370627e+01 6.831835493308387869e-05
3.384801129744536752e+01 8.234494111266120442e-15
3.387453766276372846e+01 4.225456785869926245e-15
3.387453766290842339e+01 1.750584172995790379e-15
3.404752501904613382e+01 7.005182330481138104e-05
