1.060108966142780851e+01 4.867664829369538979e-20
1.252937925367040961e+01 9.692628420906732183e-20
1.274264102562620771e+01 5.722500647172546612e-03
1.313072529178201187e+01 2.883235246596238456e-18
1.313072529178385395e+01 5.594108650141494690e-18
1.313424427846364573e+01 3.889089670520361436e-04
1.398737916470344267e+01 9.725500476370859196e-03
1.398737916470419762e+01 2.291382561457220440e-02
1.462711302671565505e+01 7.336244355749866190e-21
1.547492738100119247e+01 2.516015676850440197e-03
1.669403261180758236e+01 2.330134963029129149e-18
1.696641812462287646e+01 3.726135767662836431e-08
1.703654664782584405e+01 7.362400430535403401e-21
1.703654664784860984e+01 6.229749711940254348e-19
1.705320327059591889e+01 2.344738022973533252e-05
1.705320327061762598e+01 2.505165985554332975e-04
1.776622138238341009e+01 1.189260001355960394e-18
1.882576090802660218e+01 3.557389043153669596e-19
1.892382192334937585e+01 4.022370495250259578e-04
2.030606600281830154e+01 1.661623523917549411e-03
2.375710884603673279e+01 1.754271780385172699e-20
2.375710884604801976e+01 5.296353928319871997e-19
2.384422923633634994e+01 1.134518536957344300e-05
2.384422923637919212e+01 5.357790027368537203e-04
2.418000576292391557e+01 9.542620563180384875e-18
2.418000576292418913e+01 1.965656527132138904e-18
2.532888441451562755e+01 4.464712724959149024e-20
2.591832376952536166e+01 4.170537875845750512e-04
2.629193267100750475e+01 1.486281091803522496e-05
2.643209942982243987e+01 1.660099212021101743e-04
2.643209942987907368e+01 5.840517289530437188e-06
2.651824352267103180e+01 6.406371650375503078e-22
2.651824352273099805e+01 2.652198050484503174e-19
2.654608589484941916e+01 9.781103222177612438e-03
2.654608589485059511e+01 6.851064182802618120e-03
2.669254738767771684e+01 7.826007937023569105e-19
2.828123647832734022e+01 1.464027654884989580e-20
2.828123647834861387e+01 3.033619286403359320e-21
2.829177494212897415e+01 5.923540141864460588e-06
2.829177494215092992e+01 4.093716136448263770e-08
2.848692673989626911e+01 1.248439490380018774e-16
2.848692674002121095e+01 7.566696013771263830e-18
2.853881613874186840e+01 1.548698697831371401e-04
2.853881613888695412e+01 1.148518994959738280e-04
2.947981291809005455e+01 1.029611786346271598e-05
2.957723561517605404e+01 6.176257793163306745e-17
3.013460968280921648e+01 2.230929052924847324e-04
3.042285909291523893e+01 1.220442687355634845e-17
3.057781776649785144e+01 2.782007463275365475e-20
3.057781776670913132e+01 7.032166768283261921e-18
3.130144773771401745e+01 5.106291437916963131e-08
3.130144773792051893e+01 3.594709129984176525e-06
3.179394974414422848e+01 1.414505103962069026e-04
3.254435131783463930e+01 8.588718207687448869e-18
3.323978717353370627e+01 1.222929931378465776e-06
3.384801129744536752e+01 2.673711430468266307e-16
3.387453766276372846e+01 1.074099213077194914e-15
3.387453766290842339e+01 5.441850185898269411e-17
3.404752501904613382e+01 2.815132118024319364e-06
