1.060108966142780851e+01 1.026317662195139893e-27
1.252937925367040961e+01 8.675010089512442458e-17
1.274264102562620771e+01 1.667430413282326447e-21
1.313072529178201187e+01 2.139553508239085938e-16
1.313072529178385395e+01 4.029518648652267427e-16
1.313424427846364573e+01 2.508517304400473269e-02
1.398737916470344267e+01 5.125044556681342123e-02
1.398737916470419762e+01 1.207489312358257516e-01
1.462711302671565505e+01 8.045998399547153960e-27
1.547492738100119247e+01 5.372768909007248428e-24
1.669403261180758236e+01 2.107390717654452187e-18
1.696641812462287646e+01 5.721835617228789115e-04
1.703654664782584405e+01 9.005802522224408080e-27
1.703654664784860984e+01 3.886719580369422122e-26
1.705320327059591889e+01 1.939061118753569129e-26
1.705320327061762598e+01 4.053603224242114875e-25
1.776622138238341009e+01 1.325069642920131541e-17
1.882576090802660218e+01 1.274384901648719577e-25
1.892382192334937585e+01 5.794395533758017053e-02
2.030606600281830154e+01 4.850376000441417229e-22
2.375710884603673279e+01 5.290141580776302009e-19
2.375710884604801976e+01 1.507100599057128478e-18
2.384422923633634994e+01 1.595118352667843249e-03
2.384422923637919212e+01 7.532982895469174378e-02
2.418000576292391557e+01 2.861462250119305742e-17
2.418000576292418913e+01 1.056742119718186482e-17
2.532888441451562755e+01 3.230453611223285745e-25
2.591832376952536166e+01 1.783133871081578538e-20
2.629193267100750475e+01 1.366849532277183976e-02
2.643209942982243987e+01 4.318766645385630596e-22
2.643209942987907368e+01 1.287993546791125674e-24
2.651824352267103180e+01 2.152432631586358805e-26
2.651824352273099805e+01 8.894436201753139995e-26
2.654608589484941916e+01 1.789227317302738429e-01
2.654608589485059511e+01 1.253244215274638973e-01
2.669254738767771684e+01 3.648051443697976888e-17
2.828123647832734022e+01 1.437817605488422044e-24
2.828123647834861387e+01 4.256948764518140802e-26
2.829177494212897415e+01 1.157234448657046990e-24
2.829177494215092992e+01 3.774017775088918481e-26
2.848692673989626911e+01 2.625633763240917630e-15
2.848692674002121095e+01 1.985597734832650332e-16
2.853881613874186840e+01 1.011455135456830240e-06
2.853881613888695412e+01 7.500412771710531536e-07
2.947981291809005455e+01 4.148677016608685701e-03
2.957723561517605404e+01 1.581804387365411107e-23
3.013460968280921648e+01 4.855624342244531058e-23
3.042285909291523893e+01 1.541362779518512370e-23
3.057781776649785144e+01 3.512121989505504541e-28
3.057781776670913132e+01 6.025194036453703614e-26
3.130144773771401745e+01 1.795600668482542712e-26
3.130144773792051893e+01 2.303461004442851549e-24
3.179394974414422848e+01 1.574787621884498320e-22
3.254435131783463930e+01 5.236980047348432745e-15
3.323978717353370627e+01 3.481279589636789690e-04
3.384801129744536752e+01 5.067324307242365054e-14
3.387453766276372846e+01 4.723109424876550812e-15
3.387453766290842339e+01 1.143287928764703997e-14
3.404752501904613382e+01 4.933569402443409605e-04
