1.060108966142780851e+01 6.679903477807982886e-17
1.252937925367040961e+01 4.956710797561071752e-17
1.274264102562620771e+01 1.333380775994072731e-01
1.313072529178201187e+01 6.520665038358672930e-20
1.313072529178385395e+01 5.146021176091620472e-18
1.313424427846364573e+01 2.540306606500222775e-02
1.398737916470344267e+01 2.009701734445735390e-19
1.398737916470419762e+01 1.078023772673856604e-17
1.462711302671565505e+01 1.007052657729103865e-19
1.547492738100119247e+01 1.100150341697914702e-01
1.669403261180758236e+01 1.585962129496512042e-16
1.696641812462287646e+01 6.850445828816564831e-02
1.703654664782584405e+01 1.070157554167527106e-20
1.703654664784860984e+01 4.306945535871075364e-21
1.705320327059591889e+01 2.223574253324320790e-23
1.705320327061762598e+01 8.933157552288807437e-24
1.776622138238341009e+01 1.320034701117946229e-16
1.882576090802660218e+01 2.527449303456436859e-16
1.892382192334937585e+01 2.523587996645672640e-02
2.030606600281830154e+01 2.209178057635683978e-01
2.375710884603673279e+01 1.633381327702840394e-18
2.375710884604801976e+01 9.040653522004527407e-17
2.384422923633634994e+01 8.193296017079675594e-19
2.384422923637919212e+01 1.757831541404347664e-16
2.418000576292391557e+01 4.175453596658392073e-21
2.418000576292418913e+01 1.098782013191376215e-20
2.532888441451562755e+01 3.943259564511976707e-16
2.591832376952536166e+01 7.675739484290065515e-03
2.629193267100750475e+01 1.298707848735532189e-01
2.643209942982243987e+01 4.431885398851781484e-21
2.643209942987907368e+01 6.969942622048193773e-21
2.651824352267103180e+01 6.462178712608335002e-22
2.651824352273099805e+01 1.003166439140369022e-21
2.654608589484941916e+01 1.107190280738293266e-18
2.654608589485059511e+01 3.144302111842822806e-22
2.669254738767771684e+01 3.327788512857657954e-15
2.828123647832734022e+01 1.587148867359028981e-18
2.828123647834861387e+01 9.926597019400603608e-20
2.829177494212897415e+01 1.353277878976693632e-18
2.829177494215092992e+01 5.322490978490329906e-21
2.848692673989626911e+01 1.463772064773098246e-19
2.848692674002121095e+01 5.504198033409470212e-24
2.853881613874186840e+01 1.140334315272489800e-19
2.853881613888695412e+01 4.262558589346695216e-24
2.947981291809005455e+01 5.438541559836493865e-03
2.957723561517605404e+01 1.186760064781476426e-14
3.013460968280921648e+01 1.110401505846708020e-01
3.042285909291523893e+01 3.088980730348704427e-14
3.057781776649785144e+01 2.180348070179212703e-20
3.057781776670913132e+01 1.638368879984315302e-20
3.130144773771401745e+01 7.368621828458767727e-22
3.130144773792051893e+01 6.234803837208003585e-22
3.179394974414422848e+01 8.047348994420130963e-02
3.254435131783463930e+01 8.966225771232185634e-14
3.323978717353370627e+01 2.034449246403371688e-04
3.384801129744536752e+01 6.801952306671912226e-13
3.387453766276372846e+01 4.715428440019886588e-19
3.387453766290842339e+01 2.769445739188814770e-15
3.404752501904613382e+01 4.706134063708625019e-03
