/Users/laurenjin/envs/smlr-frib/bin/python -u /private/tmp/smlr_h2_10model_sweep_20260519_123636/Dipole_polarizability/src/main_gpt2.py --strength-dir /private/tmp/smlr_h2_10model_sweep_20260519_123636/Dipole_polarizability/aaron_H2/total_strength --strength-regex strength_(?P<q>[0-9.]+)_(?P<theta>[0-9.]+)\.out --strength-only --n 13 --retain 1.0 --fold 1.0 --ansatz linear_exp --width-model affine --w-strength 1.0 --learning-rate 0.01 --n-restarts 1 --seed0 44 --num-iter 30000 --print-every 1000 --plots none --save-dir /private/tmp/smlr_h2_10model_sweep_20260519_123636/sweep_runs/m03_n13_ret1_fold1_linear_exp_affine_lr1e-2

Running script: /private/tmp/smlr_h2_10model_sweep_20260519_123636/Dipole_polarizability/src/main_gpt2.py
Imported helper: /private/tmp/smlr_h2_10model_sweep_20260519_123636/Dipole_polarizability/src/helper_gpt.py
Working directory: /private/tmp/smlr_h2_10model_sweep_20260519_123636
Loaded dataset
  param names: ['q', 'theta']
  total matched samples: 50
  train samples: 50
  test samples: 0
  train central point: [0.6944444179534912, 0.7853981852531433]
  config: {'n': 13, 'n_params': 2, 'ansatz': 'linear_exp', 'width_model': 'affine', 'use_vector_terms': True, 'n_basis': 4, 'n_upper': 91, 'n_trainable': 422}
  strength-only mode: observable-loss weights are disabled
2026-05-19 13:04:23.854753: W external/local_xla/xla/tsl/platform/profile_utils/cpu_utils.cc:145] Failed to get CPU frequency: 0 Hz
WARNING: All log messages before absl::InitializeLog() is called are written to STDERR
W0000 00:00:1779210263.858473 82778337 op_level_cost_estimator.cc:743] Invalid device specifications for CPU: goo.gle/debugproto   type: "CPU" model: "0" num_cores: 8 environment { key: "cpu_instruction_set" value: "ARM NEON" } environment { key: "eigen" value: "3.4.90" } l1_cache_size: 16384 l2_cache_size: 524288 l3_cache_size: 524288 memory_size: 268435456

========== RESTART 1/1 (seed=44) ==========
[seed 44] iter      0 | cost=7.190183e+02 | strength=7.190e+02
[seed 44] iter   1000 | cost=5.658520e-01 | strength=5.659e-01
[seed 44] iter   2000 | cost=4.469512e-01 | strength=4.470e-01
[seed 44] iter   3000 | cost=2.858846e-01 | strength=2.859e-01
[seed 44] iter   4000 | cost=1.528607e-01 | strength=1.529e-01
[seed 44] iter   5000 | cost=1.361922e-01 | strength=1.362e-01
[seed 44] iter   6000 | cost=1.295846e-01 | strength=1.296e-01
[seed 44] iter   7000 | cost=1.194098e-01 | strength=1.194e-01
[seed 44] iter   8000 | cost=1.114656e-01 | strength=1.115e-01
[seed 44] iter   9000 | cost=1.090684e-01 | strength=1.091e-01
[seed 44] iter  10000 | cost=1.060383e-01 | strength=1.060e-01
[seed 44] iter  11000 | cost=1.038347e-01 | strength=1.038e-01
[seed 44] iter  12000 | cost=1.026993e-01 | strength=1.027e-01
[seed 44] iter  13000 | cost=1.021948e-01 | strength=1.022e-01
[seed 44] iter  14000 | cost=1.013457e-01 | strength=1.013e-01
[seed 44] iter  15000 | cost=1.006695e-01 | strength=1.007e-01
[seed 44] iter  16000 | cost=1.009444e-01 | strength=1.009e-01
[seed 44] iter  17000 | cost=1.004996e-01 | strength=1.005e-01
[seed 44] iter  18000 | cost=1.000916e-01 | strength=1.001e-01
[seed 44] iter  19000 | cost=1.003997e-01 | strength=1.004e-01
[seed 44] iter  20000 | cost=1.003597e-01 | strength=1.004e-01
[seed 44] iter  21000 | cost=1.000224e-01 | strength=1.000e-01
[seed 44] iter  22000 | cost=9.942900e-02 | strength=9.943e-02
[seed 44] iter  23000 | cost=1.000134e-01 | strength=1.000e-01
[seed 44] iter  24000 | cost=9.944842e-02 | strength=9.945e-02
[seed 44] iter  25000 | cost=9.765690e-02 | strength=9.766e-02
[seed 44] iter  26000 | cost=9.720526e-02 | strength=9.721e-02
[seed 44] iter  27000 | cost=9.723330e-02 | strength=9.723e-02
[seed 44] iter  28000 | cost=9.846888e-02 | strength=9.847e-02
[seed 44] iter  29000 | cost=9.795800e-02 | strength=9.796e-02
[seed 44] train metrics: {'cost': 0.09657119959592819, 'strength_cost': 0.09657119959592819, 'alphaD_cost': 0.0, 'm1_cost': 0.0}

*** GLOBAL BEST *** cost=9.656471e-02 (seed=44, iter=29793)
Saved outputs in /private/tmp/smlr_h2_10model_sweep_20260519_123636/sweep_runs/m03_n13_ret1_fold1_linear_exp_affine_lr1e-2
