/Users/laurenjin/envs/smlr-frib/bin/python -u /private/tmp/smlr_h2_10model_sweep_20260519_123636/Dipole_polarizability/src/main_gpt2.py --strength-dir /private/tmp/smlr_h2_10model_sweep_20260519_123636/Dipole_polarizability/aaron_H2/total_strength --strength-regex strength_(?P<q>[0-9.]+)_(?P<theta>[0-9.]+)\.out --strength-only --n 13 --retain 1.0 --fold 2.0 --ansatz linear_exp --width-model affine --w-strength 1.0 --learning-rate 0.01 --n-restarts 1 --seed0 45 --num-iter 30000 --print-every 1000 --plots none --save-dir /private/tmp/smlr_h2_10model_sweep_20260519_123636/sweep_runs/m04_n13_ret1_fold2_linear_exp_affine_lr1e-2

Running script: /private/tmp/smlr_h2_10model_sweep_20260519_123636/Dipole_polarizability/src/main_gpt2.py
Imported helper: /private/tmp/smlr_h2_10model_sweep_20260519_123636/Dipole_polarizability/src/helper_gpt.py
Working directory: /private/tmp/smlr_h2_10model_sweep_20260519_123636
Loaded dataset
  param names: ['q', 'theta']
  total matched samples: 50
  train samples: 50
  test samples: 0
  train central point: [0.6944444179534912, 0.7853981852531433]
  config: {'n': 13, 'n_params': 2, 'ansatz': 'linear_exp', 'width_model': 'affine', 'use_vector_terms': True, 'n_basis': 4, 'n_upper': 91, 'n_trainable': 422}
  strength-only mode: observable-loss weights are disabled
2026-05-19 13:08:30.688854: W external/local_xla/xla/tsl/platform/profile_utils/cpu_utils.cc:145] Failed to get CPU frequency: 0 Hz
WARNING: All log messages before absl::InitializeLog() is called are written to STDERR
W0000 00:00:1779210510.695541 82781922 op_level_cost_estimator.cc:743] Invalid device specifications for CPU: goo.gle/debugproto  type: "CPU" model: "0" num_cores: 8 environment { key: "cpu_instruction_set" value: "ARM NEON" } environment { key: "eigen" value: "3.4.90" } l1_cache_size: 16384 l2_cache_size: 524288 l3_cache_size: 524288 memory_size: 268435456

========== RESTART 1/1 (seed=45) ==========
[seed 45] iter      0 | cost=6.144260e+02 | strength=6.144e+02
[seed 45] iter   1000 | cost=6.699914e-01 | strength=6.700e-01
[seed 45] iter   2000 | cost=6.172783e-01 | strength=6.173e-01
[seed 45] iter   3000 | cost=5.594228e-01 | strength=5.594e-01
[seed 45] iter   4000 | cost=3.343432e-01 | strength=3.343e-01
[seed 45] iter   5000 | cost=1.731499e-01 | strength=1.731e-01
[seed 45] iter   6000 | cost=1.586600e-01 | strength=1.587e-01
[seed 45] iter   7000 | cost=1.489974e-01 | strength=1.490e-01
[seed 45] iter   8000 | cost=1.447561e-01 | strength=1.448e-01
[seed 45] iter   9000 | cost=1.423728e-01 | strength=1.424e-01
[seed 45] iter  10000 | cost=1.412864e-01 | strength=1.413e-01
[seed 45] iter  11000 | cost=1.402637e-01 | strength=1.403e-01
[seed 45] iter  12000 | cost=1.396664e-01 | strength=1.397e-01
[seed 45] iter  13000 | cost=1.386703e-01 | strength=1.387e-01
[seed 45] iter  14000 | cost=1.394286e-01 | strength=1.394e-01
[seed 45] iter  15000 | cost=1.379017e-01 | strength=1.379e-01
[seed 45] iter  16000 | cost=1.365800e-01 | strength=1.366e-01
[seed 45] iter  17000 | cost=1.361311e-01 | strength=1.361e-01
[seed 45] iter  18000 | cost=1.365033e-01 | strength=1.365e-01
[seed 45] iter  19000 | cost=1.364590e-01 | strength=1.365e-01
[seed 45] iter  20000 | cost=1.362332e-01 | strength=1.362e-01
[seed 45] iter  21000 | cost=1.356950e-01 | strength=1.357e-01
[seed 45] iter  22000 | cost=1.352471e-01 | strength=1.352e-01
[seed 45] iter  23000 | cost=1.351198e-01 | strength=1.351e-01
[seed 45] iter  24000 | cost=1.352375e-01 | strength=1.352e-01
[seed 45] iter  25000 | cost=1.352625e-01 | strength=1.353e-01
[seed 45] iter  26000 | cost=1.351331e-01 | strength=1.351e-01
[seed 45] iter  27000 | cost=1.343202e-01 | strength=1.343e-01
[seed 45] iter  28000 | cost=1.346028e-01 | strength=1.346e-01
[seed 45] iter  29000 | cost=1.340308e-01 | strength=1.340e-01
[seed 45] train metrics: {'cost': 0.13386544585227966, 'strength_cost': 0.13386544585227966, 'alphaD_cost': 0.0, 'm1_cost': 0.0}

*** GLOBAL BEST *** cost=1.338635e-01 (seed=45, iter=29718)
Saved outputs in /private/tmp/smlr_h2_10model_sweep_20260519_123636/sweep_runs/m04_n13_ret1_fold2_linear_exp_affine_lr1e-2
