1.060108966142780851e+01 1.871885242990356640e-19
1.252937925367040961e+01 4.222057705239047965e-18
1.274264102562620771e+01 8.962646642423620358e-02
1.313072529178201187e+01 3.515053994142473895e-17
1.313072529178385395e+01 3.804897218154035030e-17
1.313424427846364573e+01 1.772262346371589886e-02
1.398737916470344267e+01 2.511222566399822637e-02
1.398737916470419762e+01 5.916581388056160046e-02
1.462711302671565505e+01 5.122775364620191213e-19
1.547492738100119247e+01 5.762838269243224926e-02
1.669403261180758236e+01 2.121268549213719662e-17
1.696641812462287646e+01 9.666711430860792931e-03
1.703654664782584405e+01 6.895676792117023740e-18
1.703654664784860984e+01 2.786783490984131646e-16
1.705320327059591889e+01 1.830670940401759456e-03
1.705320327061762598e+01 1.955926313684738099e-02
1.776622138238341009e+01 2.019695804024307749e-18
1.882576090802660218e+01 4.969660716788377153e-17
1.892382192334937585e+01 1.936940711944568419e-02
2.030606600281830154e+01 6.230301409428365411e-02
2.375710884603673279e+01 2.538700958200443109e-19
2.375710884604801976e+01 6.504139493493181260e-19
2.384422923633634994e+01 2.284625442884110496e-04
2.384422923637919212e+01 1.078919561987061980e-02
2.418000576292391557e+01 3.036247453757900022e-17
2.418000576292418913e+01 6.364391732221590837e-18
2.532888441451562755e+01 9.069392248736331102e-18
2.591832376952536166e+01 1.870876405012742924e-02
2.629193267100750475e+01 5.456011104463554320e-03
2.643209942982243987e+01 2.941681717773894644e-02
2.643209942987907368e+01 1.034934831290844912e-03
2.651824352267103180e+01 3.928566831778507899e-17
2.651824352273099805e+01 6.180386142276929794e-17
2.654608589484941916e+01 5.555775700976500753e-02
2.654608589485059511e+01 3.891480833624988422e-02
2.669254738767771684e+01 7.603177703525374069e-17
2.828123647832734022e+01 5.936912273719027081e-19
2.828123647834861387e+01 2.935838788777901367e-20
2.829177494212897415e+01 4.154555628909786975e-03
2.829177494215092992e+01 2.871184258811831612e-05
2.848692673989626911e+01 8.728448377854879886e-16
2.848692674002121095e+01 1.112312619486288301e-16
2.853881613874186840e+01 7.297146283601747135e-03
2.853881613888695412e+01 5.411577546848941010e-03
2.947981291809005455e+01 4.309439988825555649e-05
2.957723561517605404e+01 1.928018942584858470e-15
3.013460968280921648e+01 1.199622199210785903e-02
3.042285909291523893e+01 2.717050725610291700e-15
3.057781776649785144e+01 6.624278692086309202e-18
3.057781776670913132e+01 1.892567388319604769e-15
3.130144773771401745e+01 7.276101456156102963e-06
3.130144773792051893e+01 5.122203922995834146e-04
3.179394974414422848e+01 8.705037818726031953e-03
3.254435131783463930e+01 1.248869012015755109e-14
3.323978717353370627e+01 4.153437916249828616e-05
3.384801129744536752e+01 6.873263321288378380e-14
3.387453766276372846e+01 2.709203423421765922e-15
3.387453766290842339e+01 1.830530222079743569e-15
3.404752501904613382e+01 7.190472254594169801e-04
