1.060108966142780851e+01 1.464181829282361094e-17
1.252937925367040961e+01 1.040692872296069552e-16
1.274264102562620771e+01 1.144193006388364610e-02
1.313072529178201187e+01 6.303723293367132280e-16
1.313072529178385395e+01 6.166951161179762726e-16
1.313424427846364573e+01 2.090859698348232140e-02
1.398737916470344267e+01 1.163985171130433628e-02
1.398737916470419762e+01 2.742414255843608414e-02
1.462711302671565505e+01 2.057124159838968507e-17
1.547492738100119247e+01 1.178094458696548989e-02
1.669403261180758236e+01 3.341057713342317922e-18
1.696641812462287646e+01 1.788965236519591672e-03
1.703654664782584405e+01 1.059928449158686655e-16
1.703654664784860984e+01 3.189040458117182057e-15
1.705320327059591889e+01 5.956868028662070042e-04
1.705320327061762598e+01 6.364442543134986308e-03
1.776622138238341009e+01 4.047146060771816847e-17
1.882576090802660218e+01 1.745340239390604885e-16
1.892382192334937585e+01 7.571529439997308486e-02
2.030606600281830154e+01 2.421923545160283020e-02
2.375710884603673279e+01 1.135297435638334260e-16
2.375710884604801976e+01 5.233232635808541169e-16
2.384422923633634994e+01 1.272126623979715496e-03
2.384422923637919212e+01 6.007644670467719716e-02
2.418000576292391557e+01 9.616782998780559371e-20
2.418000576292418913e+01 3.169025552097007543e-18
2.532888441451562755e+01 7.350522978644816079e-17
2.591832376952536166e+01 3.511721872630846342e-02
2.629193267100750475e+01 4.474389246822996560e-03
2.643209942982243987e+01 4.925183106876959011e-02
2.643209942987907368e+01 1.732766352436294725e-03
2.651824352267103180e+01 9.186073005399141969e-16
2.651824352273099805e+01 4.732677265177379240e-16
2.654608589484941916e+01 1.596368215842945137e-01
2.654608589485059511e+01 1.118158151604415895e-01
2.669254738767771684e+01 2.398779204185680232e-15
2.828123647832734022e+01 2.370089428383963044e-16
2.828123647834861387e+01 8.207269480963274602e-18
2.829177494212897415e+01 1.809871596190078605e-02
2.829177494215092992e+01 1.250789907991590370e-04
2.848692673989626911e+01 8.857939546348758687e-15
2.848692674002121095e+01 7.364822802676867072e-16
2.853881613874186840e+01 2.778319893631058055e-03
2.853881613888695412e+01 2.060411521980240121e-03
2.947981291809005455e+01 4.362554335200968803e-03
2.957723561517605404e+01 1.537775833833579688e-15
3.013460968280921648e+01 1.356264183293447168e-02
3.042285909291523893e+01 2.155348350316004375e-15
3.057781776649785144e+01 6.234274551658746651e-17
3.057781776670913132e+01 1.755479517435767837e-14
3.130144773771401745e+01 1.341684896011629398e-06
3.130144773792051893e+01 9.445314075964334659e-05
3.179394974414422848e+01 9.699914378272101595e-03
3.254435131783463930e+01 6.992090294717873377e-14
3.323978717353370627e+01 8.127348056211023417e-04
3.384801129744536752e+01 3.516556607753835126e-13
3.387453766276372846e+01 7.870148049448332862e-15
3.387453766290842339e+01 4.875313717781189602e-14
3.404752501904613382e+01 4.436112354443492653e-03
