1.060108966142780851e+01 9.832628763760460338e-18
1.252937925367040961e+01 4.526887519006725382e-18
1.274264102562620771e+01 1.693294556095678582e-01
1.313072529178201187e+01 1.508931921183319182e-20
1.313072529178385395e+01 1.179870185240866255e-18
1.313424427846364573e+01 1.771317572036782903e-02
1.398737916470344267e+01 4.608410065252525012e-20
1.398737916470419762e+01 2.472222403597354401e-18
1.462711302671565505e+01 4.217230826388074061e-18
1.547492738100119247e+01 1.077477298956381613e-01
1.669403261180758236e+01 4.898920256097153160e-17
1.696641812462287646e+01 4.869629396891921036e-02
1.703654664782584405e+01 2.649890971931367587e-21
1.703654664784860984e+01 1.057033321409914721e-21
1.705320327059591889e+01 9.549159741790170520e-23
1.705320327061762598e+01 3.829779593570311151e-23
1.776622138238341009e+01 6.108601833271429907e-17
1.882576090802660218e+01 7.964907552571880200e-17
1.892382192334937585e+01 9.010982992516661585e-03
2.030606600281830154e+01 1.406436521612161317e-01
2.375710884603673279e+01 4.020421210384951406e-19
2.375710884604801976e+01 2.026959217418013007e-17
2.384422923633634994e+01 1.940922645905755759e-19
2.384422923637919212e+01 3.931892505286701089e-17
2.418000576292391557e+01 2.380324757645321272e-21
2.418000576292418913e+01 6.265087523249618556e-21
2.532888441451562755e+01 1.052199128197862426e-16
2.591832376952536166e+01 7.437390478525555439e-03
2.629193267100750475e+01 4.861622115034394676e-02
2.643209942982243987e+01 3.064576251501194463e-21
2.643209942987907368e+01 4.810194275457219934e-21
2.651824352267103180e+01 2.202054995790471281e-21
2.651824352273099805e+01 3.407709040410606221e-21
2.654608589484941916e+01 2.457578430940108751e-19
2.654608589485059511e+01 6.986889586363046036e-23
2.669254738767771684e+01 5.974598453717184349e-16
2.828123647832734022e+01 1.725127809391915739e-18
2.828123647834861387e+01 9.615467795438026342e-20
2.829177494212897415e+01 1.073914223865851817e-18
2.829177494215092992e+01 5.520927054292978325e-21
2.848692673989626911e+01 4.380678334022915942e-20
2.848692674002121095e+01 1.956665980496647050e-24
2.853881613874186840e+01 3.190076698944412289e-20
2.853881613888695412e+01 1.433482566108605355e-24
2.947981291809005455e+01 2.913797356898503027e-03
2.957723561517605404e+01 4.439342444168348543e-15
3.013460968280921648e+01 3.702717754511652970e-02
3.042285909291523893e+01 9.614095951035317330e-15
3.057781776649785144e+01 3.269720559537278503e-20
3.057781776670913132e+01 2.456289708732891395e-20
3.130144773771401745e+01 2.678648868519670687e-21
3.130144773792051893e+01 2.248571579732343416e-21
3.179394974414422848e+01 2.550993341955199237e-02
3.254435131783463930e+01 2.619069079412276089e-14
3.323978717353370627e+01 2.906180337715899064e-06
3.384801129744536752e+01 1.434282253834669884e-13
3.387453766276372846e+01 1.574246413209287036e-19
3.387453766290842339e+01 8.918096458119424377e-16
3.404752501904613382e+01 1.451613820469444156e-03
