1.060108966142780851e+01 1.595712188277219315e-19
1.252937925367040961e+01 1.201110737763283504e-20
1.274264102562620771e+01 1.477848838783763635e-02
1.313072529178201187e+01 1.141586444429963220e-17
1.313072529178385395e+01 2.125350456227812207e-17
1.313424427846364573e+01 3.044754366049439668e-03
1.398737916470344267e+01 2.502115717563508507e-02
1.398737916470419762e+01 5.895125232244695368e-02
1.462711302671565505e+01 4.969294710463221341e-19
1.547492738100119247e+01 7.209918279938313038e-03
1.669403261180758236e+01 9.352000452488021396e-18
1.696641812462287646e+01 2.188536435297227693e-07
1.703654664782584405e+01 9.231647714325701646e-20
1.703654664784860984e+01 6.611088225694694932e-18
1.705320327059591889e+01 1.787932783118431970e-04
1.705320327061762598e+01 1.910263911486837982e-03
1.776622138238341009e+01 5.893328309585110628e-18
1.882576090802660218e+01 1.547750936482059726e-19
1.892382192334937585e+01 3.528168976812269021e-03
2.030606600281830154e+01 5.165855515676409139e-03
2.375710884603673279e+01 8.353096019286260629e-20
2.375710884604801976e+01 3.127166121644337840e-18
2.384422923633634994e+01 9.548735987996866917e-05
2.384422923637919212e+01 4.509412600281012366e-03
2.418000576292391557e+01 2.597541864990635257e-17
2.418000576292418913e+01 5.413224704085966933e-18
2.532888441451562755e+01 7.279156657310295664e-20
2.591832376952536166e+01 1.759977014400729116e-03
2.629193267100750475e+01 1.384315762402857700e-04
2.643209942982243987e+01 1.562436956001774218e-03
2.643209942987907368e+01 5.496924558036723476e-05
2.651824352267103180e+01 1.849431006269463838e-20
2.651824352273099805e+01 2.565267022825690742e-18
2.654608589484941916e+01 3.097809550337408610e-02
2.654608589485059511e+01 2.169825996441594046e-02
2.669254738767771684e+01 2.896443622109412128e-18
2.828123647832734022e+01 8.893190788198609517e-21
2.828123647834861387e+01 9.190065574569032198e-21
2.829177494212897415e+01 1.515836359503690820e-04
2.829177494215092992e+01 1.047583817321579225e-06
2.848692673989626911e+01 3.902697746965660533e-16
2.848692674002121095e+01 2.714365761897839894e-17
2.853881613874186840e+01 4.676864059046645155e-04
2.853881613888695412e+01 3.468374521119853954e-04
2.947981291809005455e+01 9.501250919250443599e-05
2.957723561517605404e+01 1.701680255482426237e-16
3.013460968280921648e+01 6.758553160909389589e-04
3.042285909291523893e+01 4.755521077420775455e-17
3.057781776649785144e+01 2.511186605603322772e-19
3.057781776670913132e+01 6.661080302986649578e-17
3.130144773771401745e+01 4.697616505980126680e-07
3.130144773792051893e+01 3.307011498979170943e-05
3.179394974414422848e+01 4.541614189050423452e-04
3.254435131783463930e+01 1.732669379750153674e-16
3.323978717353370627e+01 1.138769108076163686e-05
3.384801129744536752e+01 2.673782951029732970e-15
3.387453766276372846e+01 2.601001732170498662e-15
3.387453766290842339e+01 3.367733386232783584e-16
3.404752501904613382e+01 2.720679943271317016e-05
