1.060108966142780851e+01 3.930431400324377723e-28
1.252937925367040961e+01 3.667807212852723716e-17
1.274264102562620771e+01 1.086807604955358287e-21
1.313072529178201187e+01 1.013961235389475506e-16
1.313072529178385395e+01 1.926566395594153393e-16
1.313424427846364573e+01 1.771137848982692886e-02
1.398737916470344267e+01 5.313941467349130726e-02
1.398737916470419762e+01 1.251994479674306271e-01
1.462711302671565505e+01 3.921041502631790423e-27
1.547492738100119247e+01 3.725771507162820518e-23
1.669403261180758236e+01 2.516228399658501196e-19
1.696641812462287646e+01 7.509992702331314690e-04
1.703654664782584405e+01 7.322122572992783284e-27
1.703654664784860984e+01 3.026158093967245699e-26
1.705320327059591889e+01 1.648750252484187599e-26
1.705320327061762598e+01 3.531820230031050056e-25
1.776622138238341009e+01 2.217882749418717274e-17
1.882576090802660218e+01 5.985770098988677386e-26
1.892382192334937585e+01 3.397794047724697619e-02
2.030606600281830154e+01 2.694368576012333544e-22
2.375710884603673279e+01 1.511652215590023728e-20
2.375710884604801976e+01 7.170516328222887166e-18
2.384422923633634994e+01 9.819483357375437347e-04
2.384422923637919212e+01 4.637273560631479524e-02
2.418000576292391557e+01 4.649507860563400695e-17
2.418000576292418913e+01 1.208072680606650891e-17
2.532888441451562755e+01 1.374644334464650260e-25
2.591832376952536166e+01 9.196607007531934492e-21
2.629193267100750475e+01 7.129563843943465679e-03
2.643209942982243987e+01 3.139626462669209340e-22
2.643209942987907368e+01 9.724190782060303876e-25
2.651824352267103180e+01 1.675739814382705404e-26
2.651824352273099805e+01 6.575116753990023239e-26
2.654608589484941916e+01 1.271791658524254742e-01
2.654608589485059511e+01 8.908122149840685955e-02
2.669254738767771684e+01 1.267396641694014832e-19
2.828123647832734022e+01 5.812181251828814768e-25
2.828123647834861387e+01 1.688099316171732435e-26
2.829177494212897415e+01 4.315963318682797423e-25
2.829177494215092992e+01 1.425524190895052613e-26
2.848692673989626911e+01 1.648311231107975782e-15
2.848692674002121095e+01 1.213914281496739427e-16
2.853881613874186840e+01 7.253327824509317651e-05
2.853881613888695412e+01 5.379116986613222167e-05
2.947981291809005455e+01 2.182642294085779429e-03
2.957723561517605404e+01 5.701363100794149516e-24
3.013460968280921648e+01 3.571178960079585011e-23
3.042285909291523893e+01 5.502308148803690250e-24
3.057781776649785144e+01 4.152309056553908088e-29
3.057781776670913132e+01 1.185838450999872290e-26
3.130144773771401745e+01 1.526520757520911861e-26
3.130144773792051893e+01 2.040813803252172335e-24
3.179394974414422848e+01 4.541517833570649219e-23
3.254435131783463930e+01 1.851150806166624667e-15
3.323978717353370627e+01 1.777093648744733974e-04
3.384801129744536752e+01 2.348703022582264951e-14
3.387453766276372846e+01 4.655139641623308714e-15
3.387453766290842339e+01 5.065365184310566126e-15
3.404752501904613382e+01 2.085508529721112375e-04
