1.060108966142780851e+01 5.039448803813205926e-18
1.252937925367040961e+01 7.881534688043355031e-19
1.274264102562620771e+01 1.469757693242030316e-01
1.313072529178201187e+01 7.697141440526253535e-18
1.313072529178385395e+01 5.176562181029149379e-18
1.313424427846364573e+01 1.771801632143079480e-02
1.398737916470344267e+01 7.067384195061083944e-03
1.398737916470419762e+01 1.665115380632630621e-02
1.462711302671565505e+01 2.443406561081338055e-18
1.547492738100119247e+01 9.381401034226501123e-02
1.669403261180758236e+01 4.211684843855478223e-17
1.696641812462287646e+01 3.429193525301400813e-02
1.703654664782584405e+01 4.250587162046500337e-18
1.703654664784860984e+01 1.598017347693518985e-16
1.705320327059591889e+01 8.981947724157606384e-04
1.705320327061762598e+01 9.596496883335315850e-03
1.776622138238341009e+01 3.521181970634345460e-17
1.882576090802660218e+01 7.388148930782053877e-17
1.892382192334937585e+01 1.161975988646544306e-02
2.030606600281830154e+01 1.159916430090132816e-01
2.375710884603673279e+01 1.503844953936085152e-20
2.375710884604801976e+01 1.056071126603318254e-17
2.384422923633634994e+01 1.861359252071437397e-05
2.384422923637919212e+01 8.790314453391895235e-04
2.418000576292391557e+01 9.997684975730475435e-18
2.418000576292418913e+01 1.879005806669321560e-18
2.532888441451562755e+01 6.210719013391909858e-17
2.591832376952536166e+01 1.173368403467936298e-02
2.629193267100750475e+01 3.194873246441549963e-02
2.643209942982243987e+01 1.386456132032975845e-02
2.643209942987907368e+01 4.877794240317282750e-04
2.651824352267103180e+01 4.291293670350545274e-17
2.651824352273099805e+01 3.104579349798120111e-17
2.654608589484941916e+01 1.467835598248840891e-02
2.654608589485059511e+01 1.028128996958609966e-02
2.669254738767771684e+01 3.633457214829171567e-16
2.828123647832734022e+01 1.658957239989300383e-19
2.828123647834861387e+01 8.205892689150173802e-20
2.829177494212897415e+01 6.063672123360328882e-04
2.829177494215092992e+01 4.190560825739645091e-06
2.848692673989626911e+01 2.747564507284796179e-16
2.848692674002121095e+01 4.750531116035507365e-17
2.853881613874186840e+01 5.849233515014655611e-03
2.853881613888695412e+01 4.337801848057237786e-03
2.947981291809005455e+01 1.655975244471432749e-03
2.957723561517605404e+01 3.628181806881435025e-15
3.013460968280921648e+01 2.815178585818813375e-02
3.042285909291523893e+01 7.068979494524324795e-15
3.057781776649785144e+01 3.961813411518003913e-18
3.057781776670913132e+01 1.092759707413712308e-15
3.130144773771401745e+01 3.198093721519784644e-06
3.130144773792051893e+01 2.251382052273673794e-04
3.179394974414422848e+01 1.965034134445835245e-02
3.254435131783463930e+01 2.221562141285063094e-14
3.323978717353370627e+01 8.252041130753727031e-06
3.384801129744536752e+01 1.181797114151127347e-13
3.387453766276372846e+01 8.881969182271896128e-16
3.387453766290842339e+01 9.870873296853373079e-16
3.404752501904613382e+01 1.218331913206763695e-03
