1.060108966142780851e+01 1.330963106253999347e-17
1.252937925367040961e+01 1.412888407007152256e-17
1.274264102562620771e+01 4.474028575063182522e-02
1.313072529178201187e+01 2.174433866671886666e-16
1.313072529178385395e+01 3.263379523172577755e-17
1.313424427846364573e+01 2.226669232006368848e-02
1.398737916470344267e+01 8.764823523800117575e-03
1.398737916470419762e+01 2.065041208985578594e-02
1.462711302671565505e+01 1.057139806472207145e-17
1.547492738100119247e+01 4.399022624862950620e-02
1.669403261180758236e+01 9.021833938159133264e-17
1.696641812462287646e+01 1.431097568379184268e-02
1.703654664782584405e+01 1.329682313421554134e-16
1.703654664784860984e+01 4.289635736001807599e-15
1.705320327059591889e+01 1.467409768891817651e-03
1.705320327061762598e+01 1.567811135196784528e-02
1.776622138238341009e+01 4.779938625322178904e-17
1.882576090802660218e+01 3.592956110405804961e-16
1.892382192334937585e+01 5.576117745084407246e-02
2.030606600281830154e+01 9.463946637135470241e-02
2.375710884603673279e+01 6.454668860177985294e-17
2.375710884604801976e+01 1.757582960540105219e-16
2.384422923633634994e+01 4.227887892172721060e-04
2.384422923637919212e+01 1.996628538065322103e-02
2.418000576292391557e+01 2.390026396895115401e-17
2.418000576292418913e+01 4.196953345445175507e-18
2.532888441451562755e+01 1.739160196827669586e-16
2.591832376952536166e+01 5.233162352879231621e-02
2.629193267100750475e+01 2.173998167367484705e-02
2.643209942982243987e+01 9.367514427379478037e-02
2.643209942987907368e+01 3.295656605120578318e-03
2.651824352267103180e+01 1.677668085960970883e-15
2.651824352273099805e+01 7.390083528093368677e-16
2.654608589484941916e+01 8.351203948051029446e-02
2.654608589485059511e+01 5.849506984771773305e-02
2.669254738767771684e+01 2.225722354901744392e-15
2.828123647832734022e+01 1.833873941571893066e-17
2.828123647834861387e+01 1.676380690777648193e-18
2.829177494212897415e+01 2.368931754713120980e-02
2.829177494215092992e+01 1.637152354997642347e-04
2.848692673989626911e+01 4.487803281248467317e-15
2.848692674002121095e+01 4.296916318249085541e-16
2.853881613874186840e+01 3.147909408777335716e-02
2.853881613888695412e+01 2.334495752439710511e-02
2.947981291809005455e+01 3.495532980530619325e-05
2.957723561517605404e+01 6.596347755995459237e-15
3.013460968280921648e+01 6.007219857828798026e-02
3.042285909291523893e+01 1.288763616151703041e-14
3.057781776649785144e+01 1.237427560933729115e-16
3.057781776670913132e+01 3.007687444161326863e-14
3.130144773771401745e+01 4.859087646181461629e-06
3.130144773792051893e+01 3.420704815574668995e-04
3.179394974414422848e+01 4.444620849504300059e-02
3.254435131783463930e+01 1.254697037747248750e-13
3.323978717353370627e+01 7.921273204217927234e-04
3.384801129744536752e+01 7.520282686406407936e-13
3.387453766276372846e+01 2.864833967457394931e-15
3.387453766290842339e+01 1.813866998061989811e-14
3.404752501904613382e+01 5.490430004763702590e-03
