1.060108966142780851e+01 1.536594178021366316e-18
1.252937925367040961e+01 2.254164040825415917e-19
1.274264102562620771e+01 1.484507108875592341e-01
1.313072529178201187e+01 5.186260209135076215e-21
1.313072529178385395e+01 4.032188829070783170e-19
1.313424427846364573e+01 9.666156661372974149e-03
1.398737916470344267e+01 1.568930003782393958e-20
1.398737916470419762e+01 8.417136025425950925e-19
1.462711302671565505e+01 8.108696834669240882e-19
1.547492738100119247e+01 8.180465351641660887e-02
1.669403261180758236e+01 2.815015364258460279e-17
1.696641812462287646e+01 2.647653145919686909e-02
1.703654664782584405e+01 5.137734791494328376e-22
1.703654664784860984e+01 2.011048861028598561e-22
1.705320327059591889e+01 1.055590797510038686e-22
1.705320327061762598e+01 4.246820839708073328e-23
1.776622138238341009e+01 3.977329617945185027e-17
1.882576090802660218e+01 2.235679409495084629e-17
1.892382192334937585e+01 3.415529555044452721e-03
2.030606600281830154e+01 8.441838267514502336e-02
2.375710884603673279e+01 1.416734825830717858e-19
2.375710884604801976e+01 6.790202072522156307e-18
2.384422923633634994e+01 6.727214374623506675e-20
2.384422923637919212e+01 1.314404440116169527e-17
2.418000576292391557e+01 1.192776351201476282e-21
2.418000576292418913e+01 3.139464725771201730e-21
2.532888441451562755e+01 3.223514405372898237e-17
2.591832376952536166e+01 6.838982793517862924e-03
2.629193267100750475e+01 1.968426184107767776e-02
2.643209942982243987e+01 2.092570556611519196e-21
2.643209942987907368e+01 3.282549006775132043e-21
2.651824352267103180e+01 2.503799276573336243e-21
2.651824352273099805e+01 3.872745692015074836e-21
2.654608589484941916e+01 8.141160323716573272e-20
2.654608589485059511e+01 2.318787173747731621e-23
2.669254738767771684e+01 1.439520994556299108e-16
2.828123647832734022e+01 1.407524242984490997e-18
2.828123647834861387e+01 7.661688602068283555e-20
2.829177494212897415e+01 7.633566439174477524e-19
2.829177494215092992e+01 4.315773678432387166e-21
2.848692673989626911e+01 1.755932481582987968e-20
2.848692674002121095e+01 8.201733081604817977e-25
2.853881613874186840e+01 1.200841927205724034e-20
2.853881613888695412e+01 5.694037147397914578e-25
2.947981291809005455e+01 1.286667175627122022e-03
2.957723561517605404e+01 2.399235817144928457e-15
3.013460968280921648e+01 1.702074627580345625e-02
3.042285909291523893e+01 3.354371127929227805e-15
3.057781776649785144e+01 2.420214957622954717e-20
3.057781776670913132e+01 1.817376744640424569e-20
3.130144773771401745e+01 2.144401433292039397e-21
3.130144773792051893e+01 1.795002090881139520e-21
3.179394974414422848e+01 1.130824032410349643e-02
3.254435131783463930e+01 1.021217422563969408e-14
3.323978717353370627e+01 1.413633324190800392e-07
3.384801129744536752e+01 4.663154518591562561e-14
3.387453766276372846e+01 6.383361870674870601e-20
3.387453766290842339e+01 3.561574153140082281e-16
3.404752501904613382e+01 5.634806030890515639e-04
