1.060108966142780851e+01 1.285549398118281787e-20
1.252937925367040961e+01 1.003727084756525323e-23
1.274264102562620771e+01 2.035572175383984495e-03
1.313072529178201187e+01 2.472108776465147638e-20
1.313072529178385395e+01 4.879893806481800057e-20
1.313424427846364573e+01 1.440442655196465106e-06
1.398737916470344267e+01 1.019243242256129869e-04
1.398737916470419762e+01 2.401394350795310498e-04
1.462711302671565505e+01 2.043165987449916585e-20
1.547492738100119247e+01 8.503742531401287455e-04
1.669403261180758236e+01 9.157591839700174843e-21
1.696641812462287646e+01 2.689916890703688645e-06
1.703654664782584405e+01 2.499186962763332845e-23
1.703654664784860984e+01 1.918068374207619053e-21
1.705320327059591889e+01 8.208664509290026593e-08
1.705320327061762598e+01 8.770304763649257673e-07
1.776622138238341009e+01 3.706121499023059177e-21
1.882576090802660218e+01 4.396091516911554597e-19
1.892382192334937585e+01 3.764064252959166996e-07
2.030606600281830154e+01 5.421908324329413826e-04
2.375710884603673279e+01 1.754132413013501531e-23
2.375710884604801976e+01 6.740461864564535817e-22
2.384422923633634994e+01 1.117525282538113373e-09
2.384422923637919212e+01 5.277540755928889530e-08
2.418000576292391557e+01 9.596396613063028947e-20
2.418000576292418913e+01 1.976622394676978277e-20
2.532888441451562755e+01 1.916670986265563659e-20
2.591832376952536166e+01 1.125435255208682192e-04
2.629193267100750475e+01 1.130527765391810804e-06
2.643209942982243987e+01 5.255728041271803238e-07
2.643209942987907368e+01 1.849056384029217595e-08
2.651824352267103180e+01 5.211692918109696381e-23
2.651824352273099805e+01 9.085885807858204574e-22
2.654608589484941916e+01 9.275469000325606999e-05
2.654608589485059511e+01 6.496898356428629641e-05
2.669254738767771684e+01 4.456245093018424385e-22
2.828123647832734022e+01 1.694137292477211442e-20
2.828123647834861387e+01 9.180897095564098951e-22
2.829177494212897415e+01 1.927365238692907887e-10
2.829177494215092992e+01 1.331956111272877853e-12
2.848692673989626911e+01 1.200080677318388158e-18
2.848692674002121095e+01 6.769044662695427958e-20
2.853881613874186840e+01 1.595468811796583513e-06
2.853881613888695412e+01 1.183203801670858648e-06
2.947981291809005455e+01 6.885863415634357174e-08
2.957723561517605404e+01 2.190860677325808474e-17
3.013460968280921648e+01 7.466910874558459882e-05
3.042285909291523893e+01 4.114143497201179939e-18
3.057781776649785144e+01 2.537748457776610836e-22
3.057781776670913132e+01 2.258309220007357163e-20
3.130144773771401745e+01 1.628381841442767797e-10
3.130144773792051893e+01 1.146342559025350272e-08
3.179394974414422848e+01 4.591030201750314845e-05
3.254435131783463930e+01 3.873241446013017706e-19
3.323978717353370627e+01 1.103713506505698000e-11
3.384801129744536752e+01 2.578119656964494455e-18
3.387453766276372846e+01 1.162966976976694950e-17
3.387453766290842339e+01 3.517894207816965303e-19
3.404752501904613382e+01 4.096516889409598096e-08
