1.060108966142780851e+01 3.072463463719157710e-16
1.252937925367040961e+01 1.707322050357524954e-17
1.274264102562620771e+01 4.395097392724221091e-02
1.313072529178201187e+01 4.996255726032187430e-17
1.313072529178385395e+01 3.406168235920979832e-17
1.313424427846364573e+01 1.450840773686764944e-02
1.398737916470344267e+01 1.210680220383623029e-03
1.398737916470419762e+01 2.852428871452831506e-03
1.462711302671565505e+01 2.503826712041522260e-19
1.547492738100119247e+01 4.698366029069384747e-02
1.669403261180758236e+01 4.732778552839626734e-16
1.696641812462287646e+01 2.672033248383470436e-02
1.703654664782584405e+01 6.723972410363235087e-17
1.703654664784860984e+01 2.377437324693518784e-15
1.705320327059591889e+01 4.357008251383808189e-04
1.705320327061762598e+01 4.655119194806507828e-03
1.776622138238341009e+01 3.850705369227036668e-16
1.882576090802660218e+01 6.035334460007824103e-16
1.892382192334937585e+01 3.042865804238699054e-02
2.030606600281830154e+01 1.322600542113361866e-01
2.375710884603673279e+01 8.561429024932019250e-18
2.375710884604801976e+01 2.129073911142352325e-16
2.384422923633634994e+01 2.160826155158906254e-05
2.384422923637919212e+01 1.020454772853360368e-03
2.418000576292391557e+01 1.673895930976036619e-17
2.418000576292418913e+01 1.135171271223106374e-18
2.532888441451562755e+01 9.246155161404672976e-16
2.591832376952536166e+01 2.397712189274606165e-02
2.629193267100750475e+01 1.019267218459037755e-01
2.643209942982243987e+01 3.373914890883644019e-02
2.643209942987907368e+01 1.187003251740085868e-03
2.651824352267103180e+01 1.554649442642145468e-15
2.651824352273099805e+01 4.951859735455272546e-16
2.654608589484941916e+01 1.429227831702629785e-02
2.654608589485059511e+01 1.001086553276495095e-02
2.669254738767771684e+01 7.052742309178893493e-15
2.828123647832734022e+01 5.606394765664990255e-19
2.828123647834861387e+01 4.677236440247265389e-21
2.829177494212897415e+01 3.383610540399220601e-03
2.829177494215092992e+01 2.338389747767927036e-05
2.848692673989626911e+01 2.259937640808152329e-15
2.848692674002121095e+01 1.826285153297892600e-16
2.853881613874186840e+01 2.777614591990684029e-02
2.853881613888695412e+01 2.059884173118274250e-02
2.947981291809005455e+01 4.836608083714751872e-04
2.957723561517605404e+01 1.392667414664086894e-14
3.013460968280921648e+01 1.554041949542902257e-01
3.042285909291523893e+01 2.943063235450128008e-14
3.057781776649785144e+01 1.255388441352515145e-16
3.057781776670913132e+01 2.450351118421129159e-14
3.130144773771401745e+01 3.860179337057559162e-08
3.130144773792051893e+01 2.717630398285176066e-06
3.179394974414422848e+01 1.105892202465081214e-01
3.254435131783463930e+01 2.124366889361947193e-13
3.323978717353370627e+01 1.790569260050986922e-03
3.384801129744536752e+01 1.669699822767994828e-12
3.387453766276372846e+01 9.298737912562682581e-16
3.387453766290842339e+01 8.610198292508372257e-15
3.404752501904613382e+01 8.098452583288048845e-03
