1.060108966142780851e+01 6.290976475670506428e-18
1.252937925367040961e+01 1.009525157076456751e-17
1.274264102562620771e+01 6.006130540549911578e-02
1.313072529178201187e+01 1.621023977452347412e-16
1.313072529178385395e+01 4.712162980685449909e-17
1.313424427846364573e+01 2.601664637742531760e-02
1.398737916470344267e+01 1.345230650145941981e-02
1.398737916470419762e+01 3.169438595898437655e-02
1.462711302671565505e+01 9.560323375875369667e-18
1.547492738100119247e+01 5.466787555069199667e-02
1.669403261180758236e+01 5.226317990639677086e-17
1.696641812462287646e+01 1.623597073577107489e-02
1.703654664782584405e+01 8.866515945458951088e-17
1.703654664784860984e+01 2.878097172132021320e-15
1.705320327059591889e+01 1.960813802998096888e-03
1.705320327061762598e+01 2.094974014989649594e-02
1.776622138238341009e+01 1.802993033421934427e-17
1.882576090802660218e+01 2.709445367415687063e-16
1.892382192334937585e+01 5.584552477665719050e-02
2.030606600281830154e+01 1.024929292211796961e-01
2.375710884603673279e+01 3.141969943303212666e-17
2.375710884604801976e+01 8.938416272109906244e-17
2.384422923633634994e+01 4.685037373743387770e-04
2.384422923637919212e+01 2.212518774396320109e-02
2.418000576292391557e+01 2.761428596190728140e-17
2.418000576292418913e+01 5.355143995345041390e-18
2.532888441451562755e+01 9.768332173669288550e-17
2.591832376952536166e+01 4.893611477133048143e-02
2.629193267100750475e+01 2.004868326214985508e-02
2.643209942982243987e+01 9.283460765312601115e-02
2.643209942987907368e+01 3.266084343427252609e-03
2.651824352267103180e+01 9.948170719438664685e-16
2.651824352273099805e+01 4.897604077193328353e-16
2.654608589484941916e+01 8.988262376671554699e-02
2.654608589485059511e+01 6.295727503540683723e-02
2.669254738767771684e+01 1.377698057039703249e-15
2.828123647832734022e+01 3.662322755830930306e-18
2.828123647834861387e+01 5.904413015042848074e-19
2.829177494212897415e+01 2.148434960529119198e-02
2.829177494215092992e+01 1.484768480160460083e-04
2.848692673989626911e+01 3.238469624889615495e-15
2.848692674002121095e+01 3.819996225162717982e-16
2.853881613874186840e+01 2.892249672040141453e-02
2.853881613888695412e+01 2.144897818435091350e-02
2.947981291809005455e+01 1.514511532492680075e-06
2.957723561517605404e+01 5.685571052095917062e-15
3.013460968280921648e+01 4.703668109215761173e-02
3.042285909291523893e+01 1.176557740785076370e-14
3.057781776649785144e+01 7.213448395092947380e-17
3.057781776670913132e+01 1.875775746749404942e-14
3.130144773771401745e+01 9.795871633360022463e-06
3.130144773792051893e+01 6.896078936195938628e-04
3.179394974414422848e+01 3.556231578724587672e-02
3.254435131783463930e+01 8.612738404484566858e-14
3.323978717353370627e+01 4.868134325211029745e-04
3.384801129744536752e+01 5.236221198612609665e-13
3.387453766276372846e+01 2.626593426437599725e-15
3.387453766290842339e+01 1.274446875742397276e-14
3.404752501904613382e+01 4.107573729112516669e-03
