1.060108966142780851e+01 1.386021264747668072e-31
1.252937925367040961e+01 1.229059569535614833e-21
1.274264102562620771e+01 6.812377901572415259e-26
1.313072529178201187e+01 1.692666053346755059e-19
1.313072529178385395e+01 3.353197208841600094e-19
1.313424427846364573e+01 1.327323613162562544e-06
1.398737916470344267e+01 6.963069764788376191e-04
1.398737916470419762e+01 1.640538362731427556e-03
1.462711302671565505e+01 9.085137334638301540e-31
1.547492738100119247e+01 1.605910231069276417e-26
1.669403261180758236e+01 1.115413424837883811e-20
1.696641812462287646e+01 1.331337659131509370e-07
1.703654664782584405e+01 5.833026396334411013e-29
1.703654664784860984e+01 2.237849356852396756e-28
1.705320327059591889e+01 1.567278835324736290e-28
1.705320327061762598e+01 3.467598179218170724e-27
1.776622138238341009e+01 9.774944634487913264e-21
1.882576090802660218e+01 3.133007761377549815e-30
1.892382192334937585e+01 1.587451851034692122e-06
2.030606600281830154e+01 1.175187043200557829e-26
2.375710884603673279e+01 8.851847630186258446e-23
2.375710884604801976e+01 6.620391304371549728e-21
2.384422923633634994e+01 5.213968763765626121e-08
2.384422923637919212e+01 2.462308794458868290e-06
2.418000576292391557e+01 6.571207450575803866e-19
2.418000576292418913e+01 1.353108595479133213e-19
2.532888441451562755e+01 5.289851868849875011e-30
2.591832376952536166e+01 3.213803072027675281e-25
2.629193267100750475e+01 2.333384666582699255e-07
2.643209942982243987e+01 1.642181415524431430e-24
2.643209942987907368e+01 5.418537526453773287e-27
2.651824352267103180e+01 1.176401641730924415e-28
2.651824352273099805e+01 3.628475122081678121e-28
2.654608589484941916e+01 6.343800314679058985e-04
2.654608589485059511e+01 4.443443866474616061e-04
2.669254738767771684e+01 5.867799870261728683e-21
2.828123647832734022e+01 1.103425751414813630e-29
2.828123647834861387e+01 2.698868153305644729e-31
2.829177494212897415e+01 5.468625101435312094e-30
2.829177494215092992e+01 8.041005143702047384e-31
2.848692673989626911e+01 8.192202703345978770e-18
2.848692674002121095e+01 4.577252476947986727e-19
2.853881613874186840e+01 1.019903093073076694e-05
2.853881613888695412e+01 7.563628107110469496e-06
2.947981291809005455e+01 7.490909096915735840e-08
2.957723561517605404e+01 1.265774000080669009e-28
3.013460968280921648e+01 5.573100182884240857e-27
3.042285909291523893e+01 2.905618240351681530e-28
3.057781776649785144e+01 1.280394229517480728e-29
3.057781776670913132e+01 7.813139698588122816e-28
3.130144773771401745e+01 6.608051921897301806e-32
3.130144773792051893e+01 2.355535171238952179e-27
3.179394974414422848e+01 1.078356170686402695e-27
3.254435131783463930e+01 5.820426913979257959e-21
3.323978717353370627e+01 5.825008684100879245e-09
3.384801129744536752e+01 7.018669200037669879e-19
3.387453766276372846e+01 7.924613167099897957e-17
3.387453766290842339e+01 2.286773811664037601e-18
3.404752501904613382e+01 5.147121651243764914e-09
