1.060108966142780851e+01 2.752782016327535759e-19
1.252937925367040961e+01 2.406862322980732688e-17
1.274264102562620771e+01 2.731599240807242729e-02
1.313072529178201187e+01 7.812493311636510350e-17
1.313072529178385395e+01 1.289634361454016556e-16
1.313424427846364573e+01 1.771688381211123514e-02
1.398737916470344267e+01 4.461419269060926812e-02
1.398737916470419762e+01 1.051135450279381545e-01
1.462711302671565505e+01 5.378731642530362564e-20
1.547492738100119247e+01 1.768867887446203338e-02
1.669403261180758236e+01 3.479687941946312876e-18
1.696641812462287646e+01 9.550524867377140883e-05
1.703654664782584405e+01 2.779337498361083406e-18
1.703654664784860984e+01 1.213605336477542751e-16
1.705320327059591889e+01 9.328226801262580817e-04
1.705320327061762598e+01 9.966468459186618445e-03
1.776622138238341009e+01 8.764330000886737853e-18
1.882576090802660218e+01 1.554070860023510614e-17
1.892382192334937585e+01 2.924360376338218034e-02
2.030606600281830154e+01 1.663658036576729990e-02
2.375710884603673279e+01 6.152687438781707850e-20
2.375710884604801976e+01 3.671203701186627113e-18
2.384422923633634994e+01 7.005892230914267851e-04
2.384422923637919212e+01 3.308548612362165187e-02
2.418000576292391557e+01 4.353606475316952799e-17
2.418000576292418913e+01 1.052748891011391246e-17
2.532888441451562755e+01 2.206941007487484096e-21
2.591832376952536166e+01 1.079689842679039738e-02
2.629193267100750475e+01 1.357937464095414909e-03
2.643209942982243987e+01 1.558350476484313650e-02
2.643209942987907368e+01 5.482547965669083267e-04
2.651824352267103180e+01 5.635177827987432687e-18
2.651824352273099805e+01 3.060087895569403526e-17
2.654608589484941916e+01 1.044724767133033000e-01
2.654608589485059511e+01 7.317657558112326821e-02
2.669254738767771684e+01 4.232344066716457655e-18
2.828123647832734022e+01 4.685592263206492652e-19
2.828123647834861387e+01 9.173486394540302259e-22
2.829177494212897415e+01 3.557707370441066507e-03
2.829177494215092992e+01 2.458706670682640660e-05
2.848692673989626911e+01 1.422591881530438242e-15
2.848692674002121095e+01 1.249750265474988185e-16
2.853881613874186840e+01 1.467550284311431360e-03
2.853881613888695412e+01 1.088339112034093390e-03
2.947981291809005455e+01 9.301658183318030869e-04
2.957723561517605404e+01 5.181239576864218376e-16
3.013460968280921648e+01 2.373827458927294833e-03
3.042285909291523893e+01 4.597919295040331603e-16
3.057781776649785144e+01 2.728969648885690818e-18
3.057781776670913132e+01 8.098473466098110156e-16
3.130144773771401745e+01 4.109538329726547399e-06
3.130144773792051893e+01 2.893018745724553636e-04
3.179394974414422848e+01 1.819194388879647557e-03
3.254435131783463930e+01 4.242457406113779685e-15
3.323978717353370627e+01 1.229845640506650349e-04
3.384801129744536752e+01 3.399733272938770439e-14
3.387453766276372846e+01 4.149513781295665346e-15
3.387453766290842339e+01 3.814191244020842506e-15
3.404752501904613382e+01 3.305538076440939417e-04
