1.060108966142780851e+01 6.573809605944279732e-27
1.252937925367040961e+01 1.307151591797615269e-16
1.274264102562620771e+01 1.979964003251849075e-21
1.313072529178201187e+01 8.194293079757404284e-16
1.313072529178385395e+01 1.408576130122590573e-15
1.313424427846364573e+01 2.242415032559670618e-02
1.398737916470344267e+01 1.511310523211635733e-02
1.398737916470419762e+01 3.560732706593432856e-02
1.462711302671565505e+01 2.492030921581941673e-26
1.547492738100119247e+01 2.838104931864186712e-22
1.669403261180758236e+01 8.317689845479767379e-18
1.696641812462287646e+01 1.454768501380158258e-04
1.703654664782584405e+01 9.337851779375687917e-27
1.703654664784860984e+01 5.290019081403737899e-26
1.705320327059591889e+01 3.878988465262560279e-27
1.705320327061762598e+01 1.088582275778593688e-25
1.776622138238341009e+01 4.499342692182482148e-17
1.882576090802660218e+01 8.543914074125357118e-25
1.892382192334937585e+01 8.976145793931801509e-02
2.030606600281830154e+01 8.433423004730817395e-22
2.375710884603673279e+01 7.017524395908387962e-17
2.375710884604801976e+01 7.017663535505487751e-16
2.384422923633634994e+01 1.939753278042147906e-03
2.384422923637919212e+01 9.160527560183528983e-02
2.418000576292391557e+01 7.103512631336835862e-18
2.418000576292418913e+01 2.697823331799842471e-18
2.532888441451562755e+01 2.365443453524008839e-24
2.591832376952536166e+01 3.714908589467698415e-20
2.629193267100750475e+01 2.727542711422127966e-02
2.643209942982243987e+01 4.719296702005408493e-22
2.643209942987907368e+01 1.319797683945516806e-24
2.651824352267103180e+01 1.448729115997300800e-26
2.651824352273099805e+01 7.873174293186517593e-26
2.654608589484941916e+01 2.062935527136576519e-01
2.654608589485059511e+01 1.444959966419369357e-01
2.669254738767771684e+01 2.723908411380247849e-15
2.828123647832734022e+01 8.980182297007382139e-24
2.828123647834861387e+01 2.794405968529606192e-25
2.829177494212897415e+01 8.211499489844971212e-24
2.829177494215092992e+01 2.694539573019444764e-25
2.848692673989626911e+01 1.037334256223589389e-14
2.848692674002121095e+01 9.557546490637642490e-16
2.853881613874186840e+01 3.116440169334154173e-04
2.853881613888695412e+01 2.311138778784773448e-04
2.947981291809005455e+01 8.485810105981131737e-03
2.957723561517605404e+01 1.410513136295801939e-22
3.013460968280921648e+01 4.718177512469244002e-24
3.042285909291523893e+01 1.579456725595553988e-22
3.057781776649785144e+01 1.027448479396961363e-27
3.057781776670913132e+01 2.681311462182701908e-25
3.130144773771401745e+01 1.056340195439708528e-27
3.130144773792051893e+01 5.572094120423597062e-26
3.179394974414422848e+01 1.406969920722425972e-21
3.254435131783463930e+01 3.348379082270792793e-14
3.323978717353370627e+01 7.607047284174128267e-04
3.384801129744536752e+01 1.716541565556653313e-13
3.387453766276372846e+01 1.122401553221441275e-14
3.387453766290842339e+01 6.482802847365023916e-14
3.404752501904613382e+01 3.487276923166978716e-03
