1.060108966142780851e+01 7.697763775588475344e-21
1.252937925367040961e+01 2.681723975379982525e-22
1.274264102562620771e+01 1.192647799397699099e-03
1.313072529178201187e+01 8.449813222639642252e-20
1.313072529178385395e+01 1.670077286163414508e-19
1.313424427846364573e+01 1.393029581791498810e-06
1.398737916470344267e+01 3.480585362226459780e-04
1.398737916470419762e+01 8.200454690383575645e-04
1.462711302671565505e+01 1.143445837384004098e-20
1.547492738100119247e+01 4.982821620506439108e-04
1.669403261180758236e+01 9.971885233379227013e-21
1.696641812462287646e+01 6.555537434413303598e-07
1.703654664782584405e+01 4.459399639538147410e-23
1.703654664784860984e+01 3.820979374752941943e-21
1.705320327059591889e+01 1.641876242347413378e-07
1.705320327061762598e+01 1.754214100600863977e-06
1.776622138238341009e+01 2.843326289052219815e-23
1.882576090802660218e+01 2.569747664216374038e-19
1.892382192334937585e+01 7.766299093629013938e-07
2.030606600281830154e+01 3.172787526682871733e-04
2.375710884603673279e+01 4.006625303120725479e-23
2.375710884604801976e+01 2.142673400261091881e-21
2.384422923633634994e+01 1.303018154944906530e-08
2.384422923637919212e+01 6.153533695746087348e-07
2.418000576292391557e+01 3.280220748388337298e-19
2.418000576292418913e+01 6.755569342250168898e-20
2.532888441451562755e+01 1.172867017195513296e-20
2.591832376952536166e+01 6.644881988468226593e-05
2.629193267100750475e+01 1.788561832634018876e-07
2.643209942982243987e+01 1.051544312205296887e-06
2.643209942987907368e+01 3.699515476628393736e-08
2.651824352267103180e+01 3.273072259615021786e-23
2.651824352273099805e+01 1.708331586595638487e-21
2.654608589484941916e+01 3.168937465319473200e-04
2.654608589485059511e+01 2.219646748793103455e-04
2.669254738767771684e+01 3.887481436115255468e-22
2.828123647832734022e+01 9.707392048001865848e-21
2.828123647834861387e+01 5.400934049225859019e-22
2.829177494212897415e+01 1.316114225765142294e-09
2.829177494215092992e+01 9.095508213494822883e-12
2.848692673989626911e+01 4.096817241795924479e-18
2.848692674002121095e+01 2.301772238658065304e-19
2.853881613874186840e+01 5.301837713067802138e-06
2.853881613888695412e+01 3.931856651588775122e-06
2.947981291809005455e+01 1.634349536358665604e-09
2.957723561517605404e+01 1.283432285231817952e-17
3.013460968280921648e+01 4.361288248915758451e-05
3.042285909291523893e+01 2.382325327962834785e-18
3.057781776649785144e+01 2.736979627647550409e-22
3.057781776670913132e+01 4.494549689076315164e-20
3.130144773771401745e+01 3.259233766230322640e-10
3.130144773792051893e+01 2.294424001346986923e-08
3.179394974414422848e+01 2.682633271552183106e-05
3.254435131783463930e+01 1.403502879435958067e-19
3.323978717353370627e+01 8.780775048324478277e-10
3.384801129744536752e+01 1.628757746179945276e-18
3.387453766276372846e+01 3.967175038058088855e-17
3.387453766290842339e+01 1.135587538206622586e-18
3.404752501904613382e+01 2.199043092999034012e-08
