1.060108966142780851e+01 2.304129491546463170e-21
1.252937925367040961e+01 8.753583778369005949e-22
1.274264102562620771e+01 3.493879449353793948e-04
1.313072529178201187e+01 1.444102977943304610e-19
1.313072529178385395e+01 2.858841041260956988e-19
1.313424427846364573e+01 1.346405084774486857e-06
1.398737916470344267e+01 5.942877002359175194e-04
1.398737916470419762e+01 1.400175215323354230e-03
1.462711302671565505e+01 3.196274227768172024e-21
1.547492738100119247e+01 1.459857857465141648e-04
1.669403261180758236e+01 1.080442184516387634e-20
1.696641812462287646e+01 4.345335500515112170e-10
1.703654664782584405e+01 2.168747938318791124e-23
1.703654664784860984e+01 1.903816181972574960e-21
1.705320327059591889e+01 8.210097972204604110e-08
1.705320327061762598e+01 8.771836304341891512e-07
1.776622138238341009e+01 5.104827689732426015e-21
1.882576090802660218e+01 7.510779663606000582e-20
1.892382192334937585e+01 1.320262707509367515e-06
2.030606600281830154e+01 9.283239148124344049e-05
2.375710884603673279e+01 7.225694945056012688e-23
2.375710884604801976e+01 5.018034497746557070e-21
2.384422923633634994e+01 3.798249975866430190e-08
2.384422923637919212e+01 1.793732343798394182e-06
2.418000576292391557e+01 5.606185425632908245e-19
2.418000576292418913e+01 1.154451617403283807e-19
2.532888441451562755e+01 3.585239075795781702e-21
2.591832376952536166e+01 1.961602359209837772e-05
2.629193267100750475e+01 4.737355035685752844e-08
2.643209942982243987e+01 5.259715547767589281e-07
2.643209942987907368e+01 1.850459256888458062e-08
2.651824352267103180e+01 9.953809802533464796e-24
2.651824352273099805e+01 8.450384378776704270e-22
2.654608589484941916e+01 5.413290722662818331e-04
2.654608589485059511e+01 3.791678846413196950e-04
2.669254738767771684e+01 3.594829269683483792e-21
2.828123647832734022e+01 2.780581080297973091e-21
2.828123647834861387e+01 1.588601857471367900e-22
2.829177494212897415e+01 1.123404888777743592e-09
2.829177494215092992e+01 7.763739990269522050e-12
2.848692673989626911e+01 6.992838575853421809e-18
2.848692674002121095e+01 3.913494011469227860e-19
2.853881613874186840e+01 8.805884324135112063e-06
2.853881613888695412e+01 6.530466871955248377e-06
2.947981291809005455e+01 3.300313177173374966e-08
2.957723561517605404e+01 3.759244327795024595e-18
3.013460968280921648e+01 1.273668960140977022e-05
3.042285909291523893e+01 6.896974202000001989e-19
3.057781776649785144e+01 1.167468380942725498e-22
3.057781776670913132e+01 2.243511424196054095e-20
3.130144773771401745e+01 1.630852443568780767e-10
3.130144773792051893e+01 1.148081807523841648e-08
3.179394974414422848e+01 7.837560259842369268e-06
3.254435131783463930e+01 1.906010304402517085e-20
3.323978717353370627e+01 3.923329501283423434e-09
3.384801129744536752e+01 9.227893835796408046e-19
3.387453766276372846e+01 6.766512988564822675e-17
3.387453766290842339e+01 1.944250550532509073e-18
3.404752501904613382e+01 8.867519741934334235e-09
