1.060108966142780851e+01 3.858758057474605351e-17
1.252937925367040961e+01 1.598430759101324377e-17
1.274264102562620771e+01 1.182152237538828532e-01
1.313072529178201187e+01 1.972878945303046121e-17
1.313072529178385395e+01 4.316589629186761842e-18
1.313424427846364573e+01 2.592320952479488030e-02
1.398737916470344267e+01 5.023171458262531107e-03
1.398737916470419762e+01 1.183487278501910329e-02
1.462711302671565505e+01 1.411478834289433095e-18
1.547492738100119247e+01 9.764630814643808498e-02
1.669403261180758236e+01 1.155386646422157294e-16
1.696641812462287646e+01 4.994849895912691073e-02
1.703654664782584405e+01 2.420054282202223367e-17
1.703654664784860984e+01 8.266152587611144342e-16
1.705320327059591889e+01 1.107819125510704165e-03
1.705320327061762598e+01 1.183616768084915297e-02
1.776622138238341009e+01 7.196206454302826067e-17
1.882576090802660218e+01 2.447744552782092696e-16
1.892382192334937585e+01 3.101575414882876830e-02
2.030606600281830154e+01 1.831684891294385886e-01
2.375710884603673279e+01 4.451928339578371565e-19
2.375710884604801976e+01 6.392422796061816479e-17
2.384422923633634994e+01 3.414569556082464150e-05
2.384422923637919212e+01 1.612538630660900621e-03
2.418000576292391557e+01 1.590663803979738065e-17
2.418000576292418913e+01 2.273856386842188286e-18
2.532888441451562755e+01 2.415548992693423428e-16
2.591832376952536166e+01 1.764994315343805173e-02
2.629193267100750475e+01 8.724251894354692616e-02
2.643209942982243987e+01 3.495886795038821021e-02
2.643209942987907368e+01 1.229914208115050938e-03
2.651824352267103180e+01 3.824278421926008515e-16
2.651824352273099805e+01 1.478301839937239454e-16
2.654608589484941916e+01 2.100989628521057750e-02
2.654608589485059511e+01 1.471614623170290799e-02
2.669254738767771684e+01 2.168993525313957494e-15
2.828123647832734022e+01 1.377765644309440215e-21
2.828123647834861387e+01 3.665252802032539871e-20
2.829177494212897415e+01 2.352053360459857058e-03
2.829177494215092992e+01 1.625487567886563895e-05
2.848692673989626911e+01 7.675964126027675175e-16
2.848692674002121095e+01 1.404451220817292932e-16
2.853881613874186840e+01 1.990134979484382491e-02
2.853881613888695412e+01 1.475887546307225705e-02
2.947981291809005455e+01 3.094810272812637420e-03
2.957723561517605404e+01 9.277157529711172692e-15
3.013460968280921648e+01 8.297491784321843478e-02
3.042285909291523893e+01 2.295740701877684335e-14
3.057781776649785144e+01 2.472322217344703478e-17
3.057781776670913132e+01 6.164404957550177112e-15
3.130144773771401745e+01 4.694445009802916513e-06
3.130144773792051893e+01 3.304779555642813754e-04
3.179394974414422848e+01 6.082717844254693917e-02
3.254435131783463930e+01 8.035967537550227120e-14
3.323978717353370627e+01 2.018728220903094226e-04
3.384801129744536752e+01 5.586703099533286550e-13
3.387453766276372846e+01 8.546025035111893862e-16
3.387453766290842339e+01 3.664743544622628486e-15
3.404752501904613382e+01 4.109670245527070193e-03
