1.060108966142780851e+01 4.863539569598454239e-16
1.252937925367040961e+01 7.010866789192117247e-17
1.274264102562620771e+01 4.695601235099744475e-02
1.313072529178201187e+01 1.748168160277910264e-19
1.313072529178385395e+01 1.389311882339459417e-17
1.313424427846364573e+01 1.336572001026205270e-02
1.398737916470344267e+01 5.369825736386990845e-19
1.398737916470419762e+01 2.880377614953430398e-17
1.462711302671565505e+01 1.226498118000400338e-18
1.547492738100119247e+01 5.056992920601790370e-02
1.669403261180758236e+01 6.600974986368821527e-16
1.696641812462287646e+01 3.389701059148496343e-02
1.703654664782584405e+01 1.100258415091727966e-20
1.703654664784860984e+01 4.432062414912142940e-21
1.705320327059591889e+01 1.716785094875432048e-22
1.705320327061762598e+01 6.662763869367118717e-23
1.776622138238341009e+01 6.395393183392704576e-16
1.882576090802660218e+01 6.451433407145988780e-16
1.892382192334937585e+01 2.450977319990539985e-02
2.030606600281830154e+01 1.525173647601804627e-01
2.375710884603673279e+01 3.954880443049541963e-18
2.375710884604801976e+01 2.393546060642445986e-16
2.384422923633634994e+01 2.082483968232320595e-18
2.384422923637919212e+01 4.646425750536424652e-16
2.418000576292391557e+01 2.768740068544850330e-21
2.418000576292418913e+01 7.277490009848718674e-21
2.532888441451562755e+01 1.480340379597969110e-15
2.591832376952536166e+01 1.251522186959067896e-02
2.629193267100750475e+01 1.454704225702244114e-01
2.643209942982243987e+01 3.241338922291188752e-21
2.643209942987907368e+01 5.122981971890776446e-21
2.651824352267103180e+01 5.697422749444233756e-22
2.651824352273099805e+01 8.742561464801574343e-22
2.654608589484941916e+01 2.956104994065527171e-18
2.654608589485059511e+01 8.420549877693984690e-22
2.669254738767771684e+01 1.026773078951948427e-14
2.828123647832734022e+01 7.217613144738541079e-19
2.828123647834861387e+01 6.618934784930095778e-20
2.829177494212897415e+01 9.597125990741188832e-19
2.829177494215092992e+01 2.019603642171796528e-21
2.848692673989626911e+01 3.309532680570507355e-19
2.848692674002121095e+01 7.529601449805966173e-24
2.853881613874186840e+01 2.225764132069270421e-19
2.853881613888695412e+01 4.982474722093461009e-24
2.947981291809005455e+01 1.060129625357941795e-03
2.957723561517605404e+01 1.749145535832822989e-14
3.013460968280921648e+01 1.989558257611670489e-01
3.042285909291523893e+01 3.894227511286114633e-14
3.057781776649785144e+01 1.305162318950145860e-23
3.057781776670913132e+01 1.038886802317514257e-23
3.130144773771401745e+01 2.882431967329287739e-22
3.130144773792051893e+01 2.429559198892999952e-22
3.179394974414422848e+01 1.413602080003980854e-01
3.254435131783463930e+01 2.187328823032441062e-13
3.323978717353370627e+01 2.217831115977120238e-03
3.384801129744536752e+01 1.993262796922055217e-12
3.387453766276372846e+01 7.125544148706140315e-19
3.387453766290842339e+01 4.468439629177400853e-15
3.404752501904613382e+01 8.552247629662616119e-03
