1.060108966142780851e+01 1.776585876365321982e-19
1.252937925367040961e+01 7.680480193098219531e-21
1.274264102562620771e+01 4.989774755510398285e-02
1.313072529178201187e+01 6.192795021720071716e-18
1.313072529178385395e+01 1.040873213206521068e-17
1.313424427846364573e+01 3.122019125597600645e-03
1.398737916470344267e+01 1.449825081537264859e-02
1.398737916470419762e+01 3.415869353325636654e-02
1.462711302671565505e+01 5.082085533788920596e-19
1.547492738100119247e+01 2.424684293946577016e-02
1.669403261180758236e+01 1.135298345848048097e-17
1.696641812462287646e+01 1.540681666087833452e-03
1.703654664782584405e+01 2.413896131212248604e-19
1.703654664784860984e+01 1.498415674716751162e-17
1.705320327059591889e+01 3.558103351799347751e-04
1.705320327061762598e+01 3.801550314281250658e-03
1.776622138238341009e+01 6.609189579491105882e-20
1.882576090802660218e+01 3.770816579784736879e-19
1.892382192334937585e+01 2.172345081939258335e-03
2.030606600281830154e+01 1.846204139500823987e-02
2.375710884603673279e+01 3.320391583778297373e-20
2.375710884604801976e+01 3.759618267821285802e-19
2.384422923633634994e+01 3.229894984815074351e-05
2.384422923637919212e+01 1.525325403566734619e-03
2.418000576292391557e+01 1.482545493647241868e-17
2.418000576292418913e+01 3.065028272658319991e-18
2.532888441451562755e+01 8.989789926822240298e-20
2.591832376952536166e+01 4.336227132946711589e-03
2.629193267100750475e+01 5.353594907033657532e-04
2.643209942982243987e+01 3.064834997570421021e-03
2.643209942987907368e+01 1.078262195932011471e-04
2.651824352267103180e+01 3.845583274179190491e-19
2.651824352273099805e+01 5.076522884651342734e-18
2.654608589484941916e+01 1.755075972275832105e-02
2.654608589485059511e+01 1.229323303606994627e-02
2.669254738767771684e+01 2.083921649012806911e-19
2.828123647832734022e+01 2.361291039829944886e-20
2.828123647834861387e+01 2.879355846878290802e-20
2.829177494212897415e+01 1.773361531378790028e-04
2.829177494215092992e+01 1.225557577457960138e-06
2.848692673989626911e+01 2.308710575636686672e-16
2.848692674002121095e+01 1.907188267979107103e-17
2.853881613874186840e+01 7.889834661725441886e-04
2.853881613888695412e+01 5.851118403315009198e-04
2.947981291809005455e+01 5.144603657008913196e-06
2.957723561517605404e+01 5.850552336056205623e-16
3.013460968280921648e+01 2.676280248086878796e-03
3.042285909291523893e+01 2.485113203101400517e-16
3.057781776649785144e+01 5.292188563800952141e-19
3.057781776670913132e+01 1.405882098331078075e-16
3.130144773771401745e+01 9.034754326682911422e-07
3.130144773792051893e+01 6.360254085886570181e-05
3.179394974414422848e+01 1.760532553395496727e-03
3.254435131783463930e+01 8.249333867802129955e-16
3.323978717353370627e+01 2.601932507915489192e-06
3.384801129744536752e+01 5.156114903385817813e-15
3.387453766276372846e+01 1.592851397758945942e-15
3.387453766290842339e+01 1.744355674662076047e-16
3.404752501904613382e+01 6.511496616684460902e-05
