1.060108966142780851e+01 2.117106272387392461e-27
1.252937925367040961e+01 1.261135973252210234e-16
1.274264102562620771e+01 2.092612719294661380e-21
1.313072529178201187e+01 3.796551043174238866e-16
1.313072529178385395e+01 7.064429084325120485e-16
1.313424427846364573e+01 2.900002850013303282e-02
1.398737916470344267e+01 4.297790410661337518e-02
1.398737916470419762e+01 1.012583592011772338e-01
1.462711302671565505e+01 1.284135322955957845e-26
1.547492738100119247e+01 1.141604669190798004e-23
1.669403261180758236e+01 6.179742187238949107e-18
1.696641812462287646e+01 2.356754254400439212e-04
1.703654664782584405e+01 1.002094744712309705e-26
1.703654664784860984e+01 4.571502472162722847e-26
1.705320327059591889e+01 1.902295010872010836e-26
1.705320327061762598e+01 3.932492390055326418e-25
1.776622138238341009e+01 3.135475131087083787e-18
1.882576090802660218e+01 2.388772193782857051e-25
1.892382192334937585e+01 8.001092528842872198e-02
2.030606600281830154e+01 6.990170487235011914e-22
2.375710884603673279e+01 4.700623415674657623e-18
2.375710884604801976e+01 3.069785259973115742e-17
2.384422923633634994e+01 2.095250241061145761e-03
2.384422923637919212e+01 9.894866903930424340e-02
2.418000576292391557e+01 8.754175662014816371e-18
2.418000576292418913e+01 7.476110428421400861e-18
2.532888441451562755e+01 6.437455223315886770e-25
2.591832376952536166e+01 2.758249496983836086e-20
2.629193267100750475e+01 2.091314577019815282e-02
2.643209942982243987e+01 5.183309030199282869e-22
2.643209942987907368e+01 1.489449216014220533e-24
2.651824352267103180e+01 2.401171823874340446e-26
2.651824352273099805e+01 1.041354420350853022e-25
2.654608589484941916e+01 2.193688407402982210e-01
2.654608589485059511e+01 1.536544436074528952e-01
2.669254738767771684e+01 2.174481604504619847e-16
2.828123647832734022e+01 2.879705344456139361e-24
2.828123647834861387e+01 8.661834941479469153e-26
2.829177494212897415e+01 2.454764618599659067e-24
2.829177494215092992e+01 7.956713680553808209e-26
2.848692673989626911e+01 3.967801986996724434e-15
2.848692674002121095e+01 3.073394679552033874e-16
2.853881613874186840e+01 1.063173088446931386e-04
2.853881613888695412e+01 7.884439228319759017e-05
2.947981291809005455e+01 6.331301024401814019e-03
2.957723561517605404e+01 3.515686054944324345e-23
3.013460968280921648e+01 5.021549736503737315e-23
3.042285909291523893e+01 3.561681217318642284e-23
3.057781776649785144e+01 7.560247261932739018e-28
3.057781776670913132e+01 1.293504145706717464e-25
3.130144773771401745e+01 1.151737153012222314e-26
3.130144773792051893e+01 1.664628865655617386e-24
3.179394974414422848e+01 3.762910094974946539e-22
3.254435131783463930e+01 1.096761278413708186e-14
3.323978717353370627e+01 5.463929264632680100e-04
3.384801129744536752e+01 8.804063690427570667e-14
3.387453766276372846e+01 5.044424027179846815e-15
3.387453766290842339e+01 2.138113850011119748e-14
3.404752501904613382e+01 9.831257091968055063e-04
