1.060108966142780851e+01 1.159832040153273346e-19
1.252937925367040961e+01 2.667111428151655732e-20
1.274264102562620771e+01 1.946844304316432475e-02
1.313072529178201187e+01 1.652096992419000648e-18
1.313072529178385395e+01 3.109657102807174564e-18
1.313424427846364573e+01 4.012791508709825277e-04
1.398737916470344267e+01 5.677397663842416627e-03
1.398737916470419762e+01 1.337626790931905826e-02
1.462711302671565505e+01 1.230082035367564390e-23
1.547492738100119247e+01 8.546800966632734156e-03
1.669403261180758236e+01 2.305057366303401683e-18
1.696641812462287646e+01 1.917056579956148037e-04
1.703654664782584405e+01 1.675491596919282798e-20
1.703654664784860984e+01 1.314620945118290923e-18
1.705320327059591889e+01 4.682120613450064763e-05
1.705320327061762598e+01 5.002473278510598817e-04
1.776622138238341009e+01 4.105747196271418325e-22
1.882576090802660218e+01 1.287763803807673459e-18
1.892382192334937585e+01 2.402828549012620332e-04
2.030606600281830154e+01 5.771594484463903572e-03
2.375710884603673279e+01 9.046083772825686882e-21
2.375710884604801976e+01 9.259018084654907180e-20
2.384422923633634994e+01 3.875203125924126477e-06
2.384422923637919212e+01 1.830073715499972353e-04
2.418000576292391557e+01 5.497838098949956510e-18
2.418000576292418913e+01 1.133112704276820072e-18
2.532888441451562755e+01 5.026475947037189541e-20
2.591832376952536166e+01 1.253960533409811473e-03
2.629193267100750475e+01 5.658435410728444842e-05
2.643209942982243987e+01 3.298406299734068007e-04
2.643209942987907368e+01 1.160436616466686638e-05
2.651824352267103180e+01 7.538348096038716762e-21
2.651824352273099805e+01 5.278164663764249997e-19
2.654608589484941916e+01 5.664519325729054644e-03
2.654608589485059511e+01 3.967649106924377514e-03
2.669254738767771684e+01 2.997332460661012015e-20
2.828123647832734022e+01 8.915165281687140257e-20
2.828123647834861387e+01 9.767499233967929492e-21
2.829177494212897415e+01 6.936369187503902781e-06
2.829177494215092992e+01 4.793674222287552921e-08
2.848692673989626911e+01 7.331788453711370169e-17
2.848692674002121095e+01 4.740825903428851164e-18
2.853881613874186840e+01 1.393194523306441580e-04
2.853881613888695412e+01 1.033196402951072905e-04
2.947981291809005455e+01 5.303499928302443358e-07
2.957723561517605404e+01 2.108957991988965181e-16
3.013460968280921648e+01 8.013444489242788852e-04
3.042285909291523893e+01 5.022635684827137838e-17
3.057781776649785144e+01 5.716228166690529098e-20
3.057781776670913132e+01 1.431815020190664485e-17
3.130144773771401745e+01 1.007875852534909337e-07
3.130144773792051893e+01 7.095208919921662599e-06
3.179394974414422848e+01 5.044463387596834734e-04
3.254435131783463930e+01 5.918420910746958409e-17
3.323978717353370627e+01 2.702636531129293467e-07
3.384801129744536752e+01 5.110236131436430603e-16
3.387453766276372846e+01 6.388001935321512404e-16
3.387453766290842339e+01 3.039096569429578941e-17
3.404752501904613382e+01 6.907066056607172714e-06
