1.060108966142780851e+01 3.081431940774322165e-18
1.252937925367040961e+01 8.310817813683131485e-18
1.274264102562620771e+01 7.578257498181151242e-02
1.313072529178201187e+01 1.095151706070471869e-16
1.313072529178385395e+01 5.475993150124124812e-17
1.313424427846364573e+01 2.718977118205060869e-02
1.398737916470344267e+01 1.882965928568012745e-02
1.398737916470419762e+01 4.436373231432785835e-02
1.462711302671565505e+01 9.133898557675889088e-18
1.547492738100119247e+01 6.274252288100766461e-02
1.669403261180758236e+01 3.205222866646626516e-17
1.696641812462287646e+01 1.636708668124923702e-02
1.703654664782584405e+01 4.869941485921271095e-17
1.703654664784860984e+01 1.627198301125775514e-15
1.705320327059591889e+01 2.324712283383037134e-03
1.705320327061762598e+01 2.483770453123975916e-02
1.776622138238341009e+01 6.495875127870064957e-18
1.882576090802660218e+01 1.829344521721945538e-16
1.892382192334937585e+01 4.795828673925708885e-02
2.030606600281830154e+01 9.956525639687496820e-02
2.375710884603673279e+01 1.152061005598977551e-17
2.375710884604801976e+01 3.267065515461850794e-17
2.384422923633634994e+01 4.469770224781221060e-04
2.384422923637919212e+01 2.110858740464498229e-02
2.418000576292391557e+01 3.067317664325279641e-17
2.418000576292418913e+01 6.288264697279427066e-18
2.532888441451562755e+01 5.128774017548232169e-17
2.591832376952536166e+01 4.064349185356147531e-02
2.629193267100750475e+01 1.585305751708347352e-02
2.643209942982243987e+01 7.796198275963935054e-02
2.643209942987907368e+01 2.742838848375432452e-03
2.651824352267103180e+01 4.674568978214738091e-16
2.651824352273099805e+01 2.839307500753738588e-16
2.654608589484941916e+01 8.687635705659596530e-02
2.654608589485059511e+01 6.085156996720264555e-02
2.669254738767771684e+01 7.113715583980014643e-16
2.828123647832734022e+01 1.665612740053759492e-20
2.828123647834861387e+01 9.832838265151172030e-20
2.829177494212897415e+01 1.607147392110763046e-02
2.829177494215092992e+01 1.110688360771281991e-04
2.848692673989626911e+01 2.209466279622378070e-15
2.848692674002121095e+01 2.964184509748118147e-16
2.853881613874186840e+01 2.244125063065344552e-02
2.853881613888695412e+01 1.664247318009320908e-02
2.947981291809005455e+01 3.397879192191765566e-05
2.957723561517605404e+01 4.367095858128802468e-15
3.013460968280921648e+01 3.308281296509955199e-02
3.042285909291523893e+01 9.058002715090220808e-15
3.057781776649785144e+01 3.683855241359239795e-17
3.057781776670913132e+01 1.012654941606929046e-14
3.130144773771401745e+01 1.247790198540067909e-05
3.130144773792051893e+01 8.784156445645569054e-04
3.179394974414422848e+01 2.513632004815886251e-02
3.254435131783463930e+01 5.194291176290026632e-14
3.323978717353370627e+01 2.567095605016723493e-04
3.384801129744536752e+01 3.151688060287061403e-13
3.387453766276372846e+01 2.608573680643998267e-15
3.387453766290842339e+01 7.845813686320109530e-15
3.404752501904613382e+01 2.697903412237279662e-03
