1.060108966142780851e+01 2.945717936164361553e-17
1.252937925367040961e+01 2.168594119814619881e-17
1.274264102562620771e+01 1.604595365198163426e-01
1.313072529178201187e+01 3.442802830272239497e-20
1.313072529178385395e+01 2.705815944686485966e-18
1.313424427846364573e+01 2.370135151242992039e-02
1.398737916470344267e+01 1.058061166473122405e-19
1.398737916470419762e+01 5.675767431730218451e-18
1.462711302671565505e+01 3.924948910778010236e-18
1.547492738100119247e+01 1.172199762222619207e-01
1.669403261180758236e+01 8.615123925462734801e-17
1.696641812462287646e+01 6.487932943606408709e-02
1.703654664782584405e+01 6.554008054458584471e-21
1.703654664784860984e+01 2.630670433683340773e-21
1.705320327059591889e+01 6.328412567218966187e-23
1.705320327061762598e+01 2.532004237502299511e-23
1.776622138238341009e+01 8.246128229454316534e-17
1.882576090802660218e+01 1.598703558554115607e-16
1.892382192334937585e+01 1.717651631802359288e-02
2.030606600281830154e+01 1.920347915715250597e-01
2.375710884603673279e+01 8.906650310719550800e-19
2.375710884604801976e+01 4.717964837324691433e-17
2.384422923633634994e+01 4.381992532611889103e-19
2.384422923637919212e+01 9.165794790807583003e-17
2.418000576292391557e+01 3.519495000676563774e-21
2.418000576292418913e+01 9.262872813417081319e-21
2.532888441451562755e+01 2.251525257545383651e-16
2.591832376952536166e+01 7.420739723677595261e-03
2.629193267100750475e+01 8.912177840010077068e-02
2.643209942982243987e+01 3.901666610952198570e-21
2.643209942987907368e+01 6.129355913829632555e-21
2.651824352267103180e+01 1.441781808359197681e-21
2.651824352273099805e+01 2.233352580240948514e-21
2.654608589484941916e+01 5.757028045777473793e-19
2.654608589485059511e+01 1.635089398842969375e-22
2.669254738767771684e+01 1.633154241341275297e-15
2.828123647832734022e+01 1.766329648819463185e-18
2.828123647834861387e+01 1.028796148903940210e-19
2.829177494212897415e+01 1.282590190383108933e-18
2.829177494215092992e+01 5.846491544843223066e-21
2.848692673989626911e+01 8.663493157490334309e-20
2.848692674002121095e+01 3.607505750631693613e-24
2.853881613874186840e+01 6.618346277612927761e-20
2.853881613888695412e+01 2.751179098028770535e-24
2.947981291809005455e+01 4.640186500642485071e-03
2.957723561517605404e+01 7.659064426316308540e-15
3.013460968280921648e+01 6.904119429312276235e-02
3.042285909291523893e+01 1.967612004252734223e-14
3.057781776649785144e+01 3.166125434729017042e-20
3.057781776670913132e+01 2.379027467478901224e-20
3.130144773771401745e+01 1.961801635774543521e-21
3.130144773792051893e+01 1.652007301829888857e-21
3.179394974414422848e+01 4.904164345488428584e-02
3.254435131783463930e+01 5.169869527836727701e-14
3.323978717353370627e+01 4.218582598916921636e-05
3.384801129744536752e+01 3.441082702679667405e-13
3.387453766276372846e+01 2.999498040727238322e-19
3.387453766290842339e+01 1.728852149513368754e-15
3.404752501904613382e+01 2.879006333878015873e-03
