1.060108966142780851e+01 3.533911480657532641e-18
1.252937925367040961e+01 9.297486247024120569e-17
1.274264102562620771e+01 1.984493566951026425e-02
1.313072529178201187e+01 4.183929723719955718e-16
1.313072529178385395e+01 5.329983248281298777e-16
1.313424427846364573e+01 2.818328654582822820e-02
1.398737916470344267e+01 2.623215118598725554e-02
1.398737916470419762e+01 6.180442104106279727e-02
1.462711302671565505e+01 1.446159442251928111e-17
1.547492738100119247e+01 1.798667016083748890e-02
1.669403261180758236e+01 3.064857037279582923e-20
1.696641812462287646e+01 1.250118446097263228e-03
1.703654664782584405e+01 5.067261003916169697e-17
1.703654664784860984e+01 1.542038124214322789e-15
1.705320327059591889e+01 1.055338911175831684e-03
1.705320327061762598e+01 1.127545899414575219e-02
1.776622138238341009e+01 7.410045150733602976e-19
1.882576090802660218e+01 1.038150251032170750e-16
1.892382192334937585e+01 8.126144056264555937e-02
2.030606600281830154e+01 2.842433701383659597e-02
2.375710884603673279e+01 3.034093037043481002e-17
2.375710884604801976e+01 1.200255158321507753e-16
2.384422923633634994e+01 1.593735817579231950e-03
2.384422923637919212e+01 7.526452548846675195e-02
2.418000576292391557e+01 6.335319792430092205e-18
2.418000576292418913e+01 5.534375318536289893e-18
2.532888441451562755e+01 1.308188550528558670e-17
2.591832376952536166e+01 3.425748871414939500e-02
2.629193267100750475e+01 4.685317772639090335e-03
2.643209942982243987e+01 5.281937459972436272e-02
2.643209942987907368e+01 1.858278045916835104e-03
2.651824352267103180e+01 3.281188913351491999e-16
2.651824352273099805e+01 2.299031650417673949e-16
2.654608589484941916e+01 1.885147435913198111e-01
2.654608589485059511e+01 1.320430358742179233e-01
2.669254738767771684e+01 7.099914910936994917e-16
2.828123647832734022e+01 3.138186901815761117e-17
2.828123647834861387e+01 1.622133149237054923e-18
2.829177494212897415e+01 1.820466330179132397e-02
2.829177494215092992e+01 1.258111681033848689e-04
2.848692673989626911e+01 4.951555943861491763e-15
2.848692674002121095e+01 4.427204880662734317e-16
2.853881613874186840e+01 2.902949434354630109e-03
2.853881613888695412e+01 2.152835739787695591e-03
2.947981291809005455e+01 3.679314346213817099e-03
2.957723561517605404e+01 1.258270784802678168e-15
3.013460968280921648e+01 8.270107221279649617e-03
3.042285909291523893e+01 2.060331569294201225e-15
3.057781776649785144e+01 2.420138632254776022e-17
3.057781776670913132e+01 7.508057146398017412e-15
3.130144773771401745e+01 6.990939772476889837e-06
3.130144773792051893e+01 4.921471073081676306e-04
3.179394974414422848e+01 6.518247297161321174e-03
3.254435131783463930e+01 3.653713492729024194e-14
3.323978717353370627e+01 6.041558185876946905e-04
3.384801129744536752e+01 2.189828510324851051e-13
3.387453766276372846e+01 4.831774448927501797e-15
3.387453766290842339e+01 2.623417617147395163e-14
3.404752501904613382e+01 2.357288993225251528e-03
