1.060108966142780851e+01 3.370281645868468057e-30
1.252937925367040961e+01 1.387671736474095452e-19
1.274264102562620771e+01 1.985095438648493049e-23
1.313072529178201187e+01 3.408932821263271181e-18
1.313072529178385395e+01 6.698367490156171652e-18
1.313424427846364573e+01 3.838345589816202666e-04
1.398737916470344267e+01 1.141046518756871388e-02
1.398737916470419762e+01 2.688369716292686104e-02
1.462711302671565505e+01 2.438585416376075338e-29
1.547492738100119247e+01 3.943422091540097374e-24
1.669403261180758236e+01 2.320940838252993569e-18
1.696641812462287646e+01 3.617675957886280080e-05
1.703654664782584405e+01 1.001090645739838300e-27
1.703654664784860984e+01 3.864648185137460994e-27
1.705320327059591889e+01 2.591923664603174994e-27
1.705320327061762598e+01 5.743373456766975305e-26
1.776622138238341009e+01 2.362162961552353905e-18
1.882576090802660218e+01 7.852190612967334705e-28
1.892382192334937585e+01 4.815312483397502343e-04
2.030606600281830154e+01 3.150028355998272552e-24
2.375710884603673279e+01 2.273636559918686166e-20
2.375710884604801976e+01 8.239887440114544110e-19
2.384422923633634994e+01 1.560185474923721130e-05
2.384422923637919212e+01 7.368011933395280169e-04
2.418000576292391557e+01 1.125524038276725095e-17
2.418000576292418913e+01 2.318043838112084714e-18
2.532888441451562755e+01 1.139436667083609649e-27
2.591832376952536166e+01 9.296154282868753647e-23
2.629193267100750475e+01 7.375082081143444972e-05
2.643209942982243987e+01 2.969593564301000146e-23
2.643209942987907368e+01 9.754016559963516332e-26
2.651824352267103180e+01 2.033827967338615202e-27
2.651824352273099805e+01 6.506804017950521369e-27
2.654608589484941916e+01 1.151339609772720693e-02
2.654608589485059511e+01 8.064429322196349156e-03
2.669254738767771684e+01 1.352639801954195174e-18
2.828123647832734022e+01 3.364299714330913038e-27
2.828123647834861387e+01 9.102154496801142555e-29
2.829177494212897415e+01 1.811795407615086614e-27
2.829177494215092992e+01 7.211908504502802958e-29
2.848692673989626911e+01 1.461234328092824278e-16
2.848692674002121095e+01 8.617153798261425227e-18
2.853881613874186840e+01 1.472516999179950524e-04
2.853881613888695412e+01 1.092022623515275897e-04
2.947981291809005455e+01 2.351952941591370583e-05
2.957723561517605404e+01 2.488407624855771177e-26
3.013460968280921648e+01 8.263392580828307405e-25
3.042285909291523893e+01 3.877180116044025235e-26
3.057781776649785144e+01 1.568401030058096990e-28
3.057781776670913132e+01 9.213300091462720893e-27
3.130144773771401745e+01 6.996589108938571529e-29
3.130144773792051893e+01 6.767575090198019312e-26
3.179394974414422848e+01 1.618639449435714576e-26
3.254435131783463930e+01 8.920737868548709801e-19
3.323978717353370627e+01 1.830544605402728175e-06
3.384801129744536752e+01 1.902332559659948316e-16
3.387453766276372846e+01 1.250480532020439486e-15
3.387453766290842339e+01 6.697387081562699270e-17
3.404752501904613382e+01 1.645089549323934649e-06
