1.060108966142780851e+01 1.234321216972644616e-18
1.252937925367040961e+01 7.024925989169389570e-18
1.274264102562620771e+01 8.764754990416440128e-02
1.313072529178201187e+01 6.611448812384218289e-17
1.313072529178385395e+01 5.098630909515006802e-17
1.313424427846364573e+01 2.440622053590509738e-02
1.398737916470344267e+01 2.344176789459931007e-02
1.398737916470419762e+01 5.523012053782613839e-02
1.462711302671565505e+01 5.237649681067192989e-18
1.547492738100119247e+01 6.458832202478337337e-02
1.669403261180758236e+01 2.352189539571188833e-17
1.696641812462287646e+01 1.403645201687582673e-02
1.703654664782584405e+01 2.111337469932250932e-17
1.703654664784860984e+01 7.547144947616633973e-16
1.705320327059591889e+01 2.321654541883455894e-03
1.705320327061762598e+01 2.480503346089311598e-02
1.776622138238341009e+01 3.260101193117996762e-18
1.882576090802660218e+01 1.059952803914415040e-16
1.892382192334937585e+01 3.418625774739020295e-02
2.030606600281830154e+01 8.492862819740452929e-02
2.375710884603673279e+01 2.720521162137217717e-18
2.375710884604801976e+01 7.121244131723450449e-18
2.384422923633634994e+01 3.570533309271444909e-04
2.384422923637919212e+01 1.686192337594202492e-02
2.418000576292391557e+01 3.211159939464800559e-17
2.418000576292418913e+01 6.726869620892437093e-18
2.532888441451562755e+01 2.410381550377087579e-17
2.591832376952536166e+01 2.962372029864635339e-02
2.629193267100750475e+01 1.041468257660539340e-02
2.643209942982243987e+01 5.386056635384947611e-02
2.643209942987907368e+01 1.894908644814266921e-03
2.651824352267103180e+01 1.638131595561897798e-16
2.651824352273099805e+01 1.433810721315793800e-16
2.654608589484941916e+01 7.443401851579004025e-02
2.654608589485059511e+01 5.213647390710457463e-02
2.669254738767771684e+01 2.832493033865511175e-16
2.828123647832734022e+01 5.595370698563810074e-19
2.828123647834861387e+01 7.112581819512902493e-23
2.829177494212897415e+01 9.501767817074504782e-03
2.829177494215092992e+01 6.566605304242765953e-05
2.848692673989626911e+01 1.429880746063898383e-15
2.848692674002121095e+01 1.975122460669615593e-16
2.853881613874186840e+01 1.433691401588603302e-02
2.853881613888695412e+01 1.063228210754559901e-02
2.947981291809005455e+01 5.509742892443481998e-05
2.957723561517605404e+01 3.032348394701026798e-15
3.013460968280921648e+01 2.095626110320390062e-02
3.042285909291523893e+01 5.667274190220335480e-15
3.057781776649785144e+01 1.663237028938967280e-17
3.057781776670913132e+01 4.731868229153202425e-15
3.130144773771401745e+01 1.122636552330893597e-05
3.130144773792051893e+01 7.903098595022893264e-04
3.179394974414422848e+01 1.570504225397501355e-02
3.254435131783463930e+01 2.762548523863909506e-14
3.323978717353370627e+01 1.139037250654487994e-04
3.384801129744536752e+01 1.615804541544507466e-13
3.387453766276372846e+01 2.705975942094962705e-15
3.387453766290842339e+01 4.145268149870479240e-15
3.404752501904613382e+01 1.525877089661811098e-03
