1.060108966142780851e+01 4.329852820046049567e-19
1.252937925367040961e+01 5.534260690316714337e-17
1.274264102562620771e+01 2.729542738286940343e-02
1.313072529178201187e+01 1.600848252288928224e-16
1.313072529178385395e+01 2.455872204274884287e-16
1.313424427846364573e+01 2.488932224359333839e-02
1.398737916470344267e+01 4.261893432025512518e-02
1.398737916470419762e+01 1.004126039790995961e-01
1.462711302671565505e+01 3.396309595566267177e-18
1.547492738100119247e+01 2.022918233580350833e-02
1.669403261180758236e+01 3.086277183429692338e-19
1.696641812462287646e+01 3.399639716486731254e-04
1.703654664782584405e+01 9.666025930324471112e-18
1.703654664784860984e+01 3.503029389066486518e-16
1.705320327059591889e+01 1.197363246059580597e-03
1.705320327061762598e+01 1.279287450135400614e-02
1.776622138238341009e+01 5.215892636745412469e-18
1.882576090802660218e+01 3.455235624047405135e-17
1.892382192334937585e+01 5.024322459245965378e-02
2.030606600281830154e+01 2.261454046286964781e-02
2.375710884603673279e+01 1.892476546899395184e-18
2.375710884604801976e+01 1.693223149878963542e-18
2.384422923633634994e+01 1.125451615773292568e-03
2.384422923637919212e+01 5.314970757088527398e-02
2.418000576292391557e+01 3.296123012282355745e-17
2.418000576292418913e+01 9.823756577440617431e-18
2.532888441451562755e+01 3.115911284624762311e-19
2.591832376952536166e+01 1.896891071306400570e-02
2.629193267100750475e+01 2.541975530747055817e-03
2.643209942982243987e+01 2.918771633322516865e-02
2.643209942987907368e+01 1.026874689614801347e-03
2.651824352267103180e+01 3.484311896394818829e-17
2.651824352273099805e+01 6.928662081972885243e-17
2.654608589484941916e+01 1.450569516718541174e-01
2.654608589485059511e+01 1.016035156449302812e-01
2.669254738767771684e+01 6.253353432102747507e-17
2.828123647832734022e+01 3.188701443887607481e-22
2.828123647834861387e+01 4.101756211736483659e-20
2.829177494212897415e+01 8.132980451312400369e-03
2.829177494215092992e+01 5.620646051946319753e-05
2.848692673989626911e+01 2.272325141691610522e-15
2.848692674002121095e+01 2.086751045631283027e-16
2.853881613874186840e+01 2.046934590218240421e-03
2.853881613888695412e+01 1.518012128092726103e-03
2.947981291809005455e+01 1.780936829004929481e-03
2.957723561517605404e+01 7.571367820877179211e-16
3.013460968280921648e+01 3.804269078857198862e-03
3.042285909291523893e+01 9.734462641731804424e-16
3.057781776649785144e+01 6.265476172561707225e-18
3.057781776670913132e+01 1.941102291759804228e-15
3.130144773771401745e+01 6.709783000494374873e-06
3.130144773792051893e+01 4.723531746141164693e-04
3.179394974414422848e+01 3.030934444452455627e-03
3.254435131783463930e+01 1.068842951040406886e-14
3.323978717353370627e+01 2.534542999076890317e-04
3.384801129744536752e+01 7.628605106958080738e-14
3.387453766276372846e+01 4.169922050291665689e-15
3.387453766290842339e+01 8.625337922516349764e-15
3.404752501904613382e+01 7.502053354376249329e-04
