0.000000e+00 1.492053e-02
1.500000e-01 1.438796e-02
3.000000e-01 1.388143e-02
4.500000e-01 1.339957e-02
6.000000e-01 1.294102e-02
7.500000e-01 1.250449e-02
9.000000e-01 1.208874e-02
1.050000e+00 1.169258e-02
1.200000e+00 1.131767e-02
1.350000e+00 1.095726e-02
1.500000e+00 1.061325e-02
1.650000e+00 1.028474e-02
1.800000e+00 9.970948e-03
1.950000e+00 9.671164e-03
2.100000e+00 9.384445e-03
2.250000e+00 9.110471e-03
2.400000e+00 8.848363e-03
2.550000e+00 8.597571e-03
2.700000e+00 8.358133e-03
2.850000e+00 8.127141e-03
3.000000e+00 7.906453e-03
3.150000e+00 7.695774e-03
3.300000e+00 7.498391e-03
3.450000e+00 7.304838e-03
3.600000e+00 7.119788e-03
3.750000e+00 6.943092e-03
3.900000e+00 6.773267e-03
4.050000e+00 6.610534e-03
4.200000e+00 6.454546e-03
4.350000e+00 6.307147e-03
4.500000e+00 6.165203e-03
4.650000e+00 6.029872e-03
4.800000e+00 5.900839e-03
4.950000e+00 5.777767e-03
5.100000e+00 5.661764e-03
5.250000e+00 5.551626e-03
5.400000e+00 5.448242e-03
5.550000e+00 5.351731e-03
5.700000e+00 5.262255e-03
5.850000e+00 5.180572e-03
6.000000e+00 5.107599e-03
6.150000e+00 5.044320e-03
6.300000e+00 4.992408e-03
6.450000e+00 4.955050e-03
6.600000e+00 4.936884e-03
6.750000e+00 4.945356e-03
6.900000e+00 4.993644e-03
7.050000e+00 5.106546e-03
7.200000e+00 5.333484e-03
7.350000e+00 5.783916e-03
7.500000e+00 6.703332e-03
7.650000e+00 8.526286e-03
7.800000e+00 1.060179e-02
7.950000e+00 9.580451e-03
8.100000e+00 7.414116e-03
8.250000e+00 6.219065e-03
8.400000e+00 5.690654e-03
8.550000e+00 5.506210e-03
8.700000e+00 5.533122e-03
8.850000e+00 5.737012e-03
9.000000e+00 6.142045e-03
9.150000e+00 6.844342e-03
9.300000e+00 8.039931e-03
9.450000e+00 9.927919e-03
9.600000e+00 1.232300e-02
9.750000e+00 1.640973e-02
9.900000e+00 2.519132e-02
1.005000e+01 4.155181e-02
1.020000e+01 5.223489e-02
1.035000e+01 3.772756e-02
1.050000e+01 2.286759e-02
1.065000e+01 1.525244e-02
1.080000e+01 1.159953e-02
1.095000e+01 9.905045e-03
1.110000e+01 9.364582e-03
1.125000e+01 9.767349e-03
1.140000e+01 1.124049e-02
1.155000e+01 1.388881e-02
1.170000e+01 1.861910e-02
1.185000e+01 2.884254e-02
1.200000e+01 4.711181e-02
1.215000e+01 5.493304e-02
1.230000e+01 3.744503e-02
1.245000e+01 2.236018e-02
1.260000e+01 1.447446e-02
1.275000e+01 1.046126e-02
1.290000e+01 8.348605e-03
1.305000e+01 7.299338e-03
1.320000e+01 7.057097e-03
1.335000e+01 7.756596e-03
1.350000e+01 9.597253e-03
1.365000e+01 1.108871e-02
1.380000e+01 9.215248e-03
1.395000e+01 6.546990e-03
1.410000e+01 5.009939e-03
1.425000e+01 4.186536e-03
1.440000e+01 3.707890e-03
1.455000e+01 3.408589e-03
1.470000e+01 3.212395e-03
1.485000e+01 3.085928e-03
1.500000e+01 3.016031e-03
1.515000e+01 3.004676e-03
1.530000e+01 3.072408e-03
1.545000e+01 3.274453e-03
1.560000e+01 3.745630e-03
1.575000e+01 4.726871e-03
1.590000e+01 5.868567e-03
1.605000e+01 5.264787e-03
1.620000e+01 3.977952e-03
1.635000e+01 3.229607e-03
1.650000e+01 2.846251e-03
1.665000e+01 2.636628e-03
1.680000e+01 2.510440e-03
1.695000e+01 2.428657e-03
1.710000e+01 2.377391e-03
1.725000e+01 2.343837e-03
1.740000e+01 2.320515e-03
1.755000e+01 2.308215e-03
1.770000e+01 2.305097e-03
1.785000e+01 2.308457e-03
1.800000e+01 2.325848e-03
1.815000e+01 2.337522e-03
1.830000e+01 2.341636e-03
1.845000e+01 2.358287e-03
1.860000e+01 2.384437e-03
1.875000e+01 2.418912e-03
1.890000e+01 2.449267e-03
1.905000e+01 2.477910e-03
1.920000e+01 2.517234e-03
1.935000e+01 2.563346e-03
1.950000e+01 2.618969e-03
1.965000e+01 2.682209e-03
1.980000e+01 2.754172e-03
1.995000e+01 2.834880e-03
2.010000e+01 2.925630e-03
2.025000e+01 3.027940e-03
2.040000e+01 3.143420e-03
2.055000e+01 3.273392e-03
2.070000e+01 3.421467e-03
2.085000e+01 3.591241e-03
2.100000e+01 3.787467e-03
2.115000e+01 4.018711e-03
2.130000e+01 4.300503e-03
2.145000e+01 4.653521e-03
2.160000e+01 5.043521e-03
2.175000e+01 5.404047e-03
2.190000e+01 5.864962e-03
2.205000e+01 6.451421e-03
2.220000e+01 7.114507e-03
2.235000e+01 8.058608e-03
2.250000e+01 9.465600e-03
2.265000e+01 1.081851e-02
2.280000e+01 1.144938e-02
2.295000e+01 1.243413e-02
2.310000e+01 1.423079e-02
2.325000e+01 1.703575e-02
2.340000e+01 2.123196e-02
2.355000e+01 2.605279e-02
2.370000e+01 3.041955e-02
2.385000e+01 3.710846e-02
2.400000e+01 4.778869e-02
2.415000e+01 6.458549e-02
2.430000e+01 9.384919e-02
2.445000e+01 1.483852e-01
2.460000e+01 2.562841e-01
2.475000e+01 4.560573e-01
2.490000e+01 6.049461e-01
2.505000e+01 4.357256e-01
2.520000e+01 2.437759e-01
2.535000e+01 1.418922e-01
2.550000e+01 9.021221e-02
2.565000e+01 6.207785e-02
2.580000e+01 4.560642e-02
2.595000e+01 3.572040e-02
2.610000e+01 3.003786e-02
2.625000e+01 2.699678e-02
2.640000e+01 2.432456e-02
2.655000e+01 1.959036e-02
2.670000e+01 1.564244e-02
2.685000e+01 1.312057e-02
2.700000e+01 1.130403e-02
2.715000e+01 9.927610e-03
2.730000e+01 8.922278e-03
2.745000e+01 8.189666e-03
2.760000e+01 7.675150e-03
2.775000e+01 7.362421e-03
2.790000e+01 7.269411e-03
2.805000e+01 7.383534e-03
2.820000e+01 7.680967e-03
2.835000e+01 8.460480e-03
2.850000e+01 9.533069e-03
2.865000e+01 1.029129e-02
2.880000e+01 1.164161e-02
2.895000e+01 1.342943e-02
2.910000e+01 1.411197e-02
2.925000e+01 1.611281e-02
2.940000e+01 2.122494e-02
2.955000e+01 2.905031e-02
2.970000e+01 4.204275e-02
2.985000e+01 5.491273e-02
3.000000e+01 4.711251e-02
