0.000000e+00 2.153118e-02
1.500000e-01 2.305845e-02
3.000000e-01 2.476137e-02
4.500000e-01 2.666852e-02
6.000000e-01 2.881457e-02
7.500000e-01 3.124193e-02
9.000000e-01 3.400290e-02
1.050000e+00 3.716259e-02
1.200000e+00 4.080289e-02
1.350000e+00 4.502795e-02
1.500000e+00 4.997182e-02
1.650000e+00 5.580945e-02
1.800000e+00 6.277249e-02
1.950000e+00 7.117296e-02
2.100000e+00 8.143893e-02
2.250000e+00 9.418440e-02
2.400000e+00 1.102507e-01
2.550000e+00 1.309211e-01
2.700000e+00 1.581364e-01
2.850000e+00 1.949607e-01
3.000000e+00 2.464839e-01
3.150000e+00 3.215511e-01
3.300000e+00 4.365677e-01
3.450000e+00 6.242158e-01
3.600000e+00 9.549046e-01
3.750000e+00 1.589172e+00
3.900000e+00 2.848369e+00
4.050000e+00 4.645915e+00
4.200000e+00 4.481781e+00
4.350000e+00 2.679891e+00
4.500000e+00 1.523038e+00
4.650000e+00 9.543859e-01
4.800000e+00 6.742225e-01
4.950000e+00 5.473719e-01
5.100000e+00 5.344871e-01
5.250000e+00 6.466212e-01
5.400000e+00 7.846839e-01
5.550000e+00 6.272932e-01
5.700000e+00 3.958055e-01
5.850000e+00 2.621016e-01
6.000000e+00 1.899264e-01
6.150000e+00 1.475762e-01
6.300000e+00 1.205301e-01
6.450000e+00 1.021209e-01
6.600000e+00 8.903525e-02
6.750000e+00 7.949210e-02
6.900000e+00 7.247693e-02
7.050000e+00 6.739402e-02
7.200000e+00 6.390576e-02
7.350000e+00 6.186006e-02
7.500000e+00 6.127198e-02
7.650000e+00 6.236485e-02
7.800000e+00 6.567995e-02
7.950000e+00 7.236708e-02
8.100000e+00 8.487792e-02
8.250000e+00 1.087152e-01
8.400000e+00 1.563863e-01
8.550000e+00 2.470690e-01
8.700000e+00 3.300674e-01
8.850000e+00 2.638046e-01
9.000000e+00 1.712153e-01
9.150000e+00 1.228487e-01
9.300000e+00 1.011192e-01
9.450000e+00 9.259333e-02
9.600000e+00 9.158720e-02
9.750000e+00 9.604173e-02
9.900000e+00 1.057631e-01
1.005000e+01 1.220707e-01
1.020000e+01 1.484601e-01
1.035000e+01 1.928704e-01
1.050000e+01 2.720861e-01
1.065000e+01 3.997971e-01
1.080000e+01 4.820914e-01
1.095000e+01 4.744784e-01
1.110000e+01 5.440314e-01
1.125000e+01 7.600598e-01
1.140000e+01 1.132874e+00
1.155000e+01 1.628679e+00
1.170000e+01 1.996104e+00
1.185000e+01 2.264121e+00
1.200000e+01 2.890446e+00
1.215000e+01 2.553582e+00
1.230000e+01 1.517101e+00
1.245000e+01 8.757251e-01
1.260000e+01 5.494869e-01
1.275000e+01 3.743894e-01
1.290000e+01 2.726135e-01
1.305000e+01 2.072261e-01
1.320000e+01 1.619585e-01
1.335000e+01 1.302184e-01
1.350000e+01 1.070949e-01
1.365000e+01 8.984634e-02
1.380000e+01 7.668198e-02
1.395000e+01 6.641493e-02
1.410000e+01 5.828615e-02
1.425000e+01 5.180922e-02
1.440000e+01 4.670461e-02
1.455000e+01 4.289625e-02
1.470000e+01 4.062366e-02
1.485000e+01 4.053981e-02
1.500000e+01 4.167745e-02
1.515000e+01 3.767818e-02
1.530000e+01 3.128977e-02
1.545000e+01 2.688716e-02
1.560000e+01 2.394759e-02
1.575000e+01 2.178047e-02
1.590000e+01 2.005328e-02
1.605000e+01 1.861372e-02
1.620000e+01 1.737414e-02
1.635000e+01 1.629194e-02
1.650000e+01 1.533737e-02
1.665000e+01 1.448794e-02
1.680000e+01 1.373291e-02
1.695000e+01 1.305230e-02
1.710000e+01 1.245940e-02
1.725000e+01 1.195141e-02
1.740000e+01 1.155938e-02
1.755000e+01 1.133270e-02
1.770000e+01 1.140327e-02
1.785000e+01 1.174005e-02
1.800000e+01 1.142616e-02
1.815000e+01 1.068046e-02
1.830000e+01 1.050484e-02
1.845000e+01 1.104951e-02
1.860000e+01 1.130408e-02
1.875000e+01 9.997805e-03
1.890000e+01 8.738443e-03
1.905000e+01 7.978535e-03
1.920000e+01 7.495156e-03
1.935000e+01 7.148670e-03
1.950000e+01 6.883226e-03
1.965000e+01 6.666320e-03
1.980000e+01 6.507951e-03
1.995000e+01 6.392432e-03
2.010000e+01 6.347021e-03
2.025000e+01 6.393513e-03
2.040000e+01 6.609293e-03
2.055000e+01 7.162167e-03
2.070000e+01 8.411427e-03
2.085000e+01 1.043148e-02
2.100000e+01 1.055139e-02
2.115000e+01 8.394000e-03
2.130000e+01 6.893285e-03
2.145000e+01 6.173891e-03
2.160000e+01 5.821307e-03
2.175000e+01 5.702633e-03
2.190000e+01 5.747612e-03
2.205000e+01 5.638563e-03
2.220000e+01 5.489184e-03
2.235000e+01 5.519076e-03
2.250000e+01 5.754898e-03
2.265000e+01 6.265574e-03
2.280000e+01 7.264593e-03
2.295000e+01 9.265310e-03
2.310000e+01 1.320476e-02
2.325000e+01 1.798116e-02
2.340000e+01 1.643110e-02
2.355000e+01 1.233402e-02
2.370000e+01 1.075459e-02
2.385000e+01 1.002360e-02
2.400000e+01 8.427546e-03
2.415000e+01 7.348388e-03
2.430000e+01 6.994419e-03
2.445000e+01 7.124499e-03
2.460000e+01 7.671221e-03
2.475000e+01 8.754165e-03
2.490000e+01 1.068212e-02
2.505000e+01 1.355968e-02
2.520000e+01 1.618947e-02
2.535000e+01 1.999471e-02
2.550000e+01 2.853155e-02
2.565000e+01 4.615315e-02
2.580000e+01 7.319017e-02
2.595000e+01 7.963788e-02
2.610000e+01 6.823228e-02
2.625000e+01 6.966858e-02
2.640000e+01 6.059870e-02
2.655000e+01 4.035018e-02
2.670000e+01 2.852674e-02
2.685000e+01 2.121858e-02
2.700000e+01 1.547531e-02
2.715000e+01 1.222762e-02
2.730000e+01 1.101207e-02
2.745000e+01 1.169438e-02
2.760000e+01 1.428914e-02
2.775000e+01 1.475040e-02
2.790000e+01 1.079629e-02
2.805000e+01 7.659224e-03
2.820000e+01 5.981532e-03
2.835000e+01 5.074043e-03
2.850000e+01 4.560608e-03
2.865000e+01 4.279863e-03
2.880000e+01 4.237844e-03
2.895000e+01 4.413428e-03
2.910000e+01 4.363164e-03
2.925000e+01 4.107695e-03
2.940000e+01 4.139468e-03
2.955000e+01 4.465195e-03
2.970000e+01 4.650867e-03
2.985000e+01 4.300093e-03
3.000000e+01 4.005942e-03
