0.000000e+00 1.705292e-03
1.500000e-01 1.939720e-03
3.000000e-01 2.204064e-03
4.500000e-01 2.489170e-03
6.000000e-01 2.803420e-03
7.500000e-01 3.150164e-03
9.000000e-01 3.533371e-03
1.050000e+00 3.954212e-03
1.200000e+00 4.426185e-03
1.350000e+00 4.962951e-03
1.500000e+00 5.551961e-03
1.650000e+00 6.214485e-03
1.800000e+00 6.962418e-03
1.950000e+00 7.810943e-03
2.100000e+00 8.779108e-03
2.250000e+00 9.890834e-03
2.400000e+00 1.117629e-02
2.550000e+00 1.267436e-02
2.700000e+00 1.444607e-02
2.850000e+00 1.654373e-02
3.000000e+00 1.906706e-02
3.150000e+00 2.214824e-02
3.300000e+00 2.594949e-02
3.450000e+00 3.072817e-02
3.600000e+00 3.686359e-02
3.750000e+00 4.491188e-02
3.900000e+00 5.575882e-02
4.050000e+00 7.087014e-02
4.200000e+00 9.274313e-02
4.350000e+00 1.260288e-01
4.500000e+00 1.798350e-01
4.650000e+00 2.735542e-01
4.800000e+00 4.512794e-01
4.950000e+00 8.061414e-01
5.100000e+00 1.371432e+00
5.250000e+00 1.465923e+00
5.400000e+00 9.097921e-01
5.550000e+00 5.054961e-01
5.700000e+00 3.016931e-01
5.850000e+00 1.961327e-01
6.000000e+00 1.367537e-01
6.150000e+00 1.007392e-01
6.300000e+00 7.760051e-02
6.450000e+00 6.215327e-02
6.600000e+00 5.167601e-02
6.750000e+00 4.486971e-02
6.900000e+00 4.148942e-02
7.050000e+00 4.229743e-02
7.200000e+00 4.595360e-02
7.350000e+00 4.130965e-02
7.500000e+00 3.151293e-02
7.650000e+00 2.506593e-02
7.800000e+00 2.133113e-02
7.950000e+00 1.897607e-02
8.100000e+00 1.741403e-02
8.250000e+00 1.633724e-02
8.400000e+00 1.564152e-02
8.550000e+00 1.526419e-02
8.700000e+00 1.518166e-02
8.850000e+00 1.542441e-02
9.000000e+00 1.610623e-02
9.150000e+00 1.738642e-02
9.300000e+00 1.969085e-02
9.450000e+00 2.392726e-02
9.600000e+00 3.213725e-02
9.750000e+00 4.760553e-02
9.900000e+00 6.284400e-02
1.005000e+01 5.374735e-02
1.020000e+01 3.975776e-02
1.035000e+01 3.392703e-02
1.050000e+01 3.397338e-02
1.065000e+01 3.869845e-02
1.080000e+01 4.950295e-02
1.095000e+01 7.127276e-02
1.110000e+01 1.116541e-01
1.125000e+01 1.507287e-01
1.140000e+01 1.472033e-01
1.155000e+01 1.619126e-01
1.170000e+01 2.222765e-01
1.185000e+01 2.398063e-01
1.200000e+01 1.757822e-01
1.215000e+01 1.118181e-01
1.230000e+01 7.210545e-02
1.245000e+01 5.142034e-02
1.260000e+01 4.039114e-02
1.275000e+01 3.422089e-02
1.290000e+01 3.072843e-02
1.305000e+01 2.888487e-02
1.320000e+01 2.818068e-02
1.335000e+01 2.835723e-02
1.350000e+01 2.903740e-02
1.365000e+01 3.000348e-02
1.380000e+01 3.157559e-02
1.395000e+01 3.386644e-02
1.410000e+01 3.687907e-02
1.425000e+01 4.073857e-02
1.440000e+01 4.561939e-02
1.455000e+01 5.181717e-02
1.470000e+01 5.974431e-02
1.485000e+01 7.001752e-02
1.500000e+01 8.356936e-02
1.515000e+01 1.019120e-01
1.530000e+01 1.274933e-01
1.545000e+01 1.644242e-01
1.560000e+01 2.187164e-01
1.575000e+01 3.022806e-01
1.590000e+01 4.448118e-01
1.605000e+01 7.088297e-01
1.620000e+01 1.233342e+00
1.635000e+01 2.203839e+00
1.650000e+01 2.926454e+00
1.665000e+01 2.104119e+00
1.680000e+01 1.170891e+00
1.695000e+01 6.770236e-01
1.710000e+01 4.268794e-01
1.725000e+01 2.899670e-01
1.740000e+01 2.086550e-01
1.755000e+01 1.569504e-01
1.770000e+01 1.222226e-01
1.785000e+01 9.784891e-02
1.800000e+01 8.013455e-02
1.815000e+01 6.685783e-02
1.830000e+01 5.665133e-02
1.845000e+01 4.866823e-02
1.860000e+01 4.231215e-02
1.875000e+01 3.715405e-02
1.890000e+01 3.288103e-02
1.905000e+01 2.932763e-02
1.920000e+01 2.635253e-02
1.935000e+01 2.384291e-02
1.950000e+01 2.169055e-02
1.965000e+01 1.984557e-02
1.980000e+01 1.824847e-02
1.995000e+01 1.686221e-02
2.010000e+01 1.565392e-02
2.025000e+01 1.459641e-02
2.040000e+01 1.367215e-02
2.055000e+01 1.286281e-02
2.070000e+01 1.216178e-02
2.085000e+01 1.157109e-02
2.100000e+01 1.109521e-02
2.115000e+01 1.077115e-02
2.130000e+01 1.068248e-02
2.145000e+01 1.082102e-02
2.160000e+01 1.063313e-02
2.175000e+01 1.028844e-02
2.190000e+01 1.047157e-02
2.205000e+01 1.092841e-02
2.220000e+01 1.047485e-02
2.235000e+01 9.452081e-03
2.250000e+01 8.851720e-03
2.265000e+01 8.625704e-03
2.280000e+01 8.651953e-03
2.295000e+01 8.904756e-03
2.310000e+01 9.445706e-03
2.325000e+01 1.044523e-02
2.340000e+01 1.228636e-02
2.355000e+01 1.563571e-02
2.370000e+01 2.061988e-02
2.385000e+01 2.657092e-02
2.400000e+01 2.796197e-02
2.415000e+01 2.254793e-02
2.430000e+01 1.935017e-02
2.445000e+01 1.941518e-02
2.460000e+01 2.211998e-02
2.475000e+01 2.796350e-02
2.490000e+01 3.908214e-02
2.505000e+01 6.049130e-02
2.520000e+01 1.006004e-01
2.535000e+01 1.598938e-01
2.550000e+01 1.795608e-01
2.565000e+01 1.420700e-01
2.580000e+01 8.888750e-02
2.595000e+01 5.442444e-02
2.610000e+01 3.761975e-02
2.625000e+01 3.042719e-02
2.640000e+01 2.757331e-02
2.655000e+01 2.421524e-02
2.670000e+01 2.209751e-02
2.685000e+01 2.040651e-02
2.700000e+01 1.698267e-02
2.715000e+01 1.509334e-02
2.730000e+01 1.339305e-02
2.745000e+01 1.197297e-02
2.760000e+01 1.236186e-02
2.775000e+01 1.399195e-02
2.790000e+01 1.309686e-02
2.805000e+01 1.079837e-02
2.820000e+01 9.763626e-03
2.835000e+01 9.751779e-03
2.850000e+01 1.098234e-02
2.865000e+01 1.427572e-02
2.880000e+01 2.125625e-02
2.895000e+01 3.016092e-02
2.910000e+01 2.790962e-02
2.925000e+01 2.068473e-02
2.940000e+01 1.685476e-02
2.955000e+01 1.448921e-02
2.970000e+01 1.377391e-02
2.985000e+01 1.488647e-02
3.000000e+01 1.697980e-02
