0.000000e+00 7.506180e-02
1.500000e-01 6.855436e-02
3.000000e-01 6.285794e-02
4.500000e-01 5.784414e-02
6.000000e-01 5.340896e-02
7.500000e-01 4.946751e-02
9.000000e-01 4.594996e-02
1.050000e+00 4.279846e-02
1.200000e+00 3.996480e-02
1.350000e+00 3.740854e-02
1.500000e+00 3.509556e-02
1.650000e+00 3.299697e-02
1.800000e+00 3.108820e-02
1.950000e+00 2.934824e-02
2.100000e+00 2.775915e-02
2.250000e+00 2.630556e-02
2.400000e+00 2.497230e-02
2.550000e+00 2.375163e-02
2.700000e+00 2.263183e-02
2.850000e+00 2.160521e-02
3.000000e+00 2.066527e-02
3.150000e+00 1.980538e-02
3.300000e+00 1.902180e-02
3.450000e+00 1.831128e-02
3.600000e+00 1.767360e-02
3.750000e+00 1.710894e-02
3.900000e+00 1.661753e-02
4.050000e+00 1.620493e-02
4.200000e+00 1.588271e-02
4.350000e+00 1.566511e-02
4.500000e+00 1.557608e-02
4.650000e+00 1.565004e-02
4.800000e+00 1.595070e-02
4.950000e+00 1.658255e-02
5.100000e+00 1.772239e-02
5.250000e+00 1.971145e-02
5.400000e+00 2.321642e-02
5.550000e+00 2.969114e-02
5.700000e+00 4.243871e-02
5.850000e+00 6.812010e-02
6.000000e+00 1.053974e-01
6.150000e+00 1.026040e-01
6.300000e+00 6.461394e-02
6.450000e+00 3.979299e-02
6.600000e+00 2.727068e-02
6.750000e+00 2.065157e-02
6.900000e+00 1.682715e-02
7.050000e+00 1.445637e-02
7.200000e+00 1.290821e-02
7.350000e+00 1.186950e-02
7.500000e+00 1.117791e-02
7.650000e+00 1.074987e-02
7.800000e+00 1.054984e-02
7.950000e+00 1.058387e-02
8.100000e+00 1.088554e-02
8.250000e+00 1.156108e-02
8.400000e+00 1.280934e-02
8.550000e+00 1.503777e-02
8.700000e+00 1.912258e-02
8.850000e+00 2.703218e-02
9.000000e+00 4.307822e-02
9.150000e+00 6.999404e-02
9.300000e+00 7.813387e-02
9.450000e+00 5.182277e-02
9.600000e+00 3.109361e-02
9.750000e+00 2.053904e-02
9.900000e+00 1.509102e-02
1.005000e+01 1.205839e-02
1.020000e+01 1.026729e-02
1.035000e+01 9.197227e-03
1.050000e+01 8.620304e-03
1.065000e+01 8.430443e-03
1.080000e+01 8.548997e-03
1.095000e+01 9.190752e-03
1.110000e+01 1.085688e-02
1.125000e+01 1.447776e-02
1.140000e+01 2.068050e-02
1.155000e+01 2.624872e-02
1.170000e+01 2.362800e-02
1.185000e+01 1.649648e-02
1.200000e+01 1.290808e-02
1.215000e+01 1.218242e-02
1.230000e+01 1.068722e-02
1.245000e+01 8.101794e-03
1.260000e+01 6.422790e-03
1.275000e+01 5.489040e-03
1.290000e+01 4.952566e-03
1.305000e+01 4.660801e-03
1.320000e+01 4.580350e-03
1.335000e+01 4.669359e-03
1.350000e+01 4.490191e-03
1.365000e+01 4.029273e-03
1.380000e+01 3.696496e-03
1.395000e+01 3.488529e-03
1.410000e+01 3.347458e-03
1.425000e+01 3.246563e-03
1.440000e+01 3.175454e-03
1.455000e+01 3.135690e-03
1.470000e+01 3.139734e-03
1.485000e+01 3.221925e-03
1.500000e+01 3.453631e-03
1.515000e+01 3.771159e-03
1.530000e+01 3.609068e-03
1.545000e+01 3.182438e-03
1.560000e+01 2.911943e-03
1.575000e+01 2.759416e-03
1.590000e+01 2.665098e-03
1.605000e+01 2.599419e-03
1.620000e+01 2.550419e-03
1.635000e+01 2.511950e-03
1.650000e+01 2.481617e-03
1.665000e+01 2.458233e-03
1.680000e+01 2.441404e-03
1.695000e+01 2.431729e-03
1.710000e+01 2.431217e-03
1.725000e+01 2.443685e-03
1.740000e+01 2.478766e-03
1.755000e+01 2.557383e-03
1.770000e+01 2.718962e-03
1.785000e+01 2.986858e-03
1.800000e+01 3.095193e-03
1.815000e+01 2.984377e-03
1.830000e+01 3.057789e-03
1.845000e+01 3.440349e-03
1.860000e+01 3.852137e-03
1.875000e+01 3.500033e-03
1.890000e+01 2.986129e-03
1.905000e+01 2.707869e-03
1.920000e+01 2.574989e-03
1.935000e+01 2.513665e-03
1.950000e+01 2.491602e-03
1.965000e+01 2.491371e-03
1.980000e+01 2.507855e-03
1.995000e+01 2.537147e-03
2.010000e+01 2.577364e-03
2.025000e+01 2.635233e-03
2.040000e+01 2.710763e-03
2.055000e+01 2.810136e-03
2.070000e+01 2.954563e-03
2.085000e+01 3.196730e-03
2.100000e+01 3.573106e-03
2.115000e+01 3.870411e-03
2.130000e+01 3.760659e-03
2.145000e+01 3.671039e-03
2.160000e+01 3.704032e-03
2.175000e+01 3.767325e-03
2.190000e+01 3.895396e-03
2.205000e+01 4.087566e-03
2.220000e+01 4.331677e-03
2.235000e+01 4.638510e-03
2.250000e+01 5.014833e-03
2.265000e+01 5.481412e-03
2.280000e+01 6.075165e-03
2.295000e+01 6.860473e-03
2.310000e+01 7.978580e-03
2.325000e+01 9.645343e-03
2.340000e+01 1.148571e-02
2.355000e+01 1.237120e-02
2.370000e+01 1.345021e-02
2.385000e+01 1.535079e-02
2.400000e+01 1.796863e-02
2.415000e+01 2.173452e-02
2.430000e+01 2.744880e-02
2.445000e+01 3.629906e-02
2.460000e+01 5.060000e-02
2.475000e+01 7.532973e-02
2.490000e+01 1.217267e-01
2.505000e+01 2.141456e-01
2.520000e+01 3.723292e-01
2.535000e+01 4.382869e-01
2.550000e+01 2.886260e-01
2.565000e+01 1.620266e-01
2.580000e+01 9.862041e-02
2.595000e+01 6.684736e-02
2.610000e+01 4.708378e-02
2.625000e+01 3.448600e-02
2.640000e+01 2.668736e-02
2.655000e+01 2.106645e-02
2.670000e+01 1.703196e-02
2.685000e+01 1.435576e-02
2.700000e+01 1.256248e-02
2.715000e+01 1.107490e-02
2.730000e+01 9.651360e-03
2.745000e+01 8.537524e-03
2.760000e+01 7.794004e-03
2.775000e+01 7.375903e-03
2.790000e+01 7.283665e-03
2.805000e+01 7.358045e-03
2.820000e+01 7.392228e-03
2.835000e+01 7.385093e-03
2.850000e+01 7.361114e-03
2.865000e+01 7.894167e-03
2.880000e+01 9.386454e-03
2.895000e+01 1.141873e-02
2.910000e+01 1.226427e-02
2.925000e+01 1.234167e-02
2.940000e+01 1.355790e-02
2.955000e+01 1.736931e-02
2.970000e+01 2.513300e-02
2.985000e+01 3.795083e-02
3.000000e+01 4.200591e-02
