1.060108966142780851e+01 2.866335934679298945e-17
1.252937925367040961e+01 2.053773165060140822e-17
1.274264102562620771e+01 3.188580811461403514e-02
1.313072529178201187e+01 2.672289639443440140e-16
1.313072529178385395e+01 1.883657315530116638e-17
1.313424427846364573e+01 1.752183931266169253e-02
1.398737916470344267e+01 5.312635554248732427e-03
1.398737916470419762e+01 1.251686324597446436e-02
1.462711302671565505e+01 1.524320052593198384e-17
1.547492738100119247e+01 3.346540917002719523e-02
1.669403261180758236e+01 1.473157689760980305e-16
1.696641812462287646e+01 1.159044267989125729e-02
1.703654664782584405e+01 1.703935400836190809e-16
1.703654664784860984e+01 5.518753840756666004e-15
1.705320327059591889e+01 1.016707139335769859e-03
1.705320327061762598e+01 1.086271236706068746e-02
1.776622138238341009e+01 9.902761524177677273e-17
1.882576090802660218e+01 4.496003579827492326e-16
1.892382192334937585e+01 4.907745745074438420e-02
2.030606600281830154e+01 8.022401291283896840e-02
2.375710884603673279e+01 1.076886466133199506e-16
2.375710884604801976e+01 2.709715296315709589e-16
2.384422923633634994e+01 3.347472360422920341e-04
2.384422923637919212e+01 1.580850067651882324e-02
2.418000576292391557e+01 2.005667263055663166e-17
2.418000576292418913e+01 3.025611883713981049e-18
2.532888441451562755e+01 2.887053446670470668e-16
2.591832376952536166e+01 5.036244770487870170e-02
2.629193267100750475e+01 2.080789027771199132e-02
2.643209942982243987e+01 8.224369727991469314e-02
2.643209942987907368e+01 2.893478922594712541e-03
2.651824352267103180e+01 2.340127168446294410e-15
2.651824352273099805e+01 9.773047118632451486e-16
2.654608589484941916e+01 7.044629878485714203e-02
2.654608589485059511e+01 4.934331753606895077e-02
2.669254738767771684e+01 3.161238731223858433e-15
2.828123647832734022e+01 4.420205923164152289e-17
2.828123647834861387e+01 3.236752548471431660e-18
2.829177494212897415e+01 2.221977661698752021e-02
2.829177494215092992e+01 1.535593480478730181e-04
2.848692673989626911e+01 5.853038495924714213e-15
2.848692674002121095e+01 4.301532636682978264e-16
2.853881613874186840e+01 2.952834808852628293e-02
2.853881613888695412e+01 2.189828329722209518e-02
2.947981291809005455e+01 2.037407467665803195e-04
2.957723561517605404e+01 6.754453279558433665e-15
3.013460968280921648e+01 6.908574123387462018e-02
3.042285909291523893e+01 1.204943566893725330e-14
3.057781776649785144e+01 1.852388408844067671e-16
3.057781776670913132e+01 4.180576293282420862e-14
3.130144773771401745e+01 9.275861718772920778e-07
3.130144773792051893e+01 6.530140432629526746e-05
3.179394974414422848e+01 4.932048225261990299e-02
3.254435131783463930e+01 1.599134451451463441e-13
3.323978717353370627e+01 1.121200835582652263e-03
3.384801129744536752e+01 9.446758125821455129e-13
3.387453766276372846e+01 3.331098451554487407e-15
3.387453766290842339e+01 2.302773868991932397e-14
3.404752501904613382e+01 6.532656875973657726e-03
