1.060108966142780851e+01 2.254517087925797945e-29
1.252937925367040961e+01 1.416425661379926486e-20
1.274264102562620771e+01 1.623085749357084651e-22
1.313072529178201187e+01 1.380202945197829236e-17
1.313072529178385395e+01 2.676935923922257973e-17
1.313424427846364573e+01 3.012860363227973324e-03
1.398737916470344267e+01 2.944665535601466086e-02
1.398737916470419762e+01 6.937797479563148628e-02
1.462711302671565505e+01 2.321685302284217420e-28
1.547492738100119247e+01 2.429287885304775821e-23
1.669403261180758236e+01 8.293519141709911230e-18
1.696641812462287646e+01 2.450727151519970707e-04
1.703654664782584405e+01 2.857749426175586943e-27
1.703654664784860984e+01 1.118736343051215871e-26
1.705320327059591889e+01 6.904265374326286090e-27
1.705320327061762598e+01 1.542443047050105115e-25
1.776622138238341009e+01 1.264808486256552298e-17
1.882576090802660218e+01 6.491277541207145894e-27
1.892382192334937585e+01 4.187187277636682942e-03
2.030606600281830154e+01 2.910634874839815210e-23
2.375710884603673279e+01 1.293125215692672778e-19
2.375710884604801976e+01 5.049035052569878422e-18
2.384422923633634994e+01 1.318442750466842877e-04
2.384422923637919212e+01 6.226376301519619648e-03
2.418000576292391557e+01 3.072267175457015488e-17
2.418000576292418913e+01 6.426662914785962554e-18
2.532888441451562755e+01 1.090537881588474915e-26
2.591832376952536166e+01 8.821536160227184159e-22
2.629193267100750475e+01 6.971536999361957520e-04
2.643209942982243987e+01 9.406742568910479929e-23
2.643209942987907368e+01 3.063633570460506101e-25
2.651824352267103180e+01 5.937005219746916174e-27
2.651824352273099805e+01 2.030702790930160903e-26
2.654608589484941916e+01 3.679120135359217197e-02
2.654608589485059511e+01 2.576998483580485166e-02
2.669254738767771684e+01 6.038931668804155361e-18
2.828123647832734022e+01 3.678318241080976563e-26
2.828123647834861387e+01 1.019475319282880890e-27
2.829177494212897415e+01 2.193197254705287377e-26
2.829177494215092992e+01 7.824313933525681726e-28
2.848692673989626911e+01 4.557540143840008312e-16
2.848692674002121095e+01 2.938981375043155431e-17
2.853881613874186840e+01 2.769703955754841793e-04
2.853881613888695412e+01 2.054020841000932457e-04
2.947981291809005455e+01 2.195294840559412633e-04
2.957723561517605404e+01 2.881716642945158768e-25
3.013460968280921648e+01 6.315646204634461542e-24
3.042285909291523893e+01 3.531057493560508933e-25
3.057781776649785144e+01 1.859177675700535902e-28
3.057781776670913132e+01 9.265889945618776374e-27
3.130144773771401745e+01 1.408072447133899591e-27
3.130144773792051893e+01 3.840704779779045023e-25
3.179394974414422848e+01 3.355591319415514409e-25
3.254435131783463930e+01 4.031245502439976117e-17
3.323978717353370627e+01 1.715839707464613377e-05
3.384801129744536752e+01 1.899323793705523799e-15
3.387453766276372846e+01 2.991194244739636875e-15
3.387453766290842339e+01 4.339846139588415186e-16
3.404752501904613382e+01 1.615258062851330088e-05
