1.060108966142780851e+01 2.476645324364122991e-19
1.252937925367040961e+01 4.202650054772728605e-18
1.274264102562620771e+01 2.299429932969807369e-02
1.313072529178201187e+01 3.256284669489678587e-17
1.313072529178385395e+01 5.734488402296088050e-17
1.313424427846364573e+01 9.331690438406804039e-03
1.398737916470344267e+01 3.849885214843311310e-02
1.398737916470419762e+01 9.070545908142459146e-02
1.462711302671565505e+01 6.557945837190370324e-19
1.547492738100119247e+01 1.286592344225407844e-02
1.669403261180758236e+01 9.623427845340423120e-18
1.696641812462287646e+01 1.247932979709829530e-05
1.703654664782584405e+01 5.965837036231475139e-19
1.703654664784860984e+01 3.334563024923959840e-17
1.705320327059591889e+01 5.244568117331045286e-04
1.705320327061762598e+01 5.603403797865195643e-03
1.776622138238341009e+01 9.581832894971952899e-18
1.882576090802660218e+01 4.515902939363792119e-18
1.892382192334937585e+01 1.271259098182389059e-02
2.030606600281830154e+01 1.039501332573059163e-02
2.375710884603673279e+01 6.087292995229338594e-20
2.375710884604801976e+01 5.882358977976329700e-18
2.384422923633634994e+01 3.250433322080841870e-04
2.384422923637919212e+01 1.535024606057090908e-02
2.418000576292391557e+01 4.068731455907548883e-17
2.418000576292418913e+01 8.859503318350451073e-18
2.532888441451562755e+01 6.071286641834231565e-20
2.591832376952536166e+01 4.960961248766698924e-03
2.629193267100750475e+01 5.404257814025239344e-04
2.643209942982243987e+01 6.162219609057910906e-03
2.643209942987907368e+01 2.167975923584956064e-04
2.651824352267103180e+01 4.674835079901071797e-19
2.651824352273099805e+01 1.076467052265472237e-17
2.654608589484941916e+01 6.378572181410205322e-02
2.654608589485059511e+01 4.467799421355678896e-02
2.669254738767771684e+01 1.089702335892557722e-18
2.828123647832734022e+01 2.542969402776562550e-19
2.828123647834861387e+01 1.128409873434615391e-20
2.829177494212897415e+01 1.022684686626789763e-03
2.829177494215092992e+01 7.067702092956442152e-06
2.848692673989626911e+01 8.133455653048999688e-16
2.848692674002121095e+01 6.487255319697779233e-17
2.853881613874186840e+01 9.193521261243182540e-04
2.853881613888695412e+01 6.817939159572937186e-04
2.947981291809005455e+01 3.685221137158859708e-04
2.957723561517605404e+01 3.200329500255877458e-16
3.013460968280921648e+01 1.371758614620208292e-03
3.042285909291523893e+01 1.625172775947430065e-16
3.057781776649785144e+01 9.913102808771920709e-19
3.057781776670913132e+01 2.778329156166035992e-16
3.130144773771401745e+01 1.767451180688782582e-06
3.130144773792051893e+01 1.244244073526286115e-04
3.179394974414422848e+01 9.881685281447772501e-04
3.254435131783463930e+01 1.169537384935380011e-15
3.323978717353370627e+01 4.580538339311581103e-05
3.384801129744536752e+01 1.167184348979867019e-14
3.387453766276372846e+01 3.730233183127960586e-15
3.387453766290842339e+01 1.326932609709284810e-15
3.404752501904613382e+01 1.149875008468665728e-04
