1.060108966142780851e+01 1.652943862923290622e-16
1.252937925367040961e+01 2.207235659016780313e-17
1.274264102562620771e+01 6.474230251988809248e-02
1.313072529178201187e+01 3.865964757037267078e-17
1.313072529178385395e+01 2.014776259728987397e-17
1.313424427846364573e+01 1.955953662321665773e-02
1.398737916470344267e+01 2.134862517411803030e-03
1.398737916470419762e+01 5.029854151851869022e-03
1.462711302671565505e+01 1.023905333442145304e-19
1.547492738100119247e+01 6.435316575458759070e-02
1.669403261180758236e+01 3.272335047216023134e-16
1.696641812462287646e+01 3.639220286727740117e-02
1.703654664782584405e+01 5.508602402708460095e-17
1.703654664784860984e+01 1.924849499848192594e-15
1.705320327059591889e+01 6.590380493088033795e-04
1.705320327061762598e+01 7.041299838728826838e-03
1.776622138238341009e+01 2.490645483275476478e-16
1.882576090802660218e+01 4.606314387387475795e-16
1.892382192334937585e+01 3.579561914252835791e-02
2.030606600281830154e+01 1.633547800339916201e-01
2.375710884603673279e+01 4.547585494621615418e-18
2.375710884604801976e+01 1.696447779793999763e-16
2.384422923633634994e+01 2.921985510403121247e-05
2.384422923637919212e+01 1.379914276466601662e-03
2.418000576292391557e+01 1.838582761829062729e-17
2.418000576292418913e+01 1.700916773595440624e-18
2.532888441451562755e+01 6.173408863783037171e-16
2.591832376952536166e+01 2.279755356690834137e-02
2.629193267100750475e+01 1.112593466529579467e-01
2.643209942982243987e+01 3.967718017713385559e-02
2.643209942987907368e+01 1.395913322841937790e-03
2.651824352267103180e+01 1.159892049949724933e-15
2.651824352273099805e+01 3.827495836325718748e-16
2.654608589484941916e+01 1.811769964687765314e-02
2.654608589485059511e+01 1.269033916297795765e-02
2.669254738767771684e+01 5.358263048732324058e-15
2.828123647832734022e+01 1.558650832781374501e-19
2.828123647834861387e+01 2.360811434370610745e-22
2.829177494212897415e+01 3.531764480322507199e-03
2.829177494215092992e+01 2.440777819634077026e-05
2.848692673989626911e+01 1.692038025554936569e-15
2.848692674002121095e+01 1.970781113688839609e-16
2.853881613874186840e+01 2.907949983750069203e-02
2.853881613888695412e+01 2.156540943259790608e-02
2.947981291809005455e+01 1.529550964618774144e-03
2.957723561517605404e+01 1.422079430406857270e-14
3.013460968280921648e+01 1.429346598946687197e-01
3.042285909291523893e+01 3.195655271826598205e-14
3.057781776649785144e+01 8.524198378791411544e-17
3.057781776670913132e+01 1.806778586127361281e-14
3.130144773771401745e+01 1.158362680066961275e-06
3.130144773792051893e+01 8.154648705420326500e-05
3.179394974414422848e+01 1.041808531896990242e-01
3.254435131783463930e+01 1.770886658438805959e-13
3.323978717353370627e+01 1.085098921598455154e-03
3.384801129744536752e+01 1.341379437611388840e-12
3.387453766276372846e+01 8.455675095675791960e-16
3.387453766290842339e+01 7.362763117905570336e-15
3.404752501904613382e+01 7.331340370452687182e-03
