1.060108966142780851e+01 1.198229616243879193e-18
1.252937925367040961e+01 8.055975468209085850e-17
1.274264102562620771e+01 2.424186753710108957e-02
1.313072529178201187e+01 2.795095579187521296e-16
1.313072529178385395e+01 3.938796739323992966e-16
1.313424427846364573e+01 2.846814292346705466e-02
1.398737916470344267e+01 3.529189618637022102e-02
1.398737916470419762e+01 8.314968995405733199e-02
1.462711302671565505e+01 9.787509277923003073e-18
1.547492738100119247e+01 2.010697039988375637e-02
1.669403261180758236e+01 2.349130244450913693e-21
1.696641812462287646e+01 7.636523467248115945e-04
1.703654664782584405e+01 2.524863613053959093e-17
1.703654664784860984e+01 8.149590161889107231e-16
1.705320327059591889e+01 1.220029240820621769e-03
1.705320327061762598e+01 1.303504339820928636e-02
1.776622138238341009e+01 1.159801254576301855e-18
1.882576090802660218e+01 6.479637687891023495e-17
1.892382192334937585e+01 6.955886695523080809e-02
2.030606600281830154e+01 2.686669475657628772e-02
2.375710884603673279e+01 1.006565478935672089e-17
2.375710884604801976e+01 2.756016011096612399e-17
2.384422923633634994e+01 1.458107498721472909e-03
2.384422923637919212e+01 6.885945326958162194e-02
2.418000576292391557e+01 1.755620357152773126e-17
2.418000576292418913e+01 7.701612579239811409e-18
2.532888441451562755e+01 3.115306647048392997e-18
2.591832376952536166e+01 2.765738330258171729e-02
2.629193267100750475e+01 3.791928091058914714e-03
2.643209942982243987e+01 4.327225918768855262e-02
2.643209942987907368e+01 1.522393595230325889e-03
2.651824352267103180e+01 1.296500019158681680e-16
2.651824352273099805e+01 1.343570530133589908e-16
2.654608589484941916e+01 1.755968874018299930e-01
2.654608589485059511e+01 1.229948701181978465e-01
2.669254738767771684e+01 2.660969783065872279e-16
2.828123647832734022e+01 4.111597508543321437e-18
2.828123647834861387e+01 4.052748004539518837e-19
2.829177494212897415e+01 1.371645918233657842e-02
2.829177494215092992e+01 9.479349583331856159e-05
2.848692673989626911e+01 3.432341032775995499e-15
2.848692674002121095e+01 3.152821512434646075e-16
2.853881613874186840e+01 2.562397036637210305e-03
2.853881613888695412e+01 1.900280699185289378e-03
2.947981291809005455e+01 2.778711729238832629e-03
2.957723561517605404e+01 1.013634942002064649e-15
3.013460968280921648e+01 5.776198838515798212e-03
3.042285909291523893e+01 1.574592256780204263e-15
3.057781776649785144e+01 1.289955831565246145e-17
3.057781776670913132e+01 4.059736114285363693e-15
3.130144773771401745e+01 8.021356271289001985e-06
3.130144773792051893e+01 5.646853168884937357e-04
3.179394974414422848e+01 4.642643419044355756e-03
3.254435131783463930e+01 2.146844117144852574e-14
3.323978717353370627e+01 4.257318942275305587e-04
3.384801129744536752e+01 1.403961074103607101e-13
3.387453766276372846e+01 4.277430236207463364e-15
3.387453766290842339e+01 1.619653558354876839e-14
3.404752501904613382e+01 1.429829245662817428e-03
