alpha 4.111111111111111
beta  4.555555555555555

M0 (diagonal):
[[6.732655 0.       0.       0.       0.       0.       0.       0.
  0.       0.      ]
 [0.       3.42808  0.       0.       0.       0.       0.       0.
  0.       0.      ]
 [0.       0.       1.368762 0.       0.       0.       0.       0.
  0.       0.      ]
 [0.       0.       0.       1.148749 0.       0.       0.       0.
  0.       0.      ]
 [0.       0.       0.       0.       8.319432 0.       0.       0.
  0.       0.      ]
 [0.       0.       0.       0.       0.       9.2148   0.       0.
  0.       0.      ]
 [0.       0.       0.       0.       0.       0.       6.459722 0.
  0.       0.      ]
 [0.       0.       0.       0.       0.       0.       0.       7.565469
  0.       0.      ]
 [0.       0.       0.       0.       0.       0.       0.       0.
  5.892625 0.      ]
 [0.       0.       0.       0.       0.       0.       0.       0.
  0.       9.415652]]

alpha * M1:
[[34.297693  4.685687 32.709355 15.305746 32.171056 14.844949 31.718422
  28.146127 26.813124 20.810601]
 [ 4.685687  8.709592 23.712709 22.038701 19.92407  14.881637 39.711854
  31.458885 34.700272 20.443507]
 [32.709355 23.712709  9.109682 28.453196 30.045124 11.529517 21.246043
  30.358911 21.662983 25.565113]
 [15.305746 22.038701 28.453196 16.613826 12.439571 31.317336 25.973451
  30.177109 21.642737 36.600336]
 [32.171056 19.92407  30.045124 12.439571 16.547442 12.41716  21.690462
  26.514243 26.5301    9.996915]
 [14.844949 14.881637 11.529517 31.317336 12.41716  28.974922 15.668876
  35.12815  28.574038 16.03306 ]
 [31.718422 39.711854 21.246043 25.973451 21.690462 15.668876 27.059009
  35.67654  24.418703 20.812874]
 [28.146127 31.458885 30.358911 30.177109 26.514243 35.12815  35.67654
  38.59732  24.230998 34.821711]
 [26.813124 34.700272 21.662983 21.642737 26.5301   28.574038 24.418703
  24.230998 37.038727 20.074475]
 [20.810601 20.443507 25.565113 36.600336  9.996915 16.03306  20.812874
  34.821711 20.074475 31.19534 ]]

beta * M2:
[[29.744859 12.1954   31.315084 16.211922 20.29762  22.872905 30.660255
  23.554626 25.78222  12.476174]
 [12.1954   22.197804 35.718684 28.256754 17.345726 18.320276 43.157787
  14.252387 17.892383 14.310244]
 [31.315084 35.718684 37.753697 33.435282 12.080106 23.041346 27.803878
  20.294492 34.947059 25.915142]
 [16.211922 28.256754 33.435282 10.519971 26.267616 43.227192  9.184031
  35.157302 14.894109 25.566239]
 [20.29762  17.345726 12.080106 26.267616 15.783369 34.861592 41.945496
  21.804986 42.413336 17.617172]
 [22.872905 18.320276 23.041346 43.227192 34.861592 17.218707 26.740085
  25.674105 34.335962 27.370942]
 [30.660255 43.157787 27.803878  9.184031 41.945496 26.740085 31.939021
  32.311959 23.664086 39.624323]
 [23.554626 14.252387 20.294492 35.157302 21.804986 25.674105 32.311959
  41.876042 31.90358  17.89288 ]
 [25.78222  17.892383 34.947059 14.894109 42.413336 34.335962 23.664086
  31.90358  44.66445  26.897334]
 [12.476174 14.310244 25.915142 25.566239 17.617172 27.370942 39.624323
  17.89288  26.897334 35.063552]]

H(alpha, beta) = M0 + alpha*M1 + beta*M2:
[[70.775206 16.881087 64.024438 31.517668 52.468675 37.717854 62.378677
  51.700753 52.595344 33.286776]
 [16.881087 34.335476 59.431393 50.295455 37.269796 33.201913 82.869641
  45.711272 52.592655 34.753751]
 [64.024438 59.431393 48.232141 61.888478 42.125231 34.570863 49.049921
  50.653403 56.610042 51.480255]
 [31.517668 50.295455 61.888478 28.282546 38.707188 74.544528 35.157481
  65.334411 36.536846 62.166575]
 [52.468675 37.269796 42.125231 38.707188 40.650243 47.278752 63.635958
  48.319229 68.943436 27.614088]
 [37.717854 33.201913 34.570863 74.544528 47.278752 55.408429 42.408962
  60.802255 62.91     43.404002]
 [62.378677 82.869641 49.049921 35.157481 63.635958 42.408962 65.457752
  67.988499 48.08279  60.437197]
 [51.700753 45.711272 50.653403 65.334411 48.319229 60.802255 67.988499
  88.038831 56.134578 52.714591]
 [52.595344 52.592655 56.610042 36.536846 68.943436 62.91     48.08279
  56.134578 87.595801 46.971809]
 [33.286776 34.753751 51.480255 62.166575 27.614088 43.404002 60.437197
  52.714591 46.971809 75.674544]]
