alpha 2.7777777777777777
beta  1.8888888888888888

M0 (diagonal):
[[6.732655 0.       0.       0.       0.       0.       0.       0.
  0.       0.      ]
 [0.       3.42808  0.       0.       0.       0.       0.       0.
  0.       0.      ]
 [0.       0.       1.368762 0.       0.       0.       0.       0.
  0.       0.      ]
 [0.       0.       0.       1.148749 0.       0.       0.       0.
  0.       0.      ]
 [0.       0.       0.       0.       8.319432 0.       0.       0.
  0.       0.      ]
 [0.       0.       0.       0.       0.       9.2148   0.       0.
  0.       0.      ]
 [0.       0.       0.       0.       0.       0.       6.459722 0.
  0.       0.      ]
 [0.       0.       0.       0.       0.       0.       0.       7.565469
  0.       0.      ]
 [0.       0.       0.       0.       0.       0.       0.       0.
  5.892625 0.      ]
 [0.       0.       0.       0.       0.       0.       0.       0.
  0.       9.415652]]

alpha * M1:
[[23.174117  3.166005 22.100915 10.34172  21.7372   10.030371 21.431366
  19.017654 18.116976 14.061217]
 [ 3.166005  5.88486  16.022101 14.891014 13.46221  10.05516  26.832334
  21.256003 23.44613  13.81318 ]
 [22.100915 16.022101  6.15519  19.225132 20.30076   7.790214 14.355434
  20.512778 14.637151 17.273725]
 [10.34172  14.891014 19.225132 11.225558  8.405116 21.160362 17.549629
  20.389938 14.623471 24.729957]
 [21.7372   13.46221  20.30076   8.405116 11.180704  8.389973 14.655718
  17.915029 17.925743  6.754672]
 [10.030371 10.05516   7.790214 21.160362  8.389973 19.57765  10.587079
  23.735236 19.306782 10.833149]
 [21.431366 26.832334 14.355434 17.549629 14.655718 10.587079 18.283114
  24.10577  16.499124 14.062752]
 [19.017654 21.256003 20.512778 20.389938 17.915029 23.735236 24.10577
  26.07927  16.372296 23.528183]
 [18.116976 23.44613  14.637151 14.623471 17.925743 19.306782 16.499124
  16.372296 25.026167 13.563835]
 [14.061217 13.81318  17.273725 24.729957  6.754672 10.833149 14.062752
  23.528183 13.563835 21.077933]]

beta * M2:
[[12.333234  5.056629 12.984303  6.722016  8.416086  9.483887 12.712788
   9.766552 10.690189  5.173048]
 [ 5.056629  9.203967 14.810186 11.716215  7.19213   7.596212 17.894692
   5.909526  7.418793  5.933516]
 [12.984303 14.810186 15.653972 13.86341   5.008825  9.553729 11.528437
   8.41479  14.490244 10.745303]
 [ 6.722016 11.716215 13.86341   4.361939 10.891451 17.92347   3.808013
  14.577418  6.175606 10.600636]
 [ 8.416086  7.19213   5.008825 10.891451  6.544324 14.454807 17.392035
   9.041092 17.586017  7.304681]
 [ 9.483887  7.596212  9.553729 17.92347  14.454807  7.139464 11.087352
  10.645361 14.236862 11.348927]
 [12.712788 17.894692 11.528437  3.808013 17.392035 11.087352 13.243009
  13.397642  9.811938 16.429597]
 [ 9.766552  5.909526  8.41479  14.577418  9.041092 10.645361 13.397642
  17.363237 13.228314  7.418999]
 [10.690189  7.418793 14.490244  6.175606 17.586017 14.236862  9.811938
  13.228314 18.519406 11.152553]
 [ 5.173048  5.933516 10.745303 10.600636  7.304681 11.348927 16.429597
   7.418999 11.152553 14.538546]]

H(alpha, beta) = M0 + alpha*M1 + beta*M2:
[[42.240006  8.222634 35.085218 17.063737 30.153286 19.514258 34.144155
  28.784206 28.807164 19.234265]
 [ 8.222634 18.516907 30.832287 26.607229 20.65434  17.651372 44.727026
  27.16553  30.864923 19.746696]
 [35.085218 30.832287 23.177924 33.088542 25.309584 17.343943 25.883871
  28.927567 29.127395 28.019028]
 [17.063737 26.607229 33.088542 16.736246 19.296566 39.083832 21.357642
  34.967356 20.799077 35.330592]
 [30.153286 20.65434  25.309584 19.296566 26.04446  22.844779 32.047753
  26.956121 35.511761 14.059354]
 [19.514258 17.651372 17.343943 39.083832 22.844779 35.931914 21.674431
  34.380597 33.543645 22.182076]
 [34.144155 44.727026 25.883871 21.357642 32.047753 21.674431 37.985845
  37.503412 26.311062 30.49235 ]
 [28.784206 27.16553  28.927567 34.967356 26.956121 34.380597 37.503412
  51.007976 29.600609 30.947182]
 [28.807164 30.864923 29.127395 20.799077 35.511761 33.543645 26.311062
  29.600609 49.438198 24.716388]
 [19.234265 19.746696 28.019028 35.330592 14.059354 22.182076 30.49235
  30.947182 24.716388 45.032131]]
