alpha 2.333333333333333
beta  3.6666666666666665

M0 (diagonal):
[[6.732655 0.       0.       0.       0.       0.       0.       0.
  0.       0.      ]
 [0.       3.42808  0.       0.       0.       0.       0.       0.
  0.       0.      ]
 [0.       0.       1.368762 0.       0.       0.       0.       0.
  0.       0.      ]
 [0.       0.       0.       1.148749 0.       0.       0.       0.
  0.       0.      ]
 [0.       0.       0.       0.       8.319432 0.       0.       0.
  0.       0.      ]
 [0.       0.       0.       0.       0.       9.2148   0.       0.
  0.       0.      ]
 [0.       0.       0.       0.       0.       0.       6.459722 0.
  0.       0.      ]
 [0.       0.       0.       0.       0.       0.       0.       7.565469
  0.       0.      ]
 [0.       0.       0.       0.       0.       0.       0.       0.
  5.892625 0.      ]
 [0.       0.       0.       0.       0.       0.       0.       0.
  0.       9.415652]]

alpha * M1:
[[19.466258  2.659444 18.564769  8.687045 18.259248  8.425512 18.002348
  15.974829 15.218259 11.811422]
 [ 2.659444  4.943282 13.458565 12.508452 11.308256  8.446335 22.53916
  17.855043 19.694749 11.603071]
 [18.564769 13.458565  5.17036  16.149111 17.052638  6.54378  12.058565
  17.230733 12.295206 14.509929]
 [ 8.687045 12.508452 16.149111  9.429469  7.060297 17.774704 14.741688
  17.127548 12.283715 20.773164]
 [18.259248 11.308256 17.052638  7.060297  9.391792  7.047577 12.310803
  15.048625 15.057624  5.673925]
 [ 8.425512  8.446335  6.54378  17.774704  7.047577 16.445226  8.893146
  19.937598 16.217697  9.099845]
 [18.002348 22.53916  12.058565 14.741688 12.310803  8.893146 15.357816
  20.248847 13.859264 11.812712]
 [15.974829 17.855043 17.230733 17.127548 15.048625 19.937598 20.248847
  21.906587 13.752729 19.763674]
 [15.218259 19.694749 12.295206 12.283715 15.057624 16.217697 13.859264
  13.752729 21.02198  11.393621]
 [11.811422 11.603071 14.509929 20.773164  5.673925  9.099845 11.812712
  19.763674 11.393621 17.705463]]

beta * M2:
[[23.940984  9.81581  25.204823 13.04862  16.337108 18.409899 24.677766
  18.958601 20.751543 10.041799]
 [ 9.81581  17.866525 28.749184 22.743241 13.961194 14.745588 34.736755
  11.471433 14.401186 11.518001]
 [25.204823 28.749184 30.387122 26.911325  9.723012 18.545474 22.378731
  16.334591 28.128121 20.858529]
 [13.04862  22.743241 26.911325  8.467293 21.142228 34.792618  7.392025
  28.297341 11.987941 20.577704]
 [16.337108 13.961194  9.723012 21.142228 12.703687 28.05933  33.761009
  17.550355 34.137563 14.179675]
 [18.409899 14.745588 18.545474 34.792618 28.05933  13.85896  21.522508
  20.664523 27.636262 22.03027 ]
 [24.677766 34.736755 22.378731  7.392025 33.761009 21.522508 25.707017
  26.007187 19.046704 31.892748]
 [18.958601 11.471433 16.334591 28.297341 17.550355 20.664523 26.007187
  33.705107 25.678491 14.401586]
 [20.751543 14.401186 28.128121 11.987941 34.137563 27.636262 19.046704
  25.678491 35.949435 21.649074]
 [10.041799 11.518001 20.858529 20.577704 14.179675 22.03027  31.892748
  14.401586 21.649074 28.221883]]

H(alpha, beta) = M0 + alpha*M1 + beta*M2:
[[50.139897 12.475254 43.769592 21.735665 34.596356 26.835411 42.680113
  34.93343  35.969802 21.853221]
 [12.475254 26.237887 42.207749 35.251693 25.26945  23.191923 57.275916
  29.326476 34.095936 23.121073]
 [43.769592 42.207749 36.926244 43.060436 26.77565  25.089254 34.437296
  33.565325 40.423327 35.368458]
 [21.735665 35.251693 43.060436 19.045511 28.202525 52.567322 22.133713
  45.424889 24.271657 41.350868]
 [34.596356 25.26945  26.77565  28.202525 30.414911 35.106908 46.071812
  32.598979 49.195187 19.8536  ]
 [26.835411 23.191923 25.089254 52.567322 35.106908 39.518986 30.415654
  40.602122 43.853959 31.130115]
 [42.680113 57.275916 34.437296 22.133713 46.071812 30.415654 47.524555
  46.256033 32.905968 43.70546 ]
 [34.93343  29.326476 33.565325 45.424889 32.598979 40.602122 46.256033
  63.177163 39.43122  34.16526 ]
 [35.969802 34.095936 40.423327 24.271657 49.195187 43.853959 32.905968
  39.43122  62.86404  33.042695]
 [21.853221 23.121073 35.368458 41.350868 19.8536   31.130115 43.70546
  34.16526  33.042695 55.342999]]
