alpha 3.2222222222222223
beta  1.0

M0 (diagonal):
[[6.732655 0.       0.       0.       0.       0.       0.       0.
  0.       0.      ]
 [0.       3.42808  0.       0.       0.       0.       0.       0.
  0.       0.      ]
 [0.       0.       1.368762 0.       0.       0.       0.       0.
  0.       0.      ]
 [0.       0.       0.       1.148749 0.       0.       0.       0.
  0.       0.      ]
 [0.       0.       0.       0.       8.319432 0.       0.       0.
  0.       0.      ]
 [0.       0.       0.       0.       0.       9.2148   0.       0.
  0.       0.      ]
 [0.       0.       0.       0.       0.       0.       6.459722 0.
  0.       0.      ]
 [0.       0.       0.       0.       0.       0.       0.       7.565469
  0.       0.      ]
 [0.       0.       0.       0.       0.       0.       0.       0.
  5.892625 0.      ]
 [0.       0.       0.       0.       0.       0.       0.       0.
  0.       9.415652]]

alpha * M1:
[[26.881975  3.672566 25.637062 11.996396 25.215152 11.63523  24.860385
  22.060478 21.015692 16.311012]
 [ 3.672566  6.826437 18.585637 17.273576 15.616163 11.663986 31.125507
  24.656964 27.197511 16.023289]
 [25.637062 18.585637  7.140021 22.301154 23.548881  9.036649 16.652304
  23.794822 16.979095 20.037521]
 [11.996396 17.273576 22.301154 13.021648  9.749934 24.54602  20.357569
  23.652328 16.963226 28.68675 ]
 [25.215152 15.616163 23.548881  9.749934 12.969617  9.732368 17.000632
  20.781434 20.793862  7.83542 ]
 [11.63523  11.663986  9.036649 24.54602   9.732368 22.710074 12.281011
  27.532874 22.395867 12.566453]
 [24.860385 31.125507 16.652304 20.357569 17.000632 12.281011 21.208412
  27.962693 19.138984 16.312793]
 [22.060478 24.656964 23.794822 23.652328 20.781434 27.532874 27.962693
  30.251953 18.991863 27.292693]
 [21.015692 27.197511 16.979095 16.963226 20.793862 22.395867 19.138984
  18.991863 29.030353 15.734048]
 [16.311012 16.023289 20.037521 28.68675   7.83542  12.566453 16.312793
  27.292693 15.734048 24.450402]]

beta * M2:
[[6.529359 2.677039 6.874043 3.558715 4.455575 5.020882 6.7303   5.170528
  5.659512 2.738672]
 [2.677039 4.872689 7.840687 6.202702 3.807598 4.021524 9.473661 3.128573
  3.927596 3.141273]
 [6.874043 7.840687 8.287397 7.339452 2.651731 5.057857 6.10329  4.454889
  7.671306 5.68869 ]
 [3.558715 6.202702 7.339452 2.309262 5.766062 9.488896 2.016007 7.717457
  3.269439 5.612101]
 [4.455575 3.807598 2.651731 5.766062 3.464642 7.652545 9.207548 4.78646
  9.310244 3.867184]
 [5.020882 4.021524 5.057857 9.488896 7.652545 3.779716 5.869775 5.635779
  7.537162 6.008256]
 [6.7303   9.473661 6.10329  2.016007 9.207548 5.869775 7.011005 7.092869
  5.194556 8.698022]
 [5.170528 3.128573 4.454889 7.717457 4.78646  5.635779 7.092869 9.192302
  7.003225 3.927705]
 [5.659512 3.927596 7.671306 3.269439 9.310244 7.537162 5.194556 7.003225
  9.804391 5.904293]
 [2.738672 3.141273 5.68869  5.612101 3.867184 6.008256 8.698022 3.927705
  5.904293 7.696877]]

H(alpha, beta) = M0 + alpha*M1 + beta*M2:
[[40.14399   6.349605 32.511105 15.55511  29.670727 16.656112 31.590685
  27.231006 26.675203 19.049684]
 [ 6.349605 15.127206 26.426324 23.476279 19.423762 15.68551  40.599168
  27.785536 31.125107 19.164562]
 [32.511105 26.426324 16.79618  29.640606 26.200612 14.094505 22.755594
  28.249711 24.6504   25.726211]
 [15.55511  23.476279 29.640606 16.479658 15.515996 34.034916 22.373576
  31.369785 20.232665 34.298851]
 [29.670727 19.423762 26.200612 15.515996 24.753691 17.384913 26.20818
  25.567894 30.104107 11.702604]
 [16.656112 15.68551  14.094505 34.034916 17.384913 35.70459  18.150786
  33.168653 29.93303  18.574708]
 [31.590685 40.599168 22.755594 22.373576 26.20818  18.150786 34.679139
  35.055562 24.333539 25.010815]
 [27.231006 27.785536 28.249711 31.369785 25.567894 33.168653 35.055562
  47.009724 25.995088 31.220398]
 [26.675203 31.125107 24.6504   20.232665 30.104107 29.93303  24.333539
  25.995088 44.72737  21.638341]
 [19.049684 19.164562 25.726211 34.298851 11.702604 18.574708 25.010815
  31.220398 21.638341 41.562931]]
