alpha 1.4444444444444444
beta  3.2222222222222223

M0 (diagonal):
[[6.732655 0.       0.       0.       0.       0.       0.       0.
  0.       0.      ]
 [0.       3.42808  0.       0.       0.       0.       0.       0.
  0.       0.      ]
 [0.       0.       1.368762 0.       0.       0.       0.       0.
  0.       0.      ]
 [0.       0.       0.       1.148749 0.       0.       0.       0.
  0.       0.      ]
 [0.       0.       0.       0.       8.319432 0.       0.       0.
  0.       0.      ]
 [0.       0.       0.       0.       0.       9.2148   0.       0.
  0.       0.      ]
 [0.       0.       0.       0.       0.       0.       6.459722 0.
  0.       0.      ]
 [0.       0.       0.       0.       0.       0.       0.       7.565469
  0.       0.      ]
 [0.       0.       0.       0.       0.       0.       0.       0.
  5.892625 0.      ]
 [0.       0.       0.       0.       0.       0.       0.       0.
  0.       9.415652]]

alpha * M1:
[[12.050541  1.646323 11.492476  5.377695 11.303344  5.215793 11.14431
   9.88918   9.420827  7.311833]
 [ 1.646323  3.060127  8.331492  7.743327  7.000349  5.228683 13.952814
  11.053122 12.191988  7.182854]
 [11.492476  8.331492  3.200699  9.997069 10.556395  4.050911  7.464826
  10.666644  7.611318  8.982337]
 [ 5.377695  7.743327  9.997069  5.83729   4.37066  11.003388  9.125807
  10.602768  7.604205 12.859577]
 [11.303344  7.000349 10.556395  4.37066   5.813966  4.362786  7.620973
   9.315815  9.321387  3.51243 ]
 [ 5.215793  5.228683  4.050911 11.003388  4.362786 10.180378  5.505281
  12.342323 10.039527  5.633237]
 [11.14431  13.952814  7.464826  9.125807  7.620973  5.505281  9.507219
  12.535     8.579544  7.312631]
 [ 9.88918  11.053122 10.666644 10.602768  9.315815 12.342323 12.535
  13.56122   8.513594 12.234655]
 [ 9.420827 12.191988  7.611318  7.604205  9.321387 10.039527  8.579544
   8.513594 13.013607  7.053194]
 [ 7.311833  7.182854  8.982337 12.859577  3.51243   5.633237  7.312631
  12.234655  7.053194 10.960525]]

beta * M2:
[[21.039046  8.626015 22.149693 11.466969 14.356853 16.178396 21.686522
  16.660589 18.236204  8.824611]
 [ 8.626015 15.700885 25.264435 19.986485 12.268928 12.958244 30.526239
  10.080957 12.655588 10.12188 ]
 [22.149693 25.264435 26.703835 23.649346  8.544465 16.297538 19.666158
  14.354641 24.718652 18.330222]
 [11.466969 19.986485 23.649346  7.440955 18.579533 30.575331  6.496022
  24.86736  10.534858 18.083437]
 [14.356853 12.268928  8.544465 18.579533 11.163846 24.658199 29.668766
  15.423039 29.999677 12.460927]
 [16.178396 12.958244 16.297538 30.575331 24.658199 12.179086 18.913719
  18.159733 24.286412 19.359935]
 [21.686522 30.526239 19.666158  6.496022 29.668766 18.913719 22.591015
  22.8548   16.738012 28.02696 ]
 [16.660589 10.080957 14.354641 24.86736  15.423039 18.159733 22.8548
  29.619639 22.565947 12.655939]
 [18.236204 12.655588 24.718652 10.534858 29.999677 24.286412 16.738012
  22.565947 31.591928 19.024944]
 [ 8.824611 10.12188  18.330222 18.083437 12.460927 19.359935 28.02696
  12.655939 19.024944 24.801049]]

H(alpha, beta) = M0 + alpha*M1 + beta*M2:
[[39.822242 10.272337 33.642169 16.844664 25.660197 21.394189 32.830832
  26.549769 27.657032 16.136444]
 [10.272337 22.189093 33.595927 27.729812 19.269277 18.186927 44.479053
  21.134078 24.847576 17.304734]
 [33.642169 33.595927 31.273295 33.646415 19.10086  20.348449 27.130983
  25.021285 32.32997  27.312559]
 [16.844664 27.729812 33.646415 14.426994 22.950194 41.578719 15.621829
  35.470128 18.139062 30.943015]
 [25.660197 19.269277 19.10086  22.950194 25.297244 29.020985 37.289739
  24.738854 39.321063 15.973357]
 [21.394189 18.186927 20.348449 41.578719 29.020985 31.574264 24.419
  30.502056 34.325939 24.993172]
 [32.830832 44.479053 27.130983 15.621829 37.289739 24.419    38.557956
  35.389801 25.317557 35.339592]
 [26.549769 21.134078 25.021285 35.470128 24.738854 30.502056 35.389801
  50.746329 31.079541 24.890595]
 [27.657032 24.847576 32.32997  18.139062 39.321063 34.325939 25.317557
  31.079541 50.49816  26.078138]
 [16.136444 17.304734 27.312559 30.943015 15.973357 24.993172 35.339592
  24.890595 26.078138 45.177226]]
