alpha 3.6666666666666665
beta  4.555555555555555

M0 (diagonal):
[[6.732655 0.       0.       0.       0.       0.       0.       0.
  0.       0.      ]
 [0.       3.42808  0.       0.       0.       0.       0.       0.
  0.       0.      ]
 [0.       0.       1.368762 0.       0.       0.       0.       0.
  0.       0.      ]
 [0.       0.       0.       1.148749 0.       0.       0.       0.
  0.       0.      ]
 [0.       0.       0.       0.       8.319432 0.       0.       0.
  0.       0.      ]
 [0.       0.       0.       0.       0.       9.2148   0.       0.
  0.       0.      ]
 [0.       0.       0.       0.       0.       0.       6.459722 0.
  0.       0.      ]
 [0.       0.       0.       0.       0.       0.       0.       7.565469
  0.       0.      ]
 [0.       0.       0.       0.       0.       0.       0.       0.
  5.892625 0.      ]
 [0.       0.       0.       0.       0.       0.       0.       0.
  0.       9.415652]]

alpha * M1:
[[30.589834  4.179126 29.173208 13.651071 28.693104 13.24009  28.289403
  25.103303 23.914408 18.560807]
 [ 4.179126  7.768015 21.149173 19.656139 17.770117 13.272812 35.418681
  28.057924 30.948892 18.233398]
 [29.173208 21.149173  8.124851 25.377175 26.797003 10.283083 18.949173
  27.076867 19.321039 22.801317]
 [13.651071 19.656139 25.377175 14.817737 11.094753 27.931678 23.16551
  26.914719 19.302981 32.643543]
 [28.693104 17.770117 26.797003 11.094753 14.75853  11.074764 19.345547
  23.647839 23.661981  8.916168]
 [13.24009  13.272812 10.283083 27.931678 11.074764 25.842498 13.974944
  31.330512 25.484952 14.299757]
 [28.289403 35.418681 18.949173 23.16551  19.345547 13.974944 24.133711
  31.819616 21.778844 18.562833]
 [25.103303 28.057924 27.076867 26.914719 23.647839 31.330512 31.819616
  34.424636 21.611431 31.057202]
 [23.914408 30.948892 19.321039 19.302981 23.661981 25.484952 21.778844
  21.611431 33.03454  17.904262]
 [18.560807 18.233398 22.801317 32.643543  8.916168 14.299757 18.562833
  31.057202 17.904262 27.822871]]

beta * M2:
[[29.744859 12.1954   31.315084 16.211922 20.29762  22.872905 30.660255
  23.554626 25.78222  12.476174]
 [12.1954   22.197804 35.718684 28.256754 17.345726 18.320276 43.157787
  14.252387 17.892383 14.310244]
 [31.315084 35.718684 37.753697 33.435282 12.080106 23.041346 27.803878
  20.294492 34.947059 25.915142]
 [16.211922 28.256754 33.435282 10.519971 26.267616 43.227192  9.184031
  35.157302 14.894109 25.566239]
 [20.29762  17.345726 12.080106 26.267616 15.783369 34.861592 41.945496
  21.804986 42.413336 17.617172]
 [22.872905 18.320276 23.041346 43.227192 34.861592 17.218707 26.740085
  25.674105 34.335962 27.370942]
 [30.660255 43.157787 27.803878  9.184031 41.945496 26.740085 31.939021
  32.311959 23.664086 39.624323]
 [23.554626 14.252387 20.294492 35.157302 21.804986 25.674105 32.311959
  41.876042 31.90358  17.89288 ]
 [25.78222  17.892383 34.947059 14.894109 42.413336 34.335962 23.664086
  31.90358  44.66445  26.897334]
 [12.476174 14.310244 25.915142 25.566239 17.617172 27.370942 39.624323
  17.89288  26.897334 35.063552]]

H(alpha, beta) = M0 + alpha*M1 + beta*M2:
[[67.067348 16.374527 60.488292 29.862993 48.990723 36.112995 58.949658
  48.657928 49.696628 31.036981]
 [16.374527 33.393899 56.867857 47.912893 35.115843 31.593087 78.576467
  42.310311 48.841275 32.543642]
 [60.488292 56.867857 47.24731  58.812457 38.877109 33.324429 46.753051
  47.371359 54.268098 48.716459]
 [29.862993 47.912893 58.812457 26.486456 37.362369 71.15887  32.349541
  62.072021 34.19709  58.209782]
 [48.990723 35.115843 38.877109 37.362369 38.86133  45.936356 61.291043
  45.452825 66.075317 26.53334 ]
 [36.112995 31.593087 33.324429 71.15887  45.936356 52.276005 40.715029
  57.004617 59.820915 41.670699]
 [58.949658 78.576467 46.753051 32.349541 61.291043 40.715029 62.532454
  64.131576 45.44293  58.187156]
 [48.657928 42.310311 47.371359 62.072021 45.452825 57.004617 64.131576
  83.866147 53.51501  48.950082]
 [49.696628 48.841275 54.268098 34.19709  66.075317 59.820915 45.44293
  53.51501  83.591615 44.801596]
 [31.036981 32.543642 48.716459 58.209782 26.53334  41.670699 58.187156
  48.950082 44.801596 72.302075]]
