alpha 3.2222222222222223
beta  1.8888888888888888

M0 (diagonal):
[[6.732655 0.       0.       0.       0.       0.       0.       0.
  0.       0.      ]
 [0.       3.42808  0.       0.       0.       0.       0.       0.
  0.       0.      ]
 [0.       0.       1.368762 0.       0.       0.       0.       0.
  0.       0.      ]
 [0.       0.       0.       1.148749 0.       0.       0.       0.
  0.       0.      ]
 [0.       0.       0.       0.       8.319432 0.       0.       0.
  0.       0.      ]
 [0.       0.       0.       0.       0.       9.2148   0.       0.
  0.       0.      ]
 [0.       0.       0.       0.       0.       0.       6.459722 0.
  0.       0.      ]
 [0.       0.       0.       0.       0.       0.       0.       7.565469
  0.       0.      ]
 [0.       0.       0.       0.       0.       0.       0.       0.
  5.892625 0.      ]
 [0.       0.       0.       0.       0.       0.       0.       0.
  0.       9.415652]]

alpha * M1:
[[26.881975  3.672566 25.637062 11.996396 25.215152 11.63523  24.860385
  22.060478 21.015692 16.311012]
 [ 3.672566  6.826437 18.585637 17.273576 15.616163 11.663986 31.125507
  24.656964 27.197511 16.023289]
 [25.637062 18.585637  7.140021 22.301154 23.548881  9.036649 16.652304
  23.794822 16.979095 20.037521]
 [11.996396 17.273576 22.301154 13.021648  9.749934 24.54602  20.357569
  23.652328 16.963226 28.68675 ]
 [25.215152 15.616163 23.548881  9.749934 12.969617  9.732368 17.000632
  20.781434 20.793862  7.83542 ]
 [11.63523  11.663986  9.036649 24.54602   9.732368 22.710074 12.281011
  27.532874 22.395867 12.566453]
 [24.860385 31.125507 16.652304 20.357569 17.000632 12.281011 21.208412
  27.962693 19.138984 16.312793]
 [22.060478 24.656964 23.794822 23.652328 20.781434 27.532874 27.962693
  30.251953 18.991863 27.292693]
 [21.015692 27.197511 16.979095 16.963226 20.793862 22.395867 19.138984
  18.991863 29.030353 15.734048]
 [16.311012 16.023289 20.037521 28.68675   7.83542  12.566453 16.312793
  27.292693 15.734048 24.450402]]

beta * M2:
[[12.333234  5.056629 12.984303  6.722016  8.416086  9.483887 12.712788
   9.766552 10.690189  5.173048]
 [ 5.056629  9.203967 14.810186 11.716215  7.19213   7.596212 17.894692
   5.909526  7.418793  5.933516]
 [12.984303 14.810186 15.653972 13.86341   5.008825  9.553729 11.528437
   8.41479  14.490244 10.745303]
 [ 6.722016 11.716215 13.86341   4.361939 10.891451 17.92347   3.808013
  14.577418  6.175606 10.600636]
 [ 8.416086  7.19213   5.008825 10.891451  6.544324 14.454807 17.392035
   9.041092 17.586017  7.304681]
 [ 9.483887  7.596212  9.553729 17.92347  14.454807  7.139464 11.087352
  10.645361 14.236862 11.348927]
 [12.712788 17.894692 11.528437  3.808013 17.392035 11.087352 13.243009
  13.397642  9.811938 16.429597]
 [ 9.766552  5.909526  8.41479  14.577418  9.041092 10.645361 13.397642
  17.363237 13.228314  7.418999]
 [10.690189  7.418793 14.490244  6.175606 17.586017 14.236862  9.811938
  13.228314 18.519406 11.152553]
 [ 5.173048  5.933516 10.745303 10.600636  7.304681 11.348927 16.429597
   7.418999 11.152553 14.538546]]

H(alpha, beta) = M0 + alpha*M1 + beta*M2:
[[45.947865  8.729195 38.621365 18.718412 33.631238 21.119118 37.573173
  31.82703  31.70588  21.48406 ]
 [ 8.729195 19.458485 33.395823 28.989792 22.808294 19.260198 49.020199
  30.56649  34.616304 21.956805]
 [38.621365 33.395823 24.162755 36.164563 28.557706 18.590378 28.180741
  32.209612 31.469339 30.782824]
 [18.718412 28.989792 36.164563 18.532336 20.641385 42.46949  24.165582
  38.229746 23.138832 39.287385]
 [33.631238 22.808294 28.557706 20.641385 27.833373 24.187175 34.392667
  29.822526 38.37988  15.140101]
 [21.119118 19.260198 18.590378 42.46949  24.187175 39.064338 23.368364
  38.178235 36.63273  23.91538 ]
 [37.573173 49.020199 28.180741 24.165582 34.392667 23.368364 40.911143
  41.360335 28.950922 32.74239 ]
 [31.82703  30.56649  32.209612 38.229746 29.822526 38.178235 41.360335
  55.180659 32.220177 34.711691]
 [31.70588  34.616304 31.469339 23.138832 38.37988  36.63273  28.950922
  32.220177 53.442384 26.886601]
 [21.48406  21.956805 30.782824 39.287385 15.140101 23.91538  32.74239
  34.711691 26.886601 48.4046  ]]
