alpha 3.6666666666666665
beta  2.333333333333333

M0 (diagonal):
[[6.732655 0.       0.       0.       0.       0.       0.       0.
  0.       0.      ]
 [0.       3.42808  0.       0.       0.       0.       0.       0.
  0.       0.      ]
 [0.       0.       1.368762 0.       0.       0.       0.       0.
  0.       0.      ]
 [0.       0.       0.       1.148749 0.       0.       0.       0.
  0.       0.      ]
 [0.       0.       0.       0.       8.319432 0.       0.       0.
  0.       0.      ]
 [0.       0.       0.       0.       0.       9.2148   0.       0.
  0.       0.      ]
 [0.       0.       0.       0.       0.       0.       6.459722 0.
  0.       0.      ]
 [0.       0.       0.       0.       0.       0.       0.       7.565469
  0.       0.      ]
 [0.       0.       0.       0.       0.       0.       0.       0.
  5.892625 0.      ]
 [0.       0.       0.       0.       0.       0.       0.       0.
  0.       9.415652]]

alpha * M1:
[[30.589834  4.179126 29.173208 13.651071 28.693104 13.24009  28.289403
  25.103303 23.914408 18.560807]
 [ 4.179126  7.768015 21.149173 19.656139 17.770117 13.272812 35.418681
  28.057924 30.948892 18.233398]
 [29.173208 21.149173  8.124851 25.377175 26.797003 10.283083 18.949173
  27.076867 19.321039 22.801317]
 [13.651071 19.656139 25.377175 14.817737 11.094753 27.931678 23.16551
  26.914719 19.302981 32.643543]
 [28.693104 17.770117 26.797003 11.094753 14.75853  11.074764 19.345547
  23.647839 23.661981  8.916168]
 [13.24009  13.272812 10.283083 27.931678 11.074764 25.842498 13.974944
  31.330512 25.484952 14.299757]
 [28.289403 35.418681 18.949173 23.16551  19.345547 13.974944 24.133711
  31.819616 21.778844 18.562833]
 [25.103303 28.057924 27.076867 26.914719 23.647839 31.330512 31.819616
  34.424636 21.611431 31.057202]
 [23.914408 30.948892 19.321039 19.302981 23.661981 25.484952 21.778844
  21.611431 33.03454  17.904262]
 [18.560807 18.233398 22.801317 32.643543  8.916168 14.299757 18.562833
  31.057202 17.904262 27.822871]]

beta * M2:
[[15.235172  6.246424 16.039433  8.303667 10.396342 11.71539  15.704033
  12.064564 13.205527  6.390236]
 [ 6.246424 11.369607 18.294935 14.472972  8.884396  9.383556 22.105208
   7.300003  9.164391  7.329637]
 [16.039433 18.294935 19.33726  17.125389  6.187371 11.801665 14.241011
  10.39474  17.899713 13.273609]
 [ 8.303667 14.472972 17.125389  5.388278 13.454145 22.140757  4.704016
  18.007399  7.62869  13.094903]
 [10.396342  8.884396  6.187371 13.454145  8.084164 17.855938 21.484279
  11.168408 21.723904  9.02343 ]
 [11.71539   9.383556 11.801665 22.140757 17.855938  8.819338 13.696141
  13.150151 17.586712 14.019263]
 [15.704033 22.105208 14.241011  4.704016 21.484279 13.696141 16.359011
  16.550028 12.12063  20.295385]
 [12.064564  7.300003 10.39474  18.007399 11.168408 13.150151 16.550028
  21.448704 16.340858  9.164646]
 [13.205527  9.164391 17.899713  7.62869  21.723904 17.586712 12.12063
  16.340858 22.876913 13.776683]
 [ 6.390236  7.329637 13.273609 13.094903  9.02343  14.019263 20.295385
   9.164646 13.776683 17.95938 ]]

H(alpha, beta) = M0 + alpha*M1 + beta*M2:
[[52.557661 10.425551 45.212641 21.954738 39.089445 24.95548  43.993436
  37.167867 37.119935 24.951042]
 [10.425551 22.565702 39.444108 34.12911  26.654513 22.656368 57.523889
  35.357927 40.113283 25.563035]
 [45.212641 39.444108 28.830873 42.502563 32.984374 22.084748 33.190184
  37.471607 37.220752 36.074926]
 [21.954738 34.12911  42.502563 21.354763 24.548898 50.072435 27.869526
  44.922117 26.931671 45.738446]
 [39.089445 26.654513 32.984374 24.548898 31.162126 28.930702 40.829826
  34.816246 45.385885 17.939597]
 [24.95548  22.656368 22.084748 50.072435 28.930702 43.876636 27.671085
  44.480663 43.071665 28.319019]
 [43.993436 57.523889 33.190184 27.869526 40.829826 27.671085 46.952443
  48.369644 33.899473 38.858218]
 [37.167867 35.357927 37.471607 44.922117 34.816246 44.480663 48.369644
  63.43881  37.952289 40.221848]
 [37.119935 40.113283 37.220752 26.931671 45.385885 43.071665 33.899473
  37.952289 61.804078 31.680945]
 [24.951042 25.563035 36.074926 45.738446 17.939597 28.319019 38.858218
  40.221848 31.680945 55.197903]]
