alpha 1.8888888888888888
beta  1.4444444444444444

M0 (diagonal):
[[6.732655 0.       0.       0.       0.       0.       0.       0.
  0.       0.      ]
 [0.       3.42808  0.       0.       0.       0.       0.       0.
  0.       0.      ]
 [0.       0.       1.368762 0.       0.       0.       0.       0.
  0.       0.      ]
 [0.       0.       0.       1.148749 0.       0.       0.       0.
  0.       0.      ]
 [0.       0.       0.       0.       8.319432 0.       0.       0.
  0.       0.      ]
 [0.       0.       0.       0.       0.       9.2148   0.       0.
  0.       0.      ]
 [0.       0.       0.       0.       0.       0.       6.459722 0.
  0.       0.      ]
 [0.       0.       0.       0.       0.       0.       0.       7.565469
  0.       0.      ]
 [0.       0.       0.       0.       0.       0.       0.       0.
  5.892625 0.      ]
 [0.       0.       0.       0.       0.       0.       0.       0.
  0.       9.415652]]

alpha * M1:
[[15.758399  2.152883 15.028622  7.03237  14.781296  6.820652 14.573329
  12.932004 12.319543  9.561628]
 [ 2.152883  4.001705 10.895029 10.12589   9.154303  6.837509 18.245987
  14.454082 15.943368  9.392963]
 [15.028622 10.895029  4.185529 13.07309  13.804517  5.297346  9.761695
  13.948689  9.953262 11.746133]
 [ 7.03237  10.12589  13.07309   7.63338   5.715479 14.389046 11.933748
  13.865158  9.94396  16.816371]
 [14.781296  9.154303 13.804517  5.715479  7.602879  5.705181  9.965888
  12.18222  12.189506  4.593177]
 [ 6.820652  6.837509  5.297346 14.389046  5.705181 13.312802  7.199213
  16.139961 13.128612  7.366541]
 [14.573329 18.245987  9.761695 11.933748  9.965888  7.199213 12.432518
  16.391924 11.219404  9.562672]
 [12.932004 14.454082 13.948689 13.865158 12.18222  16.139961 16.391924
  17.733904 11.133161 15.999165]
 [12.319543 15.943368  9.953262  9.94396  12.189506 13.128612 11.219404
  11.133161 17.017793  9.223407]
 [ 9.561628  9.392963 11.746133 16.816371  4.593177  7.366541  9.562672
  15.999165  9.223407 14.332994]]

beta * M2:
[[ 9.431297  3.866834  9.929173  5.140366  6.435831  7.252384  9.721544
   7.46854   8.17485   3.95586 ]
 [ 3.866834  7.038328 11.325436  8.959459  5.499864  5.808868 13.684176
   4.51905   5.673195  4.537395]
 [ 9.929173 11.325436 11.970685 10.601431  3.830278  7.305793  8.815864
   6.434839 11.080775  8.216996]
 [ 5.140366  8.959459 10.601431  3.3356    8.328756 13.706183  2.91201
  11.147437  4.722522  8.106368]
 [ 6.435831  5.499864  3.830278  8.328756  5.004483 11.053676 13.299792
   6.913776 13.448131  5.585933]
 [ 7.252384  5.808868  7.305793 13.706183 11.053676  5.45959   8.478564
   8.14057  10.887012  8.678591]
 [ 9.721544 13.684176  8.815864  2.91201  13.299792  8.478564 10.127007
  10.245255  7.503247 12.56381 ]
 [ 7.46854   4.51905   6.434839 11.147437  6.913776  8.14057  10.245255
  13.277769 10.115769  5.673352]
 [ 8.17485   5.673195 11.080775  4.722522 13.448131 10.887012  7.503247
  10.115769 14.161899  8.528423]
 [ 3.95586   4.537395  8.216996  8.106368  5.585933  8.678591 12.56381
   5.673352  8.528423 11.117712]]

H(alpha, beta) = M0 + alpha*M1 + beta*M2:
[[31.922351  6.019718 24.957795 12.172735 21.217126 14.073037 24.294873
  20.400544 20.494394 13.517488]
 [ 6.019718 14.468113 22.220465 19.085348 14.654167 12.646377 31.930163
  18.973132 21.616563 13.930357]
 [24.957795 22.220465 17.524976 23.674521 17.634794 12.603138 18.577559
  20.383528 21.034037 19.963129]
 [12.172735 19.085348 23.674521 12.117729 14.044235 28.095229 14.845757
  25.012595 14.666482 24.922739]
 [21.217126 14.654167 17.634794 14.044235 20.926794 16.758857 23.265679
  19.095996 25.637636 10.17911 ]
 [14.073037 12.646377 12.603138 28.095229 16.758857 27.987192 15.677777
  24.28053  24.015624 16.045133]
 [24.294873 31.930163 18.577559 14.845757 23.265679 15.677777 29.019246
  26.637179 18.722651 22.126481]
 [20.400544 18.973132 20.383528 25.012595 19.095996 24.28053  26.637179
  38.577142 21.24893  21.672517]
 [20.494394 21.616563 21.034037 14.666482 25.637636 24.015624 18.722651
  21.24893  37.072317 17.75183 ]
 [13.517488 13.930357 19.963129 24.922739 10.17911  16.045133 22.126481
  21.672517 17.75183  34.866358]]
