alpha 3.2222222222222223
beta  5.0

M0 (diagonal):
[[6.732655 0.       0.       0.       0.       0.       0.       0.
  0.       0.      ]
 [0.       3.42808  0.       0.       0.       0.       0.       0.
  0.       0.      ]
 [0.       0.       1.368762 0.       0.       0.       0.       0.
  0.       0.      ]
 [0.       0.       0.       1.148749 0.       0.       0.       0.
  0.       0.      ]
 [0.       0.       0.       0.       8.319432 0.       0.       0.
  0.       0.      ]
 [0.       0.       0.       0.       0.       9.2148   0.       0.
  0.       0.      ]
 [0.       0.       0.       0.       0.       0.       6.459722 0.
  0.       0.      ]
 [0.       0.       0.       0.       0.       0.       0.       7.565469
  0.       0.      ]
 [0.       0.       0.       0.       0.       0.       0.       0.
  5.892625 0.      ]
 [0.       0.       0.       0.       0.       0.       0.       0.
  0.       9.415652]]

alpha * M1:
[[26.881975  3.672566 25.637062 11.996396 25.215152 11.63523  24.860385
  22.060478 21.015692 16.311012]
 [ 3.672566  6.826437 18.585637 17.273576 15.616163 11.663986 31.125507
  24.656964 27.197511 16.023289]
 [25.637062 18.585637  7.140021 22.301154 23.548881  9.036649 16.652304
  23.794822 16.979095 20.037521]
 [11.996396 17.273576 22.301154 13.021648  9.749934 24.54602  20.357569
  23.652328 16.963226 28.68675 ]
 [25.215152 15.616163 23.548881  9.749934 12.969617  9.732368 17.000632
  20.781434 20.793862  7.83542 ]
 [11.63523  11.663986  9.036649 24.54602   9.732368 22.710074 12.281011
  27.532874 22.395867 12.566453]
 [24.860385 31.125507 16.652304 20.357569 17.000632 12.281011 21.208412
  27.962693 19.138984 16.312793]
 [22.060478 24.656964 23.794822 23.652328 20.781434 27.532874 27.962693
  30.251953 18.991863 27.292693]
 [21.015692 27.197511 16.979095 16.963226 20.793862 22.395867 19.138984
  18.991863 29.030353 15.734048]
 [16.311012 16.023289 20.037521 28.68675   7.83542  12.566453 16.312793
  27.292693 15.734048 24.450402]]

beta * M2:
[[32.646796 13.385195 34.370214 17.793573 22.277875 25.104408 33.651499
  25.852638 28.297559 13.693362]
 [13.385195 24.363443 39.203433 31.013511 19.037992 20.10762  47.368303
  15.642864 19.637981 15.706366]
 [34.370214 39.203433 41.436985 36.697261 13.258653 25.289283 30.516452
  22.274443 38.356528 28.443449]
 [17.793573 31.013511 36.697261 11.546309 28.830311 47.444479 10.080034
  38.587283 16.347193 28.060506]
 [22.277875 19.037992 13.258653 28.830311 17.323209 38.262723 46.03774
  23.932302 46.551222 19.335921]
 [25.104408 20.10762  25.289283 47.444479 38.262723 18.898581 29.348874
  28.178895 37.685812 30.041278]
 [33.651499 47.368303 30.516452 10.080034 46.03774  29.348874 35.055023
  35.464345 25.972778 43.490111]
 [25.852638 15.642864 22.274443 38.587283 23.932302 28.178895 35.464345
  45.961509 35.016124 19.638527]
 [28.297559 19.637981 38.356528 16.347193 46.551222 37.685812 25.972778
  35.016124 49.021957 29.521464]
 [13.693362 15.706366 28.443449 28.060506 19.335921 30.041278 43.490111
  19.638527 29.521464 38.484387]]

H(alpha, beta) = M0 + alpha*M1 + beta*M2:
[[66.261427 17.057761 60.007276 29.789969 47.493027 36.739638 58.511884
  47.913116 49.31325  30.004374]
 [17.057761 34.617961 57.78907  48.287087 34.654155 31.771606 78.49381
  40.299828 46.835492 31.729655]
 [60.007276 57.78907  49.945767 58.998415 36.807534 34.325931 47.168755
  46.069265 55.335623 48.480969]
 [29.789969 48.287087 58.998415 25.716706 38.580245 71.990499 30.437603
  62.239611 33.310419 56.747256]
 [47.493027 34.654155 36.807534 38.580245 38.612259 47.995092 63.038372
  44.713736 67.345085 27.171341]
 [36.739638 31.771606 34.325931 71.990499 47.995092 50.823455 41.629885
  55.71177  60.08168  42.607731]
 [58.511884 78.49381  47.168755 30.437603 63.038372 41.629885 62.723158
  63.427039 45.111762 59.802904]
 [47.913116 40.299828 46.069265 62.239611 44.713736 55.71177  63.427039
  83.778932 54.007988 46.931219]
 [49.31325  46.835492 55.335623 33.310419 67.345085 60.08168  45.111762
  54.007988 83.944935 45.255512]
 [30.004374 31.729655 48.480969 56.747256 27.171341 42.607731 59.802904
  46.931219 45.255512 72.35044 ]]
