alpha 4.555555555555555
beta  2.333333333333333

M0 (diagonal):
[[6.732655 0.       0.       0.       0.       0.       0.       0.
  0.       0.      ]
 [0.       3.42808  0.       0.       0.       0.       0.       0.
  0.       0.      ]
 [0.       0.       1.368762 0.       0.       0.       0.       0.
  0.       0.      ]
 [0.       0.       0.       1.148749 0.       0.       0.       0.
  0.       0.      ]
 [0.       0.       0.       0.       8.319432 0.       0.       0.
  0.       0.      ]
 [0.       0.       0.       0.       0.       9.2148   0.       0.
  0.       0.      ]
 [0.       0.       0.       0.       0.       0.       6.459722 0.
  0.       0.      ]
 [0.       0.       0.       0.       0.       0.       0.       7.565469
  0.       0.      ]
 [0.       0.       0.       0.       0.       0.       0.       0.
  5.892625 0.      ]
 [0.       0.       0.       0.       0.       0.       0.       0.
  0.       9.415652]]

alpha * M1:
[[38.005551  5.192248 36.245501 16.960421 35.649008 16.449808 35.147441
  31.188952 29.71184  23.060396]
 [ 5.192248  9.65117  26.276245 24.421263 22.078024 16.490463 44.005028
  34.859845 38.451653 22.653616]
 [36.245501 26.276245 10.094512 31.529217 33.293246 12.775951 23.542912
  33.640955 24.004927 28.328909]
 [16.960421 24.421263 31.529217 18.409916 13.78439  34.702994 28.781391
  33.439499 23.982492 40.557129]
 [35.649008 22.078024 33.293246 13.78439  18.336355 13.759555 24.035377
  29.380648 29.398219 11.077663]
 [16.449808 16.490463 12.775951 34.702994 13.759555 32.107346 17.362809
  38.925788 31.663123 17.766364]
 [35.147441 44.005028 23.542912 28.781391 24.035377 17.362809 29.984307
  39.533463 27.058563 23.062914]
 [31.188952 34.859845 33.640955 33.439499 29.380648 38.925788 39.533463
  42.770003 26.850565 38.58622 ]
 [29.71184  38.451653 24.004927 23.982492 29.398219 31.663123 27.058563
  26.850565 41.042913 22.244689]
 [23.060396 22.653616 28.328909 40.557129 11.077663 17.766364 23.062914
  38.58622  22.244689 34.56781 ]]

beta * M2:
[[15.235172  6.246424 16.039433  8.303667 10.396342 11.71539  15.704033
  12.064564 13.205527  6.390236]
 [ 6.246424 11.369607 18.294935 14.472972  8.884396  9.383556 22.105208
   7.300003  9.164391  7.329637]
 [16.039433 18.294935 19.33726  17.125389  6.187371 11.801665 14.241011
  10.39474  17.899713 13.273609]
 [ 8.303667 14.472972 17.125389  5.388278 13.454145 22.140757  4.704016
  18.007399  7.62869  13.094903]
 [10.396342  8.884396  6.187371 13.454145  8.084164 17.855938 21.484279
  11.168408 21.723904  9.02343 ]
 [11.71539   9.383556 11.801665 22.140757 17.855938  8.819338 13.696141
  13.150151 17.586712 14.019263]
 [15.704033 22.105208 14.241011  4.704016 21.484279 13.696141 16.359011
  16.550028 12.12063  20.295385]
 [12.064564  7.300003 10.39474  18.007399 11.168408 13.150151 16.550028
  21.448704 16.340858  9.164646]
 [13.205527  9.164391 17.899713  7.62869  21.723904 17.586712 12.12063
  16.340858 22.876913 13.776683]
 [ 6.390236  7.329637 13.273609 13.094903  9.02343  14.019263 20.295385
   9.164646 13.776683 17.95938 ]]

H(alpha, beta) = M0 + alpha*M1 + beta*M2:
[[59.973378 11.438673 52.284934 25.264089 46.045349 28.165199 50.851473
  43.253516 42.917367 29.450632]
 [11.438673 24.448857 44.571181 38.894235 30.96242  25.874019 66.110235
  42.159848 47.616044 29.983253]
 [52.284934 44.571181 30.800534 48.654606 39.480617 24.577617 37.783923
  44.035695 41.90464  41.602518]
 [25.264089 38.894235 48.654606 24.946942 27.238535 56.84375  33.485407
  51.446898 31.611182 53.652032]
 [46.045349 30.96242  39.480617 27.238535 34.739952 31.615493 45.519655
  40.549056 51.122123 20.101093]
 [28.165199 25.874019 24.577617 56.84375  31.615493 50.141484 31.05895
  52.075939 49.249835 31.785627]
 [50.851473 66.110235 37.783923 33.485407 45.519655 31.05895  52.80304
  56.083491 39.179193 43.358299]
 [43.253516 42.159848 44.035695 51.446898 40.549056 52.075939 56.083491
  71.784176 43.191423 47.750866]
 [42.917367 47.616044 41.90464  31.611182 51.122123 49.249835 39.179193
  43.191423 69.812452 36.021372]
 [29.450632 29.983253 41.602518 53.652032 20.101093 31.785627 43.358299
  47.750866 36.021372 61.942842]]
