alpha 4.111111111111111
beta  1.4444444444444444

M0 (diagonal):
[[6.732655 0.       0.       0.       0.       0.       0.       0.
  0.       0.      ]
 [0.       3.42808  0.       0.       0.       0.       0.       0.
  0.       0.      ]
 [0.       0.       1.368762 0.       0.       0.       0.       0.
  0.       0.      ]
 [0.       0.       0.       1.148749 0.       0.       0.       0.
  0.       0.      ]
 [0.       0.       0.       0.       8.319432 0.       0.       0.
  0.       0.      ]
 [0.       0.       0.       0.       0.       9.2148   0.       0.
  0.       0.      ]
 [0.       0.       0.       0.       0.       0.       6.459722 0.
  0.       0.      ]
 [0.       0.       0.       0.       0.       0.       0.       7.565469
  0.       0.      ]
 [0.       0.       0.       0.       0.       0.       0.       0.
  5.892625 0.      ]
 [0.       0.       0.       0.       0.       0.       0.       0.
  0.       9.415652]]

alpha * M1:
[[34.297693  4.685687 32.709355 15.305746 32.171056 14.844949 31.718422
  28.146127 26.813124 20.810601]
 [ 4.685687  8.709592 23.712709 22.038701 19.92407  14.881637 39.711854
  31.458885 34.700272 20.443507]
 [32.709355 23.712709  9.109682 28.453196 30.045124 11.529517 21.246043
  30.358911 21.662983 25.565113]
 [15.305746 22.038701 28.453196 16.613826 12.439571 31.317336 25.973451
  30.177109 21.642737 36.600336]
 [32.171056 19.92407  30.045124 12.439571 16.547442 12.41716  21.690462
  26.514243 26.5301    9.996915]
 [14.844949 14.881637 11.529517 31.317336 12.41716  28.974922 15.668876
  35.12815  28.574038 16.03306 ]
 [31.718422 39.711854 21.246043 25.973451 21.690462 15.668876 27.059009
  35.67654  24.418703 20.812874]
 [28.146127 31.458885 30.358911 30.177109 26.514243 35.12815  35.67654
  38.59732  24.230998 34.821711]
 [26.813124 34.700272 21.662983 21.642737 26.5301   28.574038 24.418703
  24.230998 37.038727 20.074475]
 [20.810601 20.443507 25.565113 36.600336  9.996915 16.03306  20.812874
  34.821711 20.074475 31.19534 ]]

beta * M2:
[[ 9.431297  3.866834  9.929173  5.140366  6.435831  7.252384  9.721544
   7.46854   8.17485   3.95586 ]
 [ 3.866834  7.038328 11.325436  8.959459  5.499864  5.808868 13.684176
   4.51905   5.673195  4.537395]
 [ 9.929173 11.325436 11.970685 10.601431  3.830278  7.305793  8.815864
   6.434839 11.080775  8.216996]
 [ 5.140366  8.959459 10.601431  3.3356    8.328756 13.706183  2.91201
  11.147437  4.722522  8.106368]
 [ 6.435831  5.499864  3.830278  8.328756  5.004483 11.053676 13.299792
   6.913776 13.448131  5.585933]
 [ 7.252384  5.808868  7.305793 13.706183 11.053676  5.45959   8.478564
   8.14057  10.887012  8.678591]
 [ 9.721544 13.684176  8.815864  2.91201  13.299792  8.478564 10.127007
  10.245255  7.503247 12.56381 ]
 [ 7.46854   4.51905   6.434839 11.147437  6.913776  8.14057  10.245255
  13.277769 10.115769  5.673352]
 [ 8.17485   5.673195 11.080775  4.722522 13.448131 10.887012  7.503247
  10.115769 14.161899  8.528423]
 [ 3.95586   4.537395  8.216996  8.106368  5.585933  8.678591 12.56381
   5.673352  8.528423 11.117712]]

H(alpha, beta) = M0 + alpha*M1 + beta*M2:
[[50.461644  8.552521 42.638528 20.446112 38.606886 22.097334 41.439966
  35.614667 34.987974 24.766461]
 [ 8.552521 19.176001 35.038145 30.99816  25.423935 20.690505 53.39603
  35.977934 40.373467 24.980901]
 [42.638528 35.038145 22.449128 39.054627 33.875402 18.83531  30.061906
  36.79375  32.743758 33.782109]
 [20.446112 30.99816  39.054627 21.098176 20.768328 45.023519 28.88546
  41.324546 26.365259 44.706704]
 [38.606886 25.423935 33.875402 20.768328 29.871357 23.470835 34.990253
  33.428019 39.978231 15.582848]
 [22.097334 20.690505 18.83531  45.023519 23.470835 43.649312 24.14744
  43.26872  39.46105  24.711652]
 [41.439966 53.39603  30.061906 28.88546  34.990253 24.14744  43.645738
  45.921795 31.92195  33.376683]
 [35.614667 35.977934 36.79375  41.324546 33.428019 43.26872  45.921795
  59.440558 34.346767 40.495063]
 [34.987974 40.373467 32.743758 26.365259 39.978231 39.46105  31.92195
  34.346767 57.09325  28.602898]
 [24.766461 24.980901 33.782109 44.706704 15.582848 24.711652 33.376683
  40.495063 28.602898 51.728704]]
